[    0.000000] Linux version 6.12.90+deb13.1-amd64 (debian-kernel@lists.debian.org) (x86_64-linux-gnu-gcc-14 (Debian 14.2.0-19) 14.2.0, GNU ld (GNU Binutils for Debian) 2.44) #1 SMP PREEMPT_DYNAMIC Debian 6.12.90-2 (2026-05-27)
[    0.000000] Command line: console=ttyS0 rdinit=/init panic=-1 harmony.gates=n3_repeat_gate harmony.env=N3_REPS=250,N3_ITEM=insn-rng,N3_PROGRESS=25
[    0.000000] BIOS-provided physical RAM map:
[    0.000000] BIOS-e820: [mem 0x0000000000000000-0x000000000009fbff] usable
[    0.000000] BIOS-e820: [mem 0x000000000009fc00-0x000000000009ffff] reserved
[    0.000000] BIOS-e820: [mem 0x00000000000f0000-0x00000000000fffff] reserved
[    0.000000] BIOS-e820: [mem 0x0000000000100000-0x000000007ffdefff] usable
[    0.000000] BIOS-e820: [mem 0x000000007ffdf000-0x000000007fffffff] reserved
[    0.000000] BIOS-e820: [mem 0x00000000b0000000-0x00000000bfffffff] reserved
[    0.000000] BIOS-e820: [mem 0x00000000fed1c000-0x00000000fed1ffff] reserved
[    0.000000] BIOS-e820: [mem 0x00000000feffc000-0x00000000feffffff] reserved
[    0.000000] BIOS-e820: [mem 0x00000000fffc0000-0x00000000ffffffff] reserved
[    0.000000] BIOS-e820: [mem 0x0000000100000000-0x000000027fffffff] usable
[    0.000000] NX (Execute Disable) protection: active
[    0.000000] APIC: Static calls initialized
[    0.000000] SMBIOS 2.8 present.
[    0.000000] DMI: QEMU Standard PC (Q35 + ICH9, 2009), BIOS 1.16.3-debian-1.16.3-2 04/01/2014
[    0.000000] DMI: Memory slots populated: 1/1
[    0.000000] Hypervisor detected: KVM
[    0.000000] last_pfn = 0x7ffdf max_arch_pfn = 0x400000000
[    0.000000] kvm-clock: Using msrs 4b564d01 and 4b564d00
[    0.000000] kvm-clock: using sched offset of 231461840 cycles
[    0.000002] clocksource: kvm-clock: mask: 0xffffffffffffffff max_cycles: 0x1cd42e4dffb, max_idle_ns: 881590591483 ns
[    0.000005] tsc: Detected 3599.998 MHz processor
[    0.001231] last_pfn = 0x280000 max_arch_pfn = 0x400000000
[    0.001257] MTRR map: 4 entries (3 fixed + 1 variable; max 19), built from 8 variable MTRRs
[    0.001259] x86/PAT: Configuration [0-7]: WB  WC  UC- UC  WB  WP  UC- WT  
[    0.001293] last_pfn = 0x7ffdf max_arch_pfn = 0x400000000
[    0.014784] found SMP MP-table at [mem 0x000f5480-0x000f548f]
[    0.014798] Using GB pages for direct mapping
[    0.015019] RAMDISK: [mem 0x79c87000-0x7ffcffff]
[    0.015025] ACPI: Early table checksum verification disabled
[    0.015027] ACPI: RSDP 0x00000000000F52A0 000014 (v00 BOCHS )
[    0.015031] ACPI: RSDT 0x000000007FFE2351 000038 (v01 BOCHS  BXPC     00000001 BXPC 00000001)
[    0.015036] ACPI: FACP 0x000000007FFE2149 0000F4 (v03 BOCHS  BXPC     00000001 BXPC 00000001)
[    0.015040] ACPI: DSDT 0x000000007FFE0040 002109 (v01 BOCHS  BXPC     00000001 BXPC 00000001)
[    0.015043] ACPI: FACS 0x000000007FFE0000 000040
[    0.015045] ACPI: APIC 0x000000007FFE223D 000078 (v03 BOCHS  BXPC     00000001 BXPC 00000001)
[    0.015048] ACPI: HPET 0x000000007FFE22B5 000038 (v01 BOCHS  BXPC     00000001 BXPC 00000001)
[    0.015051] ACPI: MCFG 0x000000007FFE22ED 00003C (v01 BOCHS  BXPC     00000001 BXPC 00000001)
[    0.015053] ACPI: WAET 0x000000007FFE2329 000028 (v01 BOCHS  BXPC     00000001 BXPC 00000001)
[    0.015055] ACPI: Reserving FACP table memory at [mem 0x7ffe2149-0x7ffe223c]
[    0.015057] ACPI: Reserving DSDT table memory at [mem 0x7ffe0040-0x7ffe2148]
[    0.015057] ACPI: Reserving FACS table memory at [mem 0x7ffe0000-0x7ffe003f]
[    0.015058] ACPI: Reserving APIC table memory at [mem 0x7ffe223d-0x7ffe22b4]
[    0.015059] ACPI: Reserving HPET table memory at [mem 0x7ffe22b5-0x7ffe22ec]
[    0.015059] ACPI: Reserving MCFG table memory at [mem 0x7ffe22ed-0x7ffe2328]
[    0.015060] ACPI: Reserving WAET table memory at [mem 0x7ffe2329-0x7ffe2350]
[    0.015412] No NUMA configuration found
[    0.015413] Faking a node at [mem 0x0000000000000000-0x000000027fffffff]
[    0.015420] NODE_DATA(0) allocated [mem 0x27ffd3680-0x27fffdfff]
[    0.015622] Zone ranges:
[    0.015623]   DMA      [mem 0x0000000000001000-0x0000000000ffffff]
[    0.015624]   DMA32    [mem 0x0000000001000000-0x00000000ffffffff]
[    0.015625]   Normal   [mem 0x0000000100000000-0x000000027fffffff]
[    0.015626]   Device   empty
[    0.015627] Movable zone start for each node
[    0.015629] Early memory node ranges
[    0.015629]   node   0: [mem 0x0000000000001000-0x000000000009efff]
[    0.015630]   node   0: [mem 0x0000000000100000-0x000000007ffdefff]
[    0.015631]   node   0: [mem 0x0000000100000000-0x000000027fffffff]
[    0.015633] Initmem setup node 0 [mem 0x0000000000001000-0x000000027fffffff]
[    0.015783] On node 0, zone DMA: 1 pages in unavailable ranges
[    0.015800] On node 0, zone DMA: 97 pages in unavailable ranges
[    0.024307] On node 0, zone Normal: 33 pages in unavailable ranges
[    0.024792] ACPI: PM-Timer IO Port: 0x608
[    0.024806] ACPI: LAPIC_NMI (acpi_id[0xff] dfl dfl lint[0x1])
[    0.024838] IOAPIC[0]: apic_id 0, version 17, address 0xfec00000, GSI 0-23
[    0.024841] ACPI: INT_SRC_OVR (bus 0 bus_irq 0 global_irq 2 dfl dfl)
[    0.024842] ACPI: INT_SRC_OVR (bus 0 bus_irq 5 global_irq 5 high level)
[    0.024844] ACPI: INT_SRC_OVR (bus 0 bus_irq 9 global_irq 9 high level)
[    0.024845] ACPI: INT_SRC_OVR (bus 0 bus_irq 10 global_irq 10 high level)
[    0.024846] ACPI: INT_SRC_OVR (bus 0 bus_irq 11 global_irq 11 high level)
[    0.024850] ACPI: Using ACPI (MADT) for SMP configuration information
[    0.024851] ACPI: HPET id: 0x8086a201 base: 0xfed00000
[    0.024856] TSC deadline timer available
[    0.024861] CPU topo: Max. logical packages:   1
[    0.024862] CPU topo: Max. logical dies:       1
[    0.024863] CPU topo: Max. dies per package:   1
[    0.024867] CPU topo: Max. threads per core:   1
[    0.024868] CPU topo: Num. cores per package:     1
[    0.024869] CPU topo: Num. threads per package:   1
[    0.024870] CPU topo: Allowing 1 present CPUs plus 0 hotplug CPUs
[    0.024886] kvm-guest: APIC: eoi() replaced with kvm_guest_apic_eoi_write()
[    0.024908] PM: hibernation: Registered nosave memory: [mem 0x00000000-0x00000fff]
[    0.024910] PM: hibernation: Registered nosave memory: [mem 0x0009f000-0x000fffff]
[    0.024911] PM: hibernation: Registered nosave memory: [mem 0x7ffdf000-0xffffffff]
[    0.024913] [mem 0xc0000000-0xfed1bfff] available for PCI devices
[    0.024914] Booting paravirtualized kernel on KVM
[    0.024916] clocksource: refined-jiffies: mask: 0xffffffff max_cycles: 0xffffffff, max_idle_ns: 7645519600211568 ns
[    0.033088] setup_percpu: NR_CPUS:8192 nr_cpumask_bits:1 nr_cpu_ids:1 nr_node_ids:1
[    0.033312] percpu: Embedded 66 pages/cpu s233472 r8192 d28672 u2097152
[    0.033348] kvm-guest: PV spinlocks disabled, single CPU
[    0.033349] Kernel command line: console=ttyS0 rdinit=/init panic=-1 harmony.gates=n3_repeat_gate harmony.env=N3_REPS=250,N3_ITEM=insn-rng,N3_PROGRESS=25
[    0.033417] random: crng init done
[    0.034205] Dentry cache hash table entries: 1048576 (order: 11, 8388608 bytes, linear)
[    0.034608] Inode-cache hash table entries: 524288 (order: 10, 4194304 bytes, linear)
[    0.034645] Fallback order for Node 0: 0 
[    0.034647] Built 1 zonelists, mobility grouping on.  Total pages: 2097021
[    0.034648] Policy zone: Normal
[    0.034655] mem auto-init: stack:all(zero), heap alloc:on, heap free:off
[    0.034660] software IO TLB: area num 1.
[    0.071637] SLUB: HWalign=64, Order=0-3, MinObjects=0, CPUs=1, Nodes=1
[    0.071662] ftrace: allocating 45769 entries in 179 pages
[    0.081554] ftrace: allocated 179 pages with 5 groups
[    0.082141] Dynamic Preempt: voluntary
[    0.082327] rcu: Preemptible hierarchical RCU implementation.
[    0.082328] rcu: 	RCU restricting CPUs from NR_CPUS=8192 to nr_cpu_ids=1.
[    0.082330] 	Trampoline variant of Tasks RCU enabled.
[    0.082330] 	Rude variant of Tasks RCU enabled.
[    0.082330] 	Tracing variant of Tasks RCU enabled.
[    0.082331] rcu: RCU calculated value of scheduler-enlistment delay is 25 jiffies.
[    0.082332] rcu: Adjusting geometry for rcu_fanout_leaf=16, nr_cpu_ids=1
[    0.082338] RCU Tasks: Setting shift to 0 and lim to 1 rcu_task_cb_adjust=1 rcu_task_cpu_ids=1.
[    0.082339] RCU Tasks Rude: Setting shift to 0 and lim to 1 rcu_task_cb_adjust=1 rcu_task_cpu_ids=1.
[    0.082341] RCU Tasks Trace: Setting shift to 0 and lim to 1 rcu_task_cb_adjust=1 rcu_task_cpu_ids=1.
[    0.095557] NR_IRQS: 524544, nr_irqs: 256, preallocated irqs: 16
[    0.095745] rcu: srcu_init: Setting srcu_struct sizes based on contention.
[    0.121734] Console: colour VGA+ 80x25
[    0.121782] printk: legacy console [ttyS0] enabled
[    0.279610] ACPI: Core revision 20240827
[    0.286700] clocksource: hpet: mask: 0xffffffff max_cycles: 0xffffffff, max_idle_ns: 19112604467 ns
[    0.288528] APIC: Switch to symmetric I/O mode setup
[    0.289627] x2apic enabled
[    0.290365] APIC: Switched APIC routing to: physical x2apic
[    0.292262] ..TIMER: vector=0x30 apic1=0 pin1=2 apic2=-1 pin2=-1
[    0.299538] clocksource: tsc-early: mask: 0xffffffffffffffff max_cycles: 0x33e451ab1a6, max_idle_ns: 440795278720 ns
[    0.301347] Calibrating delay loop (skipped) preset value.. 7199.99 BogoMIPS (lpj=14399992)
[    0.305448] x86/cpu: User Mode Instruction Prevention (UMIP) activated
[    0.306672] Last level iTLB entries: 4KB 0, 2MB 0, 4MB 0
[    0.309346] Last level dTLB entries: 4KB 0, 2MB 0, 4MB 0, 1GB 0
[    0.310366] Spectre V1 : Mitigation: usercopy/swapgs barriers and __user pointer sanitization
[    0.311824] Spectre V2 : Spectre BHI mitigation: SW BHB clearing on syscall and VM exit
[    0.313347] Spectre V2 : Mitigation: IBRS
[    0.314084] Spectre V2 : Spectre v2 / SpectreRSB: Filling RSB on context switch and VMEXIT
[    0.315528] RETBleed: Mitigation: IBRS
[    0.316193] Spectre V2 : mitigation: Enabling conditional Indirect Branch Prediction Barrier
[    0.317347] Speculative Store Bypass: Mitigation: Speculative Store Bypass disabled via prctl
[    0.319130] MDS: Mitigation: Clear CPU buffers
[    0.320066] MMIO Stale Data: Mitigation: Clear CPU buffers
[    0.321347] SRBDS: Unknown: Dependent on hypervisor status
[    0.322339] active return thunk: its_return_thunk
[    0.323154] ITS: Mitigation: Aligned branch/return thunks
[    0.324044] x86/fpu: Supporting XSAVE feature 0x001: 'x87 floating point registers'
[    0.325347] x86/fpu: Supporting XSAVE feature 0x002: 'SSE registers'
[    0.326444] x86/fpu: Supporting XSAVE feature 0x004: 'AVX registers'
[    0.327539] x86/fpu: Supporting XSAVE feature 0x008: 'MPX bounds registers'
[    0.329347] x86/fpu: Supporting XSAVE feature 0x010: 'MPX CSR'
[    0.330367] x86/fpu: xstate_offset[2]:  576, xstate_sizes[2]:  256
[    0.331437] x86/fpu: xstate_offset[3]:  832, xstate_sizes[3]:   64
[    0.332488] x86/fpu: xstate_offset[4]:  896, xstate_sizes[4]:   64
[    0.333347] x86/fpu: Enabled xstate features 0x1f, context size is 960 bytes, using 'compacted' format.
[    0.372154] Freeing SMP alternatives memory: 40K
[    0.373005] pid_max: default: 32768 minimum: 301
[    0.373506] LSM: initializing lsm=lockdown,capability,landlock,yama,apparmor,tomoyo,bpf,ipe,ima,evm
[    0.375118] landlock: Up and running.
[    0.375800] Yama: disabled by default; enable with sysctl kernel.yama.*
[    0.377415] AppArmor: AppArmor initialized
[    0.378130] TOMOYO Linux initialized
[    0.378893] LSM support for eBPF active
[    0.379665] Mount-cache hash table entries: 16384 (order: 5, 131072 bytes, linear)
[    0.380962] Mountpoint-cache hash table entries: 16384 (order: 5, 131072 bytes, linear)
[    0.381625] smpboot: CPU0: Intel(R) Core(TM) i9-9900K CPU @ 3.60GHz (family: 0x6, model: 0x9e, stepping: 0xc)
[    0.383507] Performance Events: Skylake events, full-width counters, Intel PMU driver.
[    0.384850] ... version:                2
[    0.385345] ... bit width:              48
[    0.385348] ... generic registers:      4
[    0.386069] ... value mask:             0000ffffffffffff
[    0.386998] ... max period:             00007fffffffffff
[    0.387908] ... fixed-purpose events:   3
[    0.388593] ... event mask:             000000070000000f
[    0.389428] signal: max sigframe size: 2032
[    0.390201] rcu: Hierarchical SRCU implementation.
[    0.391031] rcu: 	Max phase no-delay instances is 1000.
[    0.394976] smp: Bringing up secondary CPUs ...
[    0.395809] smp: Brought up 1 node, 1 CPU
[    0.396521] smpboot: Total of 1 processors activated (7199.99 BogoMIPS)
[    0.413281] node 0 deferred pages initialised in 12ms
[    0.413370] Memory: 8026808K/8388084K available (16384K kernel code, 2497K rwdata, 11808K rodata, 4164K init, 4916K bss, 357560K reserved, 0K cma-reserved)
[    0.416202] devtmpfs: initialized
[    0.416832] x86/mm: Memory block size: 128MB
[    0.418235] clocksource: jiffies: mask: 0xffffffff max_cycles: 0xffffffff, max_idle_ns: 7645041785100000 ns
[    0.420012] futex hash table entries: 256 (order: 2, 16384 bytes, linear)
[    0.421236] pinctrl core: initialized pinctrl subsystem
[    0.421975] NET: Registered PF_NETLINK/PF_ROUTE protocol family
[    0.423141] DMA: preallocated 1024 KiB GFP_KERNEL pool for atomic allocations
[    0.424489] DMA: preallocated 1024 KiB GFP_KERNEL|GFP_DMA pool for atomic allocations
[    0.425523] DMA: preallocated 1024 KiB GFP_KERNEL|GFP_DMA32 pool for atomic allocations
[    0.427016] audit: initializing netlink subsys (disabled)
[    0.427985] audit: type=2000 audit(1783695261.188:1): state=initialized audit_enabled=0 res=1
[    0.429445] thermal_sys: Registered thermal governor 'fair_share'
[    0.429446] thermal_sys: Registered thermal governor 'bang_bang'
[    0.430597] thermal_sys: Registered thermal governor 'step_wise'
[    0.431847] thermal_sys: Registered thermal governor 'user_space'
[    0.433111] thermal_sys: Registered thermal governor 'power_allocator'
[    0.433361] cpuidle: using governor ladder
[    0.435234] cpuidle: using governor menu
[    0.435987] acpiphp: ACPI Hot Plug PCI Controller Driver version: 0.5
[    0.437304] PCI: ECAM [mem 0xb0000000-0xbfffffff] (base 0xb0000000) for domain 0000 [bus 00-ff]
[    0.437351] PCI: ECAM [mem 0xb0000000-0xbfffffff] reserved as E820 entry
[    0.438511] PCI: Using configuration type 1 for base access
[    0.439567] kprobes: kprobe jump-optimization is enabled. All kprobes are optimized if possible.
[    0.469473] HugeTLB: registered 1.00 GiB page size, pre-allocated 0 pages
[    0.470688] HugeTLB: 16380 KiB vmemmap can be freed for a 1.00 GiB page
[    0.471835] HugeTLB: registered 2.00 MiB page size, pre-allocated 0 pages
[    0.472943] HugeTLB: 28 KiB vmemmap can be freed for a 2.00 MiB page
[    0.478319] ACPI: Added _OSI(Module Device)
[    0.479063] ACPI: Added _OSI(Processor Device)
[    0.479854] ACPI: Added _OSI(Processor Aggregator Device)
[    0.484013] ACPI: 1 ACPI AML tables successfully acquired and loaded
[    0.486023] ACPI: Interpreter enabled
[    0.486724] ACPI: PM: (supports S0 S3 S4 S5)
[    0.487544] ACPI: Using IOAPIC for interrupt routing
[    0.488482] PCI: Using host bridge windows from ACPI; if necessary, use "pci=nocrs" and report a bug
[    0.489348] PCI: Using E820 reservations for host bridge windows
[    0.490503] ACPI: Enabled 2 GPEs in block 00 to 3F
[    0.494323] ACPI: PCI Root Bridge [PCI0] (domain 0000 [bus 00-ff])
[    0.495628] acpi PNP0A08:00: _OSC: OS supports [ExtendedConfig ASPM ClockPM Segments MSI HPX-Type3]
[    0.497204] acpi PNP0A08:00: _OSC: platform does not support [PCIeHotplug LTR]
[    0.497406] acpi PNP0A08:00: _OSC: OS now controls [SHPCHotplug PME AER PCIeCapability]
[    0.498982] PCI host bridge to bus 0000:00
[    0.499722] pci_bus 0000:00: root bus resource [io  0x0000-0x0cf7 window]
[    0.501348] pci_bus 0000:00: root bus resource [io  0x0d00-0xffff window]
[    0.502530] pci_bus 0000:00: root bus resource [mem 0x000a0000-0x000bffff window]
[    0.505349] pci_bus 0000:00: root bus resource [mem 0x80000000-0xafffffff window]
[    0.506669] pci_bus 0000:00: root bus resource [mem 0xc0000000-0xfebfffff window]
[    0.507979] pci_bus 0000:00: root bus resource [mem 0x280000000-0xa7fffffff window]
[    0.509349] pci_bus 0000:00: root bus resource [bus 00-ff]
[    0.512226] pci 0000:00:00.0: [8086:29c0] type 00 class 0x060000 conventional PCI endpoint
[    0.513903] pci 0000:00:01.0: [1234:1111] type 00 class 0x030000 conventional PCI endpoint
[    0.517739] pci 0000:00:01.0: BAR 0 [mem 0xfd000000-0xfdffffff pref]
[    0.523025] pci 0000:00:01.0: BAR 2 [mem 0xfebd4000-0xfebd4fff]
[    0.531343] pci 0000:00:01.0: ROM [mem 0xfebc0000-0xfebcffff pref]
[    0.533482] pci 0000:00:01.0: Video device with shadowed ROM at [mem 0x000c0000-0x000dffff]
[    0.535544] pci 0000:00:02.0: [8086:10d3] type 00 class 0x020000 PCIe Root Complex Integrated Endpoint
[    0.538188] pci 0000:00:02.0: BAR 0 [mem 0xfeb80000-0xfeb9ffff]
[    0.541348] pci 0000:00:02.0: BAR 1 [mem 0xfeba0000-0xfebbffff]
[    0.543191] pci 0000:00:02.0: BAR 2 [io  0xc040-0xc05f]
[    0.544982] pci 0000:00:02.0: BAR 3 [mem 0xfebd0000-0xfebd3fff]
[    0.548393] pci 0000:00:02.0: ROM [mem 0xfeb40000-0xfeb7ffff pref]
[    0.549409] pci 0000:00:02.0: enabling Extended Tags
[    0.551494] pci 0000:00:1f.0: [8086:2918] type 00 class 0x060100 conventional PCI endpoint
[    0.553535] pci 0000:00:1f.0: quirk: [io  0x0600-0x067f] claimed by ICH6 ACPI/GPIO/TCO
[    0.555262] pci 0000:00:1f.2: [8086:2922] type 00 class 0x010601 conventional PCI endpoint
[    0.559568] pci 0000:00:1f.2: BAR 4 [io  0xc060-0xc07f]
[    0.561212] pci 0000:00:1f.2: BAR 5 [mem 0xfebd5000-0xfebd5fff]
[    0.562552] pci 0000:00:1f.3: [8086:2930] type 00 class 0x0c0500 conventional PCI endpoint
[    0.566224] pci 0000:00:1f.3: BAR 4 [io  0x0700-0x073f]
[    0.569862] ACPI: PCI: Interrupt link LNKA configured for IRQ 10
[    0.570979] ACPI: PCI: Interrupt link LNKB configured for IRQ 10
[    0.572111] ACPI: PCI: Interrupt link LNKC configured for IRQ 11
[    0.573247] ACPI: PCI: Interrupt link LNKD configured for IRQ 11
[    0.573427] ACPI: PCI: Interrupt link LNKE configured for IRQ 10
[    0.574563] ACPI: PCI: Interrupt link LNKF configured for IRQ 10
[    0.575685] ACPI: PCI: Interrupt link LNKG configured for IRQ 11
[    0.576857] ACPI: PCI: Interrupt link LNKH configured for IRQ 11
[    0.577385] ACPI: PCI: Interrupt link GSIA configured for IRQ 16
[    0.578525] ACPI: PCI: Interrupt link GSIB configured for IRQ 17
[    0.579640] ACPI: PCI: Interrupt link GSIC configured for IRQ 18
[    0.580764] ACPI: PCI: Interrupt link GSID configured for IRQ 19
[    0.581355] ACPI: PCI: Interrupt link GSIE configured for IRQ 20
[    0.582472] ACPI: PCI: Interrupt link GSIF configured for IRQ 21
[    0.583600] ACPI: PCI: Interrupt link GSIG configured for IRQ 22
[    0.584715] ACPI: PCI: Interrupt link GSIH configured for IRQ 23
[    0.585845] iommu: Default domain type: Translated
[    0.586857] iommu: DMA domain TLB invalidation policy: lazy mode
[    0.588307] pps_core: LinuxPPS API ver. 1 registered
[    0.589246] pps_core: Software ver. 5.3.6 - Copyright 2005-2007 Rodolfo Giometti <giometti@linux.it>
[    0.589352] PTP clock support registered
[    0.590050] EDAC MC: Ver: 3.0.0
[    0.591320] NetLabel: Initializing
[    0.591940] NetLabel:  domain hash size = 128
[    0.592708] NetLabel:  protocols = UNLABELED CIPSOv4 CALIPSO
[    0.593375] NetLabel:  unlabeled traffic allowed by default
[    0.594346] PCI: Using ACPI for IRQ routing
[    0.682055] pci 0000:00:01.0: vgaarb: setting as boot VGA device
[    0.683115] pci 0000:00:01.0: vgaarb: bridge control possible
[    0.684106] pci 0000:00:01.0: vgaarb: VGA device added: decodes=io+mem,owns=io+mem,locks=none
[    0.685348] vgaarb: loaded
[    0.685865] hpet0: at MMIO 0xfed00000, IRQs 2, 8, 0
[    0.686718] hpet0: 3 comparators, 64-bit 100.000000 MHz counter
[    0.692446] clocksource: Switched to clocksource kvm-clock
[    0.693345] VFS: Disk quotas dquot_6.6.0
[    0.693345] VFS: Dquot-cache hash table entries: 512 (order 0, 4096 bytes)
[    0.693345] AppArmor: AppArmor Filesystem Enabled
[    0.693917] pnp: PnP ACPI init
[    0.694599] system 00:05: [mem 0xb0000000-0xbfffffff window] has been reserved
[    0.696121] pnp: PnP ACPI: found 6 devices
[    0.702467] clocksource: acpi_pm: mask: 0xffffff max_cycles: 0xffffff, max_idle_ns: 2085701024 ns
[    0.704075] NET: Registered PF_INET protocol family
[    0.704991] IP idents hash table entries: 131072 (order: 8, 1048576 bytes, linear)
[    0.718569] tcp_listen_portaddr_hash hash table entries: 4096 (order: 4, 65536 bytes, linear)
[    0.720105] Table-perturb hash table entries: 65536 (order: 6, 262144 bytes, linear)
[    0.721556] TCP established hash table entries: 65536 (order: 7, 524288 bytes, linear)
[    0.723514] TCP bind hash table entries: 65536 (order: 9, 2097152 bytes, linear)
[    0.725139] TCP: Hash tables configured (established 65536 bind 65536)
[    0.726372] MPTCP token hash table entries: 8192 (order: 6, 196608 bytes, linear)
[    0.727775] UDP hash table entries: 4096 (order: 5, 131072 bytes, linear)
[    0.729161] UDP-Lite hash table entries: 4096 (order: 5, 131072 bytes, linear)
[    0.730426] NET: Registered PF_UNIX/PF_LOCAL protocol family
[    0.731412] NET: Registered PF_XDP protocol family
[    0.732244] pci_bus 0000:00: resource 4 [io  0x0000-0x0cf7 window]
[    0.733289] pci_bus 0000:00: resource 5 [io  0x0d00-0xffff window]
[    0.734469] pci_bus 0000:00: resource 6 [mem 0x000a0000-0x000bffff window]
[    0.735917] pci_bus 0000:00: resource 7 [mem 0x80000000-0xafffffff window]
[    0.737355] pci_bus 0000:00: resource 8 [mem 0xc0000000-0xfebfffff window]
[    0.738537] pci_bus 0000:00: resource 9 [mem 0x280000000-0xa7fffffff window]
[    0.739898] PCI: CLS 0 bytes, default 64
[    0.740652] Trying to unpack rootfs image as initramfs...
[    0.745586] PCI-DMA: Using software bounce buffering for IO (SWIOTLB)
[    0.746715] software IO TLB: mapped [mem 0x0000000075c87000-0x0000000079c87000] (64MB)
[    0.748148] clocksource: tsc: mask: 0xffffffffffffffff max_cycles: 0x33e451ab1a6, max_idle_ns: 440795278720 ns
[    0.761623] Initialise system trusted keyrings
[    0.762428] Key type blacklist registered
[    0.763191] workingset: timestamp_bits=36 max_order=21 bucket_order=0
[    0.764308] zbud: loaded
[    0.764848] fuse: init (API version 7.41)
[    0.777625] integrity: Platform Keyring initialized
[    0.778537] integrity: Machine keyring initialized
[    0.841412] Key type asymmetric registered
[    0.842305] Asymmetric key parser 'x509' registered
[    1.961203] Freeing initrd memory: 101668K
[    1.962834] Block layer SCSI generic (bsg) driver version 0.4 loaded (major 246)
[    1.964187] io scheduler mq-deadline registered
[    1.966018] ledtrig-cpu: registered to indicate activity on CPUs
[    1.967070] shpchp: Standard Hot Plug PCI Controller Driver version: 0.4
[    1.968474] Serial: 8250/16550 driver, 4 ports, IRQ sharing enabled
[    1.970050] 00:03: ttyS0 at I/O 0x3f8 (irq = 4, base_baud = 115200) is a 16550A
[    1.971814] Linux agpgart interface v0.103
[    1.972768] i8042: PNP: PS/2 Controller [PNP0303:KBD,PNP0f13:MOU] at 0x60,0x64 irq 1,12
[    1.974921] serio: i8042 KBD port at 0x60,0x64 irq 1
[    1.975765] serio: i8042 AUX port at 0x60,0x64 irq 12
[    1.976707] mousedev: PS/2 mouse device common for all mice
[    1.978003] input: AT Translated Set 2 keyboard as /devices/platform/i8042/serio0/input/input0
[    1.979765] rtc_cmos 00:04: RTC can wake from S4
[    1.981136] rtc_cmos 00:04: registered as rtc0
[    1.982024] rtc_cmos 00:04: setting system clock to 2026-07-10T14:54:22 UTC (1783695262)
[    1.983499] rtc_cmos 00:04: alarms up to one day, y3k, 242 bytes nvram, hpet irqs
[    1.984799] intel_pstate: CPU model not supported
[    1.986180] NET: Registered PF_INET6 protocol family
[    1.987653] Segment Routing with IPv6
[    1.988326] In-situ OAM (IOAM) with IPv6
[    1.989055] mip6: Mobile IPv6
[    1.989648] NET: Registered PF_PACKET protocol family
[    1.990559] mpls_gso: MPLS GSO support
[    1.991386] IPI shorthand broadcast: enabled
[    1.993813] sched_clock: Marking stable (1792002368, 201593712)->(2234933936, -241337856)
[    1.995292] registered taskstats version 1
[    1.996098] Loading compiled-in X.509 certificates
[    2.014845] Loaded X.509 cert 'Build time autogenerated kernel key: e87b99600394fc77ba6018a2cc6a68db4bb86ee6'
[    2.018124] Demotion targets for Node 0: null
[    2.018968] Key type .fscrypt registered
[    2.019687] Key type fscrypt-provisioning registered
[    2.021239] Key type encrypted registered
[    2.021964] AppArmor: AppArmor sha256 policy hashing enabled
[    2.022975] ima: No TPM chip found, activating TPM-bypass!
[    2.023977] ima: Allocated hash algorithm: sha256
[    2.024813] ima: No architecture policies found
[    2.025628] evm: Initialising EVM extended attributes:
[    2.026543] evm: security.selinux
[    2.027156] evm: security.SMACK64 (disabled)
[    2.027958] evm: security.SMACK64EXEC (disabled)
[    2.028805] evm: security.SMACK64TRANSMUTE (disabled)
[    2.029724] evm: security.SMACK64MMAP (disabled)
[    2.030521] evm: security.apparmor
[    2.031099] evm: security.ima
[    2.031609] evm: security.capability
[    2.032229] evm: HMAC attrs: 0x1
[    2.063839] RAS: Correctable Errors collector initialized.
[    2.103745] clk: Disabling unused clocks
[    2.104451] PM: genpd: Disabling unused power domains
[    2.151420] Freeing unused decrypted memory: 2028K
[    2.152338] Freeing unused kernel image (initmem) memory: 4164K
[    2.153144] Write protecting the kernel read-only data: 28672k
[    2.154275] Freeing unused kernel image (rodata/data gap) memory: 480K
[    2.211476] x86/mm: Checked W+X mappings: passed, no W+X pages found.
[    2.265630] Run /init as init process
NESTED_X86_L1_BOOT_OK
Linux (none) 6.12.90+deb13.1-amd64 #1 SMP PREEMPT_DYNAMIC Debian 6.12.90-2 (2026-05-27) x86_64 GNU/Linux
              total        used        free      shared  buff/cache   available
Mem:           7948          41        7685         221         222        7548
console=ttyS0 rdinit=/init panic=-1 harmony.gates=n3_repeat_gate harmony.env=N3_REPS=250,N3_ITEM=insn-rng,N3_PROGRESS=25
msr: loaded
irqbypass: loaded
[    2.325758] kvm: loading out-of-tree module taints kernel.
[    2.326509] kvm: module verification failed: signature and/or required key missing - tainting kernel
kvm(PATCHED): loaded
kvm-intel(PATCHED): loaded
L1_DEV_KVM_PRESENT
NESTED_X86_L2_PIN_CHECK_BEGIN
f06a34a79010a8f2cc8226dc629cc8fb049740016f035f53e3f2e53d9a30dd41  guest/build/bzImage
3c4a7f2f0db4b59aaf4dee55d43a42c57fc0d10ac25441de88128c61be0778c2  guest/build/initramfs-postgres.cpio.gz
NESTED_X86_L2_PIN_CHECK_END
ENV N3_REPS=250
ENV N3_ITEM=insn-rng
ENV N3_PROGRESS=25
NESTED_X86_GATE_BEGIN n3_repeat_gate 

running 1 test
test n3_repeat_gate ... N3JSON {"event":"start","item":"insn-rng","reps":250,"seed":11471204516818368}
N3JSON {"event":"progress","attempted":25,"identical":25,"mismatches":0}
