[    0.000000] Linux version 6.12.90+deb13.1-amd64 (debian-kernel@lists.debian.org) (x86_64-linux-gnu-gcc-14 (Debian 14.2.0-19) 14.2.0, GNU ld (GNU Binutils for Debian) 2.44) #1 SMP PREEMPT_DYNAMIC Debian 6.12.90-2 (2026-05-27)
[    0.000000] Command line: console=ttyS0 rdinit=/init panic=-1 harmony.gates=n2_nested_hammer harmony.env=N2_DEADLINES=150000,N2_SEED=2600001006,N2_PROGRESS=25000
[    0.000000] BIOS-provided physical RAM map:
[    0.000000] BIOS-e820: [mem 0x0000000000000000-0x000000000009fbff] usable
[    0.000000] BIOS-e820: [mem 0x000000000009fc00-0x000000000009ffff] reserved
[    0.000000] BIOS-e820: [mem 0x00000000000f0000-0x00000000000fffff] reserved
[    0.000000] BIOS-e820: [mem 0x0000000000100000-0x000000007ffdefff] usable
[    0.000000] BIOS-e820: [mem 0x000000007ffdf000-0x000000007fffffff] reserved
[    0.000000] BIOS-e820: [mem 0x00000000b0000000-0x00000000bfffffff] reserved
[    0.000000] BIOS-e820: [mem 0x00000000fed1c000-0x00000000fed1ffff] reserved
[    0.000000] BIOS-e820: [mem 0x00000000feffc000-0x00000000feffffff] reserved
[    0.000000] BIOS-e820: [mem 0x00000000fffc0000-0x00000000ffffffff] reserved
[    0.000000] BIOS-e820: [mem 0x0000000100000000-0x000000027fffffff] usable
[    0.000000] NX (Execute Disable) protection: active
[    0.000000] APIC: Static calls initialized
[    0.000000] SMBIOS 2.8 present.
[    0.000000] DMI: QEMU Standard PC (Q35 + ICH9, 2009), BIOS 1.16.3-debian-1.16.3-2 04/01/2014
[    0.000000] DMI: Memory slots populated: 1/1
[    0.000000] Hypervisor detected: KVM
[    0.000000] last_pfn = 0x7ffdf max_arch_pfn = 0x400000000
[    0.000000] kvm-clock: Using msrs 4b564d01 and 4b564d00
[    0.000001] kvm-clock: using sched offset of 431394986 cycles
[    0.000016] clocksource: kvm-clock: mask: 0xffffffffffffffff max_cycles: 0x1cd42e4dffb, max_idle_ns: 881590591483 ns
[    0.000019] tsc: Detected 3599.998 MHz processor
[    0.001371] last_pfn = 0x280000 max_arch_pfn = 0x400000000
[    0.001400] MTRR map: 4 entries (3 fixed + 1 variable; max 19), built from 8 variable MTRRs
[    0.001403] x86/PAT: Configuration [0-7]: WB  WC  UC- UC  WB  WP  UC- WT  
[    0.001441] last_pfn = 0x7ffdf max_arch_pfn = 0x400000000
[    0.011136] found SMP MP-table at [mem 0x000f5480-0x000f548f]
[    0.011153] Using GB pages for direct mapping
[    0.011364] RAMDISK: [mem 0x7b44c000-0x7ffcffff]
[    0.011369] ACPI: Early table checksum verification disabled
[    0.011372] ACPI: RSDP 0x00000000000F52A0 000014 (v00 BOCHS )
[    0.011376] ACPI: RSDT 0x000000007FFE2351 000038 (v01 BOCHS  BXPC     00000001 BXPC 00000001)
[    0.011382] ACPI: FACP 0x000000007FFE2149 0000F4 (v03 BOCHS  BXPC     00000001 BXPC 00000001)
[    0.011387] ACPI: DSDT 0x000000007FFE0040 002109 (v01 BOCHS  BXPC     00000001 BXPC 00000001)
[    0.011390] ACPI: FACS 0x000000007FFE0000 000040
[    0.011393] ACPI: APIC 0x000000007FFE223D 000078 (v03 BOCHS  BXPC     00000001 BXPC 00000001)
[    0.011396] ACPI: HPET 0x000000007FFE22B5 000038 (v01 BOCHS  BXPC     00000001 BXPC 00000001)
[    0.011399] ACPI: MCFG 0x000000007FFE22ED 00003C (v01 BOCHS  BXPC     00000001 BXPC 00000001)
[    0.011402] ACPI: WAET 0x000000007FFE2329 000028 (v01 BOCHS  BXPC     00000001 BXPC 00000001)
[    0.011405] ACPI: Reserving FACP table memory at [mem 0x7ffe2149-0x7ffe223c]
[    0.011406] ACPI: Reserving DSDT table memory at [mem 0x7ffe0040-0x7ffe2148]
[    0.011407] ACPI: Reserving FACS table memory at [mem 0x7ffe0000-0x7ffe003f]
[    0.011408] ACPI: Reserving APIC table memory at [mem 0x7ffe223d-0x7ffe22b4]
[    0.011409] ACPI: Reserving HPET table memory at [mem 0x7ffe22b5-0x7ffe22ec]
[    0.011410] ACPI: Reserving MCFG table memory at [mem 0x7ffe22ed-0x7ffe2328]
[    0.011411] ACPI: Reserving WAET table memory at [mem 0x7ffe2329-0x7ffe2350]
[    0.011776] No NUMA configuration found
[    0.011777] Faking a node at [mem 0x0000000000000000-0x000000027fffffff]
[    0.011785] NODE_DATA(0) allocated [mem 0x27ffd3680-0x27fffdfff]
[    0.016080] Zone ranges:
[    0.016081]   DMA      [mem 0x0000000000001000-0x0000000000ffffff]
[    0.016083]   DMA32    [mem 0x0000000001000000-0x00000000ffffffff]
[    0.016085]   Normal   [mem 0x0000000100000000-0x000000027fffffff]
[    0.016086]   Device   empty
[    0.016087] Movable zone start for each node
[    0.016089] Early memory node ranges
[    0.016090]   node   0: [mem 0x0000000000001000-0x000000000009efff]
[    0.016091]   node   0: [mem 0x0000000000100000-0x000000007ffdefff]
[    0.016092]   node   0: [mem 0x0000000100000000-0x000000027fffffff]
[    0.016095] Initmem setup node 0 [mem 0x0000000000001000-0x000000027fffffff]
[    0.016241] On node 0, zone DMA: 1 pages in unavailable ranges
[    0.016264] On node 0, zone DMA: 97 pages in unavailable ranges
[    0.025018] On node 0, zone Normal: 33 pages in unavailable ranges
[    0.025527] ACPI: PM-Timer IO Port: 0x608
[    0.025540] ACPI: LAPIC_NMI (acpi_id[0xff] dfl dfl lint[0x1])
[    0.025570] IOAPIC[0]: apic_id 0, version 17, address 0xfec00000, GSI 0-23
[    0.025573] ACPI: INT_SRC_OVR (bus 0 bus_irq 0 global_irq 2 dfl dfl)
[    0.025575] ACPI: INT_SRC_OVR (bus 0 bus_irq 5 global_irq 5 high level)
[    0.025576] ACPI: INT_SRC_OVR (bus 0 bus_irq 9 global_irq 9 high level)
[    0.025577] ACPI: INT_SRC_OVR (bus 0 bus_irq 10 global_irq 10 high level)
[    0.025578] ACPI: INT_SRC_OVR (bus 0 bus_irq 11 global_irq 11 high level)
[    0.025581] ACPI: Using ACPI (MADT) for SMP configuration information
[    0.025582] ACPI: HPET id: 0x8086a201 base: 0xfed00000
[    0.025587] TSC deadline timer available
[    0.025591] CPU topo: Max. logical packages:   1
[    0.025592] CPU topo: Max. logical dies:       1
[    0.025593] CPU topo: Max. dies per package:   1
[    0.025597] CPU topo: Max. threads per core:   1
[    0.025598] CPU topo: Num. cores per package:     1
[    0.025598] CPU topo: Num. threads per package:   1
[    0.025599] CPU topo: Allowing 1 present CPUs plus 0 hotplug CPUs
[    0.025615] kvm-guest: APIC: eoi() replaced with kvm_guest_apic_eoi_write()
[    0.025635] PM: hibernation: Registered nosave memory: [mem 0x00000000-0x00000fff]
[    0.025636] PM: hibernation: Registered nosave memory: [mem 0x0009f000-0x000fffff]
[    0.025638] PM: hibernation: Registered nosave memory: [mem 0x7ffdf000-0xffffffff]
[    0.025639] [mem 0xc0000000-0xfed1bfff] available for PCI devices
[    0.025640] Booting paravirtualized kernel on KVM
[    0.025642] clocksource: refined-jiffies: mask: 0xffffffff max_cycles: 0xffffffff, max_idle_ns: 7645519600211568 ns
[    0.033919] setup_percpu: NR_CPUS:8192 nr_cpumask_bits:1 nr_cpu_ids:1 nr_node_ids:1
[    0.034196] percpu: Embedded 66 pages/cpu s233472 r8192 d28672 u2097152
[    0.034236] kvm-guest: PV spinlocks disabled, single CPU
[    0.034237] Kernel command line: console=ttyS0 rdinit=/init panic=-1 harmony.gates=n2_nested_hammer harmony.env=N2_DEADLINES=150000,N2_SEED=2600001006,N2_PROGRESS=25000
[    0.034307] random: crng init done
[    0.035310] Dentry cache hash table entries: 1048576 (order: 11, 8388608 bytes, linear)
[    0.035813] Inode-cache hash table entries: 524288 (order: 10, 4194304 bytes, linear)
[    0.035852] Fallback order for Node 0: 0 
[    0.035855] Built 1 zonelists, mobility grouping on.  Total pages: 2097021
[    0.035856] Policy zone: Normal
[    0.035863] mem auto-init: stack:all(zero), heap alloc:on, heap free:off
[    0.035869] software IO TLB: area num 1.
[    0.077539] SLUB: HWalign=64, Order=0-3, MinObjects=0, CPUs=1, Nodes=1
[    0.077569] ftrace: allocating 45769 entries in 179 pages
[    0.087627] ftrace: allocated 179 pages with 5 groups
[    0.092247] Dynamic Preempt: voluntary
[    0.092419] rcu: Preemptible hierarchical RCU implementation.
[    0.092420] rcu: 	RCU restricting CPUs from NR_CPUS=8192 to nr_cpu_ids=1.
[    0.092422] 	Trampoline variant of Tasks RCU enabled.
[    0.092422] 	Rude variant of Tasks RCU enabled.
[    0.092423] 	Tracing variant of Tasks RCU enabled.
[    0.092424] rcu: RCU calculated value of scheduler-enlistment delay is 25 jiffies.
[    0.092425] rcu: Adjusting geometry for rcu_fanout_leaf=16, nr_cpu_ids=1
[    0.092430] RCU Tasks: Setting shift to 0 and lim to 1 rcu_task_cb_adjust=1 rcu_task_cpu_ids=1.
[    0.092432] RCU Tasks Rude: Setting shift to 0 and lim to 1 rcu_task_cb_adjust=1 rcu_task_cpu_ids=1.
[    0.092433] RCU Tasks Trace: Setting shift to 0 and lim to 1 rcu_task_cb_adjust=1 rcu_task_cpu_ids=1.
[    0.101863] NR_IRQS: 524544, nr_irqs: 256, preallocated irqs: 16
[    0.102069] rcu: srcu_init: Setting srcu_struct sizes based on contention.
[    0.132599] Console: colour VGA+ 80x25
[    0.132653] printk: legacy console [ttyS0] enabled
[    0.415546] ACPI: Core revision 20240827
[    0.416476] clocksource: hpet: mask: 0xffffffff max_cycles: 0xffffffff, max_idle_ns: 19112604467 ns
[    0.418194] APIC: Switch to symmetric I/O mode setup
[    0.419229] x2apic enabled
[    0.419933] APIC: Switched APIC routing to: physical x2apic
[    0.421895] ..TIMER: vector=0x30 apic1=0 pin1=2 apic2=-1 pin2=-1
[    0.422996] clocksource: tsc-early: mask: 0xffffffffffffffff max_cycles: 0x33e451ab1a6, max_idle_ns: 440795278720 ns
[    0.424869] Calibrating delay loop (skipped) preset value.. 7199.99 BogoMIPS (lpj=14399992)
[    0.428966] x86/cpu: User Mode Instruction Prevention (UMIP) activated
[    0.430115] Last level iTLB entries: 4KB 0, 2MB 0, 4MB 0
[    0.431107] Last level dTLB entries: 4KB 0, 2MB 0, 4MB 0, 1GB 0
[    0.432135] Spectre V1 : Mitigation: usercopy/swapgs barriers and __user pointer sanitization
[    0.432871] Spectre V2 : Spectre BHI mitigation: SW BHB clearing on syscall and VM exit
[    0.434284] Spectre V2 : Mitigation: IBRS
[    0.435006] Spectre V2 : Spectre v2 / SpectreRSB: Filling RSB on context switch and VMEXIT
[    0.436868] RETBleed: Mitigation: IBRS
[    0.437516] Spectre V2 : mitigation: Enabling conditional Indirect Branch Prediction Barrier
[    0.439038] Speculative Store Bypass: Mitigation: Speculative Store Bypass disabled via prctl
[    0.440872] MDS: Mitigation: Clear CPU buffers
[    0.441705] MMIO Stale Data: Mitigation: Clear CPU buffers
[    0.442745] SRBDS: Unknown: Dependent on hypervisor status
[    0.443652] active return thunk: its_return_thunk
[    0.444461] ITS: Mitigation: Aligned branch/return thunks
[    0.444885] x86/fpu: Supporting XSAVE feature 0x001: 'x87 floating point registers'
[    0.446288] x86/fpu: Supporting XSAVE feature 0x002: 'SSE registers'
[    0.447471] x86/fpu: Supporting XSAVE feature 0x004: 'AVX registers'
[    0.448868] x86/fpu: Supporting XSAVE feature 0x008: 'MPX bounds registers'
[    0.450156] x86/fpu: Supporting XSAVE feature 0x010: 'MPX CSR'
[    0.451164] x86/fpu: xstate_offset[2]:  576, xstate_sizes[2]:  256
[    0.452868] x86/fpu: xstate_offset[3]:  832, xstate_sizes[3]:   64
[    0.453956] x86/fpu: xstate_offset[4]:  896, xstate_sizes[4]:   64
[    0.455082] x86/fpu: Enabled xstate features 0x1f, context size is 960 bytes, using 'compacted' format.
[    0.496322] Freeing SMP alternatives memory: 40K
[    0.496871] pid_max: default: 32768 minimum: 301
[    0.497863] LSM: initializing lsm=lockdown,capability,landlock,yama,apparmor,tomoyo,bpf,ipe,ima,evm
[    0.499530] landlock: Up and running.
[    0.500170] Yama: disabled by default; enable with sysctl kernel.yama.*
[    0.500934] AppArmor: AppArmor initialized
[    0.501665] TOMOYO Linux initialized
[    0.502485] LSM support for eBPF active
[    0.503217] Mount-cache hash table entries: 16384 (order: 5, 131072 bytes, linear)
[    0.504871] Mountpoint-cache hash table entries: 16384 (order: 5, 131072 bytes, linear)
[    0.506591] smpboot: CPU0: Intel(R) Core(TM) i9-9900K CPU @ 3.60GHz (family: 0x6, model: 0x9e, stepping: 0xc)
[    0.508557] Performance Events: Skylake events, full-width counters, Intel PMU driver.
[    0.508866] ... version:                2
[    0.508869] ... bit width:              48
[    0.509621] ... generic registers:      4
[    0.510356] ... value mask:             0000ffffffffffff
[    0.511343] ... max period:             00007fffffffffff
[    0.512349] ... fixed-purpose events:   3
[    0.512869] ... event mask:             000000070000000f
[    0.513939] signal: max sigframe size: 2032
[    0.514776] rcu: Hierarchical SRCU implementation.
[    0.515652] rcu: 	Max phase no-delay instances is 1000.
[    0.519982] smp: Bringing up secondary CPUs ...
[    0.520830] smp: Brought up 1 node, 1 CPU
[    0.520872] smpboot: Total of 1 processors activated (7199.99 BogoMIPS)
[    0.539899] node 0 deferred pages initialised in 16ms
[    0.540866] Memory: 8051148K/8388084K available (16384K kernel code, 2497K rwdata, 11808K rodata, 4164K init, 4916K bss, 333220K reserved, 0K cma-reserved)
[    0.543787] devtmpfs: initialized
[    0.544394] x86/mm: Memory block size: 128MB
[    0.545729] clocksource: jiffies: mask: 0xffffffff max_cycles: 0xffffffff, max_idle_ns: 7645041785100000 ns
[    0.547583] futex hash table entries: 256 (order: 2, 16384 bytes, linear)
[    0.548798] pinctrl core: initialized pinctrl subsystem
[    0.549487] NET: Registered PF_NETLINK/PF_ROUTE protocol family
[    0.550668] DMA: preallocated 1024 KiB GFP_KERNEL pool for atomic allocations
[    0.552017] DMA: preallocated 1024 KiB GFP_KERNEL|GFP_DMA pool for atomic allocations
[    0.553032] DMA: preallocated 1024 KiB GFP_KERNEL|GFP_DMA32 pool for atomic allocations
[    0.554470] audit: initializing netlink subsys (disabled)
[    0.555484] audit: type=2000 audit(1783920062.481:1): state=initialized audit_enabled=0 res=1
[    0.556976] thermal_sys: Registered thermal governor 'fair_share'
[    0.556977] thermal_sys: Registered thermal governor 'bang_bang'
[    0.558108] thermal_sys: Registered thermal governor 'step_wise'
[    0.559186] thermal_sys: Registered thermal governor 'user_space'
[    0.560290] thermal_sys: Registered thermal governor 'power_allocator'
[    0.560884] cpuidle: using governor ladder
[    0.562831] cpuidle: using governor menu
[    0.563634] acpiphp: ACPI Hot Plug PCI Controller Driver version: 0.5
[    0.565017] PCI: ECAM [mem 0xb0000000-0xbfffffff] (base 0xb0000000) for domain 0000 [bus 00-ff]
[    0.566588] PCI: ECAM [mem 0xb0000000-0xbfffffff] reserved as E820 entry
[    0.567840] PCI: Using configuration type 1 for base access
[    0.568991] kprobes: kprobe jump-optimization is enabled. All kprobes are optimized if possible.
[    0.597359] HugeTLB: registered 1.00 GiB page size, pre-allocated 0 pages
[    0.598590] HugeTLB: 16380 KiB vmemmap can be freed for a 1.00 GiB page
[    0.599755] HugeTLB: registered 2.00 MiB page size, pre-allocated 0 pages
[    0.600870] HugeTLB: 28 KiB vmemmap can be freed for a 2.00 MiB page
[    0.605594] ACPI: Added _OSI(Module Device)
[    0.606389] ACPI: Added _OSI(Processor Device)
[    0.607252] ACPI: Added _OSI(Processor Aggregator Device)
[    0.613260] ACPI: 1 ACPI AML tables successfully acquired and loaded
[    0.617005] ACPI: Interpreter enabled
[    0.617683] ACPI: PM: (supports S0 S3 S4 S5)
[    0.618453] ACPI: Using IOAPIC for interrupt routing
[    0.620887] PCI: Using host bridge windows from ACPI; if necessary, use "pci=nocrs" and report a bug
[    0.622562] PCI: Using E820 reservations for host bridge windows
[    0.623805] ACPI: Enabled 2 GPEs in block 00 to 3F
[    0.626992] ACPI: PCI Root Bridge [PCI0] (domain 0000 [bus 00-ff])
[    0.628874] acpi PNP0A08:00: _OSC: OS supports [ExtendedConfig ASPM ClockPM Segments MSI HPX-Type3]
[    0.630907] acpi PNP0A08:00: _OSC: platform does not support [PCIeHotplug LTR]
[    0.632316] acpi PNP0A08:00: _OSC: OS now controls [SHPCHotplug PME AER PCIeCapability]
[    0.633026] PCI host bridge to bus 0000:00
[    0.633764] pci_bus 0000:00: root bus resource [io  0x0000-0x0cf7 window]
[    0.635027] pci_bus 0000:00: root bus resource [io  0x0d00-0xffff window]
[    0.636870] pci_bus 0000:00: root bus resource [mem 0x000a0000-0x000bffff window]
[    0.638288] pci_bus 0000:00: root bus resource [mem 0x80000000-0xafffffff window]
[    0.639674] pci_bus 0000:00: root bus resource [mem 0xc0000000-0xfebfffff window]
[    0.640871] pci_bus 0000:00: root bus resource [mem 0x280000000-0xa7fffffff window]
[    0.642213] pci_bus 0000:00: root bus resource [bus 00-ff]
[    0.643231] pci 0000:00:00.0: [8086:29c0] type 00 class 0x060000 conventional PCI endpoint
[    0.645320] pci 0000:00:01.0: [1234:1111] type 00 class 0x030000 conventional PCI endpoint
[    0.648789] pci 0000:00:01.0: BAR 0 [mem 0xfd000000-0xfdffffff pref]
[    0.651004] pci 0000:00:01.0: BAR 2 [mem 0xfebd4000-0xfebd4fff]
[    0.656547] pci 0000:00:01.0: ROM [mem 0xfebc0000-0xfebcffff pref]
[    0.657016] pci 0000:00:01.0: Video device with shadowed ROM at [mem 0x000c0000-0x000dffff]
[    0.659039] pci 0000:00:02.0: [8086:10d3] type 00 class 0x020000 PCIe Root Complex Integrated Endpoint
[    0.661769] pci 0000:00:02.0: BAR 0 [mem 0xfeb80000-0xfeb9ffff]
[    0.663827] pci 0000:00:02.0: BAR 1 [mem 0xfeba0000-0xfebbffff]
[    0.666217] pci 0000:00:02.0: BAR 2 [io  0xc040-0xc05f]
[    0.667910] pci 0000:00:02.0: BAR 3 [mem 0xfebd0000-0xfebd3fff]
[    0.672201] pci 0000:00:02.0: ROM [mem 0xfeb40000-0xfeb7ffff pref]
[    0.672937] pci 0000:00:02.0: enabling Extended Tags
[    0.675088] pci 0000:00:1f.0: [8086:2918] type 00 class 0x060100 conventional PCI endpoint
[    0.677531] pci 0000:00:1f.0: quirk: [io  0x0600-0x067f] claimed by ICH6 ACPI/GPIO/TCO
[    0.679361] pci 0000:00:1f.2: [8086:2922] type 00 class 0x010601 conventional PCI endpoint
[    0.683101] pci 0000:00:1f.2: BAR 4 [io  0xc060-0xc07f]
[    0.684556] pci 0000:00:1f.2: BAR 5 [mem 0xfebd5000-0xfebd5fff]
[    0.685901] pci 0000:00:1f.3: [8086:2930] type 00 class 0x0c0500 conventional PCI endpoint
[    0.688754] pci 0000:00:1f.3: BAR 4 [io  0x0700-0x073f]
[    0.691306] ACPI: PCI: Interrupt link LNKA configured for IRQ 10
[    0.692424] ACPI: PCI: Interrupt link LNKB configured for IRQ 10
[    0.692955] ACPI: PCI: Interrupt link LNKC configured for IRQ 11
[    0.694555] ACPI: PCI: Interrupt link LNKD configured for IRQ 11
[    0.695785] ACPI: PCI: Interrupt link LNKE configured for IRQ 10
[    0.696958] ACPI: PCI: Interrupt link LNKF configured for IRQ 10
[    0.698150] ACPI: PCI: Interrupt link LNKG configured for IRQ 11
[    0.699269] ACPI: PCI: Interrupt link LNKH configured for IRQ 11
[    0.700357] ACPI: PCI: Interrupt link GSIA configured for IRQ 16
[    0.700878] ACPI: PCI: Interrupt link GSIB configured for IRQ 17
[    0.701967] ACPI: PCI: Interrupt link GSIC configured for IRQ 18
[    0.703073] ACPI: PCI: Interrupt link GSID configured for IRQ 19
[    0.704583] ACPI: PCI: Interrupt link GSIE configured for IRQ 20
[    0.704877] ACPI: PCI: Interrupt link GSIF configured for IRQ 21
[    0.705879] ACPI: PCI: Interrupt link GSIG configured for IRQ 22
[    0.706960] ACPI: PCI: Interrupt link GSIH configured for IRQ 23
[    0.708598] iommu: Default domain type: Translated
[    0.708870] iommu: DMA domain TLB invalidation policy: lazy mode
[    0.710159] pps_core: LinuxPPS API ver. 1 registered
[    0.711081] pps_core: Software ver. 5.3.6 - Copyright 2005-2007 Rodolfo Giometti <giometti@linux.it>
[    0.712758] PTP clock support registered
[    0.712879] EDAC MC: Ver: 3.0.0
[    0.714091] NetLabel: Initializing
[    0.714677] NetLabel:  domain hash size = 128
[    0.715521] NetLabel:  protocols = UNLABELED CIPSOv4 CALIPSO
[    0.716614] NetLabel:  unlabeled traffic allowed by default
[    0.716871] PCI: Using ACPI for IRQ routing
[    0.799448] pci 0000:00:01.0: vgaarb: setting as boot VGA device
[    0.800578] pci 0000:00:01.0: vgaarb: bridge control possible
[    0.800866] pci 0000:00:01.0: vgaarb: VGA device added: decodes=io+mem,owns=io+mem,locks=none
[    0.800873] vgaarb: loaded
[    0.801403] hpet0: at MMIO 0xfed00000, IRQs 2, 8, 0
[    0.802251] hpet0: 3 comparators, 64-bit 100.000000 MHz counter
[    0.812913] clocksource: Switched to clocksource kvm-clock
[    0.814747] VFS: Disk quotas dquot_6.6.0
[    0.819495] VFS: Dquot-cache hash table entries: 512 (order 0, 4096 bytes)
[    0.820886] AppArmor: AppArmor Filesystem Enabled
[    0.821785] pnp: PnP ACPI init
[    0.822548] system 00:05: [mem 0xb0000000-0xbfffffff window] has been reserved
[    0.828182] pnp: PnP ACPI: found 6 devices
[    0.838820] clocksource: acpi_pm: mask: 0xffffff max_cycles: 0xffffff, max_idle_ns: 2085701024 ns
[    0.846371] NET: Registered PF_INET protocol family
[    0.847388] IP idents hash table entries: 131072 (order: 8, 1048576 bytes, linear)
[    0.873549] tcp_listen_portaddr_hash hash table entries: 4096 (order: 4, 65536 bytes, linear)
[    0.879146] Table-perturb hash table entries: 65536 (order: 6, 262144 bytes, linear)
[    0.880604] TCP established hash table entries: 65536 (order: 7, 524288 bytes, linear)
[    0.882337] TCP bind hash table entries: 65536 (order: 9, 2097152 bytes, linear)
[    0.887855] TCP: Hash tables configured (established 65536 bind 65536)
[    0.889118] MPTCP token hash table entries: 8192 (order: 6, 196608 bytes, linear)
[    0.890408] UDP hash table entries: 4096 (order: 5, 131072 bytes, linear)
[    0.895775] UDP-Lite hash table entries: 4096 (order: 5, 131072 bytes, linear)
[    0.897216] NET: Registered PF_UNIX/PF_LOCAL protocol family
[    0.898294] NET: Registered PF_XDP protocol family
[    0.905106] pci_bus 0000:00: resource 4 [io  0x0000-0x0cf7 window]
[    0.906253] pci_bus 0000:00: resource 5 [io  0x0d00-0xffff window]
[    0.907463] pci_bus 0000:00: resource 6 [mem 0x000a0000-0x000bffff window]
[    0.910976] pci_bus 0000:00: resource 7 [mem 0x80000000-0xafffffff window]
[    0.912465] pci_bus 0000:00: resource 8 [mem 0xc0000000-0xfebfffff window]
[    0.913922] pci_bus 0000:00: resource 9 [mem 0x280000000-0xa7fffffff window]
[    0.921111] PCI: CLS 0 bytes, default 64
[    0.921963] Trying to unpack rootfs image as initramfs...
[    0.922912] PCI-DMA: Using software bounce buffering for IO (SWIOTLB)
[    0.923979] software IO TLB: mapped [mem 0x000000007744c000-0x000000007b44c000] (64MB)
[    0.934915] clocksource: tsc: mask: 0xffffffffffffffff max_cycles: 0x33e451ab1a6, max_idle_ns: 440795278720 ns
[    0.936975] Initialise system trusted keyrings
[    0.937823] Key type blacklist registered
[    0.942918] workingset: timestamp_bits=36 max_order=21 bucket_order=0
[    0.944073] zbud: loaded
[    0.944660] fuse: init (API version 7.41)
[    0.945551] integrity: Platform Keyring initialized
[    0.946415] integrity: Machine keyring initialized
[    0.990834] Key type asymmetric registered
[    0.991633] Asymmetric key parser 'x509' registered
[    1.577217] Freeing initrd memory: 77328K
[    1.578820] Block layer SCSI generic (bsg) driver version 0.4 loaded (major 246)
[    1.580246] io scheduler mq-deadline registered
[    1.582203] ledtrig-cpu: registered to indicate activity on CPUs
[    1.583345] shpchp: Standard Hot Plug PCI Controller Driver version: 0.4
[    1.584737] Serial: 8250/16550 driver, 4 ports, IRQ sharing enabled
[    1.586281] 00:03: ttyS0 at I/O 0x3f8 (irq = 4, base_baud = 115200) is a 16550A
[    1.588124] Linux agpgart interface v0.103
[    1.589144] i8042: PNP: PS/2 Controller [PNP0303:KBD,PNP0f13:MOU] at 0x60,0x64 irq 1,12
[    1.591421] serio: i8042 KBD port at 0x60,0x64 irq 1
[    1.592346] serio: i8042 AUX port at 0x60,0x64 irq 12
[    1.593398] mousedev: PS/2 mouse device common for all mice
[    1.594660] input: AT Translated Set 2 keyboard as /devices/platform/i8042/serio0/input/input0
[    1.596424] rtc_cmos 00:04: RTC can wake from S4
[    1.597872] rtc_cmos 00:04: registered as rtc0
[    1.598782] rtc_cmos 00:04: setting system clock to 2026-07-13T05:21:03 UTC (1783920063)
[    1.600307] rtc_cmos 00:04: alarms up to one day, y3k, 242 bytes nvram, hpet irqs
[    1.601647] intel_pstate: CPU model not supported
[    1.603082] NET: Registered PF_INET6 protocol family
[    1.604515] Segment Routing with IPv6
[    1.605209] In-situ OAM (IOAM) with IPv6
[    1.605919] mip6: Mobile IPv6
[    1.606463] NET: Registered PF_PACKET protocol family
[    1.607443] mpls_gso: MPLS GSO support
[    1.608251] IPI shorthand broadcast: enabled
[    1.610405] sched_clock: Marking stable (1288618779, 318790515)->(1714710697, -107301403)
[    1.611991] registered taskstats version 1
[    1.612890] Loading compiled-in X.509 certificates
[    1.633493] Loaded X.509 cert 'Build time autogenerated kernel key: e87b99600394fc77ba6018a2cc6a68db4bb86ee6'
[    1.637101] Demotion targets for Node 0: null
[    1.637981] Key type .fscrypt registered
[    1.638709] Key type fscrypt-provisioning registered
[    1.640361] Key type encrypted registered
[    1.641218] AppArmor: AppArmor sha256 policy hashing enabled
[    1.642442] ima: No TPM chip found, activating TPM-bypass!
[    1.643655] ima: Allocated hash algorithm: sha256
[    1.644718] ima: No architecture policies found
[    1.645544] evm: Initialising EVM extended attributes:
[    1.646503] evm: security.selinux
[    1.647157] evm: security.SMACK64 (disabled)
[    1.647953] evm: security.SMACK64EXEC (disabled)
[    1.648857] evm: security.SMACK64TRANSMUTE (disabled)
[    1.649720] evm: security.SMACK64MMAP (disabled)
[    1.650497] evm: security.apparmor
[    1.651120] evm: security.ima
[    1.651640] evm: security.capability
[    1.652260] evm: HMAC attrs: 0x1
[    1.686889] RAS: Correctable Errors collector initialized.
[    1.703329] clk: Disabling unused clocks
[    1.704070] PM: genpd: Disabling unused power domains
[    1.720011] Freeing unused decrypted memory: 2028K
[    1.721002] Freeing unused kernel image (initmem) memory: 4164K
[    1.721766] Write protecting the kernel read-only data: 28672k
[    1.722656] Freeing unused kernel image (rodata/data gap) memory: 480K
[    1.815345] x86/mm: Checked W+X mappings: passed, no W+X pages found.
[    1.894882] Run /init as init process
NESTED_X86_L1_BOOT_OK
Linux (none) 6.12.90+deb13.1-amd64 #1 SMP PREEMPT_DYNAMIC Debian 6.12.90-2 (2026-05-27) x86_64 GNU/Linux
              total        used        free      shared  buff/cache   available
Mem:           7948          51        7756         141         141        7619
console=ttyS0 rdinit=/init panic=-1 harmony.gates=n2_nested_hammer harmony.env=N2_DEADLINES=150000,N2_SEED=2600001006,N2_PROGRESS=25000
msr: loaded
irqbypass: loaded
[    1.937712] kvm: loading out-of-tree module taints kernel.
[    1.938420] kvm: module verification failed: signature and/or required key missing - tainting kernel
kvm(PATCHED): loaded
kvm-intel(PATCHED): loaded
L1_DEV_KVM_PRESENT
NESTED_X86_L2_PIN_CHECK_BEGIN
f06a34a79010a8f2cc8226dc629cc8fb049740016f035f53e3f2e53d9a30dd41  guest/build/bzImage
3c4a7f2f0db4b59aaf4dee55d43a42c57fc0d10ac25441de88128c61be0778c2  guest/build/initramfs-postgres.cpio.gz
NESTED_X86_L2_PIN_CHECK_END
ENV N2_DEADLINES=150000
ENV N2_SEED=2600001006
ENV N2_PROGRESS=25000
NESTED_X86_GATE_BEGIN n2_nested_hammer 

running 1 test
test n2_deadline_hammer ... N2JSON {"event":"start","total":150000,"seed":2600001006,"backend":"PatchedKvmBackend","pid":149}
[    3.547204] perf: interrupt took too long (2505 > 2500), lowering kernel.perf_event_max_sample_rate to 79750
[    3.812513] perf: interrupt took too long (3142 > 3131), lowering kernel.perf_event_max_sample_rate to 63500
[    4.268279] perf: interrupt took too long (3971 > 3927), lowering kernel.perf_event_max_sample_rate to 50250
[    4.839671] perf: interrupt took too long (5010 > 4963), lowering kernel.perf_event_max_sample_rate to 39750
[    5.568627] perf: interrupt took too long (6293 > 6262), lowering kernel.perf_event_max_sample_rate to 31750
[    6.794518] perf: interrupt took too long (7867 > 7866), lowering kernel.perf_event_max_sample_rate to 25250
[    8.905865] perf: interrupt took too long (9856 > 9833), lowering kernel.perf_event_max_sample_rate to 20250
[   16.777353] perf: interrupt took too long (12321 > 12320), lowering kernel.perf_event_max_sample_rate to 16000
[   29.082800] INFO: NMI handler (perf_event_nmi_handler) took too long to run: 4.032 msecs
[   29.082810] perf: interrupt took too long (44006 > 15401), lowering kernel.perf_event_max_sample_rate to 4500
[   30.594796] INFO: NMI handler (perf_event_nmi_handler) took too long to run: 4.033 msecs
[   30.594806] perf: interrupt took too long (66649 > 55007), lowering kernel.perf_event_max_sample_rate to 3000
[  328.681946] INFO: NMI handler (perf_event_nmi_handler) took too long to run: 4.044 msecs
N2JSON {"event":"progress","armed":25000,"exact":25000,"oracle_ok":25000,"mismatches":0,"record_violations":0,"records":{"samples":14020,"lost":0,"throttle":0,"other":0}}
[  552.097238] INFO: NMI handler (nmi_cpu_backtrace_handler) took too long to run: 4.018 msecs
N2JSON {"event":"progress","armed":50000,"exact":50000,"oracle_ok":50000,"mismatches":0,"record_violations":0,"records":{"samples":27849,"lost":0,"throttle":0,"other":0}}
[ 1253.793757] INFO: NMI handler (perf_event_nmi_handler) took too long to run: 5.872 msecs
N2JSON {"event":"progress","armed":75000,"exact":75000,"oracle_ok":75000,"mismatches":0,"record_violations":0,"records":{"samples":41727,"lost":0,"throttle":0,"other":0}}
N2JSON {"event":"progress","armed":100000,"exact":100000,"oracle_ok":100000,"mismatches":0,"record_violations":0,"records":{"samples":55605,"lost":0,"throttle":0,"other":0}}
N2JSON {"event":"progress","armed":125000,"exact":125000,"oracle_ok":125000,"mismatches":0,"record_violations":0,"records":{"samples":69441,"lost":0,"throttle":0,"other":0}}
N2JSON {"event":"progress","armed":150000,"exact":150000,"oracle_ok":150000,"mismatches":0,"record_violations":0,"records":{"samples":83329,"lost":0,"throttle":0,"other":0}}
N2JSON {"event":"summary","armed":150000,"exact":150000,"oracle_ok":150000,"mismatches":0,"record_violations":0,"final_work":2621815497,"records":{"samples":83329,"lost":0,"throttle":0,"other":0}}
ok

test result: ok. 1 passed; 0 failed; 0 ignored; 0 measured; 1 filtered out; finished in 2971.05s

NESTED_X86_GATE_RC n2_nested_hammer rc=0
NESTED_X86_GATE_END n2_nested_hammer
--- L1 dmesg tail (kvm/vmx/pmu/perf) ---
[    0.000000] Hypervisor detected: KVM
[    0.000000] kvm-clock: Using msrs 4b564d01 and 4b564d00
[    0.000001] kvm-clock: using sched offset of 431394986 cycles
[    0.000016] clocksource: kvm-clock: mask: 0xffffffffffffffff max_cycles: 0x1cd42e4dffb, max_idle_ns: 881590591483 ns
[    0.025615] kvm-guest: APIC: eoi() replaced with kvm_guest_apic_eoi_write()
[    0.025640] Booting paravirtualized kernel on KVM
[    0.034236] kvm-guest: PV spinlocks disabled, single CPU
[    0.508557] Performance Events: Skylake events, full-width counters, Intel PMU driver.
[    0.812913] clocksource: Switched to clocksource kvm-clock
[    1.937712] kvm: loading out-of-tree module taints kernel.
[    1.938420] kvm: module verification failed: signature and/or required key missing - tainting kernel
[    3.547204] perf: interrupt took too long (2505 > 2500), lowering kernel.perf_event_max_sample_rate to 79750
[    3.812513] perf: interrupt took too long (3142 > 3131), lowering kernel.perf_event_max_sample_rate to 63500
[    4.268279] perf: interrupt took too long (3971 > 3927), lowering kernel.perf_event_max_sample_rate to 50250
[    4.839671] perf: interrupt took too long (5010 > 4963), lowering kernel.perf_event_max_sample_rate to 39750
[    5.568627] perf: interrupt took too long (6293 > 6262), lowering kernel.perf_event_max_sample_rate to 31750
[    6.794518] perf: interrupt took too long (7867 > 7866), lowering kernel.perf_event_max_sample_rate to 25250
[    8.905865] perf: interrupt took too long (9856 > 9833), lowering kernel.perf_event_max_sample_rate to 20250
[   16.777353] perf: interrupt took too long (12321 > 12320), lowering kernel.perf_event_max_sample_rate to 16000
[   29.082800] INFO: NMI handler (perf_event_nmi_handler) took too long to run: 4.032 msecs
[   29.082810] perf: interrupt took too long (44006 > 15401), lowering kernel.perf_event_max_sample_rate to 4500
[   30.594796] INFO: NMI handler (perf_event_nmi_handler) took too long to run: 4.033 msecs
[   30.594806] perf: interrupt took too long (66649 > 55007), lowering kernel.perf_event_max_sample_rate to 3000
[  328.681946] INFO: NMI handler (perf_event_nmi_handler) took too long to run: 4.044 msecs
[ 1253.793757] INFO: NMI handler (perf_event_nmi_handler) took too long to run: 5.872 msecs
NESTED_X86_GATES_FAILED 0
NESTED_X86_L1_DONE
[ 2973.676043] ACPI: PM: Preparing to enter system sleep state S5
[ 2973.676860] kvm: exiting hardware virtualization
[ 2973.677468] reboot: Power down
