=== pre-load lsmod ===
kvm_intel             417792  0
kvm                  1396736  1 kvm_intel
kvm_intel users=0
=== load patched modules ===
loaded: 6.12.90+deb13.1-amd64 SMP preempt mod_unload modversions 
kvm_intel             417792  0
kvm                  1400832  1 kvm_intel
=== run gate (timeout 1500s, core 2) ===
warning: unused imports: `KVM_GUESTDBG_ENABLE` and `KVM_GUESTDBG_SINGLESTEP`
  --> consonance/vmm-backend/src/kvm_sys.rs:30:40
   |
30 |     CpuId, KVM_CAP_X86_USER_SPACE_MSR, KVM_GUESTDBG_ENABLE, KVM_GUESTDBG_SINGLESTEP,
   |                                        ^^^^^^^^^^^^^^^^^^^  ^^^^^^^^^^^^^^^^^^^^^^^
   |
   = note: `#[warn(unused_imports)]` (part of `#[warn(unused)]`) on by default

warning: `vmm-backend` (lib) generated 1 warning (run `cargo fix --lib -p vmm-backend` to apply 1 suggestion)
    Finished `test` profile [unoptimized + debuginfo] target(s) in 0.04s
     Running tests/live_k3s_postgres.rs (target/debug/deps/live_k3s_postgres-dac1cb4de2f80664)

running 1 test
test k1_k3s_cluster_postgres_client_streams_patched ... [host-assert] CPU-MSR-CONTRACT §1.1 baseline:
[host-assert]   PASS  family-model-stepping: expected 06_9e_0c, observed 06_9e_0c
[host-assert]   PASS  host-microcode-rev: expected 0x00000000000000f8, observed 0x00000000000000f8
[host-assert]   PASS  mxcsr-mask: expected 0xffff, observed 0xffff
[host-assert]   PASS  maxphyaddr-min: expected >= 39, observed 39
[host-assert]   PASS  rtm-disabled: expected rtm physically absent (the IA32_TSX_CTRL pin is not installed by this skeleton), observed rtm-absent (XBEGIN #UDs; already non-usable)
[host-assert]   PASS  host-absent HRESET: expected absent, observed absent
[host-assert]   PASS  host-absent PCONFIG: expected absent, observed absent
[host-assert]   PASS  host-absent RDPID: expected absent, observed absent
[host-assert]   PASS  host-absent SERIALIZE: expected absent, observed absent
[host-assert]   PASS  host-absent SHA: expected absent, observed absent
[host-assert]   PASS  host-absent TPAUSE: expected absent, observed absent
[host-assert]   PASS  host-absent UMONITOR: expected absent, observed absent
[host-assert]   PASS  host-absent UMWAIT: expected absent, observed absent
[k3s] cmdline: console=ttyS0 panic=-1 reboot=t,force tsc=reliable no_timer_check lpj=4000000 nokaslr maxcpus=1 nox2apic hpet=disable cgroup_no_v1=all rdinit=/k3s-init
[telemetry] recording this run to k3s-run.k1.ndjson
[telemetry]   watch it: cargo run -p telemetry --bin console -- --source file:k3s-run.k1.ndjson
[vmm-core] msr-exit dir=RDMSR exit-reason=KVM_EXIT_X86_RDMSR index=0x1a0 data=n/a rip=0x1272418 work=73631412 disposition=AllowFixed(6145)
[vmm-core] msr-exit dir=WRMSR exit-reason=KVM_EXIT_X86_WRMSR index=0x8b data=0x0 rip=0xffffffff8128cdf8 work=73633205 disposition=DenyIgnoreWrite
[vmm-core] msr-exit dir=RDMSR exit-reason=KVM_EXIT_X86_RDMSR index=0x8b data=n/a rip=0xffffffff8128ce03 work=73633205 disposition=AllowFixed(4294967296)
[vmm-core] msr-exit dir=RDMSR exit-reason=KVM_EXIT_X86_RDMSR index=0x17 data=n/a rip=0xffffffff8128ce35 work=73633208 disposition=AllowFixed(0)
[vmm-core] msr-exit dir=RDMSR exit-reason=KVM_EXIT_X86_RDMSR index=0x1a0 data=n/a rip=0xffffffff818810c2 work=73636209 disposition=AllowFixed(6145)
[vmm-core] msr-exit dir=WRMSR exit-reason=KVM_EXIT_X86_WRMSR index=0x8b data=0x0 rip=0xffffffff81287e39 work=73640184 disposition=DenyIgnoreWrite
[vmm-core] msr-exit dir=RDMSR exit-reason=KVM_EXIT_X86_RDMSR index=0x8b data=n/a rip=0xffffffff81287e46 work=73640184 disposition=AllowFixed(4294967296)
[vmm-core] msr-exit dir=RDMSR exit-reason=KVM_EXIT_X86_RDMSR index=0x1a0 data=n/a rip=0xffffffff81287d1c work=73640195 disposition=AllowFixed(6145)
[vmm-core] msr-exit dir=RDMSR exit-reason=KVM_EXIT_X86_RDMSR index=0x10a data=n/a rip=0xffffffff8128444b work=73640367 disposition=AllowFixed(167775241)
[vmm-core] msr-exit dir=RDMSR exit-reason=KVM_EXIT_X86_RDMSR index=0x3b data=n/a rip=0xffffffff81296dc7 work=74064795 disposition=EmulateVtime
[vmm-core] msr-exit dir=RDMSR exit-reason=KVM_EXIT_X86_RDMSR index=0xfe data=n/a rip=0xffffffff82ba3479 work=74069541 disposition=AllowFixed(1288)
[vmm-core] msr-exit dir=RDMSR exit-reason=KVM_EXIT_X86_RDMSR index=0xfe data=n/a rip=0xffffffff8128b422 work=74069551 disposition=AllowFixed(1288)
[vmm-core] msr-exit dir=RDMSR exit-reason=KVM_EXIT_X86_RDMSR index=0x1b data=n/a rip=0xffffffff82ba2b76 work=95972318 disposition=AllowFixed(4276095232)
[vmm-core] msr-exit dir=RDMSR exit-reason=KVM_EXIT_X86_RDMSR index=0x10a data=n/a rip=0xffffffff8128444b work=99049321 disposition=AllowFixed(167775241)
[vmm-core] msr-exit dir=RDMSR exit-reason=KVM_EXIT_X86_RDMSR index=0x1b data=n/a rip=0xffffffff81297a36 work=99049324 disposition=AllowFixed(4276095232)
[    0.000000] Linux version 6.18.35 (hypervizor@hypervizor) (gcc (Debian 14.2.0-19) 14.2.0, GNU ld (GNU Binutils for Debian) 2.44) #1 SMP Thu Jan  1 00:00:00 UTC 1970
[    0.000000] Command line: console=ttyS0 panic=-1 reboot=t,force tsc=reliable no_timer_check lpj=4000000 nokaslr maxcpus=1 nox2apic hpet=disable cgroup_no_v1=all rdinit=/k3s-init
[    0.000000] x86/CPU: Running old microcode
[    0.000000] BIOS-provided physical RAM map:
[    0.000000] BIOS-e820: [mem 0x0000000000000000-0x000000000009ffff] usable
[    0.000000] BIOS-e820: [mem 0x0000000000100000-0x00000000fedfffff] usable
[    0.000000] BIOS-e820: [mem 0x00000000fee00000-0x00000000fee00fff] reserved
[    0.000000] BIOS-e820: [mem 0x00000000fee01000-0x00000003ffffffff] usable
[    0.000000] NX (Execute Disable) protection: active
[    0.000000] APIC: Static calls initialized
[    0.000000] DMI not present or invalid.
[    0.000000] tsc: Detected 2000.000 MHz processor
[    0.000004] last_pfn = 0x400000 max_arch_pfn = 0x400000000
[    0.000004] MTRRs disabled by BIOS
[    0.000005] x86/PAT: Configuration [0-7]: WB  WC  UC- UC  WB  WP  UC- WT  
[    0.000005] last_pfn = 0x100000 max_arch_pfn = 0x400000000
[    0.000595] Using GB pages for direct mapping
[    0.000831] RAMDISK: [mem 0x71bf1000-0x7fffffff]
[    0.000831] ACPI: Early table checksum verification disabled
[    0.000832] ACPI: RSDP 0x00000000000E0000 000024 (v02 HARMNY)
[    0.000833] ACPI: XSDT 0x00000000000E0040 00002C (v01 HARMNY HARMONYT 00000001 HARM 00000001)
[    0.000835] ACPI: APIC 0x00000000000E0080 000034 (v05 HARMNY HARMONYT 00000001 HARM 00000001)
[    0.000837] ACPI: Reserving APIC table memory at [mem 0xe0080-0xe00b3]
[    0.000851] Zone ranges:
[    0.000851]   DMA      [mem 0x0000000000001000-0x0000000000ffffff]
[    0.000852]   DMA32    [mem 0x0000000001000000-0x00000000ffffffff]
[    0.000852]   Normal   [mem 0x0000000100000000-0x00000003ffffffff]
[    0.000853]   Device   empty
[    0.000854] Movable zone start for each node
[    0.000854] Early memory node ranges
[    0.000854]   node   0: [mem 0x0000000000001000-0x000000000009ffff]
[    0.000855]   node   0: [mem 0x0000000000100000-0x00000000fedfffff]
[    0.000856]   node   0: [mem 0x00000000fee01000-0x00000003ffffffff]
[    0.000858] Initmem setup node 0 [mem 0x0000000000001000-0x00000003ffffffff]
[    0.000860] On node 0, zone DMA: 1 pages in unavailable ranges
[    0.000880] On node 0, zone DMA: 96 pages in unavailable ranges
[    0.006122] On node 0, zone DMA32: 1 pages in unavailable ranges
[    0.021908] ACPI: No IOAPIC entries present
[    0.021908] ACPI: Using ACPI for processor (LAPIC) configuration information
[    0.021910] CPU topo: Max. logical packages:   1
[    0.021910] CPU topo: Max. logical dies:       1
[    0.021911] CPU topo: Max. dies per package:   1
[    0.021912] CPU topo: Max. threads per core:   1
[    0.021912] CPU topo: Num. cores per package:     1
[    0.021913] CPU topo: Num. threads per package:   1
[    0.021913] CPU topo: Allowing 1 present CPUs plus 0 hotplug CPUs
[    0.021915] Cannot find an available gap in the 32-bit address range
[    0.021915] PCI devices with unassigned 32-bit BARs may not work!
[    0.021916] [mem 0x400100000-0x4004fffff] available for PCI devices
[    0.021916] Booting paravirtualized kernel on bare hardware
[    0.021917] clocksource: refined-jiffies: mask: 0xffffffff max_cycles: 0xffffffff, max_idle_ns: 19112604462750000 ns
[    0.024501] setup_percpu: NR_CPUS:240 nr_cpumask_bits:1 nr_cpu_ids:1 nr_node_ids:1
[    0.024535] percpu: Embedded 39 pages/cpu s127000 r0 d32744 u2097152
[    0.024542] Kernel command line: console=ttyS0 panic=-1 reboot=t,force tsc=reliable no_timer_check lpj=4000000 nokaslr maxcpus=1 nox2apic hpet=disable cgroup_no_v1=all rdinit=/k3s-init
[    0.024585] random: crng init done
[    0.024585] printk: log buffer data + meta data: 131072 + 458752 = 589824 bytes
[    0.024848] Dentry cache hash table entries: 2097152 (order: 12, 16777216 bytes, linear)
[    0.024981] Inode-cache hash table entries: 1048576 (order: 11, 8388608 bytes, linear)
[    0.024984] software IO TLB: area num 1.
[    0.027128] Built 1 zonelists, mobility grouping on.  Total pages: 4194206
[    0.027129] mem auto-init: stack:all(zero), heap alloc:off, heap free:off
[    0.040050] SLUB: HWalign=64, Order=0-3, MinObjects=0, CPUs=1, Nodes=1
[    0.040065] rcu: Hierarchical RCU implementation.
[    0.040066] rcu: 	RCU event tracing is enabled.
[    0.040066] rcu: 	RCU restricting CPUs from NR_CPUS=240 to nr_cpu_ids=1.
[    0.040067] 	Tracing variant of Tasks RCU enabled.
[    0.040067] rcu: RCU calculated value of scheduler-enlistment delay is 10 jiffies.
[    0.040068] rcu: Adjusting geometry for rcu_fanout_leaf=16, nr_cpu_ids=1
[    0.040069] RCU Tasks Trace: Setting shift to 0 and lim to 1 rcu_task_cb_adjust=1 rcu_task_cpu_ids=1.
[    0.040071] NR_IRQS: 15616, nr_irqs: 32, preallocated irqs: 16
[    0.040204] rcu: srcu_init: Setting srcu_struct sizes based on contention.
[    0.040216] Console: colour dummy device 80x25
[    0.040217] printk: legacy console [ttyS0] enabled
[    0.040274] ACPI: Core revision 20250807
[    0.040280] ACPI: setting ELCR to 0001 (from 0000)
[    0.040281] APIC: Switch to symmetric I/O mode setup
[    0.040283] clocksource: tsc-early: mask: 0xffffffffffffffff max_cycles: 0x39a85c9bff6, max_idle_ns: 881590591483 ns
[vmm-core] msr-exit dir=RDMSR exit-reason=KVM_EXIT_X86_RDMSR index=0x3b data=n/a rip=0xffffffff82b9d57f work=114350103 disposition=EmulateVtime
[    0.040285] Calibrating delay loop (skipped) preset value.. 800.00 BogoMIPS (lpj=4000000)
[vmm-core] msr-exit dir=RDMSR exit-reason=KVM_EXIT_X86_RDMSR index=0x1a0 data=n/a rip=0xffffffff818810c2 work=114352439 disposition=AllowFixed(6145)
[vmm-core] msr-exit dir=WRMSR exit-reason=KVM_EXIT_X86_WRMSR index=0x8b data=0x0 rip=0xffffffff81287e39 work=114352769 disposition=DenyIgnoreWrite
[vmm-core] msr-exit dir=RDMSR exit-reason=KVM_EXIT_X86_RDMSR index=0x8b data=n/a rip=0xffffffff81287e46 work=114352769 disposition=AllowFixed(4294967296)
[vmm-core] msr-exit dir=RDMSR exit-reason=KVM_EXIT_X86_RDMSR index=0x1a0 data=n/a rip=0xffffffff81287d1c work=114352780 disposition=AllowFixed(6145)
[vmm-core] msr-exit dir=RDMSR exit-reason=KVM_EXIT_X86_RDMSR index=0x3a data=n/a rip=0xffffffff812874ee work=114352883 disposition=AllowFixed(1)
[vmm-core] msr-exit dir=RDMSR exit-reason=KVM_EXIT_X86_RDMSR index=0x140 data=n/a rip=0xffffffff81287f65 work=114353187 disposition=DenyGp
[    0.040288] Last level iTLB entries: 4KB 0, 2MB 0, 4MB 0
[    0.040290] Last level dTLB entries: 4KB 0, 2MB 0, 4MB 0, 1GB 0
[vmm-core] msr-exit dir=RDMSR exit-reason=KVM_EXIT_X86_RDMSR index=0x10a data=n/a rip=0xffffffff8128444b work=114357009 disposition=AllowFixed(167775241)
[vmm-core] msr-exit dir=RDMSR exit-reason=KVM_EXIT_X86_RDMSR index=0x10a data=n/a rip=0xffffffff8128444b work=114357081 disposition=AllowFixed(167775241)
[    0.040292] mitigations: Enabled attack vectors: user_kernel, user_user, SMT mitigations: auto
[    0.040294] Speculative Store Bypass: Vulnerable
[    0.040295] SRBDS: Vulnerable: No microcode
[vmm-core] msr-exit dir=RDMSR exit-reason=KVM_EXIT_X86_RDMSR index=0x123 data=n/a rip=0xffffffff81284be2 work=114361832 disposition=DenyGp
[    0.040297] unchecked MSR access error: RDMSR from 0x123 at rIP: 0xffffffff81284be2 (native_read_msr+0x2/0x10)
[    0.040299] Call Trace:
[    0.040300]  <TASK>
[    0.040301]  cpu_select_mitigations+0x969/0x1e40
[    0.040303]  arch_cpu_finalize_init+0xbe/0x140
[    0.040306]  start_kernel+0x54b/0x5d0
[    0.040309]  x86_64_start_reservations+0x20/0x20
[    0.040312]  x86_64_start_kernel+0xc0/0xc0
[    0.040314]  common_startup_64+0x13b/0x148
[    0.040316]  </TASK>
[    0.040317] Spectre V2 : Mitigation: Retpolines
[    0.040318] RETBleed: Vulnerable
[    0.040319] MDS: Vulnerable: Clear CPU buffers attempted, no microcode
[    0.040321] MMIO Stale Data: Vulnerable: Clear CPU buffers attempted, no microcode
[    0.040322] VMSCAPE: Vulnerable
[    0.040323] Spectre V1 : Mitigation: usercopy/swapgs barriers and __user pointer sanitization
[    0.040325] Spectre V2 : Spectre v2 / SpectreRSB: Filling RSB on context switch and VMEXIT
[vmm-core] msr-exit dir=RDMSR exit-reason=KVM_EXIT_X86_RDMSR index=0x123 data=n/a rip=0xffffffff81284e7e work=114392550 disposition=DenyGp
[vmm-core] msr-exit dir=WRMSR exit-reason=KVM_EXIT_X86_WRMSR index=0x123 data=0x0 rip=0xffffffff81284e9c work=114392611 disposition=DenyGp
[    0.040327] unchecked MSR access error: WRMSR to 0x123 (tried to write 0x0000000000000000) at rIP: 0xffffffff81284e9c (update_gds_msr+0x3c/0x80)
[    0.040331] Call Trace:
[    0.040332]  <TASK>
[    0.040332]  cpu_select_mitigations+0x1ae6/0x1e40
[    0.040335]  arch_cpu_finalize_init+0xbe/0x140
[    0.040337]  start_kernel+0x54b/0x5d0
[    0.040340]  x86_64_start_reservations+0x20/0x20
[    0.040343]  x86_64_start_kernel+0xc0/0xc0
[    0.040346]  common_startup_64+0x13b/0x148
[    0.040348]  </TASK>
[vmm-core] msr-exit dir=RDMSR exit-reason=KVM_EXIT_X86_RDMSR index=0x123 data=n/a rip=0xffffffff81284e9e work=114413846 disposition=DenyGp
[    0.040349] GDS: Mitigation: Microcode
[    0.040350] x86/fpu: Supporting XSAVE feature 0x001: 'x87 floating point registers'
[    0.040351] x86/fpu: Supporting XSAVE feature 0x002: 'SSE registers'
[    0.040353] x86/fpu: Supporting XSAVE feature 0x004: 'AVX registers'
[    0.040354] x86/fpu: xstate_offset[2]:  576, xstate_sizes[2]:  256
[    0.040356] x86/fpu: Enabled xstate features 0x7, context size is 832 bytes, using 'standard' format.
[    0.046186] Freeing SMP alternatives memory: 48K
[    0.046187] pid_max: default: 32768 minimum: 301
[    0.046194] LSM: initializing lsm=capability,landlock
[    0.046204] landlock: Up and running.
[    0.046208] Mount-cache hash table entries: 32768 (order: 6, 262144 bytes, linear)
[    0.046210] Mountpoint-cache hash table entries: 32768 (order: 6, 262144 bytes, linear)
[    0.046238] cgroup: Disabling cpuset control group subsystem in v1 mounts
[    0.046241] cgroup: Disabling cpu control group subsystem in v1 mounts
[    0.046242] cgroup: Disabling cpuacct control group subsystem in v1 mounts
[    0.046245] cgroup: Disabling blkio control group subsystem in v1 mounts
[    0.046249] cgroup: Disabling memory control group subsystem in v1 mounts
[    0.046251] cgroup: Disabling devices control group subsystem in v1 mounts
[    0.046253] cgroup: Disabling freezer control group subsystem in v1 mounts
[    0.046255] cgroup: Disabling net_cls control group subsystem in v1 mounts
[    0.046257] cgroup: Disabling perf_event control group subsystem in v1 mounts
[    0.046259] cgroup: Disabling net_prio control group subsystem in v1 mounts
[    0.046261] cgroup: Disabling hugetlb control group subsystem in v1 mounts
[    0.046262] cgroup: Disabling pids control group subsystem in v1 mounts
[    0.046265] cgroup: Disabling rdma control group subsystem in v1 mounts
[    0.046267] ACPI Warning: AcpiEnable failed (20250807/utxfinit-147)
[    0.046270] ACPI: Unable to enable ACPI
[    0.046275] smpboot: CPU0: Intel Deterministic vCPU (CFL-class) @ 2.00GHz (family: 0x6, model: 0x9e, stepping: 0xc)
[    0.046322] Performance Events: unsupported CPU family 6 model 158 no PMU driver, software events only.
[    0.046327] signal: max sigframe size: 1360
[    0.046334] rcu: Hierarchical SRCU implementation.
[    0.046335] rcu: 	Max phase no-delay instances is 1000.
[    0.046356] smp: Bringing up secondary CPUs ...
[    0.046357] smp: Brought up 1 node, 1 CPU
[    0.046358] smpboot: Total of 1 processors activated (800.00 BogoMIPS)
[    0.046366] Memory: 16152668K/16776824K available (15511K kernel code, 1167K rwdata, 4332K rodata, 2112K init, 2396K bss, 620164K reserved, 0K cma-reserved)
[    0.046577] devtmpfs: initialized
[    0.046586] x86/mm: Memory block size: 128MB
[    0.047012] clocksource: jiffies: mask: 0xffffffff max_cycles: 0xffffffff, max_idle_ns: 19112604462750000 ns
[    0.047015] posixtimers hash table entries: 512 (order: 1, 8192 bytes, linear)
[    0.047017] futex hash table entries: 256 (16384 bytes on 1 NUMA nodes, total 16 KiB, linear).
[    0.047051] NET: Registered PF_NETLINK/PF_ROUTE protocol family
[    0.047086] audit: initializing netlink subsys (disabled)
[    0.047105] thermal_sys: Registered thermal governor 'step_wise'
[    0.047106] audit: type=2000 audit(943920000.000:1): state=initialized audit_enabled=0 res=1
[    0.047110] cpuidle: using governor menu
[    0.047134] PCI: Fatal: No config space access function found
[    0.047174] HugeTLB: registered 1.00 GiB page size, pre-allocated 0 pages
[    0.047175] HugeTLB: 16380 KiB vmemmap can be freed for a 1.00 GiB page
[    0.047177] HugeTLB: registered 2.00 MiB page size, pre-allocated 0 pages
[    0.047178] HugeTLB: 28 KiB vmemmap can be freed for a 2.00 MiB page
[    0.047212] ACPI: Interpreter disabled.
[    0.047216] iommu: Default domain type: Translated
[    0.047217] iommu: DMA domain TLB invalidation policy: lazy mode
[    0.047247] SCSI subsystem initialized
[    0.047250] pps_core: LinuxPPS API ver. 1 registered
[    0.047252] pps_core: Software ver. 5.3.6 - Copyright 2005-2007 Rodolfo Giometti <giometti@linux.it>
[    0.047254] PTP clock support registered
[    0.047325] PCI: System does not support PCI
[    0.047330] vgaarb: loaded
[    0.047344] clocksource: Switched to clocksource tsc-early
[    0.047374] pnp: PnP ACPI: disabled
[    0.047719] NET: Registered PF_INET protocol family
[    0.047727] IP idents hash table entries: 262144 (order: 9, 2097152 bytes, linear)
[    0.048272] tcp_listen_portaddr_hash hash table entries: 8192 (order: 5, 131072 bytes, linear)
[    0.048282] Table-perturb hash table entries: 65536 (order: 6, 262144 bytes, linear)
[    0.048285] TCP established hash table entries: 131072 (order: 8, 1048576 bytes, linear)
[    0.048418] TCP bind hash table entries: 65536 (order: 9, 2097152 bytes, linear)
[    0.048486] TCP: Hash tables configured (established 131072 bind 65536)
[    0.048489] UDP hash table entries: 8192 (order: 7, 524288 bytes, linear)
[    0.048515] UDP-Lite hash table entries: 8192 (order: 7, 524288 bytes, linear)
[    0.048546] NET: Registered PF_UNIX/PF_LOCAL protocol family
[    0.048549] PCI: CLS 0 bytes, default 64
[    0.048550] PCI-DMA: Using software bounce buffering for IO (SWIOTLB)
[    0.048551] software IO TLB: mapped [mem 0x00000000fae00000-0x00000000fee00000] (64MB)
[vmm-core] msr-exit dir=RDMSR exit-reason=KVM_EXIT_X86_RDMSR index=0x606 data=n/a rip=0xffffffff82b91ab4 work=122629824 disposition=DenyGp
[vmm-core] msr-exit dir=RDMSR exit-reason=KVM_EXIT_X86_RDMSR index=0x64e data=n/a rip=0xffffffff81252803 work=122629958 disposition=DenyGp
[vmm-core] msr-exit dir=RDMSR exit-reason=KVM_EXIT_X86_RDMSR index=0x34 data=n/a rip=0xffffffff81252803 work=122630030 disposition=DenyGp
[    0.048581] Trying to unpack rootfs image as initramfs...
[vmm-core] msr-exit dir=RDMSR exit-reason=KVM_EXIT_X86_RDMSR index=0x3fc data=n/a rip=0xffffffff81252803 work=130768672 disposition=DenyGp
[vmm-core] msr-exit dir=RDMSR exit-reason=KVM_EXIT_X86_RDMSR index=0x3fd data=n/a rip=0xffffffff81252803 work=130768740 disposition=DenyGp
[vmm-core] msr-exit dir=RDMSR exit-reason=KVM_EXIT_X86_RDMSR index=0x3fe data=n/a rip=0xffffffff81252803 work=130768808 disposition=DenyGp
[vmm-core] msr-exit dir=RDMSR exit-reason=KVM_EXIT_X86_RDMSR index=0x60d data=n/a rip=0xffffffff81252803 work=130768878 disposition=DenyGp
[vmm-core] msr-exit dir=RDMSR exit-reason=KVM_EXIT_X86_RDMSR index=0x3f8 data=n/a rip=0xffffffff81252803 work=130768946 disposition=DenyGp
[vmm-core] msr-exit dir=RDMSR exit-reason=KVM_EXIT_X86_RDMSR index=0x3f9 data=n/a rip=0xffffffff81252803 work=130769014 disposition=DenyGp
[vmm-core] msr-exit dir=RDMSR exit-reason=KVM_EXIT_X86_RDMSR index=0x3fa data=n/a rip=0xffffffff81252803 work=130769082 disposition=DenyGp
[vmm-core] msr-exit dir=RDMSR exit-reason=KVM_EXIT_X86_RDMSR index=0x630 data=n/a rip=0xffffffff81252803 work=130769150 disposition=DenyGp
[vmm-core] msr-exit dir=RDMSR exit-reason=KVM_EXIT_X86_RDMSR index=0x631 data=n/a rip=0xffffffff81252803 work=130769218 disposition=DenyGp
[vmm-core] msr-exit dir=RDMSR exit-reason=KVM_EXIT_X86_RDMSR index=0x632 data=n/a rip=0xffffffff81252803 work=130769286 disposition=DenyGp
[    0.050285] clocksource: tsc: mask: 0xffffffffffffffff max_cycles: 0x39a85c9bff6, max_idle_ns: 881590591483 ns
[    0.050285] clocksource: Switched to clocksource tsc
[    0.050285] platform rtc_cmos: registered platform RTC device (no PNP device found)
[    0.050285] workingset: timestamp_bits=46 max_order=22 bucket_order=0
[    0.050285] Key type cifs.spnego registered
[    0.050285] Key type cifs.idmap registered
[    0.050285] fuse: init (API version 7.45)
[    0.050285] SGI XFS with security attributes, scrub, repair, no debug enabled
[    0.050285] 9p: Installing v9fs 9p2000 file system support
[    0.051950] NET: Registered PF_ALG protocol family
[    0.051954] Block layer SCSI generic (bsg) driver version 0.4 loaded (major 249)
[    0.060168] Serial: 8250/16550 driver, 4 ports, IRQ sharing disabled
[    0.060181] serial8250: ttyS0 at I/O 0x3f8 (irq = 4, base_baud = 115200) is a 16450
[    0.060616] brd: module loaded
[    0.060882] loop: module loaded
[    0.060903] tun: Universal TUN/TAP device driver, 1.6
[    0.060931] VFIO - User Level meta-driver version: 0.3
[    0.061287] xt_time: kernel timezone is -0000
[    0.061290] IPVS: Registered protocols (TCP, UDP, SCTP, AH, ESP)
[    0.061293] IPVS: Connection hash table configured (size=4096, memory=32Kbytes)
[    0.061311] IPVS: ipvs loaded.
[    0.061312] IPVS: [rr] scheduler registered.
[    0.061313] IPVS: [wrr] scheduler registered.
[    0.061314] IPVS: [lc] scheduler registered.
[    0.061315] IPVS: [wlc] scheduler registered.
[    0.061316] IPVS: [fo] scheduler registered.
[    0.061317] IPVS: [ovf] scheduler registered.
[    0.061319] IPVS: [lblc] scheduler registered.
[    0.061321] IPVS: [lblcr] scheduler registered.
[    0.061322] IPVS: [dh] scheduler registered.
[    0.061323] IPVS: [sh] scheduler registered.
[    0.061324] IPVS: [sed] scheduler registered.
[    0.061325] IPVS: [nq] scheduler registered.
[    0.061326] IPVS: [sip] pe registered.
[    0.061362] Initializing XFRM netlink socket
[    0.061376] NET: Registered PF_INET6 protocol family
[    0.061448] Segment Routing with IPv6
[    0.061451] In-situ OAM (IOAM) with IPv6
[    0.061464] sit: IPv6, IPv4 and MPLS over IPv4 tunneling driver
[    0.061508] NET: Registered PF_PACKET protocol family
[    0.061516] Bridge firewalling registered
[    0.061523] 9pnet: Installing 9P2000 support
[    0.061526] Key type dns_resolver registered
[    0.070505] NET: Registered PF_VSOCK protocol family
[    0.070520] microcode: Current revision: 0x00000001
[vmm-core] msr-exit dir=WRMSR exit-reason=KVM_EXIT_X86_WRMSR index=0x8b data=0x0 rip=0xffffffff8128cdf8 work=151648640 disposition=DenyIgnoreWrite
[vmm-core] msr-exit dir=RDMSR exit-reason=KVM_EXIT_X86_RDMSR index=0x8b data=n/a rip=0xffffffff8128ce03 work=151648640 disposition=AllowFixed(4294967296)
[vmm-core] msr-exit dir=RDMSR exit-reason=KVM_EXIT_X86_RDMSR index=0x17 data=n/a rip=0xffffffff8128ce35 work=151648643 disposition=AllowFixed(0)
[    0.070526] IPI shorthand broadcast: enabled
[    0.071214] sched_clock: Marking stable (70386348, 80072)->(77525105, -7058685)
[    0.071231] registered taskstats version 1
[    0.072578] alg: No test for fips(ansi_cprng) (fips_ansi_cprng)
[    0.539450] Freeing initrd memory: 233532K
[    0.539564] Freeing unused kernel image (initmem) memory: 2112K
[    0.539573] Write protecting the kernel read-only data: 22528k
[    0.539693] Freeing unused kernel image (text/rodata gap) memory: 872K
[    0.539777] Freeing unused kernel image (rodata/data gap) memory: 1812K
[    0.539780] Run /k3s-init as init process
K8S49: starting k3s server (k3s version v1.36.2+k3s1 (01b6f04a)) — log -> /run/k3s.log (not ttyS0)
[vmm-core] msr-exit dir=RDMSR exit-reason=KVM_EXIT_X86_RDMSR index=0x3b data=n/a rip=0xffffffff81296cb1 work=2026783193 disposition=EmulateVtime
[vmm-core] msr-exit dir=RDMSR exit-reason=KVM_EXIT_X86_RDMSR index=0x3b data=n/a rip=0xffffffff81296cb1 work=1052600183 disposition=EmulateVtime
[vmm-core] msr-exit dir=RDMSR exit-reason=KVM_EXIT_X86_RDMSR index=0x3b data=n/a rip=0xffffffff81296cb1 work=9467 disposition=EmulateVtime
K8S49: ready: apiserver /readyz
[vmm-core] msr-exit dir=RDMSR exit-reason=KVM_EXIT_X86_RDMSR index=0x3b data=n/a rip=0xffffffff81296cb1 work=3136 disposition=EmulateVtime
[vmm-core] msr-exit dir=RDMSR exit-reason=KVM_EXIT_X86_RDMSR index=0x3b data=n/a rip=0xffffffff81296cb1 work=133 disposition=EmulateVtime
K8S49: k3s server EXITED while waiting for node/det-node Ready
----- BEGIN k3s.log tail (failure diagnostics) -----
I1130 00:00:06.271411     128 server.go:264] "Starting to serve the podresources API" endpoint="unix:/var/lib/kubelet/pod-resources/kubelet.sock"
I1130 00:00:06.271677     128 dynamic_serving_content.go:135] "Starting controller" name="kubelet-server-cert-files::/var/lib/rancher/k3s/agent/serving-kubelet.crt::/var/lib/rancher/k3s/agent/serving-kubelet.key"
I1130 00:00:06.271691     128 tlsconfig.go:243] "Starting DynamicServingCertificateController"
I1130 00:00:06.272028     128 volume_manager.go:310] "Starting Kubelet Volume Manager"
E1130 00:00:06.272063     128 kubelet_node_status.go:396] "Error getting the current node from lister" err="node \"det-node\" not found"
E1130 00:00:06.272103     128 kubelet.go:3516] "Unable to register mirror pod because node is not registered yet" err="node \"det-node\" not found" node="det-node"
I1130 00:00:06.272487     128 desired_state_of_world_populator.go:146] "Desired state populator starts to run"
I1130 00:00:06.272495     128 reconciler.go:29] "Reconciler: start to sync state"
I1130 00:00:06.273067     128 kubelet_network_linux.go:53] "Initialized iptables rules." protocol="IPv4"
I1130 00:00:06.273224     128 kubelet_network_linux.go:53] "Initialized iptables rules." protocol="IPv6"
I1130 00:00:06.273226     128 status_manager.go:277] "Starting to sync pod status with apiserver"
I1130 00:00:06.273230     128 kubelet.go:2622] "Starting kubelet main sync loop"
E1130 00:00:06.273237     128 kubelet.go:2646] "Skipping pod synchronization" err="[container runtime status check may not have completed yet, PLEG is not healthy: pleg has yet to be successful]"
I1130 00:00:06.292243     128 secure_serving.go:214] Serving securely on 127.0.0.1:10257
I1130 00:00:06.292406     128 requestheader_controller.go:180] Starting RequestHeaderAuthRequestController
I1130 00:00:06.292408     128 shared_informer.go:402] "Waiting for caches to sync"
I1130 00:00:06.292414     128 dynamic_serving_content.go:135] "Starting controller" name="serving-cert::/var/lib/rancher/k3s/server/tls/kube-controller-manager/kube-controller-manager.crt::/var/lib/rancher/k3s/server/tls/kube-controller-manager/kube-controller-manager.key"
I1130 00:00:06.292433     128 tlsconfig.go:243] "Starting DynamicServingCertificateController"
I1130 00:00:06.292450     128 configmap_cafile_content.go:205] "Starting controller" name="client-ca::kube-system::extension-apiserver-authentication::client-ca-file"
I1130 00:00:06.292455     128 shared_informer.go:402] "Waiting for caches to sync"
I1130 00:00:06.292459     128 configmap_cafile_content.go:205] "Starting controller" name="client-ca::kube-system::extension-apiserver-authentication::requestheader-client-ca-file"
I1130 00:00:06.292465     128 shared_informer.go:402] "Waiting for caches to sync"
I1130 00:00:06.293187     128 factory.go:222] Registration of the containerd container factory successfully
I1130 00:00:06.293189     128 factory.go:222] Registration of the systemd container factory successfully
I1130 00:00:06.293202     128 factory.go:220] Registration of the crio container factory failed: Get "http://%2Fvar%2Frun%2Fcrio%2Fcrio.sock/info": dial unix /var/run/crio/crio.sock: connect: no such file or directory
E1130 00:00:06.312264     128 container_manager_linux.go:987] "Unable to get rootfs data from cAdvisor interface" err="cannot find filesystem info for device \"rootfs\""
time="1999-11-30T00:00:06Z" level=info msg="Creating embedded CRD addons.k3s.cattle.io"
E1130 00:00:06.335350     128 nodelease.go:50] "Failed to get node when trying to set owner ref to the node lease" err="nodes \"det-node\" not found" node="det-node"
time="1999-11-30T00:00:06Z" level=info msg="Creating embedded CRD etcdsnapshotfiles.k3s.cattle.io"
I1130 00:00:06.338680     128 controller.go:667] quota admission added evaluator for: serviceaccounts
E1130 00:00:06.344266     128 cri_stats_provider.go:580] "Failed to get the info of the filesystem with mountpoint" err="cannot find filesystem info for device \"rootfs\"" mountpoint="/var/lib/rancher/k3s/agent/containerd/io.containerd.snapshotter.v1.overlayfs"
E1130 00:00:06.344272     128 kubelet.go:1725] "Image garbage collection failed once. Stats initialization may not have completed yet" err="get filesystem info: Failed to get the info of the filesystem with mountpoint: cannot find filesystem info for device \"rootfs\""
I1130 00:00:06.344330     128 cpu_manager.go:235] "Starting" policy="none"
I1130 00:00:06.344333     128 cpu_manager.go:236] "Reconciling" reconcilePeriod="10s"
I1130 00:00:06.344336     128 state_mem.go:45] "Initialized" logger="CPUManager state checkpoint.CPUManager state memory"
I1130 00:00:06.344358     128 policy_none.go:50] "Start"
I1130 00:00:06.344361     128 memory_manager.go:190] "Starting memorymanager" policy="None"
I1130 00:00:06.344364     128 state_mem.go:40] "Initializing new in-memory state store" logger="Memory Manager state checkpoint"
I1130 00:00:06.344426     128 policy_none.go:44] "Start"
E1130 00:00:06.344430     128 kubelet.go:1821] "Failed to start ContainerManager" err="failed to get rootfs info: cannot find filesystem info for device \"rootfs\""
----- END k3s.log tail -----
K8S49: boot_id=1b4c1e3e-1ebf-45ce-9b43-691a9219c94d
K8S49: result rc=1 (FAILED — see /run/k3s.log)
[    7.674648] reboot: Restarting system
[    7.674648] reboot: machine restart
