=== pre-load lsmod ===
kvm_intel             417792  0
kvm                  1396736  1 kvm_intel
kvm_intel users=0
=== load patched modules ===
loaded: 6.12.90+deb13.1-amd64 SMP preempt mod_unload modversions 
kvm_intel             417792  0
kvm                  1400832  1 kvm_intel
=== run gate (timeout 1500s, core 2) ===
warning: unused imports: `KVM_GUESTDBG_ENABLE` and `KVM_GUESTDBG_SINGLESTEP`
  --> consonance/vmm-backend/src/kvm_sys.rs:30:40
   |
30 |     CpuId, KVM_CAP_X86_USER_SPACE_MSR, KVM_GUESTDBG_ENABLE, KVM_GUESTDBG_SINGLESTEP,
   |                                        ^^^^^^^^^^^^^^^^^^^  ^^^^^^^^^^^^^^^^^^^^^^^
   |
   = note: `#[warn(unused_imports)]` (part of `#[warn(unused)]`) on by default

warning: `vmm-backend` (lib) generated 1 warning (run `cargo fix --lib -p vmm-backend` to apply 1 suggestion)
    Finished `test` profile [unoptimized + debuginfo] target(s) in 0.08s
     Running tests/live_k3s_postgres.rs (target/debug/deps/live_k3s_postgres-dac1cb4de2f80664)

running 1 test
test k1_k3s_cluster_postgres_client_streams_patched ... [host-assert] CPU-MSR-CONTRACT §1.1 baseline:
[host-assert]   PASS  family-model-stepping: expected 06_9e_0c, observed 06_9e_0c
[host-assert]   PASS  host-microcode-rev: expected 0x00000000000000f8, observed 0x00000000000000f8
[host-assert]   PASS  mxcsr-mask: expected 0xffff, observed 0xffff
[host-assert]   PASS  maxphyaddr-min: expected >= 39, observed 39
[host-assert]   PASS  rtm-disabled: expected rtm physically absent (the IA32_TSX_CTRL pin is not installed by this skeleton), observed rtm-absent (XBEGIN #UDs; already non-usable)
[host-assert]   PASS  host-absent HRESET: expected absent, observed absent
[host-assert]   PASS  host-absent PCONFIG: expected absent, observed absent
[host-assert]   PASS  host-absent RDPID: expected absent, observed absent
[host-assert]   PASS  host-absent SERIALIZE: expected absent, observed absent
[host-assert]   PASS  host-absent SHA: expected absent, observed absent
[host-assert]   PASS  host-absent TPAUSE: expected absent, observed absent
[host-assert]   PASS  host-absent UMONITOR: expected absent, observed absent
[host-assert]   PASS  host-absent UMWAIT: expected absent, observed absent
[k3s] cmdline: console=ttyS0 panic=-1 reboot=t,force tsc=reliable no_timer_check lpj=4000000 nokaslr maxcpus=1 nox2apic hpet=disable cgroup_no_v1=all rdinit=/k3s-init
[telemetry] recording this run to k3s-run.k1.ndjson
[telemetry]   watch it: cargo run -p telemetry --bin console -- --source file:k3s-run.k1.ndjson
[vmm-core] msr-exit dir=RDMSR exit-reason=KVM_EXIT_X86_RDMSR index=0x1a0 data=n/a rip=0x1272418 work=73631412 disposition=AllowFixed(6145)
[vmm-core] msr-exit dir=WRMSR exit-reason=KVM_EXIT_X86_WRMSR index=0x8b data=0x0 rip=0xffffffff8128cdf8 work=73633205 disposition=DenyIgnoreWrite
[vmm-core] msr-exit dir=RDMSR exit-reason=KVM_EXIT_X86_RDMSR index=0x8b data=n/a rip=0xffffffff8128ce03 work=73633205 disposition=AllowFixed(4294967296)
[vmm-core] msr-exit dir=RDMSR exit-reason=KVM_EXIT_X86_RDMSR index=0x17 data=n/a rip=0xffffffff8128ce35 work=73633208 disposition=AllowFixed(0)
[vmm-core] msr-exit dir=RDMSR exit-reason=KVM_EXIT_X86_RDMSR index=0x1a0 data=n/a rip=0xffffffff818810c2 work=73636209 disposition=AllowFixed(6145)
[vmm-core] msr-exit dir=WRMSR exit-reason=KVM_EXIT_X86_WRMSR index=0x8b data=0x0 rip=0xffffffff81287e39 work=73640184 disposition=DenyIgnoreWrite
[vmm-core] msr-exit dir=RDMSR exit-reason=KVM_EXIT_X86_RDMSR index=0x8b data=n/a rip=0xffffffff81287e46 work=73640184 disposition=AllowFixed(4294967296)
[vmm-core] msr-exit dir=RDMSR exit-reason=KVM_EXIT_X86_RDMSR index=0x1a0 data=n/a rip=0xffffffff81287d1c work=73640195 disposition=AllowFixed(6145)
[vmm-core] msr-exit dir=RDMSR exit-reason=KVM_EXIT_X86_RDMSR index=0x10a data=n/a rip=0xffffffff8128444b work=73640367 disposition=AllowFixed(167775241)
[vmm-core] msr-exit dir=RDMSR exit-reason=KVM_EXIT_X86_RDMSR index=0x3b data=n/a rip=0xffffffff81296dc7 work=74064795 disposition=EmulateVtime
[vmm-core] msr-exit dir=RDMSR exit-reason=KVM_EXIT_X86_RDMSR index=0xfe data=n/a rip=0xffffffff82ba3479 work=74069541 disposition=AllowFixed(1288)
[vmm-core] msr-exit dir=RDMSR exit-reason=KVM_EXIT_X86_RDMSR index=0xfe data=n/a rip=0xffffffff8128b422 work=74069551 disposition=AllowFixed(1288)
[vmm-core] msr-exit dir=RDMSR exit-reason=KVM_EXIT_X86_RDMSR index=0x1b data=n/a rip=0xffffffff82ba2b76 work=95972318 disposition=AllowFixed(4276095232)
[vmm-core] msr-exit dir=RDMSR exit-reason=KVM_EXIT_X86_RDMSR index=0x10a data=n/a rip=0xffffffff8128444b work=99049321 disposition=AllowFixed(167775241)
[vmm-core] msr-exit dir=RDMSR exit-reason=KVM_EXIT_X86_RDMSR index=0x1b data=n/a rip=0xffffffff81297a36 work=99049324 disposition=AllowFixed(4276095232)
[    0.000000] Linux version 6.18.35 (hypervizor@hypervizor) (gcc (Debian 14.2.0-19) 14.2.0, GNU ld (GNU Binutils for Debian) 2.44) #1 SMP Thu Jan  1 00:00:00 UTC 1970
[    0.000000] Command line: console=ttyS0 panic=-1 reboot=t,force tsc=reliable no_timer_check lpj=4000000 nokaslr maxcpus=1 nox2apic hpet=disable cgroup_no_v1=all rdinit=/k3s-init
[    0.000000] x86/CPU: Running old microcode
[    0.000000] BIOS-provided physical RAM map:
[    0.000000] BIOS-e820: [mem 0x0000000000000000-0x000000000009ffff] usable
[    0.000000] BIOS-e820: [mem 0x0000000000100000-0x00000000fedfffff] usable
[    0.000000] BIOS-e820: [mem 0x00000000fee00000-0x00000000fee00fff] reserved
[    0.000000] BIOS-e820: [mem 0x00000000fee01000-0x00000003ffffffff] usable
[    0.000000] NX (Execute Disable) protection: active
[    0.000000] APIC: Static calls initialized
[    0.000000] DMI not present or invalid.
[    0.000000] tsc: Detected 2000.000 MHz processor
[    0.000004] last_pfn = 0x400000 max_arch_pfn = 0x400000000
[    0.000004] MTRRs disabled by BIOS
[    0.000005] x86/PAT: Configuration [0-7]: WB  WC  UC- UC  WB  WP  UC- WT  
[    0.000005] last_pfn = 0x100000 max_arch_pfn = 0x400000000
[    0.000595] Using GB pages for direct mapping
[    0.000831] RAMDISK: [mem 0x71bf1000-0x7fffffff]
[    0.000831] ACPI: Early table checksum verification disabled
[    0.000832] ACPI: RSDP 0x00000000000E0000 000024 (v02 HARMNY)
[    0.000833] ACPI: XSDT 0x00000000000E0040 00002C (v01 HARMNY HARMONYT 00000001 HARM 00000001)
[    0.000835] ACPI: APIC 0x00000000000E0080 000034 (v05 HARMNY HARMONYT 00000001 HARM 00000001)
[    0.000837] ACPI: Reserving APIC table memory at [mem 0xe0080-0xe00b3]
[    0.000851] Zone ranges:
[    0.000851]   DMA      [mem 0x0000000000001000-0x0000000000ffffff]
[    0.000852]   DMA32    [mem 0x0000000001000000-0x00000000ffffffff]
[    0.000852]   Normal   [mem 0x0000000100000000-0x00000003ffffffff]
[    0.000853]   Device   empty
[    0.000854] Movable zone start for each node
[    0.000854] Early memory node ranges
[    0.000854]   node   0: [mem 0x0000000000001000-0x000000000009ffff]
[    0.000855]   node   0: [mem 0x0000000000100000-0x00000000fedfffff]
[    0.000856]   node   0: [mem 0x00000000fee01000-0x00000003ffffffff]
[    0.000858] Initmem setup node 0 [mem 0x0000000000001000-0x00000003ffffffff]
[    0.000860] On node 0, zone DMA: 1 pages in unavailable ranges
[    0.000880] On node 0, zone DMA: 96 pages in unavailable ranges
[    0.006122] On node 0, zone DMA32: 1 pages in unavailable ranges
[    0.021908] ACPI: No IOAPIC entries present
[    0.021908] ACPI: Using ACPI for processor (LAPIC) configuration information
[    0.021910] CPU topo: Max. logical packages:   1
[    0.021910] CPU topo: Max. logical dies:       1
[    0.021911] CPU topo: Max. dies per package:   1
[    0.021912] CPU topo: Max. threads per core:   1
[    0.021912] CPU topo: Num. cores per package:     1
[    0.021913] CPU topo: Num. threads per package:   1
[    0.021913] CPU topo: Allowing 1 present CPUs plus 0 hotplug CPUs
[    0.021915] Cannot find an available gap in the 32-bit address range
[    0.021915] PCI devices with unassigned 32-bit BARs may not work!
[    0.021916] [mem 0x400100000-0x4004fffff] available for PCI devices
[    0.021916] Booting paravirtualized kernel on bare hardware
[    0.021917] clocksource: refined-jiffies: mask: 0xffffffff max_cycles: 0xffffffff, max_idle_ns: 19112604462750000 ns
[    0.024501] setup_percpu: NR_CPUS:240 nr_cpumask_bits:1 nr_cpu_ids:1 nr_node_ids:1
[    0.024535] percpu: Embedded 39 pages/cpu s127000 r0 d32744 u2097152
[    0.024542] Kernel command line: console=ttyS0 panic=-1 reboot=t,force tsc=reliable no_timer_check lpj=4000000 nokaslr maxcpus=1 nox2apic hpet=disable cgroup_no_v1=all rdinit=/k3s-init
[    0.024585] random: crng init done
[    0.024585] printk: log buffer data + meta data: 131072 + 458752 = 589824 bytes
[    0.024848] Dentry cache hash table entries: 2097152 (order: 12, 16777216 bytes, linear)
[    0.024981] Inode-cache hash table entries: 1048576 (order: 11, 8388608 bytes, linear)
[    0.024984] software IO TLB: area num 1.
[    0.027128] Built 1 zonelists, mobility grouping on.  Total pages: 4194206
[    0.027129] mem auto-init: stack:all(zero), heap alloc:off, heap free:off
[    0.040050] SLUB: HWalign=64, Order=0-3, MinObjects=0, CPUs=1, Nodes=1
[    0.040065] rcu: Hierarchical RCU implementation.
[    0.040066] rcu: 	RCU event tracing is enabled.
[    0.040066] rcu: 	RCU restricting CPUs from NR_CPUS=240 to nr_cpu_ids=1.
[    0.040067] 	Tracing variant of Tasks RCU enabled.
[    0.040067] rcu: RCU calculated value of scheduler-enlistment delay is 10 jiffies.
[    0.040068] rcu: Adjusting geometry for rcu_fanout_leaf=16, nr_cpu_ids=1
[    0.040069] RCU Tasks Trace: Setting shift to 0 and lim to 1 rcu_task_cb_adjust=1 rcu_task_cpu_ids=1.
[    0.040071] NR_IRQS: 15616, nr_irqs: 32, preallocated irqs: 16
[    0.040204] rcu: srcu_init: Setting srcu_struct sizes based on contention.
[    0.040216] Console: colour dummy device 80x25
[    0.040217] printk: legacy console [ttyS0] enabled
[    0.040274] ACPI: Core revision 20250807
[    0.040280] ACPI: setting ELCR to 0001 (from 0000)
[    0.040281] APIC: Switch to symmetric I/O mode setup
[    0.040283] clocksource: tsc-early: mask: 0xffffffffffffffff max_cycles: 0x39a85c9bff6, max_idle_ns: 881590591483 ns
[vmm-core] msr-exit dir=RDMSR exit-reason=KVM_EXIT_X86_RDMSR index=0x3b data=n/a rip=0xffffffff82b9d57f work=114350103 disposition=EmulateVtime
[    0.040285] Calibrating delay loop (skipped) preset value.. 800.00 BogoMIPS (lpj=4000000)
[vmm-core] msr-exit dir=RDMSR exit-reason=KVM_EXIT_X86_RDMSR index=0x1a0 data=n/a rip=0xffffffff818810c2 work=114352439 disposition=AllowFixed(6145)
[vmm-core] msr-exit dir=WRMSR exit-reason=KVM_EXIT_X86_WRMSR index=0x8b data=0x0 rip=0xffffffff81287e39 work=114352769 disposition=DenyIgnoreWrite
[vmm-core] msr-exit dir=RDMSR exit-reason=KVM_EXIT_X86_RDMSR index=0x8b data=n/a rip=0xffffffff81287e46 work=114352769 disposition=AllowFixed(4294967296)
[vmm-core] msr-exit dir=RDMSR exit-reason=KVM_EXIT_X86_RDMSR index=0x1a0 data=n/a rip=0xffffffff81287d1c work=114352780 disposition=AllowFixed(6145)
[vmm-core] msr-exit dir=RDMSR exit-reason=KVM_EXIT_X86_RDMSR index=0x3a data=n/a rip=0xffffffff812874ee work=114352883 disposition=AllowFixed(1)
[vmm-core] msr-exit dir=RDMSR exit-reason=KVM_EXIT_X86_RDMSR index=0x140 data=n/a rip=0xffffffff81287f65 work=114353187 disposition=DenyGp
[    0.040288] Last level iTLB entries: 4KB 0, 2MB 0, 4MB 0
[    0.040290] Last level dTLB entries: 4KB 0, 2MB 0, 4MB 0, 1GB 0
[vmm-core] msr-exit dir=RDMSR exit-reason=KVM_EXIT_X86_RDMSR index=0x10a data=n/a rip=0xffffffff8128444b work=114357009 disposition=AllowFixed(167775241)
[vmm-core] msr-exit dir=RDMSR exit-reason=KVM_EXIT_X86_RDMSR index=0x10a data=n/a rip=0xffffffff8128444b work=114357081 disposition=AllowFixed(167775241)
[    0.040292] mitigations: Enabled attack vectors: user_kernel, user_user, SMT mitigations: auto
[    0.040294] Speculative Store Bypass: Vulnerable
[    0.040295] SRBDS: Vulnerable: No microcode
[vmm-core] msr-exit dir=RDMSR exit-reason=KVM_EXIT_X86_RDMSR index=0x123 data=n/a rip=0xffffffff81284be2 work=114361832 disposition=DenyGp
[    0.040297] unchecked MSR access error: RDMSR from 0x123 at rIP: 0xffffffff81284be2 (native_read_msr+0x2/0x10)
[    0.040299] Call Trace:
[    0.040300]  <TASK>
[    0.040301]  cpu_select_mitigations+0x969/0x1e40
[    0.040303]  arch_cpu_finalize_init+0xbe/0x140
[    0.040306]  start_kernel+0x54b/0x5d0
[    0.040309]  x86_64_start_reservations+0x20/0x20
[    0.040312]  x86_64_start_kernel+0xc0/0xc0
[    0.040314]  common_startup_64+0x13b/0x148
[    0.040316]  </TASK>
[    0.040317] Spectre V2 : Mitigation: Retpolines
[    0.040318] RETBleed: Vulnerable
[    0.040319] MDS: Vulnerable: Clear CPU buffers attempted, no microcode
[    0.040321] MMIO Stale Data: Vulnerable: Clear CPU buffers attempted, no microcode
[    0.040322] VMSCAPE: Vulnerable
[    0.040323] Spectre V1 : Mitigation: usercopy/swapgs barriers and __user pointer sanitization
[    0.040325] Spectre V2 : Spectre v2 / SpectreRSB: Filling RSB on context switch and VMEXIT
[vmm-core] msr-exit dir=RDMSR exit-reason=KVM_EXIT_X86_RDMSR index=0x123 data=n/a rip=0xffffffff81284e7e work=114392550 disposition=DenyGp
[vmm-core] msr-exit dir=WRMSR exit-reason=KVM_EXIT_X86_WRMSR index=0x123 data=0x0 rip=0xffffffff81284e9c work=114392611 disposition=DenyGp
[    0.040327] unchecked MSR access error: WRMSR to 0x123 (tried to write 0x0000000000000000) at rIP: 0xffffffff81284e9c (update_gds_msr+0x3c/0x80)
[    0.040331] Call Trace:
[    0.040332]  <TASK>
[    0.040332]  cpu_select_mitigations+0x1ae6/0x1e40
[    0.040335]  arch_cpu_finalize_init+0xbe/0x140
[    0.040337]  start_kernel+0x54b/0x5d0
[    0.040340]  x86_64_start_reservations+0x20/0x20
[    0.040343]  x86_64_start_kernel+0xc0/0xc0
[    0.040346]  common_startup_64+0x13b/0x148
[    0.040348]  </TASK>
[vmm-core] msr-exit dir=RDMSR exit-reason=KVM_EXIT_X86_RDMSR index=0x123 data=n/a rip=0xffffffff81284e9e work=114413846 disposition=DenyGp
[    0.040349] GDS: Mitigation: Microcode
[    0.040350] x86/fpu: Supporting XSAVE feature 0x001: 'x87 floating point registers'
[    0.040351] x86/fpu: Supporting XSAVE feature 0x002: 'SSE registers'
[    0.040353] x86/fpu: Supporting XSAVE feature 0x004: 'AVX registers'
[    0.040354] x86/fpu: xstate_offset[2]:  576, xstate_sizes[2]:  256
[    0.040356] x86/fpu: Enabled xstate features 0x7, context size is 832 bytes, using 'standard' format.
[    0.046186] Freeing SMP alternatives memory: 48K
[    0.046187] pid_max: default: 32768 minimum: 301
[    0.046194] LSM: initializing lsm=capability,landlock
[    0.046204] landlock: Up and running.
[    0.046208] Mount-cache hash table entries: 32768 (order: 6, 262144 bytes, linear)
[    0.046210] Mountpoint-cache hash table entries: 32768 (order: 6, 262144 bytes, linear)
[    0.046238] cgroup: Disabling cpuset control group subsystem in v1 mounts
[    0.046241] cgroup: Disabling cpu control group subsystem in v1 mounts
[    0.046242] cgroup: Disabling cpuacct control group subsystem in v1 mounts
[    0.046245] cgroup: Disabling blkio control group subsystem in v1 mounts
[    0.046249] cgroup: Disabling memory control group subsystem in v1 mounts
[    0.046251] cgroup: Disabling devices control group subsystem in v1 mounts
[    0.046253] cgroup: Disabling freezer control group subsystem in v1 mounts
[    0.046255] cgroup: Disabling net_cls control group subsystem in v1 mounts
[    0.046257] cgroup: Disabling perf_event control group subsystem in v1 mounts
[    0.046259] cgroup: Disabling net_prio control group subsystem in v1 mounts
[    0.046261] cgroup: Disabling hugetlb control group subsystem in v1 mounts
[    0.046262] cgroup: Disabling pids control group subsystem in v1 mounts
[    0.046265] cgroup: Disabling rdma control group subsystem in v1 mounts
[    0.046267] ACPI Warning: AcpiEnable failed (20250807/utxfinit-147)
[    0.046270] ACPI: Unable to enable ACPI
[    0.046275] smpboot: CPU0: Intel Deterministic vCPU (CFL-class) @ 2.00GHz (family: 0x6, model: 0x9e, stepping: 0xc)
[    0.046322] Performance Events: unsupported CPU family 6 model 158 no PMU driver, software events only.
[    0.046327] signal: max sigframe size: 1360
[    0.046334] rcu: Hierarchical SRCU implementation.
[    0.046335] rcu: 	Max phase no-delay instances is 1000.
[    0.046356] smp: Bringing up secondary CPUs ...
[    0.046357] smp: Brought up 1 node, 1 CPU
[    0.046358] smpboot: Total of 1 processors activated (800.00 BogoMIPS)
[    0.046366] Memory: 16152668K/16776824K available (15511K kernel code, 1167K rwdata, 4332K rodata, 2112K init, 2396K bss, 620164K reserved, 0K cma-reserved)
[    0.046577] devtmpfs: initialized
[    0.046586] x86/mm: Memory block size: 128MB
[    0.047012] clocksource: jiffies: mask: 0xffffffff max_cycles: 0xffffffff, max_idle_ns: 19112604462750000 ns
[    0.047015] posixtimers hash table entries: 512 (order: 1, 8192 bytes, linear)
[    0.047017] futex hash table entries: 256 (16384 bytes on 1 NUMA nodes, total 16 KiB, linear).
[    0.047051] NET: Registered PF_NETLINK/PF_ROUTE protocol family
[    0.047086] audit: initializing netlink subsys (disabled)
[    0.047105] thermal_sys: Registered thermal governor 'step_wise'
[    0.047106] audit: type=2000 audit(943920000.000:1): state=initialized audit_enabled=0 res=1
[    0.047110] cpuidle: using governor menu
[    0.047134] PCI: Fatal: No config space access function found
[    0.047174] HugeTLB: registered 1.00 GiB page size, pre-allocated 0 pages
[    0.047175] HugeTLB: 16380 KiB vmemmap can be freed for a 1.00 GiB page
[    0.047177] HugeTLB: registered 2.00 MiB page size, pre-allocated 0 pages
[    0.047178] HugeTLB: 28 KiB vmemmap can be freed for a 2.00 MiB page
[    0.047212] ACPI: Interpreter disabled.
[    0.047216] iommu: Default domain type: Translated
[    0.047217] iommu: DMA domain TLB invalidation policy: lazy mode
[    0.047247] SCSI subsystem initialized
[    0.047250] pps_core: LinuxPPS API ver. 1 registered
[    0.047252] pps_core: Software ver. 5.3.6 - Copyright 2005-2007 Rodolfo Giometti <giometti@linux.it>
[    0.047254] PTP clock support registered
[    0.047325] PCI: System does not support PCI
[    0.047330] vgaarb: loaded
[    0.047344] clocksource: Switched to clocksource tsc-early
[    0.047374] pnp: PnP ACPI: disabled
[    0.047719] NET: Registered PF_INET protocol family
[    0.047727] IP idents hash table entries: 262144 (order: 9, 2097152 bytes, linear)
[    0.048272] tcp_listen_portaddr_hash hash table entries: 8192 (order: 5, 131072 bytes, linear)
[    0.048282] Table-perturb hash table entries: 65536 (order: 6, 262144 bytes, linear)
[    0.048285] TCP established hash table entries: 131072 (order: 8, 1048576 bytes, linear)
[    0.048418] TCP bind hash table entries: 65536 (order: 9, 2097152 bytes, linear)
[    0.048486] TCP: Hash tables configured (established 131072 bind 65536)
[    0.048489] UDP hash table entries: 8192 (order: 7, 524288 bytes, linear)
[    0.048515] UDP-Lite hash table entries: 8192 (order: 7, 524288 bytes, linear)
[    0.048546] NET: Registered PF_UNIX/PF_LOCAL protocol family
[    0.048549] PCI: CLS 0 bytes, default 64
[    0.048550] PCI-DMA: Using software bounce buffering for IO (SWIOTLB)
[    0.048551] software IO TLB: mapped [mem 0x00000000fae00000-0x00000000fee00000] (64MB)
[vmm-core] msr-exit dir=RDMSR exit-reason=KVM_EXIT_X86_RDMSR index=0x606 data=n/a rip=0xffffffff82b91ab4 work=122629824 disposition=DenyGp
[vmm-core] msr-exit dir=RDMSR exit-reason=KVM_EXIT_X86_RDMSR index=0x64e data=n/a rip=0xffffffff81252803 work=122629958 disposition=DenyGp
[vmm-core] msr-exit dir=RDMSR exit-reason=KVM_EXIT_X86_RDMSR index=0x34 data=n/a rip=0xffffffff81252803 work=122630030 disposition=DenyGp
[    0.048581] Trying to unpack rootfs image as initramfs...
[vmm-core] msr-exit dir=RDMSR exit-reason=KVM_EXIT_X86_RDMSR index=0x3fc data=n/a rip=0xffffffff81252803 work=130773116 disposition=DenyGp
[vmm-core] msr-exit dir=RDMSR exit-reason=KVM_EXIT_X86_RDMSR index=0x3fd data=n/a rip=0xffffffff81252803 work=130773184 disposition=DenyGp
[vmm-core] msr-exit dir=RDMSR exit-reason=KVM_EXIT_X86_RDMSR index=0x3fe data=n/a rip=0xffffffff81252803 work=130773252 disposition=DenyGp
[vmm-core] msr-exit dir=RDMSR exit-reason=KVM_EXIT_X86_RDMSR index=0x60d data=n/a rip=0xffffffff81252803 work=130773322 disposition=DenyGp
[vmm-core] msr-exit dir=RDMSR exit-reason=KVM_EXIT_X86_RDMSR index=0x3f8 data=n/a rip=0xffffffff81252803 work=130773390 disposition=DenyGp
[vmm-core] msr-exit dir=RDMSR exit-reason=KVM_EXIT_X86_RDMSR index=0x3f9 data=n/a rip=0xffffffff81252803 work=130773458 disposition=DenyGp
[vmm-core] msr-exit dir=RDMSR exit-reason=KVM_EXIT_X86_RDMSR index=0x3fa data=n/a rip=0xffffffff81252803 work=130773526 disposition=DenyGp
[vmm-core] msr-exit dir=RDMSR exit-reason=KVM_EXIT_X86_RDMSR index=0x630 data=n/a rip=0xffffffff81252803 work=130773594 disposition=DenyGp
[vmm-core] msr-exit dir=RDMSR exit-reason=KVM_EXIT_X86_RDMSR index=0x631 data=n/a rip=0xffffffff81252803 work=130773662 disposition=DenyGp
[vmm-core] msr-exit dir=RDMSR exit-reason=KVM_EXIT_X86_RDMSR index=0x632 data=n/a rip=0xffffffff81252803 work=130773730 disposition=DenyGp
[    0.050285] clocksource: tsc: mask: 0xffffffffffffffff max_cycles: 0x39a85c9bff6, max_idle_ns: 881590591483 ns
[    0.050285] clocksource: Switched to clocksource tsc
[    0.050285] platform rtc_cmos: registered platform RTC device (no PNP device found)
[    0.050285] workingset: timestamp_bits=46 max_order=22 bucket_order=0
[    0.050285] Key type cifs.spnego registered
[    0.050285] Key type cifs.idmap registered
[    0.050285] fuse: init (API version 7.45)
[    0.050285] SGI XFS with security attributes, scrub, repair, no debug enabled
[    0.050285] 9p: Installing v9fs 9p2000 file system support
[    0.051951] NET: Registered PF_ALG protocol family
[    0.051954] Block layer SCSI generic (bsg) driver version 0.4 loaded (major 249)
[    0.060150] Serial: 8250/16550 driver, 4 ports, IRQ sharing disabled
[    0.060164] serial8250: ttyS0 at I/O 0x3f8 (irq = 4, base_baud = 115200) is a 16450
[    0.060599] brd: module loaded
[    0.060865] loop: module loaded
[    0.060886] tun: Universal TUN/TAP device driver, 1.6
[    0.060914] VFIO - User Level meta-driver version: 0.3
[    0.061270] xt_time: kernel timezone is -0000
[    0.061273] IPVS: Registered protocols (TCP, UDP, SCTP, AH, ESP)
[    0.061276] IPVS: Connection hash table configured (size=4096, memory=32Kbytes)
[    0.061294] IPVS: ipvs loaded.
[    0.061295] IPVS: [rr] scheduler registered.
[    0.061296] IPVS: [wrr] scheduler registered.
[    0.061297] IPVS: [lc] scheduler registered.
[    0.061298] IPVS: [wlc] scheduler registered.
[    0.061299] IPVS: [fo] scheduler registered.
[    0.061300] IPVS: [ovf] scheduler registered.
[    0.061302] IPVS: [lblc] scheduler registered.
[    0.061304] IPVS: [lblcr] scheduler registered.
[    0.061305] IPVS: [dh] scheduler registered.
[    0.061306] IPVS: [sh] scheduler registered.
[    0.061307] IPVS: [sed] scheduler registered.
[    0.061308] IPVS: [nq] scheduler registered.
[    0.061309] IPVS: [sip] pe registered.
[    0.061345] Initializing XFRM netlink socket
[    0.061359] NET: Registered PF_INET6 protocol family
[    0.061431] Segment Routing with IPv6
[    0.061434] In-situ OAM (IOAM) with IPv6
[    0.061447] sit: IPv6, IPv4 and MPLS over IPv4 tunneling driver
[    0.061491] NET: Registered PF_PACKET protocol family
[    0.061499] Bridge firewalling registered
[    0.061506] 9pnet: Installing 9P2000 support
[    0.061508] Key type dns_resolver registered
[    0.070500] NET: Registered PF_VSOCK protocol family
[    0.070515] microcode: Current revision: 0x00000001
[vmm-core] msr-exit dir=WRMSR exit-reason=KVM_EXIT_X86_WRMSR index=0x8b data=0x0 rip=0xffffffff8128cdf8 work=151642935 disposition=DenyIgnoreWrite
[vmm-core] msr-exit dir=RDMSR exit-reason=KVM_EXIT_X86_RDMSR index=0x8b data=n/a rip=0xffffffff8128ce03 work=151642935 disposition=AllowFixed(4294967296)
[vmm-core] msr-exit dir=RDMSR exit-reason=KVM_EXIT_X86_RDMSR index=0x17 data=n/a rip=0xffffffff8128ce35 work=151642938 disposition=AllowFixed(0)
[    0.070521] IPI shorthand broadcast: enabled
[    0.071208] sched_clock: Marking stable (70386348, 80072)->(77525105, -7058685)
[    0.071225] registered taskstats version 1
[    0.072572] alg: No test for fips(ansi_cprng) (fips_ansi_cprng)
[    0.538724] Freeing initrd memory: 233532K
[    0.538837] Freeing unused kernel image (initmem) memory: 2112K
[    0.538847] Write protecting the kernel read-only data: 22528k
[    0.538966] Freeing unused kernel image (text/rodata gap) memory: 872K
[    0.539051] Freeing unused kernel image (rodata/data gap) memory: 1812K
[    0.539053] Run /k3s-init as init process
K8S49: starting k3s server (k3s version v1.36.2+k3s1 (01b6f04a)) — log -> /run/k3s.log (not ttyS0)
[vmm-core] msr-exit dir=RDMSR exit-reason=KVM_EXIT_X86_RDMSR index=0x3b data=n/a rip=0xffffffff81296cb1 work=1966282091 disposition=EmulateVtime
[vmm-core] msr-exit dir=RDMSR exit-reason=KVM_EXIT_X86_RDMSR index=0x3b data=n/a rip=0xffffffff81296cb1 work=1038278253 disposition=EmulateVtime
[vmm-core] msr-exit dir=RDMSR exit-reason=KVM_EXIT_X86_RDMSR index=0x3b data=n/a rip=0xffffffff81296cb1 work=6728 disposition=EmulateVtime
K8S49: ready: apiserver /readyz
[vmm-core] msr-exit dir=RDMSR exit-reason=KVM_EXIT_X86_RDMSR index=0x3b data=n/a rip=0xffffffff81296cb1 work=4180 disposition=EmulateVtime
[vmm-core] msr-exit dir=RDMSR exit-reason=KVM_EXIT_X86_RDMSR index=0x3b data=n/a rip=0xffffffff81296cb1 work=6515 disposition=EmulateVtime
K8S49: ready: node/det-node Ready
K8S49: CLUSTER_UP single-node k3s cluster is Ready
[vmm-core] msr-exit dir=RDMSR exit-reason=KVM_EXIT_X86_RDMSR index=0x3b data=n/a rip=0xffffffff81296cb1 work=278609 disposition=EmulateVtime
[vmm-core] msr-exit dir=RDMSR exit-reason=KVM_EXIT_X86_RDMSR index=0x3b data=n/a rip=0xffffffff81296cb1 work=2850 disposition=EmulateVtime
[vmm-core] msr-exit dir=RDMSR exit-reason=KVM_EXIT_X86_RDMSR index=0x3b data=n/a rip=0xffffffff81296cb1 work=4789 disposition=EmulateVtime
[vmm-core] msr-exit dir=RDMSR exit-reason=KVM_EXIT_X86_RDMSR index=0x3b data=n/a rip=0xffffffff81296cb1 work=7747 disposition=EmulateVtime
[vmm-core] msr-exit dir=RDMSR exit-reason=KVM_EXIT_X86_RDMSR index=0x3b data=n/a rip=0xffffffff81296cb1 work=1423733 disposition=EmulateVtime
[vmm-core] msr-exit dir=RDMSR exit-reason=KVM_EXIT_X86_RDMSR index=0x3b data=n/a rip=0xffffffff81296cb1 work=16622 disposition=EmulateVtime
[vmm-core] msr-exit dir=RDMSR exit-reason=KVM_EXIT_X86_RDMSR index=0x3b data=n/a rip=0xffffffff81296cb1 work=9071 disposition=EmulateVtime
[vmm-core] msr-exit dir=RDMSR exit-reason=KVM_EXIT_X86_RDMSR index=0x3b data=n/a rip=0xffffffff81296cb1 work=8039 disposition=EmulateVtime
[vmm-core] msr-exit dir=RDMSR exit-reason=KVM_EXIT_X86_RDMSR index=0x3b data=n/a rip=0xffffffff81296cb1 work=153365180 disposition=EmulateVtime
[vmm-core] msr-exit dir=RDMSR exit-reason=KVM_EXIT_X86_RDMSR index=0x3b data=n/a rip=0xffffffff81296cb1 work=16239 disposition=EmulateVtime
[vmm-core] msr-exit dir=RDMSR exit-reason=KVM_EXIT_X86_RDMSR index=0x3b data=n/a rip=0xffffffff81296cb1 work=15694 disposition=EmulateVtime
[vmm-core] msr-exit dir=RDMSR exit-reason=KVM_EXIT_X86_RDMSR index=0x3b data=n/a rip=0xffffffff81296cb1 work=47554 disposition=EmulateVtime
[vmm-core] msr-exit dir=RDMSR exit-reason=KVM_EXIT_X86_RDMSR index=0x3b data=n/a rip=0xffffffff81296cb1 work=8952 disposition=EmulateVtime
[vmm-core] msr-exit dir=RDMSR exit-reason=KVM_EXIT_X86_RDMSR index=0x3b data=n/a rip=0xffffffff81296cb1 work=14285 disposition=EmulateVtime
[vmm-core] msr-exit dir=RDMSR exit-reason=KVM_EXIT_X86_RDMSR index=0x3b data=n/a rip=0xffffffff81296cb1 work=24193 disposition=EmulateVtime
[vmm-core] msr-exit dir=RDMSR exit-reason=KVM_EXIT_X86_RDMSR index=0x3b data=n/a rip=0xffffffff81296cb1 work=7907 disposition=EmulateVtime
[vmm-core] msr-exit dir=RDMSR exit-reason=KVM_EXIT_X86_RDMSR index=0x3b data=n/a rip=0xffffffff81296cb1 work=11355 disposition=EmulateVtime
[vmm-core] msr-exit dir=RDMSR exit-reason=KVM_EXIT_X86_RDMSR index=0x3b data=n/a rip=0xffffffff81296cb1 work=8911 disposition=EmulateVtime
[vmm-core] msr-exit dir=RDMSR exit-reason=KVM_EXIT_X86_RDMSR index=0x3b data=n/a rip=0xffffffff81296cb1 work=7483 disposition=EmulateVtime
[   27.362580] cni0: port 1(veth998d7847) entered blocking state
[   27.362581] cni0: port 1(veth998d7847) entered disabled state
[   27.362585] veth998d7847: entered allmulticast mode
[   27.362596] veth998d7847: entered promiscuous mode
[   27.383395] cni0: port 1(veth998d7847) entered blocking state
[   27.383397] cni0: port 1(veth998d7847) entered forwarding state
[vmm-core] msr-exit dir=RDMSR exit-reason=KVM_EXIT_X86_RDMSR index=0x3b data=n/a rip=0xffffffff81296cb1 work=13522 disposition=EmulateVtime
[vmm-core] msr-exit dir=RDMSR exit-reason=KVM_EXIT_X86_RDMSR index=0x3b data=n/a rip=0xffffffff81296cb1 work=1463234458 disposition=EmulateVtime
[vmm-core] msr-exit dir=RDMSR exit-reason=KVM_EXIT_X86_RDMSR index=0x3b data=n/a rip=0xffffffff81296cb1 work=4602 disposition=EmulateVtime
K8S49: ready: pod/postgres Running
[vmm-core] msr-exit dir=RDMSR exit-reason=KVM_EXIT_X86_RDMSR index=0x3b data=n/a rip=0xffffffff81296cb1 work=133 disposition=EmulateVtime
[vmm-core] msr-exit dir=RDMSR exit-reason=KVM_EXIT_X86_RDMSR index=0x3b data=n/a rip=0xffffffff81296cb1 work=20790 disposition=EmulateVtime
[vmm-core] msr-exit dir=RDMSR exit-reason=KVM_EXIT_X86_RDMSR index=0x3b data=n/a rip=0xffffffff81296cb1 work=35359 disposition=EmulateVtime
[vmm-core] msr-exit dir=RDMSR exit-reason=KVM_EXIT_X86_RDMSR index=0x3b data=n/a rip=0xffffffff81296cb1 work=2761 disposition=EmulateVtime
K8S49: ready: pod/postgres Ready
K8S49: POSTGRES_READY the postgres pod is Running and accepting connections
[   35.550004] cni0: port 2(veth5212c0e8) entered blocking state
[   35.550006] cni0: port 2(veth5212c0e8) entered disabled state
[   35.550009] veth5212c0e8: entered allmulticast mode
[   35.550020] veth5212c0e8: entered promiscuous mode
[   35.570956] cni0: port 2(veth5212c0e8) entered blocking state
[   35.570957] cni0: port 2(veth5212c0e8) entered forwarding state
[vmm-core] msr-exit dir=RDMSR exit-reason=KVM_EXIT_X86_RDMSR index=0x3b data=n/a rip=0xffffffff81296cb1 work=36753804 disposition=EmulateVtime
[vmm-core] msr-exit dir=RDMSR exit-reason=KVM_EXIT_X86_RDMSR index=0x3b data=n/a rip=0xffffffff81296cb1 work=12397 disposition=EmulateVtime
K8S49: ready: pod/client scheduled
[   37.851928] cni0: port 2(veth5212c0e8) entered disabled state
[   37.853017] veth5212c0e8 (unregistering): left allmulticast mode
[   37.853019] veth5212c0e8 (unregistering): left promiscuous mode
[   37.853021] cni0: port 2(veth5212c0e8) entered disabled state
[vmm-core] msr-exit dir=RDMSR exit-reason=KVM_EXIT_X86_RDMSR index=0x3b data=n/a rip=0xffffffff81296cb1 work=13581744 disposition=EmulateVtime
[vmm-core] msr-exit dir=RDMSR exit-reason=KVM_EXIT_X86_RDMSR index=0x3b data=n/a rip=0xffffffff81296cb1 work=1230 disposition=EmulateVtime
K8S49: ready: pod/client terminated
K8S49: client pod terminated: phase=Succeeded
----- BEGIN client pod log (the intra-guest workload output) -----
K8S49: client pod starting; target postgres Service ClusterIP 10.43.0.100:5432 (over the CNI)
K8S49: client connected to the postgres pod over the CNI (ClusterIP 10.43.0.100)
K8S49: workload begin
row|1|1|1|562df7e9-9409-4392-8b5e-ef147fb5a4fd|1999-11-30 00:00:35.745509+00
row|2|2|3|ffc8b13d-80f4-4209-8f56-81dabfe5d8d1|1999-11-30 00:00:35.745671+00
row|3|3|6|b5c4a19c-850e-4ed9-b2e2-3766489decc2|1999-11-30 00:00:35.745732+00
row|4|4|10|15824caa-14c1-4450-a9f5-7421a4b14f05|1999-11-30 00:00:35.745792+00
row|5|5|15|68b84174-1ec2-4f47-b3cf-3f726758e261|1999-11-30 00:00:35.745853+00
row|6|6|21|df36b0f4-6924-4b36-b2f8-bd39caed6777|1999-11-30 00:00:35.745914+00
row|7|7|28|a5b68411-0792-43f9-bfa4-e225c5659e09|1999-11-30 00:00:35.745975+00
row|8|8|36|4e926053-4f9d-47bf-bc21-9517d2d0de1c|1999-11-30 00:00:35.746036+00
row|9|9|45|fa26bc58-e809-4e4b-a1e5-e477c680c198|1999-11-30 00:00:35.746097+00
row|10|10|55|5da02967-3456-4ec5-ba25-91c70094fd5f|1999-11-30 00:00:35.746159+00
row|11|11|66|bdf09292-13fc-47ae-a8f1-e0c05b618328|1999-11-30 00:00:35.746221+00
row|12|12|78|699f0b06-e3a0-4c38-a263-f1611277dec6|1999-11-30 00:00:35.746283+00
row|13|13|91|d8e97667-b9dc-461c-ab19-6cc97a990acc|1999-11-30 00:00:35.746345+00
row|14|14|105|c8669e5f-1144-4c50-94a7-3ee6c40a0710|1999-11-30 00:00:35.746407+00
row|15|15|120|847df880-e837-4343-a9e7-0190e2df365d|1999-11-30 00:00:35.74647+00
row|16|16|136|eec9f2c5-3d79-482d-916a-1545ff846812|1999-11-30 00:00:35.746532+00
row|17|17|153|7185f345-8d4f-4d2d-8932-beb96d9f7a9b|1999-11-30 00:00:35.746595+00
row|18|18|171|caa3f58e-7693-43b5-8ca8-a0b55412344e|1999-11-30 00:00:35.746658+00
row|19|19|190|22471294-40b8-449d-84d9-d0176b64e89a|1999-11-30 00:00:35.746722+00
row|20|20|210|2a50ce18-72c5-4990-a765-32f405f68863|1999-11-30 00:00:35.746785+00
K8S49: workload end
----- END client pod log -----
K8S49: CNI pod IPs: postgres=10.42.0.2 client=10.42.0.3 (pod CIDR 10.42.0.0/16, intra-guest)
----- BEGIN postgres connection log (source IP = client pod IP) -----
[pg 12 10.42.0.1] LOG:  connection received: host=10.42.0.1 port=39520
[pg 13 10.42.0.3] LOG:  connection received: host=10.42.0.3 port=36400
[pg 13 10.42.0.3] LOG:  connection authorized: user=postgres database=postgres application_name=psql
[pg 14 10.42.0.3] LOG:  connection received: host=10.42.0.3 port=36406
[pg 14 10.42.0.3] LOG:  connection authorized: user=postgres database=postgres application_name=psql
[pg 15 10.42.0.1] LOG:  connection received: host=10.42.0.1 port=39532
[pg 16 10.42.0.1] LOG:  connection received: host=10.42.0.1 port=49774
----- END postgres connection log -----
K8S49: boot_id=229ec617-6fea-441e-b83e-85e718a1d1dd
K8S49: result rc=0 (client workload completed over the CNI)
GUEST_READY
[   39.914265] reboot: Restarting system
[   39.914266] reboot: machine restart

[k1] steps=1411233 terminal=Some(Shutdown) cluster_up=true postgres_ready=true client_connected=true workload_done=true final_row=true uuids=20 pod_ips=Some(("10.42.0.2", "10.42.0.3")) conn_log=true GUEST_READY=true step_error=None
[k1] final-row sample: uuid=2a50ce18-72c5-4990-a765-32f405f68863 t=1999-11-30 00:00:35.746785+00
[k1] sample UUID (seed 0x0028c0ffee5eedc0): 2a50ce18-72c5-4990-a765-32f405f68863
[k1] intra-guest CNI: postgres pod 10.42.0.2 <- client pod 10.42.0.3
ok

test result: ok. 1 passed; 0 failed; 0 ignored; 0 measured; 2 filtered out; finished in 788.65s

=== gate rc=0 ===
=== REVERT to stock KVM ===
