=== pre-load lsmod ===
kvm_intel             417792  0
kvm                  1396736  1 kvm_intel
kvm_intel users=0
=== load patched modules ===
loaded: 6.12.90+deb13.1-amd64 SMP preempt mod_unload modversions 
kvm_intel             417792  0
kvm                  1400832  1 kvm_intel
=== run gate (timeout 700s, core 2) ===
warning: unused imports: `KVM_GUESTDBG_ENABLE` and `KVM_GUESTDBG_SINGLESTEP`
  --> consonance/vmm-backend/src/kvm_sys.rs:30:40
   |
30 |     CpuId, KVM_CAP_X86_USER_SPACE_MSR, KVM_GUESTDBG_ENABLE, KVM_GUESTDBG_SINGLESTEP,
   |                                        ^^^^^^^^^^^^^^^^^^^  ^^^^^^^^^^^^^^^^^^^^^^^
   |
   = note: `#[warn(unused_imports)]` (part of `#[warn(unused)]`) on by default

warning: `vmm-backend` (lib) generated 1 warning (run `cargo fix --lib -p vmm-backend` to apply 1 suggestion)
    Finished `test` profile [unoptimized + debuginfo] target(s) in 0.04s
     Running tests/live_k3s_postgres.rs (target/debug/deps/live_k3s_postgres-dac1cb4de2f80664)

running 1 test
test k1_k3s_cluster_postgres_client_streams_patched ... [host-assert] CPU-MSR-CONTRACT §1.1 baseline:
[host-assert]   PASS  family-model-stepping: expected 06_9e_0c, observed 06_9e_0c
[host-assert]   PASS  host-microcode-rev: expected 0x00000000000000f8, observed 0x00000000000000f8
[host-assert]   PASS  mxcsr-mask: expected 0xffff, observed 0xffff
[host-assert]   PASS  maxphyaddr-min: expected >= 39, observed 39
[host-assert]   PASS  rtm-disabled: expected rtm physically absent (the IA32_TSX_CTRL pin is not installed by this skeleton), observed rtm-absent (XBEGIN #UDs; already non-usable)
[host-assert]   PASS  host-absent HRESET: expected absent, observed absent
[host-assert]   PASS  host-absent PCONFIG: expected absent, observed absent
[host-assert]   PASS  host-absent RDPID: expected absent, observed absent
[host-assert]   PASS  host-absent SERIALIZE: expected absent, observed absent
[host-assert]   PASS  host-absent SHA: expected absent, observed absent
[host-assert]   PASS  host-absent TPAUSE: expected absent, observed absent
[host-assert]   PASS  host-absent UMONITOR: expected absent, observed absent
[host-assert]   PASS  host-absent UMWAIT: expected absent, observed absent
[k3s] cmdline: console=ttyS0 panic=-1 reboot=t,force tsc=reliable no_timer_check lpj=4000000 nokaslr maxcpus=1 nox2apic hpet=disable cgroup_no_v1=all ignore_loglevel apic=verbose rdinit=/k3s-init
[telemetry] recording this run to k3s-run.k1.ndjson
[telemetry]   watch it: cargo run -p telemetry --bin console -- --source file:k3s-run.k1.ndjson
[vmm-core] msr-exit dir=RDMSR exit-reason=KVM_EXIT_X86_RDMSR index=0x1a0 data=n/a rip=0x1272418 work=73664636 disposition=AllowFixed(6145)
[vmm-core] msr-exit dir=WRMSR exit-reason=KVM_EXIT_X86_WRMSR index=0x8b data=0x0 rip=0xffffffff8128cdf8 work=73666613 disposition=DenyIgnoreWrite
[vmm-core] msr-exit dir=RDMSR exit-reason=KVM_EXIT_X86_RDMSR index=0x8b data=n/a rip=0xffffffff8128ce03 work=73666613 disposition=AllowFixed(4294967296)
[vmm-core] msr-exit dir=RDMSR exit-reason=KVM_EXIT_X86_RDMSR index=0x17 data=n/a rip=0xffffffff8128ce35 work=73666616 disposition=AllowFixed(0)
[vmm-core] msr-exit dir=RDMSR exit-reason=KVM_EXIT_X86_RDMSR index=0x1a0 data=n/a rip=0xffffffff818810c2 work=73669805 disposition=AllowFixed(6145)
[vmm-core] msr-exit dir=WRMSR exit-reason=KVM_EXIT_X86_WRMSR index=0x8b data=0x0 rip=0xffffffff81287e39 work=73674425 disposition=DenyIgnoreWrite
[vmm-core] msr-exit dir=RDMSR exit-reason=KVM_EXIT_X86_RDMSR index=0x8b data=n/a rip=0xffffffff81287e46 work=73674425 disposition=AllowFixed(4294967296)
[vmm-core] msr-exit dir=RDMSR exit-reason=KVM_EXIT_X86_RDMSR index=0x1a0 data=n/a rip=0xffffffff81287d1c work=73674436 disposition=AllowFixed(6145)
[vmm-core] msr-exit dir=RDMSR exit-reason=KVM_EXIT_X86_RDMSR index=0x10a data=n/a rip=0xffffffff8128444b work=73674608 disposition=AllowFixed(167775241)
[vmm-core] msr-exit dir=RDMSR exit-reason=KVM_EXIT_X86_RDMSR index=0x3b data=n/a rip=0xffffffff81296dc7 work=74104366 disposition=EmulateVtime
[vmm-core] msr-exit dir=RDMSR exit-reason=KVM_EXIT_X86_RDMSR index=0xfe data=n/a rip=0xffffffff82ba3479 work=74109112 disposition=AllowFixed(1288)
[vmm-core] msr-exit dir=RDMSR exit-reason=KVM_EXIT_X86_RDMSR index=0xfe data=n/a rip=0xffffffff8128b422 work=74109122 disposition=AllowFixed(1288)
[vmm-core] msr-exit dir=RDMSR exit-reason=KVM_EXIT_X86_RDMSR index=0x10a data=n/a rip=0xffffffff8128444b work=99138633 disposition=AllowFixed(167775241)
[vmm-core] msr-exit dir=RDMSR exit-reason=KVM_EXIT_X86_RDMSR index=0x1b data=n/a rip=0xffffffff81297a36 work=99138636 disposition=AllowFixed(4276095232)
DIAG-LAPICW off=0x0370 val=0x000100fe now_vns=114225265 work=Some(114233110)
DIAG-LAPICW off=0x0320 val=0x00010000 now_vns=114225265 work=Some(114233110)
DIAG-LAPICW off=0x0350 val=0x00010000 now_vns=114225265 work=Some(114233110)
DIAG-LAPICW off=0x0360 val=0x00010000 now_vns=114225265 work=Some(114233110)
DIAG-LAPICW off=0x0340 val=0x00010000 now_vns=114225265 work=Some(114233111)
DIAG-LAPICW off=0x0330 val=0x00010000 now_vns=114225265 work=Some(114233112)
DIAG-LAPICW off=0x0320 val=0x00010000 now_vns=114225265 work=Some(114233112)
DIAG-LAPICW off=0x0350 val=0x00010000 now_vns=114225265 work=Some(114233112)
DIAG-LAPICW off=0x0360 val=0x00010000 now_vns=114225265 work=Some(114233112)
DIAG-LAPICW off=0x0370 val=0x00010000 now_vns=114225265 work=Some(114233112)
DIAG-LAPICW off=0x0340 val=0x00010000 now_vns=114225265 work=Some(114233113)
DIAG-LAPICW off=0x0280 val=0x00000000 now_vns=114225265 work=Some(114233113)
DIAG-LAPICW off=0x00f0 val=0x000003ff now_vns=114225265 work=Some(114233113)
DIAG-LAPICW off=0x0350 val=0x00000700 now_vns=114225265 work=Some(114233113)
DIAG-LAPICW off=0x0360 val=0x00000400 now_vns=114225265 work=Some(114233114)
[    0.000000] Linux version 6.18.35 (hypervizor@hypervizor) (gcc (Debian 14.2.0-19) 14.2.0, GNU ld (GNU Binutils for Debian) 2.44) #1 SMP Thu Jan  1 00:00:00 UTC 1970
[    0.000000] Command line: console=ttyS0 panic=-1 reboot=t,force tsc=reliable no_timer_check lpj=4000000 nokaslr maxcpus=1 nox2apic hpet=disable cgroup_no_v1=all ignore_loglevel apic=verbose rdinit=/k3s-init
[    0.000000] x86/CPU: Running old microcode
[    0.000000] BIOS-provided physical RAM map:
[    0.000000] BIOS-e820: [mem 0x0000000000000000-0x000000000009ffff] usable
[    0.000000] BIOS-e820: [mem 0x0000000000100000-0x00000000fedfffff] usable
[    0.000000] BIOS-e820: [mem 0x00000000fee00000-0x00000000fee00fff] reserved
[    0.000000] BIOS-e820: [mem 0x00000000fee01000-0x00000003ffffffff] usable
[    0.000000] printk: debug: ignoring loglevel setting.
[    0.000000] NX (Execute Disable) protection: active
[    0.000000] APIC: Static calls initialized
[    0.000000] DMI not present or invalid.
[    0.000000] tsc: Detected 2000.000 MHz processor
[    0.000001] e820: update [mem 0x00000000-0x00000fff] usable ==> reserved
[    0.000002] e820: remove [mem 0x000a0000-0x000fffff] usable
[    0.000004] last_pfn = 0x400000 max_arch_pfn = 0x400000000
[    0.000004] MTRRs disabled by BIOS
[    0.000005] x86/PAT: Configuration [0-7]: WB  WC  UC- UC  WB  WP  UC- WT  
[    0.000005] last_pfn = 0x100000 max_arch_pfn = 0x400000000
[    0.000006] Scan for SMP in [mem 0x00000000-0x000003ff]
[    0.000008] Scan for SMP in [mem 0x0009fc00-0x0009ffff]
[    0.000011] Scan for SMP in [mem 0x000f0000-0x000fffff]
[    0.000597] Using GB pages for direct mapping
[    0.000833] RAMDISK: [mem 0x71bf1000-0x7fffffff]
[    0.000833] ACPI: Early table checksum verification disabled
[    0.000875] ACPI BIOS Error (bug): A valid RSDP was not found (20250807/tbxfroot-222)
[    0.000876] ACPI: Failed to initialize tables, status=0x5 (AE_NOT_FOUND)
[    0.000889] Zone ranges:
[    0.000889]   DMA      [mem 0x0000000000001000-0x0000000000ffffff]
[    0.000890]   DMA32    [mem 0x0000000001000000-0x00000000ffffffff]
[    0.000891]   Normal   [mem 0x0000000100000000-0x00000003ffffffff]
[    0.000892]   Device   empty
[    0.000892] Movable zone start for each node
[    0.000893] Early memory node ranges
[    0.000893]   node   0: [mem 0x0000000000001000-0x000000000009ffff]
[    0.000894]   node   0: [mem 0x0000000000100000-0x00000000fedfffff]
[    0.000895]   node   0: [mem 0x00000000fee01000-0x00000003ffffffff]
[    0.000896] Initmem setup node 0 [mem 0x0000000000001000-0x00000003ffffffff]
[    0.000898] On node 0, zone DMA: 1 pages in unavailable ranges
[    0.000918] On node 0, zone DMA: 96 pages in unavailable ranges
[    0.006160] On node 0, zone DMA32: 1 pages in unavailable ranges
[    0.021945] Mapped APIC to ffffffffff5fd000 (        fee00000)
[    0.021946] CPU topo: Max. logical packages:   1
[    0.021947] CPU topo: Max. logical dies:       1
[    0.021947] CPU topo: Max. dies per package:   1
[    0.021949] CPU topo: Max. threads per core:   1
[    0.021949] CPU topo: Num. cores per package:     1
[    0.021949] CPU topo: Num. threads per package:   1
[    0.021950] CPU topo: Allowing 1 present CPUs plus 0 hotplug CPUs
[    0.021952] Cannot find an available gap in the 32-bit address range
[    0.021952] PCI devices with unassigned 32-bit BARs may not work!
[    0.021952] [mem 0x400100000-0x4004fffff] available for PCI devices
[    0.021953] Booting paravirtualized kernel on bare hardware
[    0.021953] clocksource: refined-jiffies: mask: 0xffffffff max_cycles: 0xffffffff, max_idle_ns: 19112604462750000 ns
[    0.024537] setup_percpu: NR_CPUS:240 nr_cpumask_bits:1 nr_cpu_ids:1 nr_node_ids:1
[    0.024572] percpu: Embedded 39 pages/cpu s127000 r0 d32744 u2097152
[    0.024574] pcpu-alloc: s127000 r0 d32744 u2097152 alloc=1*2097152
[    0.024575] pcpu-alloc: [0] 0 
[    0.024579] Kernel command line: console=ttyS0 panic=-1 reboot=t,force tsc=reliable no_timer_check lpj=4000000 nokaslr maxcpus=1 nox2apic hpet=disable cgroup_no_v1=all ignore_loglevel apic=verbose rdinit=/k3s-init
[    0.024634] random: crng init done
[    0.024635] printk: log buffer data + meta data: 131072 + 458752 = 589824 bytes
[    0.024898] Dentry cache hash table entries: 2097152 (order: 12, 16777216 bytes, linear)
[    0.025030] Inode-cache hash table entries: 1048576 (order: 11, 8388608 bytes, linear)
[    0.025034] software IO TLB: area num 1.
[    0.027178] Built 1 zonelists, mobility grouping on.  Total pages: 4194206
[    0.027179] mem auto-init: stack:all(zero), heap alloc:off, heap free:off
[    0.040099] SLUB: HWalign=64, Order=0-3, MinObjects=0, CPUs=1, Nodes=1
[    0.040115] rcu: Hierarchical RCU implementation.
[    0.040115] rcu: 	RCU event tracing is enabled.
[    0.040116] rcu: 	RCU restricting CPUs from NR_CPUS=240 to nr_cpu_ids=1.
[    0.040116] 	Tracing variant of Tasks RCU enabled.
[    0.040117] rcu: RCU calculated value of scheduler-enlistment delay is 10 jiffies.
[    0.040117] rcu: Adjusting geometry for rcu_fanout_leaf=16, nr_cpu_ids=1
[    0.040119] RCU Tasks Trace: Setting shift to 0 and lim to 1 rcu_task_cb_adjust=1 rcu_task_cpu_ids=1.
[    0.040120] NR_IRQS: 15616, nr_irqs: 32, preallocated irqs: 16
[    0.040254] rcu: srcu_init: Setting srcu_struct sizes based on contention.
[    0.040266] Console: colour dummy device 80x25
[    0.040267] printk: legacy console [ttyS0] enabled
[    0.040327] APIC: ACPI MADT or MP tables are not detected
[    0.040328] APIC: Switch to virtual wire mode setup with no configuration
[    0.040329] Not enabling interrupt remapping due to skipped IO-APIC setup
DIAG-LAPICW off=0x00f0 val=0x000002ff now_vns=114434374 work=Some(114435656)
DIAG-LAPICW off=0x0080 val=0x00000010 now_vns=114434374 work=Some(114435657)
DIAG-LAPICW off=0x00f0 val=0x000003ff now_vns=114434374 work=Some(114435693)
[    0.040331] Enabled ExtINT on CPU#0
DIAG-LAPICW off=0x0350 val=0x00000700 now_vns=114435715 work=Some(114436655)
DIAG-LAPICW off=0x0360 val=0x00000400 now_vns=114435715 work=Some(114436657)
DIAG-LAPICW off=0x0280 val=0x00000000 now_vns=114435715 work=Some(114436662)
DIAG-LAPICW off=0x0370 val=0x000000fe now_vns=114435715 work=Some(114436662)
DIAG-LAPICW off=0x0280 val=0x00000000 now_vns=114435715 work=Some(114436662)
[    0.040332] clocksource: tsc-early: mask: 0xffffffffffffffff max_cycles: 0x39a85c9bff6, max_idle_ns: 881590591483 ns
[vmm-core] msr-exit dir=RDMSR exit-reason=KVM_EXIT_X86_RDMSR index=0x3b data=n/a rip=0xffffffff82b9d57f work=114439133 disposition=EmulateVtime
[    0.040335] Calibrating delay loop (skipped) preset value.. 800.00 BogoMIPS (lpj=4000000)
[vmm-core] msr-exit dir=RDMSR exit-reason=KVM_EXIT_X86_RDMSR index=0x1a0 data=n/a rip=0xffffffff818810c2 work=114441469 disposition=AllowFixed(6145)
[vmm-core] msr-exit dir=WRMSR exit-reason=KVM_EXIT_X86_WRMSR index=0x8b data=0x0 rip=0xffffffff81287e39 work=114441799 disposition=DenyIgnoreWrite
[vmm-core] msr-exit dir=RDMSR exit-reason=KVM_EXIT_X86_RDMSR index=0x8b data=n/a rip=0xffffffff81287e46 work=114441799 disposition=AllowFixed(4294967296)
[vmm-core] msr-exit dir=RDMSR exit-reason=KVM_EXIT_X86_RDMSR index=0x1a0 data=n/a rip=0xffffffff81287d1c work=114441810 disposition=AllowFixed(6145)
[vmm-core] msr-exit dir=RDMSR exit-reason=KVM_EXIT_X86_RDMSR index=0x3a data=n/a rip=0xffffffff812874ee work=114441913 disposition=AllowFixed(1)
[vmm-core] msr-exit dir=RDMSR exit-reason=KVM_EXIT_X86_RDMSR index=0x140 data=n/a rip=0xffffffff81287f65 work=114442217 disposition=DenyGp
[    0.040338] Last level iTLB entries: 4KB 0, 2MB 0, 4MB 0
[    0.040339] Last level dTLB entries: 4KB 0, 2MB 0, 4MB 0, 1GB 0
[vmm-core] msr-exit dir=RDMSR exit-reason=KVM_EXIT_X86_RDMSR index=0x10a data=n/a rip=0xffffffff8128444b work=114446039 disposition=AllowFixed(167775241)
[vmm-core] msr-exit dir=RDMSR exit-reason=KVM_EXIT_X86_RDMSR index=0x10a data=n/a rip=0xffffffff8128444b work=114446111 disposition=AllowFixed(167775241)
[    0.040341] mitigations: Enabled attack vectors: user_kernel, user_user, SMT mitigations: auto
[    0.040344] Speculative Store Bypass: Vulnerable
[    0.040345] SRBDS: Vulnerable: No microcode
[vmm-core] msr-exit dir=RDMSR exit-reason=KVM_EXIT_X86_RDMSR index=0x123 data=n/a rip=0xffffffff81284be2 work=114450862 disposition=DenyGp
[    0.040346] unchecked MSR access error: RDMSR from 0x123 at rIP: 0xffffffff81284be2 (native_read_msr+0x2/0x10)
[    0.040349] Call Trace:
[    0.040350]  <TASK>
[    0.040350]  cpu_select_mitigations+0x969/0x1e40
[    0.040353]  arch_cpu_finalize_init+0xbe/0x140
[    0.040355]  start_kernel+0x54b/0x5d0
[    0.040358]  x86_64_start_reservations+0x20/0x20
[    0.040361]  x86_64_start_kernel+0xc0/0xc0
[    0.040364]  common_startup_64+0x13b/0x148
[    0.040366]  </TASK>
[    0.040367] Spectre V2 : Mitigation: Retpolines
[    0.040368] RETBleed: Vulnerable
[    0.040369] MDS: Vulnerable: Clear CPU buffers attempted, no microcode
[    0.040370] MMIO Stale Data: Vulnerable: Clear CPU buffers attempted, no microcode
[    0.040372] VMSCAPE: Vulnerable
[    0.040373] Spectre V1 : Mitigation: usercopy/swapgs barriers and __user pointer sanitization
[    0.040374] Spectre V2 : Spectre v2 / SpectreRSB: Filling RSB on context switch and VMEXIT
[vmm-core] msr-exit dir=RDMSR exit-reason=KVM_EXIT_X86_RDMSR index=0x123 data=n/a rip=0xffffffff81284e7e work=114481580 disposition=DenyGp
[vmm-core] msr-exit dir=WRMSR exit-reason=KVM_EXIT_X86_WRMSR index=0x123 data=0x0 rip=0xffffffff81284e9c work=114481641 disposition=DenyGp
[    0.040377] unchecked MSR access error: WRMSR to 0x123 (tried to write 0x0000000000000000) at rIP: 0xffffffff81284e9c (update_gds_msr+0x3c/0x80)
[    0.040380] Call Trace:
[    0.040381]  <TASK>
[    0.040382]  cpu_select_mitigations+0x1ae6/0x1e40
[    0.040384]  arch_cpu_finalize_init+0xbe/0x140
[    0.040387]  start_kernel+0x54b/0x5d0
[    0.040390]  x86_64_start_reservations+0x20/0x20
[    0.040392]  x86_64_start_kernel+0xc0/0xc0
[    0.040395]  common_startup_64+0x13b/0x148
[    0.040397]  </TASK>
[vmm-core] msr-exit dir=RDMSR exit-reason=KVM_EXIT_X86_RDMSR index=0x123 data=n/a rip=0xffffffff81284e9e work=114502876 disposition=DenyGp
[    0.040398] GDS: Mitigation: Microcode
[    0.040399] x86/fpu: Supporting XSAVE feature 0x001: 'x87 floating point registers'
[    0.040401] x86/fpu: Supporting XSAVE feature 0x002: 'SSE registers'
[    0.040402] x86/fpu: Supporting XSAVE feature 0x004: 'AVX registers'
[    0.040404] x86/fpu: xstate_offset[2]:  576, xstate_sizes[2]:  256
[    0.040405] x86/fpu: Enabled xstate features 0x7, context size is 832 bytes, using 'standard' format.
[    0.046236] Freeing SMP alternatives memory: 48K
[    0.046237] pid_max: default: 32768 minimum: 301
[    0.046244] LSM: initializing lsm=capability,landlock
[    0.046255] landlock: Up and running.
[    0.046259] Mount-cache hash table entries: 32768 (order: 6, 262144 bytes, linear)
[    0.046261] Mountpoint-cache hash table entries: 32768 (order: 6, 262144 bytes, linear)
[    0.046288] cgroup: Disabling cpuset control group subsystem in v1 mounts
[    0.046291] cgroup: Disabling cpu control group subsystem in v1 mounts
[    0.046293] cgroup: Disabling cpuacct control group subsystem in v1 mounts
[    0.046295] cgroup: Disabling blkio control group subsystem in v1 mounts
[    0.046299] cgroup: Disabling memory control group subsystem in v1 mounts
[    0.046302] cgroup: Disabling devices control group subsystem in v1 mounts
[    0.046303] cgroup: Disabling freezer control group subsystem in v1 mounts
[    0.046305] cgroup: Disabling net_cls control group subsystem in v1 mounts
[    0.046307] cgroup: Disabling perf_event control group subsystem in v1 mounts
[    0.046309] cgroup: Disabling net_prio control group subsystem in v1 mounts
[    0.046311] cgroup: Disabling hugetlb control group subsystem in v1 mounts
[    0.046313] cgroup: Disabling pids control group subsystem in v1 mounts
[    0.046315] cgroup: Disabling rdma control group subsystem in v1 mounts
[    0.046322] smpboot: SMP disabled
[    0.046368] Performance Events: unsupported CPU family 6 model 158 no PMU driver, software events only.
[    0.046372] signal: max sigframe size: 1360
[    0.046379] rcu: Hierarchical SRCU implementation.
[    0.046380] rcu: 	Max phase no-delay instances is 1000.
[    0.046401] smp: Bringing up secondary CPUs ...
[    0.046402] smp: Brought up 1 node, 1 CPU
[    0.046403] smpboot: Total of 1 processors activated (800.00 BogoMIPS)
[    0.046412] Memory: 16152668K/16776824K available (15511K kernel code, 1167K rwdata, 4332K rodata, 2112K init, 2396K bss, 620164K reserved, 0K cma-reserved)
[    0.046622] devtmpfs: initialized
[    0.046631] x86/mm: Memory block size: 128MB
[    0.047061] clocksource: jiffies: mask: 0xffffffff max_cycles: 0xffffffff, max_idle_ns: 19112604462750000 ns
[    0.047064] posixtimers hash table entries: 512 (order: 1, 8192 bytes, linear)
[    0.047066] futex hash table entries: 256 (16384 bytes on 1 NUMA nodes, total 16 KiB, linear).
[    0.047100] NET: Registered PF_NETLINK/PF_ROUTE protocol family
[    0.047137] audit: initializing netlink subsys (disabled)
[    0.047156] thermal_sys: Registered thermal governor 'step_wise'
[    0.047157] audit: type=2000 audit(943920000.000:1): state=initialized audit_enabled=0 res=1
[    0.047161] cpuidle: using governor menu
[    0.047188] PCI: Fatal: No config space access function found
[    0.047228] HugeTLB: registered 1.00 GiB page size, pre-allocated 0 pages
[    0.047230] HugeTLB: 16380 KiB vmemmap can be freed for a 1.00 GiB page
[    0.047232] HugeTLB: registered 2.00 MiB page size, pre-allocated 0 pages
[    0.047233] HugeTLB: 28 KiB vmemmap can be freed for a 2.00 MiB page
[    0.047267] ACPI: Interpreter disabled.
[    0.047270] iommu: Default domain type: Translated
[    0.047272] iommu: DMA domain TLB invalidation policy: lazy mode
[    0.047302] SCSI subsystem initialized
[    0.047306] pps_core: LinuxPPS API ver. 1 registered
[    0.047307] pps_core: Software ver. 5.3.6 - Copyright 2005-2007 Rodolfo Giometti <giometti@linux.it>
[    0.047309] PTP clock support registered
[    0.047380] PCI: System does not support PCI
[    0.047385] vgaarb: loaded
[    0.047401] clocksource: Switched to clocksource tsc-early
[    0.047432] pnp: PnP ACPI: disabled
[    0.047777] NET: Registered PF_INET protocol family
[    0.047784] IP idents hash table entries: 262144 (order: 9, 2097152 bytes, linear)
[    0.048329] tcp_listen_portaddr_hash hash table entries: 8192 (order: 5, 131072 bytes, linear)
[    0.048340] Table-perturb hash table entries: 65536 (order: 6, 262144 bytes, linear)
[    0.048342] TCP established hash table entries: 131072 (order: 8, 1048576 bytes, linear)
[    0.048476] TCP bind hash table entries: 65536 (order: 9, 2097152 bytes, linear)
[    0.048543] TCP: Hash tables configured (established 131072 bind 65536)
[    0.048546] UDP hash table entries: 8192 (order: 7, 524288 bytes, linear)
[    0.048572] UDP-Lite hash table entries: 8192 (order: 7, 524288 bytes, linear)
[    0.048603] NET: Registered PF_UNIX/PF_LOCAL protocol family
[    0.048605] PCI: CLS 0 bytes, default 64
[    0.048607] PCI-DMA: Using software bounce buffering for IO (SWIOTLB)
[    0.048608] software IO TLB: mapped [mem 0x00000000fae00000-0x00000000fee00000] (64MB)
[vmm-core] msr-exit dir=RDMSR exit-reason=KVM_EXIT_X86_RDMSR index=0x606 data=n/a rip=0xffffffff82b91ab4 work=122728017 disposition=DenyGp
[vmm-core] msr-exit dir=RDMSR exit-reason=KVM_EXIT_X86_RDMSR index=0x64e data=n/a rip=0xffffffff81252803 work=122728151 disposition=DenyGp
[vmm-core] msr-exit dir=RDMSR exit-reason=KVM_EXIT_X86_RDMSR index=0x34 data=n/a rip=0xffffffff81252803 work=122728223 disposition=DenyGp
[    0.048640] Trying to unpack rootfs image as initramfs...
[    0.050334] Freeing initrd memory: 233532K
[vmm-core] msr-exit dir=RDMSR exit-reason=KVM_EXIT_X86_RDMSR index=0x3fc data=n/a rip=0xffffffff81252803 work=612075698 disposition=DenyGp
[vmm-core] msr-exit dir=RDMSR exit-reason=KVM_EXIT_X86_RDMSR index=0x3fd data=n/a rip=0xffffffff81252803 work=612075766 disposition=DenyGp
[vmm-core] msr-exit dir=RDMSR exit-reason=KVM_EXIT_X86_RDMSR index=0x3fe data=n/a rip=0xffffffff81252803 work=612075834 disposition=DenyGp
[vmm-core] msr-exit dir=RDMSR exit-reason=KVM_EXIT_X86_RDMSR index=0x60d data=n/a rip=0xffffffff81252803 work=612075904 disposition=DenyGp
[vmm-core] msr-exit dir=RDMSR exit-reason=KVM_EXIT_X86_RDMSR index=0x3f8 data=n/a rip=0xffffffff81252803 work=612075972 disposition=DenyGp
[vmm-core] msr-exit dir=RDMSR exit-reason=KVM_EXIT_X86_RDMSR index=0x3f9 data=n/a rip=0xffffffff81252803 work=612076040 disposition=DenyGp
[vmm-core] msr-exit dir=RDMSR exit-reason=KVM_EXIT_X86_RDMSR index=0x3fa data=n/a rip=0xffffffff81252803 work=612076108 disposition=DenyGp
[vmm-core] msr-exit dir=RDMSR exit-reason=KVM_EXIT_X86_RDMSR index=0x630 data=n/a rip=0xffffffff81252803 work=612076176 disposition=DenyGp
[vmm-core] msr-exit dir=RDMSR exit-reason=KVM_EXIT_X86_RDMSR index=0x631 data=n/a rip=0xffffffff81252803 work=612076244 disposition=DenyGp
[vmm-core] msr-exit dir=RDMSR exit-reason=KVM_EXIT_X86_RDMSR index=0x632 data=n/a rip=0xffffffff81252803 work=612076312 disposition=DenyGp
[    0.050334] clocksource: tsc: mask: 0xffffffffffffffff max_cycles: 0x39a85c9bff6, max_idle_ns: 881590591483 ns
[    0.050334] clocksource: Switched to clocksource tsc
[    0.050334] platform rtc_cmos: registered platform RTC device (no PNP device found)
[    0.050334] workingset: timestamp_bits=46 max_order=22 bucket_order=0
[    0.050334] Key type cifs.spnego registered
[    0.050334] Key type cifs.idmap registered
[    0.050334] fuse: init (API version 7.45)
[    0.050334] SGI XFS with security attributes, scrub, repair, no debug enabled
[    0.050334] 9p: Installing v9fs 9p2000 file system support
[    0.050334] NET: Registered PF_ALG protocol family
[    0.050334] Block layer SCSI generic (bsg) driver version 0.4 loaded (major 249)
[    0.050334] Serial: 8250/16550 driver, 4 ports, IRQ sharing disabled
[    0.050334] serial8250: ttyS0 at I/O 0x3f8 (irq = 4, base_baud = 115200) is a 16450
[    0.050334] brd: module loaded
[    0.050334] loop: module loaded
[    0.050334] tun: Universal TUN/TAP device driver, 1.6
[    0.050334] VFIO - User Level meta-driver version: 0.3
[    0.050334] xt_time: kernel timezone is -0000
[    0.050334] IPVS: Registered protocols (TCP, UDP, SCTP, AH, ESP)
[    0.050334] IPVS: Connection hash table configured (size=4096, memory=32Kbytes)
[    0.050334] IPVS: ipvs loaded.
[    0.050334] IPVS: [rr] scheduler registered.
[    0.050334] IPVS: [wrr] scheduler registered.
[    0.050334] IPVS: [lc] scheduler registered.
[    0.050334] IPVS: [wlc] scheduler registered.
[    0.050334] IPVS: [fo] scheduler registered.
[    0.050334] IPVS: [ovf] scheduler registered.
[    0.050334] IPVS: [lblc] scheduler registered.
[    0.050334] IPVS: [lblcr] scheduler registered.
[    0.050334] IPVS: [dh] scheduler registered.
[    0.050334] IPVS: [sh] scheduler registered.
[    0.050334] IPVS: [sed] scheduler registered.
[    0.050334] IPVS: [nq] scheduler registered.
[    0.050334] IPVS: [sip] pe registered.
[    0.050334] Initializing XFRM netlink socket
[    0.050334] NET: Registered PF_INET6 protocol family
[    0.050334] Segment Routing with IPv6
[    0.050334] In-situ OAM (IOAM) with IPv6
[    0.050334] sit: IPv6, IPv4 and MPLS over IPv4 tunneling driver
[    0.050334] NET: Registered PF_PACKET protocol family
[    0.050334] Bridge firewalling registered
[    0.050334] 9pnet: Installing 9P2000 support
[    0.050334] Key type dns_resolver registered
[    0.050334] NET: Registered PF_VSOCK protocol family
[    0.050334] microcode: Current revision: 0x00000001
[vmm-core] msr-exit dir=WRMSR exit-reason=KVM_EXIT_X86_WRMSR index=0x8b data=0x0 rip=0xffffffff8128cdf8 work=615826498 disposition=DenyIgnoreWrite
[vmm-core] msr-exit dir=RDMSR exit-reason=KVM_EXIT_X86_RDMSR index=0x8b data=n/a rip=0xffffffff8128ce03 work=615826498 disposition=AllowFixed(4294967296)
[vmm-core] msr-exit dir=RDMSR exit-reason=KVM_EXIT_X86_RDMSR index=0x17 data=n/a rip=0xffffffff8128ce35 work=615826501 disposition=AllowFixed(0)
[    0.050334] IPI shorthand broadcast: enabled
[    0.050334] ... APIC ID:      00000000 (0)
[    0.050334] ... APIC VERSION: 00050014
[    0.050334] 0000000000000000000000000000000000000000000000000000000000000000
[    0.050334] 0000000000000000000000000000000000000000000000000000000000000000
[    0.050334] 0000000000000000000000000000000000000000000000000000000000000000
DIAG-LAPICW off=0x0280 val=0x00000000 now_vns=615842716 work=Some(615843787)
[    0.050334] 
[    0.050334] number of MP IRQ sources: 0.
[    0.050334] testing the IO APIC.......................
[    0.050334] IRQ to pin mappings:
[    0.050334] .................................... done.
[    0.050334] sched_clock: Marking stable (40254981, 79781)->(40334762, 0)
[    0.542451] registered taskstats version 1
[    0.543759] alg: No test for fips(ansi_cprng) (fips_ansi_cprng)
[    0.546569] Freeing unused kernel image (initmem) memory: 2112K
[    0.546578] Write protecting the kernel read-only data: 22528k
[    0.546698] Freeing unused kernel image (text/rodata gap) memory: 872K
[    0.546783] Freeing unused kernel image (rodata/data gap) memory: 1812K
[    0.546785] Run /k3s-init as init process
[    0.546786]   with arguments:
[    0.546787]     /k3s-init
[    0.546788]   with environment:
[    0.546789]     HOME=/
[    0.546790]     TERM=linux
DIAG-HLT56 terminal=Hlt IF=true rip=0xffffffff81f178cb now_vns=Some(622313955) prior_idle_resumes=0 | timer_running=false timer_pending=false mode=0 masked=true vector=0 init_count=0 count_at_arm=0 arm_vns=0 apic_enabled=true svr=0x3ff | next_deadline=None deliverable=false peek_irq=None has_deliverable=false work=Some(622314207)
