[    0.000000] Linux version 6.12.90+deb13.1-amd64 (debian-kernel@lists.debian.org) (x86_64-linux-gnu-gcc-14 (Debian 14.2.0-19) 14.2.0, GNU ld (GNU Binutils for Debian) 2.44) #1 SMP PREEMPT_DYNAMIC Debian 6.12.90-2 (2026-05-27)
[    0.000000] Command line: console=ttyS0 rdinit=/init panic=-1 harmony.gates=n2_nested_hammer harmony.env=N2_DEADLINES=100000,N2_SEED=2600001012,N2_PROGRESS=25000
[    0.000000] BIOS-provided physical RAM map:
[    0.000000] BIOS-e820: [mem 0x0000000000000000-0x000000000009fbff] usable
[    0.000000] BIOS-e820: [mem 0x000000000009fc00-0x000000000009ffff] reserved
[    0.000000] BIOS-e820: [mem 0x00000000000f0000-0x00000000000fffff] reserved
[    0.000000] BIOS-e820: [mem 0x0000000000100000-0x000000007ffdefff] usable
[    0.000000] BIOS-e820: [mem 0x000000007ffdf000-0x000000007fffffff] reserved
[    0.000000] BIOS-e820: [mem 0x00000000b0000000-0x00000000bfffffff] reserved
[    0.000000] BIOS-e820: [mem 0x00000000fed1c000-0x00000000fed1ffff] reserved
[    0.000000] BIOS-e820: [mem 0x00000000feffc000-0x00000000feffffff] reserved
[    0.000000] BIOS-e820: [mem 0x00000000fffc0000-0x00000000ffffffff] reserved
[    0.000000] BIOS-e820: [mem 0x0000000100000000-0x000000027fffffff] usable
[    0.000000] NX (Execute Disable) protection: active
[    0.000000] APIC: Static calls initialized
[    0.000000] SMBIOS 2.8 present.
[    0.000000] DMI: QEMU Standard PC (Q35 + ICH9, 2009), BIOS 1.16.3-debian-1.16.3-2 04/01/2014
[    0.000000] DMI: Memory slots populated: 1/1
[    0.000000] Hypervisor detected: KVM
[    0.000000] last_pfn = 0x7ffdf max_arch_pfn = 0x400000000
[    0.000000] kvm-clock: Using msrs 4b564d01 and 4b564d00
[    0.000000] kvm-clock: using sched offset of 161984133 cycles
[    0.000001] clocksource: kvm-clock: mask: 0xffffffffffffffff max_cycles: 0x1cd42e4dffb, max_idle_ns: 881590591483 ns
[    0.000004] tsc: Detected 3599.998 MHz processor
[    0.000754] last_pfn = 0x280000 max_arch_pfn = 0x400000000
[    0.000777] MTRR map: 4 entries (3 fixed + 1 variable; max 19), built from 8 variable MTRRs
[    0.000779] x86/PAT: Configuration [0-7]: WB  WC  UC- UC  WB  WP  UC- WT  
[    0.000809] last_pfn = 0x7ffdf max_arch_pfn = 0x400000000
[    0.005965] found SMP MP-table at [mem 0x000f5480-0x000f548f]
[    0.005976] Using GB pages for direct mapping
[    0.006076] RAMDISK: [mem 0x7b44c000-0x7ffcffff]
[    0.006080] ACPI: Early table checksum verification disabled
[    0.006083] ACPI: RSDP 0x00000000000F52A0 000014 (v00 BOCHS )
[    0.006085] ACPI: RSDT 0x000000007FFE2351 000038 (v01 BOCHS  BXPC     00000001 BXPC 00000001)
[    0.006089] ACPI: FACP 0x000000007FFE2149 0000F4 (v03 BOCHS  BXPC     00000001 BXPC 00000001)
[    0.006093] ACPI: DSDT 0x000000007FFE0040 002109 (v01 BOCHS  BXPC     00000001 BXPC 00000001)
[    0.006095] ACPI: FACS 0x000000007FFE0000 000040
[    0.006097] ACPI: APIC 0x000000007FFE223D 000078 (v03 BOCHS  BXPC     00000001 BXPC 00000001)
[    0.006099] ACPI: HPET 0x000000007FFE22B5 000038 (v01 BOCHS  BXPC     00000001 BXPC 00000001)
[    0.006101] ACPI: MCFG 0x000000007FFE22ED 00003C (v01 BOCHS  BXPC     00000001 BXPC 00000001)
[    0.006103] ACPI: WAET 0x000000007FFE2329 000028 (v01 BOCHS  BXPC     00000001 BXPC 00000001)
[    0.006105] ACPI: Reserving FACP table memory at [mem 0x7ffe2149-0x7ffe223c]
[    0.006105] ACPI: Reserving DSDT table memory at [mem 0x7ffe0040-0x7ffe2148]
[    0.006106] ACPI: Reserving FACS table memory at [mem 0x7ffe0000-0x7ffe003f]
[    0.006106] ACPI: Reserving APIC table memory at [mem 0x7ffe223d-0x7ffe22b4]
[    0.006107] ACPI: Reserving HPET table memory at [mem 0x7ffe22b5-0x7ffe22ec]
[    0.006107] ACPI: Reserving MCFG table memory at [mem 0x7ffe22ed-0x7ffe2328]
[    0.006108] ACPI: Reserving WAET table memory at [mem 0x7ffe2329-0x7ffe2350]
[    0.006426] No NUMA configuration found
[    0.006427] Faking a node at [mem 0x0000000000000000-0x000000027fffffff]
[    0.006433] NODE_DATA(0) allocated [mem 0x27ffd5680-0x27fffffff]
[    0.006711] Zone ranges:
[    0.006711]   DMA      [mem 0x0000000000001000-0x0000000000ffffff]
[    0.006713]   DMA32    [mem 0x0000000001000000-0x00000000ffffffff]
[    0.006713]   Normal   [mem 0x0000000100000000-0x000000027fffffff]
[    0.006714]   Device   empty
[    0.006715] Movable zone start for each node
[    0.006716] Early memory node ranges
[    0.006716]   node   0: [mem 0x0000000000001000-0x000000000009efff]
[    0.006717]   node   0: [mem 0x0000000000100000-0x000000007ffdefff]
[    0.006718]   node   0: [mem 0x0000000100000000-0x000000027fffffff]
[    0.006719] Initmem setup node 0 [mem 0x0000000000001000-0x000000027fffffff]
[    0.006863] On node 0, zone DMA: 1 pages in unavailable ranges
[    0.006875] On node 0, zone DMA: 97 pages in unavailable ranges
[    0.010462] On node 0, zone Normal: 33 pages in unavailable ranges
[    0.010872] ACPI: PM-Timer IO Port: 0x608
[    0.010885] ACPI: LAPIC_NMI (acpi_id[0xff] dfl dfl lint[0x1])
[    0.010911] IOAPIC[0]: apic_id 0, version 17, address 0xfec00000, GSI 0-23
[    0.010914] ACPI: INT_SRC_OVR (bus 0 bus_irq 0 global_irq 2 dfl dfl)
[    0.010915] ACPI: INT_SRC_OVR (bus 0 bus_irq 5 global_irq 5 high level)
[    0.010916] ACPI: INT_SRC_OVR (bus 0 bus_irq 9 global_irq 9 high level)
[    0.010916] ACPI: INT_SRC_OVR (bus 0 bus_irq 10 global_irq 10 high level)
[    0.010917] ACPI: INT_SRC_OVR (bus 0 bus_irq 11 global_irq 11 high level)
[    0.010920] ACPI: Using ACPI (MADT) for SMP configuration information
[    0.010921] ACPI: HPET id: 0x8086a201 base: 0xfed00000
[    0.010924] TSC deadline timer available
[    0.010927] CPU topo: Max. logical packages:   1
[    0.010927] CPU topo: Max. logical dies:       1
[    0.010928] CPU topo: Max. dies per package:   1
[    0.010930] CPU topo: Max. threads per core:   1
[    0.010931] CPU topo: Num. cores per package:     1
[    0.010931] CPU topo: Num. threads per package:   1
[    0.010932] CPU topo: Allowing 1 present CPUs plus 0 hotplug CPUs
[    0.010946] kvm-guest: APIC: eoi() replaced with kvm_guest_apic_eoi_write()
[    0.010962] PM: hibernation: Registered nosave memory: [mem 0x00000000-0x00000fff]
[    0.010964] PM: hibernation: Registered nosave memory: [mem 0x0009f000-0x000fffff]
[    0.010964] PM: hibernation: Registered nosave memory: [mem 0x7ffdf000-0xffffffff]
[    0.010966] [mem 0xc0000000-0xfed1bfff] available for PCI devices
[    0.010966] Booting paravirtualized kernel on KVM
[    0.010968] clocksource: refined-jiffies: mask: 0xffffffff max_cycles: 0xffffffff, max_idle_ns: 7645519600211568 ns
[    0.014354] setup_percpu: NR_CPUS:8192 nr_cpumask_bits:1 nr_cpu_ids:1 nr_node_ids:1
[    0.014582] percpu: Embedded 66 pages/cpu s233472 r8192 d28672 u2097152
[    0.014608] kvm-guest: PV spinlocks disabled, single CPU
[    0.014609] Kernel command line: console=ttyS0 rdinit=/init panic=-1 harmony.gates=n2_nested_hammer harmony.env=N2_DEADLINES=100000,N2_SEED=2600001012,N2_PROGRESS=25000
[    0.014666] random: crng init done
[    0.015475] Dentry cache hash table entries: 1048576 (order: 11, 8388608 bytes, linear)
[    0.015889] Inode-cache hash table entries: 524288 (order: 10, 4194304 bytes, linear)
[    0.015921] Fallback order for Node 0: 0 
[    0.015923] Built 1 zonelists, mobility grouping on.  Total pages: 2097021
[    0.015924] Policy zone: Normal
[    0.015930] mem auto-init: stack:all(zero), heap alloc:on, heap free:off
[    0.015934] software IO TLB: area num 1.
[    0.031672] SLUB: HWalign=64, Order=0-3, MinObjects=0, CPUs=1, Nodes=1
[    0.031693] ftrace: allocating 45769 entries in 179 pages
[    0.037418] ftrace: allocated 179 pages with 5 groups
[    0.037927] Dynamic Preempt: voluntary
[    0.038085] rcu: Preemptible hierarchical RCU implementation.
[    0.038086] rcu: 	RCU restricting CPUs from NR_CPUS=8192 to nr_cpu_ids=1.
[    0.038087] 	Trampoline variant of Tasks RCU enabled.
[    0.038087] 	Rude variant of Tasks RCU enabled.
[    0.038087] 	Tracing variant of Tasks RCU enabled.
[    0.038088] rcu: RCU calculated value of scheduler-enlistment delay is 25 jiffies.
[    0.038088] rcu: Adjusting geometry for rcu_fanout_leaf=16, nr_cpu_ids=1
[    0.038093] RCU Tasks: Setting shift to 0 and lim to 1 rcu_task_cb_adjust=1 rcu_task_cpu_ids=1.
[    0.038094] RCU Tasks Rude: Setting shift to 0 and lim to 1 rcu_task_cb_adjust=1 rcu_task_cpu_ids=1.
[    0.038095] RCU Tasks Trace: Setting shift to 0 and lim to 1 rcu_task_cb_adjust=1 rcu_task_cpu_ids=1.
[    0.041334] NR_IRQS: 524544, nr_irqs: 256, preallocated irqs: 16
[    0.041505] rcu: srcu_init: Setting srcu_struct sizes based on contention.
[    0.053261] Console: colour VGA+ 80x25
[    0.053303] printk: legacy console [ttyS0] enabled
[    0.172901] ACPI: Core revision 20240827
[    0.173650] clocksource: hpet: mask: 0xffffffff max_cycles: 0xffffffff, max_idle_ns: 19112604467 ns
[    0.175175] APIC: Switch to symmetric I/O mode setup
[    0.176101] x2apic enabled
[    0.176702] APIC: Switched APIC routing to: physical x2apic
[    0.178228] ..TIMER: vector=0x30 apic1=0 pin1=2 apic2=-1 pin2=-1
[    0.179158] clocksource: tsc-early: mask: 0xffffffffffffffff max_cycles: 0x33e451ab1a6, max_idle_ns: 440795278720 ns
[    0.180811] Calibrating delay loop (skipped) preset value.. 7199.99 BogoMIPS (lpj=14399992)
[    0.182152] x86/cpu: User Mode Instruction Prevention (UMIP) activated
[    0.183196] Last level iTLB entries: 4KB 0, 2MB 0, 4MB 0
[    0.184811] Last level dTLB entries: 4KB 0, 2MB 0, 4MB 0, 1GB 0
[    0.185716] Spectre V1 : Mitigation: usercopy/swapgs barriers and __user pointer sanitization
[    0.187003] Spectre V2 : Spectre BHI mitigation: SW BHB clearing on syscall and VM exit
[    0.188811] Spectre V2 : Mitigation: IBRS
[    0.189463] Spectre V2 : Spectre v2 / SpectreRSB: Filling RSB on context switch and VMEXIT
[    0.190701] RETBleed: Mitigation: IBRS
[    0.191273] Spectre V2 : mitigation: Enabling conditional Indirect Branch Prediction Barrier
[    0.192542] Speculative Store Bypass: Mitigation: Speculative Store Bypass disabled via prctl
[    0.192814] MDS: Mitigation: Clear CPU buffers
[    0.193491] MMIO Stale Data: Mitigation: Clear CPU buffers
[    0.194319] SRBDS: Unknown: Dependent on hypervisor status
[    0.195149] active return thunk: its_return_thunk
[    0.196811] ITS: Mitigation: Aligned branch/return thunks
[    0.197682] x86/fpu: Supporting XSAVE feature 0x001: 'x87 floating point registers'
[    0.198833] x86/fpu: Supporting XSAVE feature 0x002: 'SSE registers'
[    0.199793] x86/fpu: Supporting XSAVE feature 0x004: 'AVX registers'
[    0.200811] x86/fpu: Supporting XSAVE feature 0x008: 'MPX bounds registers'
[    0.201870] x86/fpu: Supporting XSAVE feature 0x010: 'MPX CSR'
[    0.202751] x86/fpu: xstate_offset[2]:  576, xstate_sizes[2]:  256
[    0.203683] x86/fpu: xstate_offset[3]:  832, xstate_sizes[3]:   64
[    0.204811] x86/fpu: xstate_offset[4]:  896, xstate_sizes[4]:   64
[    0.205750] x86/fpu: Enabled xstate features 0x1f, context size is 960 bytes, using 'compacted' format.
[    0.237364] Freeing SMP alternatives memory: 40K
[    0.238074] pid_max: default: 32768 minimum: 301
[    0.238801] LSM: initializing lsm=lockdown,capability,landlock,yama,apparmor,tomoyo,bpf,ipe,ima,evm
[    0.240207] landlock: Up and running.
[    0.240768] Yama: disabled by default; enable with sysctl kernel.yama.*
[    0.240866] AppArmor: AppArmor initialized
[    0.241505] TOMOYO Linux initialized
[    0.242177] LSM support for eBPF active
[    0.242809] Mount-cache hash table entries: 16384 (order: 5, 131072 bytes, linear)
[    0.244814] Mountpoint-cache hash table entries: 16384 (order: 5, 131072 bytes, linear)
[    0.246221] smpboot: CPU0: Intel(R) Core(TM) i9-9900K CPU @ 3.60GHz (family: 0x6, model: 0x9e, stepping: 0xc)
[    0.247861] Performance Events: Skylake events, full-width counters, Intel PMU driver.
[    0.248809] ... version:                2
[    0.248809] ... bit width:              48
[    0.248812] ... generic registers:      4
[    0.249426] ... value mask:             0000ffffffffffff
[    0.250231] ... max period:             00007fffffffffff
[    0.251037] ... fixed-purpose events:   3
[    0.251671] ... event mask:             000000070000000f
[    0.252538] signal: max sigframe size: 2032
[    0.252833] rcu: Hierarchical SRCU implementation.
[    0.253564] rcu: 	Max phase no-delay instances is 1000.
[    0.257014] smp: Bringing up secondary CPUs ...
[    0.257721] smp: Brought up 1 node, 1 CPU
[    0.258342] smpboot: Total of 1 processors activated (7199.99 BogoMIPS)
[    0.272121] node 0 deferred pages initialised in 12ms
[    0.272833] Memory: 8051068K/8388084K available (16384K kernel code, 2497K rwdata, 11808K rodata, 4164K init, 4916K bss, 333212K reserved, 0K cma-reserved)
[    0.275234] devtmpfs: initialized
[    0.275776] x86/mm: Memory block size: 128MB
[    0.277022] clocksource: jiffies: mask: 0xffffffff max_cycles: 0xffffffff, max_idle_ns: 7645041785100000 ns
[    0.278506] futex hash table entries: 256 (order: 2, 16384 bytes, linear)
[    0.279596] pinctrl core: initialized pinctrl subsystem
[    0.280772] NET: Registered PF_NETLINK/PF_ROUTE protocol family
[    0.280920] DMA: preallocated 1024 KiB GFP_KERNEL pool for atomic allocations
[    0.282064] DMA: preallocated 1024 KiB GFP_KERNEL|GFP_DMA pool for atomic allocations
[    0.283418] DMA: preallocated 1024 KiB GFP_KERNEL|GFP_DMA32 pool for atomic allocations
[    0.284635] audit: initializing netlink subsys (disabled)
[    0.284838] audit: type=2000 audit(1783925889.361:1): state=initialized audit_enabled=0 res=1
[    0.286222] thermal_sys: Registered thermal governor 'fair_share'
[    0.286223] thermal_sys: Registered thermal governor 'bang_bang'
[    0.287151] thermal_sys: Registered thermal governor 'step_wise'
[    0.288066] thermal_sys: Registered thermal governor 'user_space'
[    0.288816] thermal_sys: Registered thermal governor 'power_allocator'
[    0.289769] cpuidle: using governor ladder
[    0.291394] cpuidle: using governor menu
[    0.292034] acpiphp: ACPI Hot Plug PCI Controller Driver version: 0.5
[    0.292932] PCI: ECAM [mem 0xb0000000-0xbfffffff] (base 0xb0000000) for domain 0000 [bus 00-ff]
[    0.294258] PCI: ECAM [mem 0xb0000000-0xbfffffff] reserved as E820 entry
[    0.295286] PCI: Using configuration type 1 for base access
[    0.296222] kprobes: kprobe jump-optimization is enabled. All kprobes are optimized if possible.
[    0.317161] HugeTLB: registered 1.00 GiB page size, pre-allocated 0 pages
[    0.318194] HugeTLB: 16380 KiB vmemmap can be freed for a 1.00 GiB page
[    0.319195] HugeTLB: registered 2.00 MiB page size, pre-allocated 0 pages
[    0.320231] HugeTLB: 28 KiB vmemmap can be freed for a 2.00 MiB page
[    0.325174] ACPI: Added _OSI(Module Device)
[    0.325825] ACPI: Added _OSI(Processor Device)
[    0.326506] ACPI: Added _OSI(Processor Aggregator Device)
[    0.328012] ACPI: 1 ACPI AML tables successfully acquired and loaded
[    0.331261] ACPI: Interpreter enabled
[    0.332047] ACPI: PM: (supports S0 S3 S4 S5)
[    0.332702] ACPI: Using IOAPIC for interrupt routing
[    0.332826] PCI: Using host bridge windows from ACPI; if necessary, use "pci=nocrs" and report a bug
[    0.334201] PCI: Using E820 reservations for host bridge windows
[    0.335252] ACPI: Enabled 2 GPEs in block 00 to 3F
[    0.337489] ACPI: PCI Root Bridge [PCI0] (domain 0000 [bus 00-ff])
[    0.338435] acpi PNP0A08:00: _OSC: OS supports [ExtendedConfig ASPM ClockPM Segments MSI HPX-Type3]
[    0.339916] acpi PNP0A08:00: _OSC: platform does not support [PCIeHotplug LTR]
[    0.340852] acpi PNP0A08:00: _OSC: OS now controls [SHPCHotplug PME AER PCIeCapability]
[    0.342182] PCI host bridge to bus 0000:00
[    0.342868] pci_bus 0000:00: root bus resource [io  0x0000-0x0cf7 window]
[    0.343901] pci_bus 0000:00: root bus resource [io  0x0d00-0xffff window]
[    0.344812] pci_bus 0000:00: root bus resource [mem 0x000a0000-0x000bffff window]
[    0.345949] pci_bus 0000:00: root bus resource [mem 0x80000000-0xafffffff window]
[    0.347139] pci_bus 0000:00: root bus resource [mem 0xc0000000-0xfebfffff window]
[    0.348271] pci_bus 0000:00: root bus resource [mem 0x280000000-0xa7fffffff window]
[    0.348812] pci_bus 0000:00: root bus resource [bus 00-ff]
[    0.349740] pci 0000:00:00.0: [8086:29c0] type 00 class 0x060000 conventional PCI endpoint
[    0.351716] pci 0000:00:01.0: [1234:1111] type 00 class 0x030000 conventional PCI endpoint
[    0.354203] pci 0000:00:01.0: BAR 0 [mem 0xfd000000-0xfdffffff pref]
[    0.356855] pci 0000:00:01.0: BAR 2 [mem 0xfebd4000-0xfebd4fff]
[    0.361075] pci 0000:00:01.0: ROM [mem 0xfebc0000-0xfebcffff pref]
[    0.362207] pci 0000:00:01.0: Video device with shadowed ROM at [mem 0x000c0000-0x000dffff]
[    0.363817] pci 0000:00:02.0: [8086:10d3] type 00 class 0x020000 PCIe Root Complex Integrated Endpoint
[    0.365432] pci 0000:00:02.0: BAR 0 [mem 0xfeb80000-0xfeb9ffff]
[    0.366942] pci 0000:00:02.0: BAR 1 [mem 0xfeba0000-0xfebbffff]
[    0.368812] pci 0000:00:02.0: BAR 2 [io  0xc040-0xc05f]
[    0.370681] pci 0000:00:02.0: BAR 3 [mem 0xfebd0000-0xfebd3fff]
[    0.372812] pci 0000:00:02.0: ROM [mem 0xfeb40000-0xfeb7ffff pref]
[    0.373826] pci 0000:00:02.0: enabling Extended Tags
[    0.375643] pci 0000:00:1f.0: [8086:2918] type 00 class 0x060100 conventional PCI endpoint
[    0.377333] pci 0000:00:1f.0: quirk: [io  0x0600-0x067f] claimed by ICH6 ACPI/GPIO/TCO
[    0.378793] pci 0000:00:1f.2: [8086:2922] type 00 class 0x010601 conventional PCI endpoint
[    0.381970] pci 0000:00:1f.2: BAR 4 [io  0xc060-0xc07f]
[    0.383036] pci 0000:00:1f.2: BAR 5 [mem 0xfebd5000-0xfebd5fff]
[    0.384643] pci 0000:00:1f.3: [8086:2930] type 00 class 0x0c0500 conventional PCI endpoint
[    0.386352] pci 0000:00:1f.3: BAR 4 [io  0x0700-0x073f]
[    0.389230] ACPI: PCI: Interrupt link LNKA configured for IRQ 10
[    0.390631] ACPI: PCI: Interrupt link LNKB configured for IRQ 10
[    0.391676] ACPI: PCI: Interrupt link LNKC configured for IRQ 11
[    0.392661] ACPI: PCI: Interrupt link LNKD configured for IRQ 11
[    0.392883] ACPI: PCI: Interrupt link LNKE configured for IRQ 10
[    0.393863] ACPI: PCI: Interrupt link LNKF configured for IRQ 10
[    0.394893] ACPI: PCI: Interrupt link LNKG configured for IRQ 11
[    0.395872] ACPI: PCI: Interrupt link LNKH configured for IRQ 11
[    0.396812] ACPI: PCI: Interrupt link GSIA configured for IRQ 16
[    0.397730] ACPI: PCI: Interrupt link GSIB configured for IRQ 17
[    0.398663] ACPI: PCI: Interrupt link GSIC configured for IRQ 18
[    0.399637] ACPI: PCI: Interrupt link GSID configured for IRQ 19
[    0.400561] ACPI: PCI: Interrupt link GSIE configured for IRQ 20
[    0.400818] ACPI: PCI: Interrupt link GSIF configured for IRQ 21
[    0.401750] ACPI: PCI: Interrupt link GSIG configured for IRQ 22
[    0.402707] ACPI: PCI: Interrupt link GSIH configured for IRQ 23
[    0.403975] iommu: Default domain type: Translated
[    0.404705] iommu: DMA domain TLB invalidation policy: lazy mode
[    0.404929] pps_core: LinuxPPS API ver. 1 registered
[    0.405694] pps_core: Software ver. 5.3.6 - Copyright 2005-2007 Rodolfo Giometti <giometti@linux.it>
[    0.407075] PTP clock support registered
[    0.407685] EDAC MC: Ver: 3.0.0
[    0.408599] NetLabel: Initializing
[    0.408811] NetLabel:  domain hash size = 128
[    0.409727] NetLabel:  protocols = UNLABELED CIPSOv4 CALIPSO
[    0.410605] NetLabel:  unlabeled traffic allowed by default
[    0.411453] PCI: Using ACPI for IRQ routing
[    0.481132] pci 0000:00:01.0: vgaarb: setting as boot VGA device
[    0.482037] pci 0000:00:01.0: vgaarb: bridge control possible
[    0.482894] pci 0000:00:01.0: vgaarb: VGA device added: decodes=io+mem,owns=io+mem,locks=none
[    0.484162] vgaarb: loaded
[    0.484629] hpet0: at MMIO 0xfed00000, IRQs 2, 8, 0
[    0.484811] hpet0: 3 comparators, 64-bit 100.000000 MHz counter
[    0.488836] clocksource: Switched to clocksource kvm-clock
[    0.490231] VFS: Disk quotas dquot_6.6.0
[    0.490835] VFS: Dquot-cache hash table entries: 512 (order 0, 4096 bytes)
[    0.491997] AppArmor: AppArmor Filesystem Enabled
[    0.492779] pnp: PnP ACPI init
[    0.493381] system 00:05: [mem 0xb0000000-0xbfffffff window] has been reserved
[    0.494653] pnp: PnP ACPI: found 6 devices
[    0.500717] clocksource: acpi_pm: mask: 0xffffff max_cycles: 0xffffff, max_idle_ns: 2085701024 ns
[    0.502088] NET: Registered PF_INET protocol family
[    0.503007] IP idents hash table entries: 131072 (order: 8, 1048576 bytes, linear)
[    0.512848] tcp_listen_portaddr_hash hash table entries: 4096 (order: 4, 65536 bytes, linear)
[    0.514124] Table-perturb hash table entries: 65536 (order: 6, 262144 bytes, linear)
[    0.515286] TCP established hash table entries: 65536 (order: 7, 524288 bytes, linear)
[    0.516742] TCP bind hash table entries: 65536 (order: 9, 2097152 bytes, linear)
[    0.517988] TCP: Hash tables configured (established 65536 bind 65536)
[    0.518999] MPTCP token hash table entries: 8192 (order: 6, 196608 bytes, linear)
[    0.520165] UDP hash table entries: 4096 (order: 5, 131072 bytes, linear)
[    0.521265] UDP-Lite hash table entries: 4096 (order: 5, 131072 bytes, linear)
[    0.522377] NET: Registered PF_UNIX/PF_LOCAL protocol family
[    0.523233] NET: Registered PF_XDP protocol family
[    0.523991] pci_bus 0000:00: resource 4 [io  0x0000-0x0cf7 window]
[    0.524972] pci_bus 0000:00: resource 5 [io  0x0d00-0xffff window]
[    0.525895] pci_bus 0000:00: resource 6 [mem 0x000a0000-0x000bffff window]
[    0.526913] pci_bus 0000:00: resource 7 [mem 0x80000000-0xafffffff window]
[    0.527962] pci_bus 0000:00: resource 8 [mem 0xc0000000-0xfebfffff window]
[    0.529056] pci_bus 0000:00: resource 9 [mem 0x280000000-0xa7fffffff window]
[    0.530177] PCI: CLS 0 bytes, default 64
[    0.530861] Trying to unpack rootfs image as initramfs...
[    0.535431] PCI-DMA: Using software bounce buffering for IO (SWIOTLB)
[    0.536458] software IO TLB: mapped [mem 0x000000007744c000-0x000000007b44c000] (64MB)
[    0.537679] clocksource: tsc: mask: 0xffffffffffffffff max_cycles: 0x33e451ab1a6, max_idle_ns: 440795278720 ns
[    0.543453] Initialise system trusted keyrings
[    0.544157] Key type blacklist registered
[    0.544831] workingset: timestamp_bits=36 max_order=21 bucket_order=0
[    0.545798] zbud: loaded
[    0.546262] fuse: init (API version 7.41)
[    0.547428] integrity: Platform Keyring initialized
[    0.548190] integrity: Machine keyring initialized
[    0.571335] Key type asymmetric registered
[    0.571990] Asymmetric key parser 'x509' registered
[    0.898410] Freeing initrd memory: 77328K
[    0.899588] Block layer SCSI generic (bsg) driver version 0.4 loaded (major 246)
[    0.900771] io scheduler mq-deadline registered
[    0.902254] ledtrig-cpu: registered to indicate activity on CPUs
[    0.903185] shpchp: Standard Hot Plug PCI Controller Driver version: 0.4
[    0.904380] Serial: 8250/16550 driver, 4 ports, IRQ sharing enabled
[    0.905687] 00:03: ttyS0 at I/O 0x3f8 (irq = 4, base_baud = 115200) is a 16550A
[    0.907171] Linux agpgart interface v0.103
[    0.908021] i8042: PNP: PS/2 Controller [PNP0303:KBD,PNP0f13:MOU] at 0x60,0x64 irq 1,12
[    0.909895] serio: i8042 KBD port at 0x60,0x64 irq 1
[    0.910644] serio: i8042 AUX port at 0x60,0x64 irq 12
[    0.911482] mousedev: PS/2 mouse device common for all mice
[    0.912604] input: AT Translated Set 2 keyboard as /devices/platform/i8042/serio0/input/input0
[    0.914096] rtc_cmos 00:04: RTC can wake from S4
[    0.915255] rtc_cmos 00:04: registered as rtc0
[    0.916028] rtc_cmos 00:04: setting system clock to 2026-07-13T06:58:10 UTC (1783925890)
[    0.917300] rtc_cmos 00:04: alarms up to one day, y3k, 242 bytes nvram, hpet irqs
[    0.918424] intel_pstate: CPU model not supported
[    0.919741] NET: Registered PF_INET6 protocol family
[    0.921066] Segment Routing with IPv6
[    0.921628] In-situ OAM (IOAM) with IPv6
[    0.922235] mip6: Mobile IPv6
[    0.922695] NET: Registered PF_PACKET protocol family
[    0.923480] mpls_gso: MPLS GSO support
[    0.924154] IPI shorthand broadcast: enabled
[    0.926106] sched_clock: Marking stable (792157618, 131298055)->(934869854, -11414181)
[    0.927363] registered taskstats version 1
[    0.928077] Loading compiled-in X.509 certificates
[    0.940487] Loaded X.509 cert 'Build time autogenerated kernel key: e87b99600394fc77ba6018a2cc6a68db4bb86ee6'
[    0.943179] Demotion targets for Node 0: null
[    0.943899] Key type .fscrypt registered
[    0.944559] Key type fscrypt-provisioning registered
[    0.945791] Key type encrypted registered
[    0.946423] AppArmor: AppArmor sha256 policy hashing enabled
[    0.947284] ima: No TPM chip found, activating TPM-bypass!
[    0.948143] ima: Allocated hash algorithm: sha256
[    0.948910] ima: No architecture policies found
[    0.949607] evm: Initialising EVM extended attributes:
[    0.950381] evm: security.selinux
[    0.950887] evm: security.SMACK64 (disabled)
[    0.951543] evm: security.SMACK64EXEC (disabled)
[    0.952319] evm: security.SMACK64TRANSMUTE (disabled)
[    0.953078] evm: security.SMACK64MMAP (disabled)
[    0.953776] evm: security.apparmor
[    0.954295] evm: security.ima
[    0.954750] evm: security.capability
[    0.955295] evm: HMAC attrs: 0x1
[    0.982963] RAS: Correctable Errors collector initialized.
[    0.993073] clk: Disabling unused clocks
[    0.993681] PM: genpd: Disabling unused power domains
[    0.995357] Freeing unused decrypted memory: 2028K
[    0.996168] Freeing unused kernel image (initmem) memory: 4164K
[    0.996828] Write protecting the kernel read-only data: 28672k
[    0.997639] Freeing unused kernel image (rodata/data gap) memory: 480K
[    1.029297] x86/mm: Checked W+X mappings: passed, no W+X pages found.
[    1.063305] Run /init as init process
NESTED_X86_L1_BOOT_OK
Linux (none) 6.12.90+deb13.1-amd64 #1 SMP PREEMPT_DYNAMIC Debian 6.12.90-2 (2026-05-27) x86_64 GNU/Linux
              total        used        free      shared  buff/cache   available
Mem:           7948          53        7754         141         141        7617
console=ttyS0 rdinit=/init panic=-1 harmony.gates=n2_nested_hammer harmony.env=N2_DEADLINES=100000,N2_SEED=2600001012,N2_PROGRESS=25000
msr: loaded
irqbypass: loaded
[    1.091732] kvm: loading out-of-tree module taints kernel.
[    1.092373] kvm: module verification failed: signature and/or required key missing - tainting kernel
kvm(PATCHED): loaded
kvm-intel(PATCHED): loaded
L1_DEV_KVM_PRESENT
NESTED_X86_L2_PIN_CHECK_BEGIN
f06a34a79010a8f2cc8226dc629cc8fb049740016f035f53e3f2e53d9a30dd41  guest/build/bzImage
3c4a7f2f0db4b59aaf4dee55d43a42c57fc0d10ac25441de88128c61be0778c2  guest/build/initramfs-postgres.cpio.gz
NESTED_X86_L2_PIN_CHECK_END
ENV N2_DEADLINES=100000
ENV N2_SEED=2600001012
ENV N2_PROGRESS=25000
NESTED_X86_GATE_BEGIN n2_nested_hammer 

running 1 test
test n2_deadline_hammer ... N2JSON {"event":"start","total":100000,"seed":2600001012,"backend":"PatchedKvmBackend","pid":148}
[    2.301647] perf: interrupt took too long (2518 > 2500), lowering kernel.perf_event_max_sample_rate to 79250
[    2.622091] perf: interrupt took too long (3179 > 3147), lowering kernel.perf_event_max_sample_rate to 62750
[    3.095016] perf: interrupt took too long (3982 > 3973), lowering kernel.perf_event_max_sample_rate to 50000
[    3.848845] perf: interrupt took too long (4989 > 4977), lowering kernel.perf_event_max_sample_rate to 40000
[    5.173496] perf: interrupt took too long (6238 > 6236), lowering kernel.perf_event_max_sample_rate to 32000
[   10.355096] perf: interrupt took too long (7799 > 7797), lowering kernel.perf_event_max_sample_rate to 25500
N2JSON {"event":"progress","armed":25000,"exact":25000,"oracle_ok":25000,"mismatches":0,"record_violations":0,"records":{"samples":13779,"lost":0,"throttle":0,"other":0}}
N2JSON {"event":"progress","armed":50000,"exact":50000,"oracle_ok":50000,"mismatches":0,"record_violations":0,"records":{"samples":27618,"lost":0,"throttle":0,"other":0}}
N2JSON {"event":"progress","armed":75000,"exact":75000,"oracle_ok":75000,"mismatches":0,"record_violations":0,"records":{"samples":41331,"lost":0,"throttle":0,"other":0}}
N2JSON {"event":"progress","armed":100000,"exact":100000,"oracle_ok":100000,"mismatches":0,"record_violations":0,"records":{"samples":55206,"lost":0,"throttle":0,"other":0}}
N2JSON {"event":"summary","armed":100000,"exact":100000,"oracle_ok":100000,"mismatches":0,"record_violations":0,"final_work":1750313983,"records":{"samples":55206,"lost":0,"throttle":0,"other":0}}
ok

test result: ok. 1 passed; 0 failed; 0 ignored; 0 measured; 1 filtered out; finished in 1163.36s

NESTED_X86_GATE_RC n2_nested_hammer rc=0
NESTED_X86_GATE_END n2_nested_hammer
--- L1 dmesg tail (kvm/vmx/pmu/perf) ---
[    0.000000] Hypervisor detected: KVM
[    0.000000] kvm-clock: Using msrs 4b564d01 and 4b564d00
[    0.000000] kvm-clock: using sched offset of 161984133 cycles
[    0.000001] clocksource: kvm-clock: mask: 0xffffffffffffffff max_cycles: 0x1cd42e4dffb, max_idle_ns: 881590591483 ns
[    0.010946] kvm-guest: APIC: eoi() replaced with kvm_guest_apic_eoi_write()
[    0.010966] Booting paravirtualized kernel on KVM
[    0.014608] kvm-guest: PV spinlocks disabled, single CPU
[    0.247861] Performance Events: Skylake events, full-width counters, Intel PMU driver.
[    0.488836] clocksource: Switched to clocksource kvm-clock
[    1.091732] kvm: loading out-of-tree module taints kernel.
[    1.092373] kvm: module verification failed: signature and/or required key missing - tainting kernel
[    2.301647] perf: interrupt took too long (2518 > 2500), lowering kernel.perf_event_max_sample_rate to 79250
[    2.622091] perf: interrupt took too long (3179 > 3147), lowering kernel.perf_event_max_sample_rate to 62750
[    3.095016] perf: interrupt took too long (3982 > 3973), lowering kernel.perf_event_max_sample_rate to 50000
[    3.848845] perf: interrupt took too long (4989 > 4977), lowering kernel.perf_event_max_sample_rate to 40000
[    5.173496] perf: interrupt took too long (6238 > 6236), lowering kernel.perf_event_max_sample_rate to 32000
[   10.355096] perf: interrupt took too long (7799 > 7797), lowering kernel.perf_event_max_sample_rate to 25500
NESTED_X86_GATES_FAILED 0
NESTED_X86_L1_DONE
[ 1164.710475] ACPI: PM: Preparing to enter system sleep state S5
[ 1164.711159] kvm: exiting hardware virtualization
[ 1164.711683] reboot: Power down
