[    0.000000] Linux version 6.12.90+deb13.1-amd64 (debian-kernel@lists.debian.org) (x86_64-linux-gnu-gcc-14 (Debian 14.2.0-19) 14.2.0, GNU ld (GNU Binutils for Debian) 2.44) #1 SMP PREEMPT_DYNAMIC Debian 6.12.90-2 (2026-05-27)
[    0.000000] Command line: console=ttyS0 rdinit=/init panic=-1 harmony.gates=n2_nested_hammer harmony.env=N2_DEADLINES=400000,N2_SEED=1600065574,N2_PROGRESS=25000
[    0.000000] BIOS-provided physical RAM map:
[    0.000000] BIOS-e820: [mem 0x0000000000000000-0x000000000009fbff] usable
[    0.000000] BIOS-e820: [mem 0x000000000009fc00-0x000000000009ffff] reserved
[    0.000000] BIOS-e820: [mem 0x00000000000f0000-0x00000000000fffff] reserved
[    0.000000] BIOS-e820: [mem 0x0000000000100000-0x000000007ffdefff] usable
[    0.000000] BIOS-e820: [mem 0x000000007ffdf000-0x000000007fffffff] reserved
[    0.000000] BIOS-e820: [mem 0x00000000b0000000-0x00000000bfffffff] reserved
[    0.000000] BIOS-e820: [mem 0x00000000fed1c000-0x00000000fed1ffff] reserved
[    0.000000] BIOS-e820: [mem 0x00000000feffc000-0x00000000feffffff] reserved
[    0.000000] BIOS-e820: [mem 0x00000000fffc0000-0x00000000ffffffff] reserved
[    0.000000] BIOS-e820: [mem 0x0000000100000000-0x000000027fffffff] usable
[    0.000000] NX (Execute Disable) protection: active
[    0.000000] APIC: Static calls initialized
[    0.000000] SMBIOS 2.8 present.
[    0.000000] DMI: QEMU Standard PC (Q35 + ICH9, 2009), BIOS 1.16.3-debian-1.16.3-2 04/01/2014
[    0.000000] DMI: Memory slots populated: 1/1
[    0.000000] Hypervisor detected: KVM
[    0.000000] last_pfn = 0x7ffdf max_arch_pfn = 0x400000000
[    0.000000] kvm-clock: Using msrs 4b564d01 and 4b564d00
[    0.000000] kvm-clock: using sched offset of 159790672 cycles
[    0.000001] clocksource: kvm-clock: mask: 0xffffffffffffffff max_cycles: 0x1cd42e4dffb, max_idle_ns: 881590591483 ns
[    0.000003] tsc: Detected 3599.998 MHz processor
[    0.000740] last_pfn = 0x280000 max_arch_pfn = 0x400000000
[    0.000761] MTRR map: 4 entries (3 fixed + 1 variable; max 19), built from 8 variable MTRRs
[    0.000763] x86/PAT: Configuration [0-7]: WB  WC  UC- UC  WB  WP  UC- WT  
[    0.000792] last_pfn = 0x7ffdf max_arch_pfn = 0x400000000
[    0.005839] found SMP MP-table at [mem 0x000f5480-0x000f548f]
[    0.005850] Using GB pages for direct mapping
[    0.006051] RAMDISK: [mem 0x79c87000-0x7ffcffff]
[    0.006054] ACPI: Early table checksum verification disabled
[    0.006056] ACPI: RSDP 0x00000000000F52A0 000014 (v00 BOCHS )
[    0.006059] ACPI: RSDT 0x000000007FFE2351 000038 (v01 BOCHS  BXPC     00000001 BXPC 00000001)
[    0.006064] ACPI: FACP 0x000000007FFE2149 0000F4 (v03 BOCHS  BXPC     00000001 BXPC 00000001)
[    0.006067] ACPI: DSDT 0x000000007FFE0040 002109 (v01 BOCHS  BXPC     00000001 BXPC 00000001)
[    0.006070] ACPI: FACS 0x000000007FFE0000 000040
[    0.006072] ACPI: APIC 0x000000007FFE223D 000078 (v03 BOCHS  BXPC     00000001 BXPC 00000001)
[    0.006074] ACPI: HPET 0x000000007FFE22B5 000038 (v01 BOCHS  BXPC     00000001 BXPC 00000001)
[    0.006076] ACPI: MCFG 0x000000007FFE22ED 00003C (v01 BOCHS  BXPC     00000001 BXPC 00000001)
[    0.006078] ACPI: WAET 0x000000007FFE2329 000028 (v01 BOCHS  BXPC     00000001 BXPC 00000001)
[    0.006080] ACPI: Reserving FACP table memory at [mem 0x7ffe2149-0x7ffe223c]
[    0.006080] ACPI: Reserving DSDT table memory at [mem 0x7ffe0040-0x7ffe2148]
[    0.006081] ACPI: Reserving FACS table memory at [mem 0x7ffe0000-0x7ffe003f]
[    0.006081] ACPI: Reserving APIC table memory at [mem 0x7ffe223d-0x7ffe22b4]
[    0.006082] ACPI: Reserving HPET table memory at [mem 0x7ffe22b5-0x7ffe22ec]
[    0.006082] ACPI: Reserving MCFG table memory at [mem 0x7ffe22ed-0x7ffe2328]
[    0.006083] ACPI: Reserving WAET table memory at [mem 0x7ffe2329-0x7ffe2350]
[    0.006398] No NUMA configuration found
[    0.006399] Faking a node at [mem 0x0000000000000000-0x000000027fffffff]
[    0.006405] NODE_DATA(0) allocated [mem 0x27ffd3680-0x27fffdfff]
[    0.006532] Zone ranges:
[    0.006533]   DMA      [mem 0x0000000000001000-0x0000000000ffffff]
[    0.006534]   DMA32    [mem 0x0000000001000000-0x00000000ffffffff]
[    0.006535]   Normal   [mem 0x0000000100000000-0x000000027fffffff]
[    0.006536]   Device   empty
[    0.006536] Movable zone start for each node
[    0.006538] Early memory node ranges
[    0.006538]   node   0: [mem 0x0000000000001000-0x000000000009efff]
[    0.006539]   node   0: [mem 0x0000000000100000-0x000000007ffdefff]
[    0.006539]   node   0: [mem 0x0000000100000000-0x000000027fffffff]
[    0.006541] Initmem setup node 0 [mem 0x0000000000001000-0x000000027fffffff]
[    0.006672] On node 0, zone DMA: 1 pages in unavailable ranges
[    0.006683] On node 0, zone DMA: 97 pages in unavailable ranges
[    0.010038] On node 0, zone Normal: 33 pages in unavailable ranges
[    0.010447] ACPI: PM-Timer IO Port: 0x608
[    0.010460] ACPI: LAPIC_NMI (acpi_id[0xff] dfl dfl lint[0x1])
[    0.010485] IOAPIC[0]: apic_id 0, version 17, address 0xfec00000, GSI 0-23
[    0.010487] ACPI: INT_SRC_OVR (bus 0 bus_irq 0 global_irq 2 dfl dfl)
[    0.010488] ACPI: INT_SRC_OVR (bus 0 bus_irq 5 global_irq 5 high level)
[    0.010489] ACPI: INT_SRC_OVR (bus 0 bus_irq 9 global_irq 9 high level)
[    0.010490] ACPI: INT_SRC_OVR (bus 0 bus_irq 10 global_irq 10 high level)
[    0.010490] ACPI: INT_SRC_OVR (bus 0 bus_irq 11 global_irq 11 high level)
[    0.010493] ACPI: Using ACPI (MADT) for SMP configuration information
[    0.010494] ACPI: HPET id: 0x8086a201 base: 0xfed00000
[    0.010498] TSC deadline timer available
[    0.010501] CPU topo: Max. logical packages:   1
[    0.010501] CPU topo: Max. logical dies:       1
[    0.010501] CPU topo: Max. dies per package:   1
[    0.010504] CPU topo: Max. threads per core:   1
[    0.010504] CPU topo: Num. cores per package:     1
[    0.010505] CPU topo: Num. threads per package:   1
[    0.010505] CPU topo: Allowing 1 present CPUs plus 0 hotplug CPUs
[    0.010519] kvm-guest: APIC: eoi() replaced with kvm_guest_apic_eoi_write()
[    0.010535] PM: hibernation: Registered nosave memory: [mem 0x00000000-0x00000fff]
[    0.010536] PM: hibernation: Registered nosave memory: [mem 0x0009f000-0x000fffff]
[    0.010537] PM: hibernation: Registered nosave memory: [mem 0x7ffdf000-0xffffffff]
[    0.010538] [mem 0xc0000000-0xfed1bfff] available for PCI devices
[    0.010539] Booting paravirtualized kernel on KVM
[    0.010540] clocksource: refined-jiffies: mask: 0xffffffff max_cycles: 0xffffffff, max_idle_ns: 7645519600211568 ns
[    0.013912] setup_percpu: NR_CPUS:8192 nr_cpumask_bits:1 nr_cpu_ids:1 nr_node_ids:1
[    0.014126] percpu: Embedded 66 pages/cpu s233472 r8192 d28672 u2097152
[    0.014153] kvm-guest: PV spinlocks disabled, single CPU
[    0.014154] Kernel command line: console=ttyS0 rdinit=/init panic=-1 harmony.gates=n2_nested_hammer harmony.env=N2_DEADLINES=400000,N2_SEED=1600065574,N2_PROGRESS=25000
[    0.014208] random: crng init done
[    0.014962] Dentry cache hash table entries: 1048576 (order: 11, 8388608 bytes, linear)
[    0.015344] Inode-cache hash table entries: 524288 (order: 10, 4194304 bytes, linear)
[    0.015376] Fallback order for Node 0: 0 
[    0.015378] Built 1 zonelists, mobility grouping on.  Total pages: 2097021
[    0.015379] Policy zone: Normal
[    0.015384] mem auto-init: stack:all(zero), heap alloc:on, heap free:off
[    0.015388] software IO TLB: area num 1.
[    0.030184] SLUB: HWalign=64, Order=0-3, MinObjects=0, CPUs=1, Nodes=1
[    0.030203] ftrace: allocating 45769 entries in 179 pages
[    0.035411] ftrace: allocated 179 pages with 5 groups
[    0.035898] Dynamic Preempt: voluntary
[    0.036051] rcu: Preemptible hierarchical RCU implementation.
[    0.036052] rcu: 	RCU restricting CPUs from NR_CPUS=8192 to nr_cpu_ids=1.
[    0.036053] 	Trampoline variant of Tasks RCU enabled.
[    0.036053] 	Rude variant of Tasks RCU enabled.
[    0.036053] 	Tracing variant of Tasks RCU enabled.
[    0.036054] rcu: RCU calculated value of scheduler-enlistment delay is 25 jiffies.
[    0.036054] rcu: Adjusting geometry for rcu_fanout_leaf=16, nr_cpu_ids=1
[    0.036059] RCU Tasks: Setting shift to 0 and lim to 1 rcu_task_cb_adjust=1 rcu_task_cpu_ids=1.
[    0.036060] RCU Tasks Rude: Setting shift to 0 and lim to 1 rcu_task_cb_adjust=1 rcu_task_cpu_ids=1.
[    0.036060] RCU Tasks Trace: Setting shift to 0 and lim to 1 rcu_task_cb_adjust=1 rcu_task_cpu_ids=1.
[    0.039228] NR_IRQS: 524544, nr_irqs: 256, preallocated irqs: 16
[    0.039397] rcu: srcu_init: Setting srcu_struct sizes based on contention.
[    0.051218] Console: colour VGA+ 80x25
[    0.051260] printk: legacy console [ttyS0] enabled
[    0.168356] ACPI: Core revision 20240827
[    0.169128] clocksource: hpet: mask: 0xffffffff max_cycles: 0xffffffff, max_idle_ns: 19112604467 ns
[    0.170637] APIC: Switch to symmetric I/O mode setup
[    0.171529] x2apic enabled
[    0.172126] APIC: Switched APIC routing to: physical x2apic
[    0.173635] ..TIMER: vector=0x30 apic1=0 pin1=2 apic2=-1 pin2=-1
[    0.174551] clocksource: tsc-early: mask: 0xffffffffffffffff max_cycles: 0x33e451ab1a6, max_idle_ns: 440795278720 ns
[    0.176147] Calibrating delay loop (skipped) preset value.. 7199.99 BogoMIPS (lpj=14399992)
[    0.177473] x86/cpu: User Mode Instruction Prevention (UMIP) activated
[    0.178503] Last level iTLB entries: 4KB 0, 2MB 0, 4MB 0
[    0.180147] Last level dTLB entries: 4KB 0, 2MB 0, 4MB 0, 1GB 0
[    0.181049] Spectre V1 : Mitigation: usercopy/swapgs barriers and __user pointer sanitization
[    0.182324] Spectre V2 : Spectre BHI mitigation: SW BHB clearing on syscall and VM exit
[    0.184148] Spectre V2 : Mitigation: IBRS
[    0.184751] Spectre V2 : Spectre v2 / SpectreRSB: Filling RSB on context switch and VMEXIT
[    0.185983] RETBleed: Mitigation: IBRS
[    0.186548] Spectre V2 : mitigation: Enabling conditional Indirect Branch Prediction Barrier
[    0.187802] Speculative Store Bypass: Mitigation: Speculative Store Bypass disabled via prctl
[    0.188151] MDS: Mitigation: Clear CPU buffers
[    0.188825] MMIO Stale Data: Mitigation: Clear CPU buffers
[    0.189641] SRBDS: Unknown: Dependent on hypervisor status
[    0.190458] active return thunk: its_return_thunk
[    0.192147] ITS: Mitigation: Aligned branch/return thunks
[    0.192964] x86/fpu: Supporting XSAVE feature 0x001: 'x87 floating point registers'
[    0.194107] x86/fpu: Supporting XSAVE feature 0x002: 'SSE registers'
[    0.195052] x86/fpu: Supporting XSAVE feature 0x004: 'AVX registers'
[    0.195998] x86/fpu: Supporting XSAVE feature 0x008: 'MPX bounds registers'
[    0.196148] x86/fpu: Supporting XSAVE feature 0x010: 'MPX CSR'
[    0.197027] x86/fpu: xstate_offset[2]:  576, xstate_sizes[2]:  256
[    0.197946] x86/fpu: xstate_offset[3]:  832, xstate_sizes[3]:   64
[    0.198865] x86/fpu: xstate_offset[4]:  896, xstate_sizes[4]:   64
[    0.200148] x86/fpu: Enabled xstate features 0x1f, context size is 960 bytes, using 'compacted' format.
[    0.231985] Freeing SMP alternatives memory: 40K
[    0.232148] pid_max: default: 32768 minimum: 301
[    0.232994] LSM: initializing lsm=lockdown,capability,landlock,yama,apparmor,tomoyo,bpf,ipe,ima,evm
[    0.234383] landlock: Up and running.
[    0.234938] Yama: disabled by default; enable with sysctl kernel.yama.*
[    0.236202] AppArmor: AppArmor initialized
[    0.236834] TOMOYO Linux initialized
[    0.237506] LSM support for eBPF active
[    0.238128] Mount-cache hash table entries: 16384 (order: 5, 131072 bytes, linear)
[    0.239258] Mountpoint-cache hash table entries: 16384 (order: 5, 131072 bytes, linear)
[    0.240363] smpboot: CPU0: Intel(R) Core(TM) i9-9900K CPU @ 3.60GHz (family: 0x6, model: 0x9e, stepping: 0xc)
[    0.241966] Performance Events: Skylake events, full-width counters, Intel PMU driver.
[    0.243173] ... version:                2
[    0.243794] ... bit width:              48
[    0.244149] ... generic registers:      4
[    0.244759] ... value mask:             0000ffffffffffff
[    0.245554] ... max period:             00007fffffffffff
[    0.246345] ... fixed-purpose events:   3
[    0.246949] ... event mask:             000000070000000f
[    0.247818] signal: max sigframe size: 2032
[    0.248168] rcu: Hierarchical SRCU implementation.
[    0.248894] rcu: 	Max phase no-delay instances is 1000.
[    0.252325] smp: Bringing up secondary CPUs ...
[    0.253021] smp: Brought up 1 node, 1 CPU
[    0.253629] smpboot: Total of 1 processors activated (7199.99 BogoMIPS)
[    0.267342] node 0 deferred pages initialised in 12ms
[    0.268160] Memory: 8026808K/8388084K available (16384K kernel code, 2497K rwdata, 11808K rodata, 4164K init, 4916K bss, 357560K reserved, 0K cma-reserved)
[    0.270511] devtmpfs: initialized
[    0.271062] x86/mm: Memory block size: 128MB
[    0.272312] clocksource: jiffies: mask: 0xffffffff max_cycles: 0xffffffff, max_idle_ns: 7645041785100000 ns
[    0.273774] futex hash table entries: 256 (order: 2, 16384 bytes, linear)
[    0.274846] pinctrl core: initialized pinctrl subsystem
[    0.276123] NET: Registered PF_NETLINK/PF_ROUTE protocol family
[    0.276238] DMA: preallocated 1024 KiB GFP_KERNEL pool for atomic allocations
[    0.277350] DMA: preallocated 1024 KiB GFP_KERNEL|GFP_DMA pool for atomic allocations
[    0.278694] DMA: preallocated 1024 KiB GFP_KERNEL|GFP_DMA32 pool for atomic allocations
[    0.279903] audit: initializing netlink subsys (disabled)
[    0.280172] audit: type=2000 audit(1783657728.343:1): state=initialized audit_enabled=0 res=1
[    0.281533] thermal_sys: Registered thermal governor 'fair_share'
[    0.281534] thermal_sys: Registered thermal governor 'bang_bang'
[    0.282454] thermal_sys: Registered thermal governor 'step_wise'
[    0.283417] thermal_sys: Registered thermal governor 'user_space'
[    0.284152] thermal_sys: Registered thermal governor 'power_allocator'
[    0.285096] cpuidle: using governor ladder
[    0.286701] cpuidle: using governor menu
[    0.287332] acpiphp: ACPI Hot Plug PCI Controller Driver version: 0.5
[    0.288265] PCI: ECAM [mem 0xb0000000-0xbfffffff] (base 0xb0000000) for domain 0000 [bus 00-ff]
[    0.289578] PCI: ECAM [mem 0xb0000000-0xbfffffff] reserved as E820 entry
[    0.290592] PCI: Using configuration type 1 for base access
[    0.291514] kprobes: kprobe jump-optimization is enabled. All kprobes are optimized if possible.
[    0.312618] HugeTLB: registered 1.00 GiB page size, pre-allocated 0 pages
[    0.313646] HugeTLB: 16380 KiB vmemmap can be freed for a 1.00 GiB page
[    0.314642] HugeTLB: registered 2.00 MiB page size, pre-allocated 0 pages
[    0.315663] HugeTLB: 28 KiB vmemmap can be freed for a 2.00 MiB page
[    0.320730] ACPI: Added _OSI(Module Device)
[    0.321376] ACPI: Added _OSI(Processor Device)
[    0.322046] ACPI: Added _OSI(Processor Aggregator Device)
[    0.323530] ACPI: 1 ACPI AML tables successfully acquired and loaded
[    0.326463] ACPI: Interpreter enabled
[    0.327037] ACPI: PM: (supports S0 S3 S4 S5)
[    0.327701] ACPI: Using IOAPIC for interrupt routing
[    0.328161] PCI: Using host bridge windows from ACPI; if necessary, use "pci=nocrs" and report a bug
[    0.329537] PCI: Using E820 reservations for host bridge windows
[    0.330504] ACPI: Enabled 2 GPEs in block 00 to 3F
[    0.332740] ACPI: PCI Root Bridge [PCI0] (domain 0000 [bus 00-ff])
[    0.333680] acpi PNP0A08:00: _OSC: OS supports [ExtendedConfig ASPM ClockPM Segments MSI HPX-Type3]
[    0.335081] acpi PNP0A08:00: _OSC: platform does not support [PCIeHotplug LTR]
[    0.336189] acpi PNP0A08:00: _OSC: OS now controls [SHPCHotplug PME AER PCIeCapability]
[    0.337508] PCI host bridge to bus 0000:00
[    0.338132] pci_bus 0000:00: root bus resource [io  0x0000-0x0cf7 window]
[    0.339166] pci_bus 0000:00: root bus resource [io  0x0d00-0xffff window]
[    0.340149] pci_bus 0000:00: root bus resource [mem 0x000a0000-0x000bffff window]
[    0.341273] pci_bus 0000:00: root bus resource [mem 0x80000000-0xafffffff window]
[    0.342391] pci_bus 0000:00: root bus resource [mem 0xc0000000-0xfebfffff window]
[    0.343522] pci_bus 0000:00: root bus resource [mem 0x280000000-0xa7fffffff window]
[    0.344149] pci_bus 0000:00: root bus resource [bus 00-ff]
[    0.345022] pci 0000:00:00.0: [8086:29c0] type 00 class 0x060000 conventional PCI endpoint
[    0.346755] pci 0000:00:01.0: [1234:1111] type 00 class 0x030000 conventional PCI endpoint
[    0.348542] pci 0000:00:01.0: BAR 0 [mem 0xfd000000-0xfdffffff pref]
[    0.351273] pci 0000:00:01.0: BAR 2 [mem 0xfebd4000-0xfebd4fff]
[    0.355695] pci 0000:00:01.0: ROM [mem 0xfebc0000-0xfebcffff pref]
[    0.356265] pci 0000:00:01.0: Video device with shadowed ROM at [mem 0x000c0000-0x000dffff]
[    0.357874] pci 0000:00:02.0: [8086:10d3] type 00 class 0x020000 PCIe Root Complex Integrated Endpoint
[    0.359919] pci 0000:00:02.0: BAR 0 [mem 0xfeb80000-0xfeb9ffff]
[    0.360720] pci 0000:00:02.0: BAR 1 [mem 0xfeba0000-0xfebbffff]
[    0.362317] pci 0000:00:02.0: BAR 2 [io  0xc040-0xc05f]
[    0.364149] pci 0000:00:02.0: BAR 3 [mem 0xfebd0000-0xfebd3fff]
[    0.366580] pci 0000:00:02.0: ROM [mem 0xfeb40000-0xfeb7ffff pref]
[    0.367565] pci 0000:00:02.0: enabling Extended Tags
[    0.369199] pci 0000:00:1f.0: [8086:2918] type 00 class 0x060100 conventional PCI endpoint
[    0.370971] pci 0000:00:1f.0: quirk: [io  0x0600-0x067f] claimed by ICH6 ACPI/GPIO/TCO
[    0.372405] pci 0000:00:1f.2: [8086:2922] type 00 class 0x010601 conventional PCI endpoint
[    0.375421] pci 0000:00:1f.2: BAR 4 [io  0xc060-0xc07f]
[    0.376427] pci 0000:00:1f.2: BAR 5 [mem 0xfebd5000-0xfebd5fff]
[    0.378076] pci 0000:00:1f.3: [8086:2930] type 00 class 0x0c0500 conventional PCI endpoint
[    0.380704] pci 0000:00:1f.3: BAR 4 [io  0x0700-0x073f]
[    0.383517] ACPI: PCI: Interrupt link LNKA configured for IRQ 10
[    0.384222] ACPI: PCI: Interrupt link LNKB configured for IRQ 10
[    0.385211] ACPI: PCI: Interrupt link LNKC configured for IRQ 11
[    0.386182] ACPI: PCI: Interrupt link LNKD configured for IRQ 11
[    0.387169] ACPI: PCI: Interrupt link LNKE configured for IRQ 10
[    0.388142] ACPI: PCI: Interrupt link LNKF configured for IRQ 10
[    0.388219] ACPI: PCI: Interrupt link LNKG configured for IRQ 11
[    0.389196] ACPI: PCI: Interrupt link LNKH configured for IRQ 11
[    0.390127] ACPI: PCI: Interrupt link GSIA configured for IRQ 16
[    0.391051] ACPI: PCI: Interrupt link GSIB configured for IRQ 17
[    0.391967] ACPI: PCI: Interrupt link GSIC configured for IRQ 18
[    0.392154] ACPI: PCI: Interrupt link GSID configured for IRQ 19
[    0.393583] ACPI: PCI: Interrupt link GSIE configured for IRQ 20
[    0.394494] ACPI: PCI: Interrupt link GSIF configured for IRQ 21
[    0.395406] ACPI: PCI: Interrupt link GSIG configured for IRQ 22
[    0.396158] ACPI: PCI: Interrupt link GSIH configured for IRQ 23
[    0.397421] iommu: Default domain type: Translated
[    0.398147] iommu: DMA domain TLB invalidation policy: lazy mode
[    0.399169] pps_core: LinuxPPS API ver. 1 registered
[    0.399924] pps_core: Software ver. 5.3.6 - Copyright 2005-2007 Rodolfo Giometti <giometti@linux.it>
[    0.400151] PTP clock support registered
[    0.400756] EDAC MC: Ver: 3.0.0
[    0.401795] NetLabel: Initializing
[    0.402321] NetLabel:  domain hash size = 128
[    0.402979] NetLabel:  protocols = UNLABELED CIPSOv4 CALIPSO
[    0.403848] NetLabel:  unlabeled traffic allowed by default
[    0.404149] PCI: Using ACPI for IRQ routing
[    0.472909] pci 0000:00:01.0: vgaarb: setting as boot VGA device
[    0.473816] pci 0000:00:01.0: vgaarb: bridge control possible
[    0.474679] pci 0000:00:01.0: vgaarb: VGA device added: decodes=io+mem,owns=io+mem,locks=none
[    0.475964] vgaarb: loaded
[    0.476183] hpet0: at MMIO 0xfed00000, IRQs 2, 8, 0
[    0.476929] hpet0: 3 comparators, 64-bit 100.000000 MHz counter
[    0.482210] clocksource: Switched to clocksource kvm-clock
[    0.483724] VFS: Disk quotas dquot_6.6.0
[    0.484146] VFS: Dquot-cache hash table entries: 512 (order 0, 4096 bytes)
[    0.484146] AppArmor: AppArmor Filesystem Enabled
[    0.484187] pnp: PnP ACPI init
[    0.484811] system 00:05: [mem 0xb0000000-0xbfffffff window] has been reserved
[    0.486107] pnp: PnP ACPI: found 6 devices
[    0.492107] clocksource: acpi_pm: mask: 0xffffff max_cycles: 0xffffff, max_idle_ns: 2085701024 ns
[    0.493512] NET: Registered PF_INET protocol family
[    0.494315] IP idents hash table entries: 131072 (order: 8, 1048576 bytes, linear)
[    0.504095] tcp_listen_portaddr_hash hash table entries: 4096 (order: 4, 65536 bytes, linear)
[    0.505404] Table-perturb hash table entries: 65536 (order: 6, 262144 bytes, linear)
[    0.506578] TCP established hash table entries: 65536 (order: 7, 524288 bytes, linear)
[    0.507960] TCP bind hash table entries: 65536 (order: 9, 2097152 bytes, linear)
[    0.509222] TCP: Hash tables configured (established 65536 bind 65536)
[    0.510245] MPTCP token hash table entries: 8192 (order: 6, 196608 bytes, linear)
[    0.511380] UDP hash table entries: 4096 (order: 5, 131072 bytes, linear)
[    0.512545] UDP-Lite hash table entries: 4096 (order: 5, 131072 bytes, linear)
[    0.513673] NET: Registered PF_UNIX/PF_LOCAL protocol family
[    0.514542] NET: Registered PF_XDP protocol family
[    0.515278] pci_bus 0000:00: resource 4 [io  0x0000-0x0cf7 window]
[    0.516211] pci_bus 0000:00: resource 5 [io  0x0d00-0xffff window]
[    0.517161] pci_bus 0000:00: resource 6 [mem 0x000a0000-0x000bffff window]
[    0.518198] pci_bus 0000:00: resource 7 [mem 0x80000000-0xafffffff window]
[    0.519224] pci_bus 0000:00: resource 8 [mem 0xc0000000-0xfebfffff window]
[    0.520253] pci_bus 0000:00: resource 9 [mem 0x280000000-0xa7fffffff window]
[    0.521407] PCI: CLS 0 bytes, default 64
[    0.522101] Trying to unpack rootfs image as initramfs...
[    0.524819] PCI-DMA: Using software bounce buffering for IO (SWIOTLB)
[    0.525794] software IO TLB: mapped [mem 0x0000000070200000-0x0000000074200000] (64MB)
[    0.527045] clocksource: tsc: mask: 0xffffffffffffffff max_cycles: 0x33e451ab1a6, max_idle_ns: 440795278720 ns
[    0.532955] Initialise system trusted keyrings
[    0.533645] Key type blacklist registered
[    0.534298] workingset: timestamp_bits=36 max_order=21 bucket_order=0
[    0.535269] zbud: loaded
[    0.540774] fuse: init (API version 7.41)
[    0.541480] integrity: Platform Keyring initialized
[    0.542227] integrity: Machine keyring initialized
[    0.564774] Key type asymmetric registered
[    0.565403] Asymmetric key parser 'x509' registered
[    1.112262] Freeing initrd memory: 101668K
[    1.113478] Block layer SCSI generic (bsg) driver version 0.4 loaded (major 246)
[    1.114625] io scheduler mq-deadline registered
[    1.116103] ledtrig-cpu: registered to indicate activity on CPUs
[    1.117069] shpchp: Standard Hot Plug PCI Controller Driver version: 0.4
[    1.118233] Serial: 8250/16550 driver, 4 ports, IRQ sharing enabled
[    1.119545] 00:03: ttyS0 at I/O 0x3f8 (irq = 4, base_baud = 115200) is a 16550A
[    1.121060] Linux agpgart interface v0.103
[    1.121879] i8042: PNP: PS/2 Controller [PNP0303:KBD,PNP0f13:MOU] at 0x60,0x64 irq 1,12
[    1.123755] serio: i8042 KBD port at 0x60,0x64 irq 1
[    1.124524] serio: i8042 AUX port at 0x60,0x64 irq 12
[    1.125368] mousedev: PS/2 mouse device common for all mice
[    1.126468] input: AT Translated Set 2 keyboard as /devices/platform/i8042/serio0/input/input0
[    1.127971] rtc_cmos 00:04: RTC can wake from S4
[    1.129162] rtc_cmos 00:04: registered as rtc0
[    1.129904] rtc_cmos 00:04: setting system clock to 2026-07-10T04:28:49 UTC (1783657729)
[    1.131170] rtc_cmos 00:04: alarms up to one day, y3k, 242 bytes nvram, hpet irqs
[    1.132291] intel_pstate: CPU model not supported
[    1.133529] NET: Registered PF_INET6 protocol family
[    1.134698] Segment Routing with IPv6
[    1.135263] In-situ OAM (IOAM) with IPv6
[    1.135873] mip6: Mobile IPv6
[    1.136334] NET: Registered PF_PACKET protocol family
[    1.137139] mpls_gso: MPLS GSO support
[    1.137799] IPI shorthand broadcast: enabled
[    1.139591] sched_clock: Marking stable (1008373096, 128743605)->(1151354061, -14237360)
[    1.140890] registered taskstats version 1
[    1.141586] Loading compiled-in X.509 certificates
[    1.153508] Loaded X.509 cert 'Build time autogenerated kernel key: e87b99600394fc77ba6018a2cc6a68db4bb86ee6'
[    1.156193] Demotion targets for Node 0: null
[    1.156911] Key type .fscrypt registered
[    1.157511] Key type fscrypt-provisioning registered
[    1.158739] Key type encrypted registered
[    1.159351] AppArmor: AppArmor sha256 policy hashing enabled
[    1.160221] ima: No TPM chip found, activating TPM-bypass!
[    1.161075] ima: Allocated hash algorithm: sha256
[    1.161802] ima: No architecture policies found
[    1.162497] evm: Initialising EVM extended attributes:
[    1.163271] evm: security.selinux
[    1.163774] evm: security.SMACK64 (disabled)
[    1.164438] evm: security.SMACK64EXEC (disabled)
[    1.165143] evm: security.SMACK64TRANSMUTE (disabled)
[    1.165910] evm: security.SMACK64MMAP (disabled)
[    1.166607] evm: security.apparmor
[    1.167123] evm: security.ima
[    1.167575] evm: security.capability
[    1.168117] evm: HMAC attrs: 0x1
[    1.192558] RAS: Correctable Errors collector initialized.
[    1.201967] clk: Disabling unused clocks
[    1.202573] PM: genpd: Disabling unused power domains
[    1.208931] Freeing unused decrypted memory: 2028K
[    1.209725] Freeing unused kernel image (initmem) memory: 4164K
[    1.210378] Write protecting the kernel read-only data: 28672k
[    1.211218] Freeing unused kernel image (rodata/data gap) memory: 480K
[    1.243101] x86/mm: Checked W+X mappings: passed, no W+X pages found.
[    1.276758] Run /init as init process
NESTED_X86_L1_BOOT_OK
Linux (none) 6.12.90+deb13.1-amd64 #1 SMP PREEMPT_DYNAMIC Debian 6.12.90-2 (2026-05-27) x86_64 GNU/Linux
              total        used        free      shared  buff/cache   available
Mem:           7948          45        7681         221         222        7544
console=ttyS0 rdinit=/init panic=-1 harmony.gates=n2_nested_hammer harmony.env=N2_DEADLINES=400000,N2_SEED=1600065574,N2_PROGRESS=25000
msr: loaded
irqbypass: loaded
[    1.306042] kvm: loading out-of-tree module taints kernel.
[    1.306654] kvm: module verification failed: signature and/or required key missing - tainting kernel
kvm(PATCHED): loaded
kvm-intel(PATCHED): loaded
L1_DEV_KVM_PRESENT
NESTED_X86_L2_PIN_CHECK_BEGIN
f06a34a79010a8f2cc8226dc629cc8fb049740016f035f53e3f2e53d9a30dd41  guest/build/bzImage
3c4a7f2f0db4b59aaf4dee55d43a42c57fc0d10ac25441de88128c61be0778c2  guest/build/initramfs-postgres.cpio.gz
NESTED_X86_L2_PIN_CHECK_END
ENV N2_DEADLINES=400000
ENV N2_SEED=1600065574
ENV N2_PROGRESS=25000
NESTED_X86_GATE_BEGIN n2_nested_hammer 

running 1 test
test n2_deadline_hammer ... N2JSON {"event":"start","total":400000,"seed":1600065574,"pid":146}
[    2.255063] perf: interrupt took too long (2527 > 2500), lowering kernel.perf_event_max_sample_rate to 79000
[    2.468865] perf: interrupt took too long (3160 > 3158), lowering kernel.perf_event_max_sample_rate to 63250
[    2.722598] perf: interrupt took too long (3968 > 3950), lowering kernel.perf_event_max_sample_rate to 50250
[    3.234275] perf: interrupt took too long (4980 > 4960), lowering kernel.perf_event_max_sample_rate to 40000
[    4.241729] perf: interrupt took too long (6235 > 6225), lowering kernel.perf_event_max_sample_rate to 32000
[    9.017658] perf: interrupt took too long (7794 > 7793), lowering kernel.perf_event_max_sample_rate to 25500
N2JSON {"event":"progress","armed":25000,"exact":25000,"mismatches":0}
N2JSON {"event":"progress","armed":50000,"exact":50000,"mismatches":0}
N2JSON {"event":"progress","armed":75000,"exact":75000,"mismatches":0}
N2JSON {"event":"progress","armed":100000,"exact":100000,"mismatches":0}
N2JSON {"event":"progress","armed":125000,"exact":125000,"mismatches":0}
N2JSON {"event":"progress","armed":150000,"exact":150000,"mismatches":0}
N2JSON {"event":"progress","armed":175000,"exact":175000,"mismatches":0}
N2JSON {"event":"progress","armed":200000,"exact":200000,"mismatches":0}
N2JSON {"event":"progress","armed":225000,"exact":225000,"mismatches":0}
N2JSON {"event":"progress","armed":250000,"exact":250000,"mismatches":0}
N2JSON {"event":"progress","armed":275000,"exact":275000,"mismatches":0}
N2JSON {"event":"progress","armed":300000,"exact":300000,"mismatches":0}
N2JSON {"event":"progress","armed":325000,"exact":325000,"mismatches":0}
N2JSON {"event":"progress","armed":350000,"exact":350000,"mismatches":0}
N2JSON {"event":"progress","armed":375000,"exact":375000,"mismatches":0}
N2JSON {"event":"progress","armed":400000,"exact":400000,"mismatches":0}
N2JSON {"event":"summary","armed":400000,"exact":400000,"mismatches":0,"final_work":6976665005}
ok

test result: ok. 1 passed; 0 failed; 0 ignored; 0 measured; 0 filtered out; finished in 2974.61s

NESTED_X86_GATE_RC n2_nested_hammer rc=0
NESTED_X86_GATE_END n2_nested_hammer
--- L1 dmesg tail (kvm/vmx/pmu/perf) ---
[    0.000000] Hypervisor detected: KVM
[    0.000000] kvm-clock: Using msrs 4b564d01 and 4b564d00
[    0.000000] kvm-clock: using sched offset of 159790672 cycles
[    0.000001] clocksource: kvm-clock: mask: 0xffffffffffffffff max_cycles: 0x1cd42e4dffb, max_idle_ns: 881590591483 ns
[    0.010519] kvm-guest: APIC: eoi() replaced with kvm_guest_apic_eoi_write()
[    0.010539] Booting paravirtualized kernel on KVM
[    0.014153] kvm-guest: PV spinlocks disabled, single CPU
[    0.241966] Performance Events: Skylake events, full-width counters, Intel PMU driver.
[    0.482210] clocksource: Switched to clocksource kvm-clock
[    1.306042] kvm: loading out-of-tree module taints kernel.
[    1.306654] kvm: module verification failed: signature and/or required key missing - tainting kernel
[    2.255063] perf: interrupt took too long (2527 > 2500), lowering kernel.perf_event_max_sample_rate to 79000
[    2.468865] perf: interrupt took too long (3160 > 3158), lowering kernel.perf_event_max_sample_rate to 63250
[    2.722598] perf: interrupt took too long (3968 > 3950), lowering kernel.perf_event_max_sample_rate to 50250
[    3.234275] perf: interrupt took too long (4980 > 4960), lowering kernel.perf_event_max_sample_rate to 40000
[    4.241729] perf: interrupt took too long (6235 > 6225), lowering kernel.perf_event_max_sample_rate to 32000
[    9.017658] perf: interrupt took too long (7794 > 7793), lowering kernel.perf_event_max_sample_rate to 25500
NESTED_X86_L1_DONE
[ 2976.174074] ACPI: PM: Preparing to enter system sleep state S5
[ 2976.174846] kvm: exiting hardware virtualization
[ 2976.175443] reboot: Power down
