[    0.000000] Linux version 6.12.90+deb13.1-amd64 (debian-kernel@lists.debian.org) (x86_64-linux-gnu-gcc-14 (Debian 14.2.0-19) 14.2.0, GNU ld (GNU Binutils for Debian) 2.44) #1 SMP PREEMPT_DYNAMIC Debian 6.12.90-2 (2026-05-27)
[    0.000000] Command line: console=ttyS0 rdinit=/init panic=-1 harmony.gates=n2_nested_hammer harmony.env=N2_DEADLINES=350000,N2_SEED=2600002002,N2_PROGRESS=25000
[    0.000000] BIOS-provided physical RAM map:
[    0.000000] BIOS-e820: [mem 0x0000000000000000-0x000000000009fbff] usable
[    0.000000] BIOS-e820: [mem 0x000000000009fc00-0x000000000009ffff] reserved
[    0.000000] BIOS-e820: [mem 0x00000000000f0000-0x00000000000fffff] reserved
[    0.000000] BIOS-e820: [mem 0x0000000000100000-0x000000007ffdefff] usable
[    0.000000] BIOS-e820: [mem 0x000000007ffdf000-0x000000007fffffff] reserved
[    0.000000] BIOS-e820: [mem 0x00000000b0000000-0x00000000bfffffff] reserved
[    0.000000] BIOS-e820: [mem 0x00000000fed1c000-0x00000000fed1ffff] reserved
[    0.000000] BIOS-e820: [mem 0x00000000feffc000-0x00000000feffffff] reserved
[    0.000000] BIOS-e820: [mem 0x00000000fffc0000-0x00000000ffffffff] reserved
[    0.000000] BIOS-e820: [mem 0x0000000100000000-0x000000027fffffff] usable
[    0.000000] NX (Execute Disable) protection: active
[    0.000000] APIC: Static calls initialized
[    0.000000] SMBIOS 2.8 present.
[    0.000000] DMI: QEMU Standard PC (Q35 + ICH9, 2009), BIOS 1.16.3-debian-1.16.3-2 04/01/2014
[    0.000000] DMI: Memory slots populated: 1/1
[    0.000000] Hypervisor detected: KVM
[    0.000000] last_pfn = 0x7ffdf max_arch_pfn = 0x400000000
[    0.000000] kvm-clock: Using msrs 4b564d01 and 4b564d00
[    0.000000] kvm-clock: using sched offset of 155606184 cycles
[    0.000001] clocksource: kvm-clock: mask: 0xffffffffffffffff max_cycles: 0x1cd42e4dffb, max_idle_ns: 881590591483 ns
[    0.000004] tsc: Detected 3599.998 MHz processor
[    0.000716] last_pfn = 0x280000 max_arch_pfn = 0x400000000
[    0.000738] MTRR map: 4 entries (3 fixed + 1 variable; max 19), built from 8 variable MTRRs
[    0.000740] x86/PAT: Configuration [0-7]: WB  WC  UC- UC  WB  WP  UC- WT  
[    0.000769] last_pfn = 0x7ffdf max_arch_pfn = 0x400000000
[    0.005877] found SMP MP-table at [mem 0x000f5480-0x000f548f]
[    0.005888] Using GB pages for direct mapping
[    0.005937] RAMDISK: [mem 0x7b44e000-0x7ffcffff]
[    0.005942] ACPI: Early table checksum verification disabled
[    0.005943] ACPI: RSDP 0x00000000000F52A0 000014 (v00 BOCHS )
[    0.005946] ACPI: RSDT 0x000000007FFE2351 000038 (v01 BOCHS  BXPC     00000001 BXPC 00000001)
[    0.005950] ACPI: FACP 0x000000007FFE2149 0000F4 (v03 BOCHS  BXPC     00000001 BXPC 00000001)
[    0.005953] ACPI: DSDT 0x000000007FFE0040 002109 (v01 BOCHS  BXPC     00000001 BXPC 00000001)
[    0.005956] ACPI: FACS 0x000000007FFE0000 000040
[    0.005958] ACPI: APIC 0x000000007FFE223D 000078 (v03 BOCHS  BXPC     00000001 BXPC 00000001)
[    0.005960] ACPI: HPET 0x000000007FFE22B5 000038 (v01 BOCHS  BXPC     00000001 BXPC 00000001)
[    0.005962] ACPI: MCFG 0x000000007FFE22ED 00003C (v01 BOCHS  BXPC     00000001 BXPC 00000001)
[    0.005964] ACPI: WAET 0x000000007FFE2329 000028 (v01 BOCHS  BXPC     00000001 BXPC 00000001)
[    0.005965] ACPI: Reserving FACP table memory at [mem 0x7ffe2149-0x7ffe223c]
[    0.005966] ACPI: Reserving DSDT table memory at [mem 0x7ffe0040-0x7ffe2148]
[    0.005967] ACPI: Reserving FACS table memory at [mem 0x7ffe0000-0x7ffe003f]
[    0.005967] ACPI: Reserving APIC table memory at [mem 0x7ffe223d-0x7ffe22b4]
[    0.005968] ACPI: Reserving HPET table memory at [mem 0x7ffe22b5-0x7ffe22ec]
[    0.005968] ACPI: Reserving MCFG table memory at [mem 0x7ffe22ed-0x7ffe2328]
[    0.005968] ACPI: Reserving WAET table memory at [mem 0x7ffe2329-0x7ffe2350]
[    0.006283] No NUMA configuration found
[    0.006284] Faking a node at [mem 0x0000000000000000-0x000000027fffffff]
[    0.006289] NODE_DATA(0) allocated [mem 0x27ffd5680-0x27fffffff]
[    0.006550] Zone ranges:
[    0.006551]   DMA      [mem 0x0000000000001000-0x0000000000ffffff]
[    0.006552]   DMA32    [mem 0x0000000001000000-0x00000000ffffffff]
[    0.006553]   Normal   [mem 0x0000000100000000-0x000000027fffffff]
[    0.006554]   Device   empty
[    0.006554] Movable zone start for each node
[    0.006556] Early memory node ranges
[    0.006556]   node   0: [mem 0x0000000000001000-0x000000000009efff]
[    0.006557]   node   0: [mem 0x0000000000100000-0x000000007ffdefff]
[    0.006557]   node   0: [mem 0x0000000100000000-0x000000027fffffff]
[    0.006559] Initmem setup node 0 [mem 0x0000000000001000-0x000000027fffffff]
[    0.006688] On node 0, zone DMA: 1 pages in unavailable ranges
[    0.006699] On node 0, zone DMA: 97 pages in unavailable ranges
[    0.010059] On node 0, zone Normal: 33 pages in unavailable ranges
[    0.010471] ACPI: PM-Timer IO Port: 0x608
[    0.010484] ACPI: LAPIC_NMI (acpi_id[0xff] dfl dfl lint[0x1])
[    0.010510] IOAPIC[0]: apic_id 0, version 17, address 0xfec00000, GSI 0-23
[    0.010512] ACPI: INT_SRC_OVR (bus 0 bus_irq 0 global_irq 2 dfl dfl)
[    0.010513] ACPI: INT_SRC_OVR (bus 0 bus_irq 5 global_irq 5 high level)
[    0.010514] ACPI: INT_SRC_OVR (bus 0 bus_irq 9 global_irq 9 high level)
[    0.010515] ACPI: INT_SRC_OVR (bus 0 bus_irq 10 global_irq 10 high level)
[    0.010516] ACPI: INT_SRC_OVR (bus 0 bus_irq 11 global_irq 11 high level)
[    0.010518] ACPI: Using ACPI (MADT) for SMP configuration information
[    0.010519] ACPI: HPET id: 0x8086a201 base: 0xfed00000
[    0.010523] TSC deadline timer available
[    0.010526] CPU topo: Max. logical packages:   1
[    0.010526] CPU topo: Max. logical dies:       1
[    0.010526] CPU topo: Max. dies per package:   1
[    0.010529] CPU topo: Max. threads per core:   1
[    0.010530] CPU topo: Num. cores per package:     1
[    0.010530] CPU topo: Num. threads per package:   1
[    0.010530] CPU topo: Allowing 1 present CPUs plus 0 hotplug CPUs
[    0.010544] kvm-guest: APIC: eoi() replaced with kvm_guest_apic_eoi_write()
[    0.010561] PM: hibernation: Registered nosave memory: [mem 0x00000000-0x00000fff]
[    0.010562] PM: hibernation: Registered nosave memory: [mem 0x0009f000-0x000fffff]
[    0.010563] PM: hibernation: Registered nosave memory: [mem 0x7ffdf000-0xffffffff]
[    0.010564] [mem 0xc0000000-0xfed1bfff] available for PCI devices
[    0.010565] Booting paravirtualized kernel on KVM
[    0.010566] clocksource: refined-jiffies: mask: 0xffffffff max_cycles: 0xffffffff, max_idle_ns: 7645519600211568 ns
[    0.013919] setup_percpu: NR_CPUS:8192 nr_cpumask_bits:1 nr_cpu_ids:1 nr_node_ids:1
[    0.014131] percpu: Embedded 66 pages/cpu s233472 r8192 d28672 u2097152
[    0.014157] kvm-guest: PV spinlocks disabled, single CPU
[    0.014158] Kernel command line: console=ttyS0 rdinit=/init panic=-1 harmony.gates=n2_nested_hammer harmony.env=N2_DEADLINES=350000,N2_SEED=2600002002,N2_PROGRESS=25000
[    0.014221] random: crng init done
[    0.014976] Dentry cache hash table entries: 1048576 (order: 11, 8388608 bytes, linear)
[    0.015354] Inode-cache hash table entries: 524288 (order: 10, 4194304 bytes, linear)
[    0.015386] Fallback order for Node 0: 0 
[    0.015388] Built 1 zonelists, mobility grouping on.  Total pages: 2097021
[    0.015389] Policy zone: Normal
[    0.015394] mem auto-init: stack:all(zero), heap alloc:on, heap free:off
[    0.015398] software IO TLB: area num 1.
[    0.030506] SLUB: HWalign=64, Order=0-3, MinObjects=0, CPUs=1, Nodes=1
[    0.030526] ftrace: allocating 45769 entries in 179 pages
[    0.035730] ftrace: allocated 179 pages with 5 groups
[    0.036210] Dynamic Preempt: voluntary
[    0.036359] rcu: Preemptible hierarchical RCU implementation.
[    0.036359] rcu: 	RCU restricting CPUs from NR_CPUS=8192 to nr_cpu_ids=1.
[    0.036360] 	Trampoline variant of Tasks RCU enabled.
[    0.036361] 	Rude variant of Tasks RCU enabled.
[    0.036361] 	Tracing variant of Tasks RCU enabled.
[    0.036362] rcu: RCU calculated value of scheduler-enlistment delay is 25 jiffies.
[    0.036362] rcu: Adjusting geometry for rcu_fanout_leaf=16, nr_cpu_ids=1
[    0.036366] RCU Tasks: Setting shift to 0 and lim to 1 rcu_task_cb_adjust=1 rcu_task_cpu_ids=1.
[    0.036367] RCU Tasks Rude: Setting shift to 0 and lim to 1 rcu_task_cb_adjust=1 rcu_task_cpu_ids=1.
[    0.036368] RCU Tasks Trace: Setting shift to 0 and lim to 1 rcu_task_cb_adjust=1 rcu_task_cpu_ids=1.
[    0.039536] NR_IRQS: 524544, nr_irqs: 256, preallocated irqs: 16
[    0.039707] rcu: srcu_init: Setting srcu_struct sizes based on contention.
[    0.051488] Console: colour VGA+ 80x25
[    0.051530] printk: legacy console [ttyS0] enabled
[    0.169898] ACPI: Core revision 20240827
[    0.170673] clocksource: hpet: mask: 0xffffffff max_cycles: 0xffffffff, max_idle_ns: 19112604467 ns
[    0.172195] APIC: Switch to symmetric I/O mode setup
[    0.173105] x2apic enabled
[    0.173698] APIC: Switched APIC routing to: physical x2apic
[    0.175205] ..TIMER: vector=0x30 apic1=0 pin1=2 apic2=-1 pin2=-1
[    0.176128] clocksource: tsc-early: mask: 0xffffffffffffffff max_cycles: 0x33e451ab1a6, max_idle_ns: 440795278720 ns
[    0.177742] Calibrating delay loop (skipped) preset value.. 7199.99 BogoMIPS (lpj=14399992)
[    0.179078] x86/cpu: User Mode Instruction Prevention (UMIP) activated
[    0.180117] Last level iTLB entries: 4KB 0, 2MB 0, 4MB 0
[    0.181742] Last level dTLB entries: 4KB 0, 2MB 0, 4MB 0, 1GB 0
[    0.182642] Spectre V1 : Mitigation: usercopy/swapgs barriers and __user pointer sanitization
[    0.183925] Spectre V2 : Spectre BHI mitigation: SW BHB clearing on syscall and VM exit
[    0.185742] Spectre V2 : Mitigation: IBRS
[    0.186359] Spectre V2 : Spectre v2 / SpectreRSB: Filling RSB on context switch and VMEXIT
[    0.187595] RETBleed: Mitigation: IBRS
[    0.188166] Spectre V2 : mitigation: Enabling conditional Indirect Branch Prediction Barrier
[    0.189428] Speculative Store Bypass: Mitigation: Speculative Store Bypass disabled via prctl
[    0.189745] MDS: Mitigation: Clear CPU buffers
[    0.190419] MMIO Stale Data: Mitigation: Clear CPU buffers
[    0.191244] SRBDS: Unknown: Dependent on hypervisor status
[    0.192069] active return thunk: its_return_thunk
[    0.193742] ITS: Mitigation: Aligned branch/return thunks
[    0.194577] x86/fpu: Supporting XSAVE feature 0x001: 'x87 floating point registers'
[    0.195729] x86/fpu: Supporting XSAVE feature 0x002: 'SSE registers'
[    0.196683] x86/fpu: Supporting XSAVE feature 0x004: 'AVX registers'
[    0.197742] x86/fpu: Supporting XSAVE feature 0x008: 'MPX bounds registers'
[    0.198794] x86/fpu: Supporting XSAVE feature 0x010: 'MPX CSR'
[    0.199673] x86/fpu: xstate_offset[2]:  576, xstate_sizes[2]:  256
[    0.200602] x86/fpu: xstate_offset[3]:  832, xstate_sizes[3]:   64
[    0.201529] x86/fpu: xstate_offset[4]:  896, xstate_sizes[4]:   64
[    0.201742] x86/fpu: Enabled xstate features 0x1f, context size is 960 bytes, using 'compacted' format.
[    0.234079] Freeing SMP alternatives memory: 40K
[    0.234793] pid_max: default: 32768 minimum: 301
[    0.235518] LSM: initializing lsm=lockdown,capability,landlock,yama,apparmor,tomoyo,bpf,ipe,ima,evm
[    0.236918] landlock: Up and running.
[    0.237477] Yama: disabled by default; enable with sysctl kernel.yama.*
[    0.237796] AppArmor: AppArmor initialized
[    0.238435] TOMOYO Linux initialized
[    0.239104] LSM support for eBPF active
[    0.239732] Mount-cache hash table entries: 16384 (order: 5, 131072 bytes, linear)
[    0.240874] Mountpoint-cache hash table entries: 16384 (order: 5, 131072 bytes, linear)
[    0.241954] smpboot: CPU0: Intel(R) Core(TM) i9-9900K CPU @ 3.60GHz (family: 0x6, model: 0x9e, stepping: 0xc)
[    0.243568] Performance Events: Skylake events, full-width counters, Intel PMU driver.
[    0.244787] ... version:                2
[    0.245400] ... bit width:              48
[    0.245743] ... generic registers:      4
[    0.246351] ... value mask:             0000ffffffffffff
[    0.247150] ... max period:             00007fffffffffff
[    0.247948] ... fixed-purpose events:   3
[    0.248573] ... event mask:             000000070000000f
[    0.249443] signal: max sigframe size: 2032
[    0.249764] rcu: Hierarchical SRCU implementation.
[    0.250489] rcu: 	Max phase no-delay instances is 1000.
[    0.253926] smp: Bringing up secondary CPUs ...
[    0.254626] smp: Brought up 1 node, 1 CPU
[    0.255240] smpboot: Total of 1 processors activated (7199.99 BogoMIPS)
[    0.268840] node 0 deferred pages initialised in 12ms
[    0.269653] Memory: 8051076K/8388084K available (16384K kernel code, 2497K rwdata, 11808K rodata, 4164K init, 4916K bss, 333204K reserved, 0K cma-reserved)
[    0.270035] devtmpfs: initialized
[    0.270577] x86/mm: Memory block size: 128MB
[    0.271826] clocksource: jiffies: mask: 0xffffffff max_cycles: 0xffffffff, max_idle_ns: 7645041785100000 ns
[    0.273294] futex hash table entries: 256 (order: 2, 16384 bytes, linear)
[    0.273782] pinctrl core: initialized pinctrl subsystem
[    0.274951] NET: Registered PF_NETLINK/PF_ROUTE protocol family
[    0.275955] DMA: preallocated 1024 KiB GFP_KERNEL pool for atomic allocations
[    0.277079] DMA: preallocated 1024 KiB GFP_KERNEL|GFP_DMA pool for atomic allocations
[    0.277896] DMA: preallocated 1024 KiB GFP_KERNEL|GFP_DMA32 pool for atomic allocations
[    0.279107] audit: initializing netlink subsys (disabled)
[    0.279947] audit: type=2000 audit(1784161735.938:1): state=initialized audit_enabled=0 res=1
[    0.281322] thermal_sys: Registered thermal governor 'fair_share'
[    0.281323] thermal_sys: Registered thermal governor 'bang_bang'
[    0.281747] thermal_sys: Registered thermal governor 'step_wise'
[    0.282658] thermal_sys: Registered thermal governor 'user_space'
[    0.283567] thermal_sys: Registered thermal governor 'power_allocator'
[    0.284515] cpuidle: using governor ladder
[    0.285749] cpuidle: using governor menu
[    0.286390] acpiphp: ACPI Hot Plug PCI Controller Driver version: 0.5
[    0.287481] PCI: ECAM [mem 0xb0000000-0xbfffffff] (base 0xb0000000) for domain 0000 [bus 00-ff]
[    0.288813] PCI: ECAM [mem 0xb0000000-0xbfffffff] reserved as E820 entry
[    0.289753] PCI: Using configuration type 1 for base access
[    0.290680] kprobes: kprobe jump-optimization is enabled. All kprobes are optimized if possible.
[    0.313934] HugeTLB: registered 1.00 GiB page size, pre-allocated 0 pages
[    0.314966] HugeTLB: 16380 KiB vmemmap can be freed for a 1.00 GiB page
[    0.315980] HugeTLB: registered 2.00 MiB page size, pre-allocated 0 pages
[    0.317014] HugeTLB: 28 KiB vmemmap can be freed for a 2.00 MiB page
[    0.322088] ACPI: Added _OSI(Module Device)
[    0.322734] ACPI: Added _OSI(Processor Device)
[    0.323428] ACPI: Added _OSI(Processor Aggregator Device)
[    0.324938] ACPI: 1 ACPI AML tables successfully acquired and loaded
[    0.326915] ACPI: Interpreter enabled
[    0.327506] ACPI: PM: (supports S0 S3 S4 S5)
[    0.328166] ACPI: Using IOAPIC for interrupt routing
[    0.328932] PCI: Using host bridge windows from ACPI; if necessary, use "pci=nocrs" and report a bug
[    0.329743] PCI: Using E820 reservations for host bridge windows
[    0.330737] ACPI: Enabled 2 GPEs in block 00 to 3F
[    0.332956] ACPI: PCI Root Bridge [PCI0] (domain 0000 [bus 00-ff])
[    0.333746] acpi PNP0A08:00: _OSC: OS supports [ExtendedConfig ASPM ClockPM Segments MSI HPX-Type3]
[    0.335155] acpi PNP0A08:00: _OSC: platform does not support [PCIeHotplug LTR]
[    0.336300] acpi PNP0A08:00: _OSC: OS now controls [SHPCHotplug PME AER PCIeCapability]
[    0.337623] PCI host bridge to bus 0000:00
[    0.337745] pci_bus 0000:00: root bus resource [io  0x0000-0x0cf7 window]
[    0.338797] pci_bus 0000:00: root bus resource [io  0x0d00-0xffff window]
[    0.339818] pci_bus 0000:00: root bus resource [mem 0x000a0000-0x000bffff window]
[    0.340943] pci_bus 0000:00: root bus resource [mem 0x80000000-0xafffffff window]
[    0.341743] pci_bus 0000:00: root bus resource [mem 0xc0000000-0xfebfffff window]
[    0.342878] pci_bus 0000:00: root bus resource [mem 0x280000000-0xa7fffffff window]
[    0.344036] pci_bus 0000:00: root bus resource [bus 00-ff]
[    0.344915] pci 0000:00:00.0: [8086:29c0] type 00 class 0x060000 conventional PCI endpoint
[    0.346222] pci 0000:00:01.0: [1234:1111] type 00 class 0x030000 conventional PCI endpoint
[    0.348828] pci 0000:00:01.0: BAR 0 [mem 0xfd000000-0xfdffffff pref]
[    0.351507] pci 0000:00:01.0: BAR 2 [mem 0xfebd4000-0xfebd4fff]
[    0.355898] pci 0000:00:01.0: ROM [mem 0xfebc0000-0xfebcffff pref]
[    0.356964] pci 0000:00:01.0: Video device with shadowed ROM at [mem 0x000c0000-0x000dffff]
[    0.358119] pci 0000:00:02.0: [8086:10d3] type 00 class 0x020000 PCIe Root Complex Integrated Endpoint
[    0.360159] pci 0000:00:02.0: BAR 0 [mem 0xfeb80000-0xfeb9ffff]
[    0.361637] pci 0000:00:02.0: BAR 1 [mem 0xfeba0000-0xfebbffff]
[    0.362505] pci 0000:00:02.0: BAR 2 [io  0xc040-0xc05f]
[    0.364327] pci 0000:00:02.0: BAR 3 [mem 0xfebd0000-0xfebd3fff]
[    0.368380] pci 0000:00:02.0: ROM [mem 0xfeb40000-0xfeb7ffff pref]
[    0.369375] pci 0000:00:02.0: enabling Extended Tags
[    0.370797] pci 0000:00:1f.0: [8086:2918] type 00 class 0x060100 conventional PCI endpoint
[    0.372586] pci 0000:00:1f.0: quirk: [io  0x0600-0x067f] claimed by ICH6 ACPI/GPIO/TCO
[    0.374001] pci 0000:00:1f.2: [8086:2922] type 00 class 0x010601 conventional PCI endpoint
[    0.376746] pci 0000:00:1f.2: BAR 4 [io  0xc060-0xc07f]
[    0.377876] pci 0000:00:1f.2: BAR 5 [mem 0xfebd5000-0xfebd5fff]
[    0.379445] pci 0000:00:1f.3: [8086:2930] type 00 class 0x0c0500 conventional PCI endpoint
[    0.381628] pci 0000:00:1f.3: BAR 4 [io  0x0700-0x073f]
[    0.383521] ACPI: PCI: Interrupt link LNKA configured for IRQ 10
[    0.384505] ACPI: PCI: Interrupt link LNKB configured for IRQ 10
[    0.385486] ACPI: PCI: Interrupt link LNKC configured for IRQ 11
[    0.385818] ACPI: PCI: Interrupt link LNKD configured for IRQ 11
[    0.387027] ACPI: PCI: Interrupt link LNKE configured for IRQ 10
[    0.388006] ACPI: PCI: Interrupt link LNKF configured for IRQ 10
[    0.388985] ACPI: PCI: Interrupt link LNKG configured for IRQ 11
[    0.389813] ACPI: PCI: Interrupt link LNKH configured for IRQ 11
[    0.390753] ACPI: PCI: Interrupt link GSIA configured for IRQ 16
[    0.391668] ACPI: PCI: Interrupt link GSIB configured for IRQ 17
[    0.392583] ACPI: PCI: Interrupt link GSIC configured for IRQ 18
[    0.393515] ACPI: PCI: Interrupt link GSID configured for IRQ 19
[    0.393749] ACPI: PCI: Interrupt link GSIE configured for IRQ 20
[    0.394665] ACPI: PCI: Interrupt link GSIF configured for IRQ 21
[    0.395578] ACPI: PCI: Interrupt link GSIG configured for IRQ 22
[    0.396877] ACPI: PCI: Interrupt link GSIH configured for IRQ 23
[    0.398092] iommu: Default domain type: Translated
[    0.398821] iommu: DMA domain TLB invalidation policy: lazy mode
[    0.399843] pps_core: LinuxPPS API ver. 1 registered
[    0.400617] pps_core: Software ver. 5.3.6 - Copyright 2005-2007 Rodolfo Giometti <giometti@linux.it>
[    0.401746] PTP clock support registered
[    0.402353] EDAC MC: Ver: 3.0.0
[    0.403263] NetLabel: Initializing
[    0.403788] NetLabel:  domain hash size = 128
[    0.404471] NetLabel:  protocols = UNLABELED CIPSOv4 CALIPSO
[    0.405354] NetLabel:  unlabeled traffic allowed by default
[    0.405743] PCI: Using ACPI for IRQ routing
[    0.474612] pci 0000:00:01.0: vgaarb: setting as boot VGA device
[    0.475540] pci 0000:00:01.0: vgaarb: bridge control possible
[    0.476415] pci 0000:00:01.0: vgaarb: VGA device added: decodes=io+mem,owns=io+mem,locks=none
[    0.477699] vgaarb: loaded
[    0.477775] hpet0: at MMIO 0xfed00000, IRQs 2, 8, 0
[    0.478520] hpet0: 3 comparators, 64-bit 100.000000 MHz counter
[    0.481766] clocksource: Switched to clocksource kvm-clock
[    0.483181] VFS: Disk quotas dquot_6.6.0
[    0.483796] VFS: Dquot-cache hash table entries: 512 (order 0, 4096 bytes)
[    0.484947] AppArmor: AppArmor Filesystem Enabled
[    0.485679] pnp: PnP ACPI init
[    0.486302] system 00:05: [mem 0xb0000000-0xbfffffff window] has been reserved
[    0.487602] pnp: PnP ACPI: found 6 devices
[    0.493605] clocksource: acpi_pm: mask: 0xffffff max_cycles: 0xffffff, max_idle_ns: 2085701024 ns
[    0.495020] NET: Registered PF_INET protocol family
[    0.495934] IP idents hash table entries: 131072 (order: 8, 1048576 bytes, linear)
[    0.505737] tcp_listen_portaddr_hash hash table entries: 4096 (order: 4, 65536 bytes, linear)
[    0.507075] Table-perturb hash table entries: 65536 (order: 6, 262144 bytes, linear)
[    0.508261] TCP established hash table entries: 65536 (order: 7, 524288 bytes, linear)
[    0.509654] TCP bind hash table entries: 65536 (order: 9, 2097152 bytes, linear)
[    0.510985] TCP: Hash tables configured (established 65536 bind 65536)
[    0.512012] MPTCP token hash table entries: 8192 (order: 6, 196608 bytes, linear)
[    0.513164] UDP hash table entries: 4096 (order: 5, 131072 bytes, linear)
[    0.514225] UDP-Lite hash table entries: 4096 (order: 5, 131072 bytes, linear)
[    0.515362] NET: Registered PF_UNIX/PF_LOCAL protocol family
[    0.516233] NET: Registered PF_XDP protocol family
[    0.516977] pci_bus 0000:00: resource 4 [io  0x0000-0x0cf7 window]
[    0.517919] pci_bus 0000:00: resource 5 [io  0x0d00-0xffff window]
[    0.518886] pci_bus 0000:00: resource 6 [mem 0x000a0000-0x000bffff window]
[    0.519927] pci_bus 0000:00: resource 7 [mem 0x80000000-0xafffffff window]
[    0.520967] pci_bus 0000:00: resource 8 [mem 0xc0000000-0xfebfffff window]
[    0.522010] pci_bus 0000:00: resource 9 [mem 0x280000000-0xa7fffffff window]
[    0.523176] PCI: CLS 0 bytes, default 64
[    0.523866] Trying to unpack rootfs image as initramfs...
[    0.526061] PCI-DMA: Using software bounce buffering for IO (SWIOTLB)
[    0.527068] software IO TLB: mapped [mem 0x000000007744e000-0x000000007b44e000] (64MB)
[    0.528303] clocksource: tsc: mask: 0xffffffffffffffff max_cycles: 0x33e451ab1a6, max_idle_ns: 440795278720 ns
[    0.534231] Initialise system trusted keyrings
[    0.534927] Key type blacklist registered
[    0.538088] workingset: timestamp_bits=36 max_order=21 bucket_order=0
[    0.539094] zbud: loaded
[    0.539561] fuse: init (API version 7.41)
[    0.542152] integrity: Platform Keyring initialized
[    0.542931] integrity: Machine keyring initialized
[    0.562047] Key type asymmetric registered
[    0.562702] Asymmetric key parser 'x509' registered
[    0.890164] Freeing initrd memory: 77320K
[    0.891367] Block layer SCSI generic (bsg) driver version 0.4 loaded (major 246)
[    0.892506] io scheduler mq-deadline registered
[    0.893990] ledtrig-cpu: registered to indicate activity on CPUs
[    0.894971] shpchp: Standard Hot Plug PCI Controller Driver version: 0.4
[    0.896133] Serial: 8250/16550 driver, 4 ports, IRQ sharing enabled
[    0.897454] 00:03: ttyS0 at I/O 0x3f8 (irq = 4, base_baud = 115200) is a 16550A
[    0.898983] Linux agpgart interface v0.103
[    0.899798] i8042: PNP: PS/2 Controller [PNP0303:KBD,PNP0f13:MOU] at 0x60,0x64 irq 1,12
[    0.901678] serio: i8042 KBD port at 0x60,0x64 irq 1
[    0.902465] serio: i8042 AUX port at 0x60,0x64 irq 12
[    0.903309] mousedev: PS/2 mouse device common for all mice
[    0.904410] input: AT Translated Set 2 keyboard as /devices/platform/i8042/serio0/input/input0
[    0.905921] rtc_cmos 00:04: RTC can wake from S4
[    0.907122] rtc_cmos 00:04: registered as rtc0
[    0.907869] rtc_cmos 00:04: setting system clock to 2026-07-16T00:28:56 UTC (1784161736)
[    0.909151] rtc_cmos 00:04: alarms up to one day, y3k, 242 bytes nvram, hpet irqs
[    0.910321] intel_pstate: CPU model not supported
[    0.911591] NET: Registered PF_INET6 protocol family
[    0.912883] Segment Routing with IPv6
[    0.913449] In-situ OAM (IOAM) with IPv6
[    0.914073] mip6: Mobile IPv6
[    0.914556] NET: Registered PF_PACKET protocol family
[    0.915352] mpls_gso: MPLS GSO support
[    0.916012] IPI shorthand broadcast: enabled
[    0.917935] sched_clock: Marking stable (784022386, 130028457)->(928020692, -13969849)
[    0.919237] registered taskstats version 1
[    0.919937] Loading compiled-in X.509 certificates
[    0.931902] Loaded X.509 cert 'Build time autogenerated kernel key: e87b99600394fc77ba6018a2cc6a68db4bb86ee6'
[    0.934611] Demotion targets for Node 0: null
[    0.935314] Key type .fscrypt registered
[    0.935912] Key type fscrypt-provisioning registered
[    0.937126] Key type encrypted registered
[    0.937741] AppArmor: AppArmor sha256 policy hashing enabled
[    0.938644] ima: No TPM chip found, activating TPM-bypass!
[    0.939481] ima: Allocated hash algorithm: sha256
[    0.940206] ima: No architecture policies found
[    0.940905] evm: Initialising EVM extended attributes:
[    0.941683] evm: security.selinux
[    0.942216] evm: security.SMACK64 (disabled)
[    0.942873] evm: security.SMACK64EXEC (disabled)
[    0.943572] evm: security.SMACK64TRANSMUTE (disabled)
[    0.944336] evm: security.SMACK64MMAP (disabled)
[    0.945035] evm: security.apparmor
[    0.945555] evm: security.ima
[    0.946010] evm: security.capability
[    0.946578] evm: HMAC attrs: 0x1
[    0.974057] RAS: Correctable Errors collector initialized.
[    0.983788] clk: Disabling unused clocks
[    0.984395] PM: genpd: Disabling unused power domains
[    0.990241] Freeing unused decrypted memory: 2028K
[    0.991069] Freeing unused kernel image (initmem) memory: 4164K
[    0.991720] Write protecting the kernel read-only data: 28672k
[    0.992532] Freeing unused kernel image (rodata/data gap) memory: 480K
[    1.024359] x86/mm: Checked W+X mappings: passed, no W+X pages found.
[    1.054037] Run /init as init process
NESTED_X86_L1_BOOT_OK
Linux (none) 6.12.90+deb13.1-amd64 #1 SMP PREEMPT_DYNAMIC Debian 6.12.90-2 (2026-05-27) x86_64 GNU/Linux
              total        used        free      shared  buff/cache   available
Mem:           7948          54        7750         143         144        7613
console=ttyS0 rdinit=/init panic=-1 harmony.gates=n2_nested_hammer harmony.env=N2_DEADLINES=350000,N2_SEED=2600002002,N2_PROGRESS=25000
msr: loaded
irqbypass: loaded
[    1.084667] kvm: loading out-of-tree module taints kernel.
[    1.085281] kvm: module verification failed: signature and/or required key missing - tainting kernel
kvm(PATCHED): loaded
kvm-intel(PATCHED): loaded
L1_DEV_KVM_PRESENT
NESTED_X86_L2_PIN_CHECK_BEGIN
f06a34a79010a8f2cc8226dc629cc8fb049740016f035f53e3f2e53d9a30dd41  guest/build/bzImage
3c4a7f2f0db4b59aaf4dee55d43a42c57fc0d10ac25441de88128c61be0778c2  guest/build/initramfs-postgres.cpio.gz
NESTED_X86_L2_PIN_CHECK_END
ENV N2_DEADLINES=350000
ENV N2_SEED=2600002002
ENV N2_PROGRESS=25000
NESTED_X86_GATE_BEGIN n2_nested_hammer 

running 1 test
test n2_deadline_hammer ... N2JSON {"event":"start","total":350000,"seed":2600002002,"backend":"PatchedKvmBackend","pid":148}
[    2.378179] perf: interrupt took too long (2514 > 2500), lowering kernel.perf_event_max_sample_rate to 79500
[    2.664087] perf: interrupt took too long (3145 > 3142), lowering kernel.perf_event_max_sample_rate to 63500
[    3.171533] perf: interrupt took too long (3945 > 3931), lowering kernel.perf_event_max_sample_rate to 50500
[    3.931277] perf: interrupt took too long (4948 > 4931), lowering kernel.perf_event_max_sample_rate to 40250
[    5.303936] perf: interrupt took too long (6189 > 6185), lowering kernel.perf_event_max_sample_rate to 32250
[   10.369673] perf: interrupt took too long (7738 > 7736), lowering kernel.perf_event_max_sample_rate to 25750
N2JSON {"event":"progress","deadlines":25000,"armed_pmi":13848,"mtf_only":11152,"exact":25000,"oracle_ok":25000,"mismatches":0,"record_violations":0,"records":{"samples":13848,"lost":0,"throttle":0,"other":0}}
N2JSON {"event":"progress","deadlines":50000,"armed_pmi":27710,"mtf_only":22290,"exact":50000,"oracle_ok":50000,"mismatches":0,"record_violations":0,"records":{"samples":27710,"lost":0,"throttle":0,"other":0}}
N2JSON {"event":"progress","deadlines":75000,"armed_pmi":41625,"mtf_only":33375,"exact":75000,"oracle_ok":75000,"mismatches":0,"record_violations":0,"records":{"samples":41625,"lost":0,"throttle":0,"other":0}}
N2JSON {"event":"progress","deadlines":100000,"armed_pmi":55465,"mtf_only":44535,"exact":100000,"oracle_ok":100000,"mismatches":0,"record_violations":0,"records":{"samples":55465,"lost":0,"throttle":0,"other":0}}
N2JSON {"event":"progress","deadlines":125000,"armed_pmi":69331,"mtf_only":55669,"exact":125000,"oracle_ok":125000,"mismatches":0,"record_violations":0,"records":{"samples":69331,"lost":0,"throttle":0,"other":0}}
N2JSON {"event":"progress","deadlines":150000,"armed_pmi":83298,"mtf_only":66702,"exact":150000,"oracle_ok":150000,"mismatches":0,"record_violations":0,"records":{"samples":83298,"lost":0,"throttle":0,"other":0}}
[ 1869.995633] perf: interrupt took too long (9674 > 9672), lowering kernel.perf_event_max_sample_rate to 20500
[ 1974.224612] perf: interrupt took too long (12201 > 12092), lowering kernel.perf_event_max_sample_rate to 16250
N2JSON {"event":"progress","deadlines":175000,"armed_pmi":97185,"mtf_only":77815,"exact":175000,"oracle_ok":175000,"mismatches":0,"record_violations":0,"records":{"samples":97185,"lost":0,"throttle":0,"other":0}}
N2JSON {"event":"progress","deadlines":200000,"armed_pmi":111040,"mtf_only":88960,"exact":200000,"oracle_ok":200000,"mismatches":0,"record_violations":0,"records":{"samples":111040,"lost":0,"throttle":0,"other":0}}
N2JSON {"event":"progress","deadlines":225000,"armed_pmi":124981,"mtf_only":100019,"exact":225000,"oracle_ok":225000,"mismatches":0,"record_violations":0,"records":{"samples":124981,"lost":0,"throttle":0,"other":0}}
N2JSON {"event":"progress","deadlines":250000,"armed_pmi":138846,"mtf_only":111154,"exact":250000,"oracle_ok":250000,"mismatches":0,"record_violations":0,"records":{"samples":138846,"lost":0,"throttle":0,"other":0}}
N2JSON {"event":"progress","deadlines":275000,"armed_pmi":152670,"mtf_only":122330,"exact":275000,"oracle_ok":275000,"mismatches":0,"record_violations":0,"records":{"samples":152670,"lost":0,"throttle":0,"other":0}}
N2JSON {"event":"progress","deadlines":300000,"armed_pmi":166481,"mtf_only":133519,"exact":300000,"oracle_ok":300000,"mismatches":0,"record_violations":0,"records":{"samples":166481,"lost":0,"throttle":0,"other":0}}
N2JSON {"event":"progress","deadlines":325000,"armed_pmi":180421,"mtf_only":144579,"exact":325000,"oracle_ok":325000,"mismatches":0,"record_violations":0,"records":{"samples":180421,"lost":0,"throttle":0,"other":0}}
N2JSON {"event":"progress","deadlines":350000,"armed_pmi":194300,"mtf_only":155700,"exact":350000,"oracle_ok":350000,"mismatches":0,"record_violations":0,"records":{"samples":194300,"lost":0,"throttle":0,"other":0}}
N2JSON {"event":"summary","deadlines":350000,"armed_pmi":194300,"mtf_only":155700,"exact":350000,"oracle_ok":350000,"mismatches":0,"record_violations":0,"final_work":6096820125,"records":{"samples":194300,"lost":0,"throttle":0,"other":0}}
ok

test result: ok. 1 passed; 0 failed; 0 ignored; 0 measured; 1 filtered out; finished in 4153.58s

NESTED_X86_GATE_RC n2_nested_hammer rc=0
NESTED_X86_GATE_END n2_nested_hammer
--- L1 dmesg tail (kvm/vmx/pmu/perf) ---
[    0.000000] Hypervisor detected: KVM
[    0.000000] kvm-clock: Using msrs 4b564d01 and 4b564d00
[    0.000000] kvm-clock: using sched offset of 155606184 cycles
[    0.000001] clocksource: kvm-clock: mask: 0xffffffffffffffff max_cycles: 0x1cd42e4dffb, max_idle_ns: 881590591483 ns
[    0.010544] kvm-guest: APIC: eoi() replaced with kvm_guest_apic_eoi_write()
[    0.010565] Booting paravirtualized kernel on KVM
[    0.014157] kvm-guest: PV spinlocks disabled, single CPU
[    0.243568] Performance Events: Skylake events, full-width counters, Intel PMU driver.
[    0.481766] clocksource: Switched to clocksource kvm-clock
[    1.084667] kvm: loading out-of-tree module taints kernel.
[    1.085281] kvm: module verification failed: signature and/or required key missing - tainting kernel
[    2.378179] perf: interrupt took too long (2514 > 2500), lowering kernel.perf_event_max_sample_rate to 79500
[    2.664087] perf: interrupt took too long (3145 > 3142), lowering kernel.perf_event_max_sample_rate to 63500
[    3.171533] perf: interrupt took too long (3945 > 3931), lowering kernel.perf_event_max_sample_rate to 50500
[    3.931277] perf: interrupt took too long (4948 > 4931), lowering kernel.perf_event_max_sample_rate to 40250
[    5.303936] perf: interrupt took too long (6189 > 6185), lowering kernel.perf_event_max_sample_rate to 32250
[   10.369673] perf: interrupt took too long (7738 > 7736), lowering kernel.perf_event_max_sample_rate to 25750
[ 1869.995633] perf: interrupt took too long (9674 > 9672), lowering kernel.perf_event_max_sample_rate to 20500
[ 1974.224612] perf: interrupt took too long (12201 > 12092), lowering kernel.perf_event_max_sample_rate to 16250
NESTED_X86_GATES_FAILED 0
NESTED_X86_L1_DONE
[ 4154.927246] ACPI: PM: Preparing to enter system sleep state S5
[ 4154.927962] kvm: exiting hardware virtualization
[ 4154.928498] reboot: Power down
