[    0.000000] Linux version 6.12.90+deb13.1-amd64 (debian-kernel@lists.debian.org) (x86_64-linux-gnu-gcc-14 (Debian 14.2.0-19) 14.2.0, GNU ld (GNU Binutils for Debian) 2.44) #1 SMP PREEMPT_DYNAMIC Debian 6.12.90-2 (2026-05-27)
[    0.000000] Command line: console=ttyS0 rdinit=/init panic=-1 harmony.gates=n2_nested_hammer harmony.env=N2_DEADLINES=90000,N2_SEED=2600002010,N2_PROGRESS=25000
[    0.000000] BIOS-provided physical RAM map:
[    0.000000] BIOS-e820: [mem 0x0000000000000000-0x000000000009fbff] usable
[    0.000000] BIOS-e820: [mem 0x000000000009fc00-0x000000000009ffff] reserved
[    0.000000] BIOS-e820: [mem 0x00000000000f0000-0x00000000000fffff] reserved
[    0.000000] BIOS-e820: [mem 0x0000000000100000-0x000000007ffdefff] usable
[    0.000000] BIOS-e820: [mem 0x000000007ffdf000-0x000000007fffffff] reserved
[    0.000000] BIOS-e820: [mem 0x00000000b0000000-0x00000000bfffffff] reserved
[    0.000000] BIOS-e820: [mem 0x00000000fed1c000-0x00000000fed1ffff] reserved
[    0.000000] BIOS-e820: [mem 0x00000000feffc000-0x00000000feffffff] reserved
[    0.000000] BIOS-e820: [mem 0x00000000fffc0000-0x00000000ffffffff] reserved
[    0.000000] BIOS-e820: [mem 0x0000000100000000-0x000000027fffffff] usable
[    0.000000] NX (Execute Disable) protection: active
[    0.000000] APIC: Static calls initialized
[    0.000000] SMBIOS 2.8 present.
[    0.000000] DMI: QEMU Standard PC (Q35 + ICH9, 2009), BIOS 1.16.3-debian-1.16.3-2 04/01/2014
[    0.000000] DMI: Memory slots populated: 1/1
[    0.000000] Hypervisor detected: KVM
[    0.000000] last_pfn = 0x7ffdf max_arch_pfn = 0x400000000
[    0.000000] kvm-clock: Using msrs 4b564d01 and 4b564d00
[    0.000001] kvm-clock: using sched offset of 234238657 cycles
[    0.000003] clocksource: kvm-clock: mask: 0xffffffffffffffff max_cycles: 0x1cd42e4dffb, max_idle_ns: 881590591483 ns
[    0.000007] tsc: Detected 3599.998 MHz processor
[    0.001711] last_pfn = 0x280000 max_arch_pfn = 0x400000000
[    0.001739] MTRR map: 4 entries (3 fixed + 1 variable; max 19), built from 8 variable MTRRs
[    0.001743] x86/PAT: Configuration [0-7]: WB  WC  UC- UC  WB  WP  UC- WT  
[    0.001781] last_pfn = 0x7ffdf max_arch_pfn = 0x400000000
[    0.008969] found SMP MP-table at [mem 0x000f5480-0x000f548f]
[    0.008992] Using GB pages for direct mapping
[    0.009197] RAMDISK: [mem 0x7b44e000-0x7ffcffff]
[    0.009205] ACPI: Early table checksum verification disabled
[    0.009209] ACPI: RSDP 0x00000000000F52A0 000014 (v00 BOCHS )
[    0.009214] ACPI: RSDT 0x000000007FFE2351 000038 (v01 BOCHS  BXPC     00000001 BXPC 00000001)
[    0.009221] ACPI: FACP 0x000000007FFE2149 0000F4 (v03 BOCHS  BXPC     00000001 BXPC 00000001)
[    0.009226] ACPI: DSDT 0x000000007FFE0040 002109 (v01 BOCHS  BXPC     00000001 BXPC 00000001)
[    0.009230] ACPI: FACS 0x000000007FFE0000 000040
[    0.009232] ACPI: APIC 0x000000007FFE223D 000078 (v03 BOCHS  BXPC     00000001 BXPC 00000001)
[    0.009236] ACPI: HPET 0x000000007FFE22B5 000038 (v01 BOCHS  BXPC     00000001 BXPC 00000001)
[    0.009239] ACPI: MCFG 0x000000007FFE22ED 00003C (v01 BOCHS  BXPC     00000001 BXPC 00000001)
[    0.009242] ACPI: WAET 0x000000007FFE2329 000028 (v01 BOCHS  BXPC     00000001 BXPC 00000001)
[    0.009246] ACPI: Reserving FACP table memory at [mem 0x7ffe2149-0x7ffe223c]
[    0.009247] ACPI: Reserving DSDT table memory at [mem 0x7ffe0040-0x7ffe2148]
[    0.009248] ACPI: Reserving FACS table memory at [mem 0x7ffe0000-0x7ffe003f]
[    0.009249] ACPI: Reserving APIC table memory at [mem 0x7ffe223d-0x7ffe22b4]
[    0.009250] ACPI: Reserving HPET table memory at [mem 0x7ffe22b5-0x7ffe22ec]
[    0.009251] ACPI: Reserving MCFG table memory at [mem 0x7ffe22ed-0x7ffe2328]
[    0.009252] ACPI: Reserving WAET table memory at [mem 0x7ffe2329-0x7ffe2350]
[    0.009680] No NUMA configuration found
[    0.009681] Faking a node at [mem 0x0000000000000000-0x000000027fffffff]
[    0.009692] NODE_DATA(0) allocated [mem 0x27ffd5680-0x27fffffff]
[    0.010136] Zone ranges:
[    0.010137]   DMA      [mem 0x0000000000001000-0x0000000000ffffff]
[    0.010138]   DMA32    [mem 0x0000000001000000-0x00000000ffffffff]
[    0.010140]   Normal   [mem 0x0000000100000000-0x000000027fffffff]
[    0.010141]   Device   empty
[    0.010142] Movable zone start for each node
[    0.010143] Early memory node ranges
[    0.010144]   node   0: [mem 0x0000000000001000-0x000000000009efff]
[    0.010145]   node   0: [mem 0x0000000000100000-0x000000007ffdefff]
[    0.010146]   node   0: [mem 0x0000000100000000-0x000000027fffffff]
[    0.010147] Initmem setup node 0 [mem 0x0000000000001000-0x000000027fffffff]
[    0.010339] On node 0, zone DMA: 1 pages in unavailable ranges
[    0.010359] On node 0, zone DMA: 97 pages in unavailable ranges
[    0.015625] On node 0, zone Normal: 33 pages in unavailable ranges
[    0.016170] ACPI: PM-Timer IO Port: 0x608
[    0.016187] ACPI: LAPIC_NMI (acpi_id[0xff] dfl dfl lint[0x1])
[    0.016219] IOAPIC[0]: apic_id 0, version 17, address 0xfec00000, GSI 0-23
[    0.016224] ACPI: INT_SRC_OVR (bus 0 bus_irq 0 global_irq 2 dfl dfl)
[    0.016226] ACPI: INT_SRC_OVR (bus 0 bus_irq 5 global_irq 5 high level)
[    0.016227] ACPI: INT_SRC_OVR (bus 0 bus_irq 9 global_irq 9 high level)
[    0.016229] ACPI: INT_SRC_OVR (bus 0 bus_irq 10 global_irq 10 high level)
[    0.016230] ACPI: INT_SRC_OVR (bus 0 bus_irq 11 global_irq 11 high level)
[    0.016235] ACPI: Using ACPI (MADT) for SMP configuration information
[    0.016237] ACPI: HPET id: 0x8086a201 base: 0xfed00000
[    0.016242] TSC deadline timer available
[    0.016248] CPU topo: Max. logical packages:   1
[    0.016248] CPU topo: Max. logical dies:       1
[    0.016249] CPU topo: Max. dies per package:   1
[    0.016253] CPU topo: Max. threads per core:   1
[    0.016254] CPU topo: Num. cores per package:     1
[    0.016255] CPU topo: Num. threads per package:   1
[    0.016255] CPU topo: Allowing 1 present CPUs plus 0 hotplug CPUs
[    0.016275] kvm-guest: APIC: eoi() replaced with kvm_guest_apic_eoi_write()
[    0.016299] PM: hibernation: Registered nosave memory: [mem 0x00000000-0x00000fff]
[    0.016301] PM: hibernation: Registered nosave memory: [mem 0x0009f000-0x000fffff]
[    0.016302] PM: hibernation: Registered nosave memory: [mem 0x7ffdf000-0xffffffff]
[    0.016303] [mem 0xc0000000-0xfed1bfff] available for PCI devices
[    0.016304] Booting paravirtualized kernel on KVM
[    0.016306] clocksource: refined-jiffies: mask: 0xffffffff max_cycles: 0xffffffff, max_idle_ns: 7645519600211568 ns
[    0.020817] setup_percpu: NR_CPUS:8192 nr_cpumask_bits:1 nr_cpu_ids:1 nr_node_ids:1
[    0.021134] percpu: Embedded 66 pages/cpu s233472 r8192 d28672 u2097152
[    0.021177] kvm-guest: PV spinlocks disabled, single CPU
[    0.021179] Kernel command line: console=ttyS0 rdinit=/init panic=-1 harmony.gates=n2_nested_hammer harmony.env=N2_DEADLINES=90000,N2_SEED=2600002010,N2_PROGRESS=25000
[    0.021260] random: crng init done
[    0.022309] Dentry cache hash table entries: 1048576 (order: 11, 8388608 bytes, linear)
[    0.022854] Inode-cache hash table entries: 524288 (order: 10, 4194304 bytes, linear)
[    0.022900] Fallback order for Node 0: 0 
[    0.022904] Built 1 zonelists, mobility grouping on.  Total pages: 2097021
[    0.022906] Policy zone: Normal
[    0.022915] mem auto-init: stack:all(zero), heap alloc:on, heap free:off
[    0.022921] software IO TLB: area num 1.
[    0.044439] SLUB: HWalign=64, Order=0-3, MinObjects=0, CPUs=1, Nodes=1
[    0.044475] ftrace: allocating 45769 entries in 179 pages
[    0.051626] ftrace: allocated 179 pages with 5 groups
[    0.052316] Dynamic Preempt: voluntary
[    0.052528] rcu: Preemptible hierarchical RCU implementation.
[    0.052529] rcu: 	RCU restricting CPUs from NR_CPUS=8192 to nr_cpu_ids=1.
[    0.052530] 	Trampoline variant of Tasks RCU enabled.
[    0.052531] 	Rude variant of Tasks RCU enabled.
[    0.052531] 	Tracing variant of Tasks RCU enabled.
[    0.052533] rcu: RCU calculated value of scheduler-enlistment delay is 25 jiffies.
[    0.052534] rcu: Adjusting geometry for rcu_fanout_leaf=16, nr_cpu_ids=1
[    0.052540] RCU Tasks: Setting shift to 0 and lim to 1 rcu_task_cb_adjust=1 rcu_task_cpu_ids=1.
[    0.052541] RCU Tasks Rude: Setting shift to 0 and lim to 1 rcu_task_cb_adjust=1 rcu_task_cpu_ids=1.
[    0.052542] RCU Tasks Trace: Setting shift to 0 and lim to 1 rcu_task_cb_adjust=1 rcu_task_cpu_ids=1.
[    0.058454] NR_IRQS: 524544, nr_irqs: 256, preallocated irqs: 16
[    0.058683] rcu: srcu_init: Setting srcu_struct sizes based on contention.
[    0.076252] Console: colour VGA+ 80x25
[    0.076314] printk: legacy console [ttyS0] enabled
[    0.246839] ACPI: Core revision 20240827
[    0.247950] clocksource: hpet: mask: 0xffffffff max_cycles: 0xffffffff, max_idle_ns: 19112604467 ns
[    0.250162] APIC: Switch to symmetric I/O mode setup
[    0.251443] x2apic enabled
[    0.252296] APIC: Switched APIC routing to: physical x2apic
[    0.254690] ..TIMER: vector=0x30 apic1=0 pin1=2 apic2=-1 pin2=-1
[    0.256015] clocksource: tsc-early: mask: 0xffffffffffffffff max_cycles: 0x33e451ab1a6, max_idle_ns: 440795278720 ns
[    0.258348] Calibrating delay loop (skipped) preset value.. 7199.99 BogoMIPS (lpj=14399992)
[    0.260267] x86/cpu: User Mode Instruction Prevention (UMIP) activated
[    0.261799] Last level iTLB entries: 4KB 0, 2MB 0, 4MB 0
[    0.262346] Last level dTLB entries: 4KB 0, 2MB 0, 4MB 0, 1GB 0
[    0.263629] Spectre V1 : Mitigation: usercopy/swapgs barriers and __user pointer sanitization
[    0.266350] Spectre V2 : Spectre BHI mitigation: SW BHB clearing on syscall and VM exit
[    0.268052] Spectre V2 : Mitigation: IBRS
[    0.268917] Spectre V2 : Spectre v2 / SpectreRSB: Filling RSB on context switch and VMEXIT
[    0.270346] RETBleed: Mitigation: IBRS
[    0.271154] Spectre V2 : mitigation: Enabling conditional Indirect Branch Prediction Barrier
[    0.272983] Speculative Store Bypass: Mitigation: Speculative Store Bypass disabled via prctl
[    0.274351] MDS: Mitigation: Clear CPU buffers
[    0.275306] MMIO Stale Data: Mitigation: Clear CPU buffers
[    0.276524] SRBDS: Unknown: Dependent on hypervisor status
[    0.278347] active return thunk: its_return_thunk
[    0.279366] ITS: Mitigation: Aligned branch/return thunks
[    0.280544] x86/fpu: Supporting XSAVE feature 0x001: 'x87 floating point registers'
[    0.282349] x86/fpu: Supporting XSAVE feature 0x002: 'SSE registers'
[    0.283723] x86/fpu: Supporting XSAVE feature 0x004: 'AVX registers'
[    0.285145] x86/fpu: Supporting XSAVE feature 0x008: 'MPX bounds registers'
[    0.286350] x86/fpu: Supporting XSAVE feature 0x010: 'MPX CSR'
[    0.287604] x86/fpu: xstate_offset[2]:  576, xstate_sizes[2]:  256
[    0.288982] x86/fpu: xstate_offset[3]:  832, xstate_sizes[3]:   64
[    0.290357] x86/fpu: xstate_offset[4]:  896, xstate_sizes[4]:   64
[    0.291694] x86/fpu: Enabled xstate features 0x1f, context size is 960 bytes, using 'compacted' format.
[    0.336598] Freeing SMP alternatives memory: 40K
[    0.337682] pid_max: default: 32768 minimum: 301
[    0.338388] LSM: initializing lsm=lockdown,capability,landlock,yama,apparmor,tomoyo,bpf,ipe,ima,evm
[    0.340388] landlock: Up and running.
[    0.341225] Yama: disabled by default; enable with sysctl kernel.yama.*
[    0.342436] AppArmor: AppArmor initialized
[    0.343344] TOMOYO Linux initialized
[    0.344319] LSM support for eBPF active
[    0.345245] Mount-cache hash table entries: 16384 (order: 5, 131072 bytes, linear)
[    0.346355] Mountpoint-cache hash table entries: 16384 (order: 5, 131072 bytes, linear)
[    0.348459] smpboot: CPU0: Intel(R) Core(TM) i9-9900K CPU @ 3.60GHz (family: 0x6, model: 0x9e, stepping: 0xc)
[    0.350344] Performance Events: Skylake events, full-width counters, Intel PMU driver.
[    0.350352] ... version:                2
[    0.351241] ... bit width:              48
[    0.352126] ... generic registers:      4
[    0.352989] ... value mask:             0000ffffffffffff
[    0.354171] ... max period:             00007fffffffffff
[    0.354350] ... fixed-purpose events:   3
[    0.355226] ... event mask:             000000070000000f
[    0.356494] signal: max sigframe size: 2032
[    0.357472] rcu: Hierarchical SRCU implementation.
[    0.358350] rcu: 	Max phase no-delay instances is 1000.
[    0.363024] smp: Bringing up secondary CPUs ...
[    0.364033] smp: Brought up 1 node, 1 CPU
[    0.364958] smpboot: Total of 1 processors activated (7199.99 BogoMIPS)
[    0.385361] node 0 deferred pages initialised in 16ms
[    0.386371] Memory: 8051076K/8388084K available (16384K kernel code, 2497K rwdata, 11808K rodata, 4164K init, 4916K bss, 333204K reserved, 0K cma-reserved)
[    0.389835] devtmpfs: initialized
[    0.390387] x86/mm: Memory block size: 128MB
[    0.392205] clocksource: jiffies: mask: 0xffffffff max_cycles: 0xffffffff, max_idle_ns: 7645041785100000 ns
[    0.394338] futex hash table entries: 256 (order: 2, 16384 bytes, linear)
[    0.394414] pinctrl core: initialized pinctrl subsystem
[    0.396100] NET: Registered PF_NETLINK/PF_ROUTE protocol family
[    0.397532] DMA: preallocated 1024 KiB GFP_KERNEL pool for atomic allocations
[    0.398412] DMA: preallocated 1024 KiB GFP_KERNEL|GFP_DMA pool for atomic allocations
[    0.400338] DMA: preallocated 1024 KiB GFP_KERNEL|GFP_DMA32 pool for atomic allocations
[    0.402126] audit: initializing netlink subsys (disabled)
[    0.402402] audit: type=2000 audit(1784172435.897:1): state=initialized audit_enabled=0 res=1
[    0.404386] thermal_sys: Registered thermal governor 'fair_share'
[    0.404387] thermal_sys: Registered thermal governor 'bang_bang'
[    0.405731] thermal_sys: Registered thermal governor 'step_wise'
[    0.406355] thermal_sys: Registered thermal governor 'user_space'
[    0.407689] thermal_sys: Registered thermal governor 'power_allocator'
[    0.409039] cpuidle: using governor ladder
[    0.411256] cpuidle: using governor menu
[    0.412213] acpiphp: ACPI Hot Plug PCI Controller Driver version: 0.5
[    0.413790] PCI: ECAM [mem 0xb0000000-0xbfffffff] (base 0xb0000000) for domain 0000 [bus 00-ff]
[    0.414349] PCI: ECAM [mem 0xb0000000-0xbfffffff] reserved as E820 entry
[    0.415821] PCI: Using configuration type 1 for base access
[    0.417151] kprobes: kprobe jump-optimization is enabled. All kprobes are optimized if possible.
[    0.446739] HugeTLB: registered 1.00 GiB page size, pre-allocated 0 pages
[    0.448226] HugeTLB: 16380 KiB vmemmap can be freed for a 1.00 GiB page
[    0.449693] HugeTLB: registered 2.00 MiB page size, pre-allocated 0 pages
[    0.450350] HugeTLB: 28 KiB vmemmap can be freed for a 2.00 MiB page
[    0.455198] ACPI: Added _OSI(Module Device)
[    0.456142] ACPI: Added _OSI(Processor Device)
[    0.457128] ACPI: Added _OSI(Processor Aggregator Device)
[    0.461425] ACPI: 1 ACPI AML tables successfully acquired and loaded
[    0.463427] ACPI: Interpreter enabled
[    0.464284] ACPI: PM: (supports S0 S3 S4 S5)
[    0.465229] ACPI: Using IOAPIC for interrupt routing
[    0.466330] PCI: Using host bridge windows from ACPI; if necessary, use "pci=nocrs" and report a bug
[    0.466347] PCI: Using E820 reservations for host bridge windows
[    0.467758] ACPI: Enabled 2 GPEs in block 00 to 3F
[    0.471006] ACPI: PCI Root Bridge [PCI0] (domain 0000 [bus 00-ff])
[    0.472359] acpi PNP0A08:00: _OSC: OS supports [ExtendedConfig ASPM ClockPM Segments MSI HPX-Type3]
[    0.474382] acpi PNP0A08:00: _OSC: platform does not support [PCIeHotplug LTR]
[    0.476013] acpi PNP0A08:00: _OSC: OS now controls [SHPCHotplug PME AER PCIeCapability]
[    0.477941] PCI host bridge to bus 0000:00
[    0.478352] pci_bus 0000:00: root bus resource [io  0x0000-0x0cf7 window]
[    0.479859] pci_bus 0000:00: root bus resource [io  0x0d00-0xffff window]
[    0.481376] pci_bus 0000:00: root bus resource [mem 0x000a0000-0x000bffff window]
[    0.482350] pci_bus 0000:00: root bus resource [mem 0x80000000-0xafffffff window]
[    0.483954] pci_bus 0000:00: root bus resource [mem 0xc0000000-0xfebfffff window]
[    0.485607] pci_bus 0000:00: root bus resource [mem 0x280000000-0xa7fffffff window]
[    0.486349] pci_bus 0000:00: root bus resource [bus 00-ff]
[    0.487671] pci 0000:00:00.0: [8086:29c0] type 00 class 0x060000 conventional PCI endpoint
[    0.490169] pci 0000:00:01.0: [1234:1111] type 00 class 0x030000 conventional PCI endpoint
[    0.492656] pci 0000:00:01.0: BAR 0 [mem 0xfd000000-0xfdffffff pref]
[    0.496493] pci 0000:00:01.0: BAR 2 [mem 0xfebd4000-0xfebd4fff]
[    0.502418] pci 0000:00:01.0: ROM [mem 0xfebc0000-0xfebcffff pref]
[    0.503961] pci 0000:00:01.0: Video device with shadowed ROM at [mem 0x000c0000-0x000dffff]
[    0.506720] pci 0000:00:02.0: [8086:10d3] type 00 class 0x020000 PCIe Root Complex Integrated Endpoint
[    0.509823] pci 0000:00:02.0: BAR 0 [mem 0xfeb80000-0xfeb9ffff]
[    0.511287] pci 0000:00:02.0: BAR 1 [mem 0xfeba0000-0xfebbffff]
[    0.514283] pci 0000:00:02.0: BAR 2 [io  0xc040-0xc05f]
[    0.516122] pci 0000:00:02.0: BAR 3 [mem 0xfebd0000-0xfebd3fff]
[    0.520639] pci 0000:00:02.0: ROM [mem 0xfeb40000-0xfeb7ffff pref]
[    0.522138] pci 0000:00:02.0: enabling Extended Tags
[    0.523880] pci 0000:00:1f.0: [8086:2918] type 00 class 0x060100 conventional PCI endpoint
[    0.526481] pci 0000:00:1f.0: quirk: [io  0x0600-0x067f] claimed by ICH6 ACPI/GPIO/TCO
[    0.529255] pci 0000:00:1f.2: [8086:2922] type 00 class 0x010601 conventional PCI endpoint
[    0.533254] pci 0000:00:1f.2: BAR 4 [io  0xc060-0xc07f]
[    0.535148] pci 0000:00:1f.2: BAR 5 [mem 0xfebd5000-0xfebd5fff]
[    0.538553] pci 0000:00:1f.3: [8086:2930] type 00 class 0x0c0500 conventional PCI endpoint
[    0.542009] pci 0000:00:1f.3: BAR 4 [io  0x0700-0x073f]
[    0.544975] ACPI: PCI: Interrupt link LNKA configured for IRQ 10
[    0.546386] ACPI: PCI: Interrupt link LNKB configured for IRQ 10
[    0.548416] ACPI: PCI: Interrupt link LNKC configured for IRQ 11
[    0.549815] ACPI: PCI: Interrupt link LNKD configured for IRQ 11
[    0.550452] ACPI: PCI: Interrupt link LNKE configured for IRQ 10
[    0.551871] ACPI: PCI: Interrupt link LNKF configured for IRQ 10
[    0.553262] ACPI: PCI: Interrupt link LNKG configured for IRQ 11
[    0.554452] ACPI: PCI: Interrupt link LNKH configured for IRQ 11
[    0.555822] ACPI: PCI: Interrupt link GSIA configured for IRQ 16
[    0.557651] ACPI: PCI: Interrupt link GSIB configured for IRQ 17
[    0.558361] ACPI: PCI: Interrupt link GSIC configured for IRQ 18
[    0.559668] ACPI: PCI: Interrupt link GSID configured for IRQ 19
[    0.561010] ACPI: PCI: Interrupt link GSIE configured for IRQ 20
[    0.562351] ACPI: PCI: Interrupt link GSIF configured for IRQ 21
[    0.563656] ACPI: PCI: Interrupt link GSIG configured for IRQ 22
[    0.564997] ACPI: PCI: Interrupt link GSIH configured for IRQ 23
[    0.566872] iommu: Default domain type: Translated
[    0.567912] iommu: DMA domain TLB invalidation policy: lazy mode
[    0.569473] pps_core: LinuxPPS API ver. 1 registered
[    0.570347] pps_core: Software ver. 5.3.6 - Copyright 2005-2007 Rodolfo Giometti <giometti@linux.it>
[    0.572301] PTP clock support registered
[    0.573210] EDAC MC: Ver: 3.0.0
[    0.574572] NetLabel: Initializing
[    0.575325] NetLabel:  domain hash size = 128
[    0.576278] NetLabel:  protocols = UNLABELED CIPSOv4 CALIPSO
[    0.577628] NetLabel:  unlabeled traffic allowed by default
[    0.578349] PCI: Using ACPI for IRQ routing
[    0.672632] pci 0000:00:01.0: vgaarb: setting as boot VGA device
[    0.674005] pci 0000:00:01.0: vgaarb: bridge control possible
[    0.674344] pci 0000:00:01.0: vgaarb: VGA device added: decodes=io+mem,owns=io+mem,locks=none
[    0.674354] vgaarb: loaded
[    0.675049] hpet0: at MMIO 0xfed00000, IRQs 2, 8, 0
[    0.676106] hpet0: 3 comparators, 64-bit 100.000000 MHz counter
[    0.681508] clocksource: Switched to clocksource kvm-clock
[    0.682344] VFS: Disk quotas dquot_6.6.0
[    0.682344] VFS: Dquot-cache hash table entries: 512 (order 0, 4096 bytes)
[    0.683028] AppArmor: AppArmor Filesystem Enabled
[    0.684174] pnp: PnP ACPI init
[    0.685049] system 00:05: [mem 0xb0000000-0xbfffffff window] has been reserved
[    0.686953] pnp: PnP ACPI: found 6 devices
[    0.693914] clocksource: acpi_pm: mask: 0xffffff max_cycles: 0xffffff, max_idle_ns: 2085701024 ns
[    0.695969] NET: Registered PF_INET protocol family
[    0.697288] IP idents hash table entries: 131072 (order: 8, 1048576 bytes, linear)
[    0.711704] tcp_listen_portaddr_hash hash table entries: 4096 (order: 4, 65536 bytes, linear)
[    0.713563] Table-perturb hash table entries: 65536 (order: 6, 262144 bytes, linear)
[    0.715308] TCP established hash table entries: 65536 (order: 7, 524288 bytes, linear)
[    0.717329] TCP bind hash table entries: 65536 (order: 9, 2097152 bytes, linear)
[    0.719171] TCP: Hash tables configured (established 65536 bind 65536)
[    0.720697] MPTCP token hash table entries: 8192 (order: 6, 196608 bytes, linear)
[    0.722413] UDP hash table entries: 4096 (order: 5, 131072 bytes, linear)
[    0.723932] UDP-Lite hash table entries: 4096 (order: 5, 131072 bytes, linear)
[    0.725555] NET: Registered PF_UNIX/PF_LOCAL protocol family
[    0.726836] NET: Registered PF_XDP protocol family
[    0.727936] pci_bus 0000:00: resource 4 [io  0x0000-0x0cf7 window]
[    0.729269] pci_bus 0000:00: resource 5 [io  0x0d00-0xffff window]
[    0.730649] pci_bus 0000:00: resource 6 [mem 0x000a0000-0x000bffff window]
[    0.732168] pci_bus 0000:00: resource 7 [mem 0x80000000-0xafffffff window]
[    0.733646] pci_bus 0000:00: resource 8 [mem 0xc0000000-0xfebfffff window]
[    0.735194] pci_bus 0000:00: resource 9 [mem 0x280000000-0xa7fffffff window]
[    0.736840] PCI: CLS 0 bytes, default 64
[    0.737886] Trying to unpack rootfs image as initramfs...
[    0.739717] PCI-DMA: Using software bounce buffering for IO (SWIOTLB)
[    0.741114] software IO TLB: mapped [mem 0x000000007744e000-0x000000007b44e000] (64MB)
[    0.742919] clocksource: tsc: mask: 0xffffffffffffffff max_cycles: 0x33e451ab1a6, max_idle_ns: 440795278720 ns
[    0.752010] Initialise system trusted keyrings
[    0.753015] Key type blacklist registered
[    0.755774] workingset: timestamp_bits=36 max_order=21 bucket_order=0
[    0.757188] zbud: loaded
[    0.759777] fuse: init (API version 7.41)
[    0.760808] integrity: Platform Keyring initialized
[    0.761914] integrity: Machine keyring initialized
[    0.799737] Key type asymmetric registered
[    0.800669] Asymmetric key parser 'x509' registered
[    1.278569] Freeing initrd memory: 77320K
[    1.280408] Block layer SCSI generic (bsg) driver version 0.4 loaded (major 246)
[    1.282134] io scheduler mq-deadline registered
[    1.284387] ledtrig-cpu: registered to indicate activity on CPUs
[    1.285776] shpchp: Standard Hot Plug PCI Controller Driver version: 0.4
[    1.287611] Serial: 8250/16550 driver, 4 ports, IRQ sharing enabled
[    1.289542] 00:03: ttyS0 at I/O 0x3f8 (irq = 4, base_baud = 115200) is a 16550A
[    1.291894] Linux agpgart interface v0.103
[    1.293089] i8042: PNP: PS/2 Controller [PNP0303:KBD,PNP0f13:MOU] at 0x60,0x64 irq 1,12
[    1.295871] serio: i8042 KBD port at 0x60,0x64 irq 1
[    1.296974] serio: i8042 AUX port at 0x60,0x64 irq 12
[    1.298295] mousedev: PS/2 mouse device common for all mice
[    1.300010] input: AT Translated Set 2 keyboard as /devices/platform/i8042/serio0/input/input0
[    1.302326] rtc_cmos 00:04: RTC can wake from S4
[    1.304115] rtc_cmos 00:04: registered as rtc0
[    1.305180] rtc_cmos 00:04: setting system clock to 2026-07-16T03:27:16 UTC (1784172436)
[    1.307106] rtc_cmos 00:04: alarms up to one day, y3k, 242 bytes nvram, hpet irqs
[    1.308775] intel_pstate: CPU model not supported
[    1.310709] NET: Registered PF_INET6 protocol family
[    1.312797] Segment Routing with IPv6
[    1.313633] In-situ OAM (IOAM) with IPv6
[    1.314578] mip6: Mobile IPv6
[    1.315289] NET: Registered PF_PACKET protocol family
[    1.316488] mpls_gso: MPLS GSO support
[    1.317480] IPI shorthand broadcast: enabled
[    1.320415] sched_clock: Marking stable (1128008986, 191653683)->(1354711002, -35048333)
[    1.322353] registered taskstats version 1
[    1.323396] Loading compiled-in X.509 certificates
[    1.343207] Loaded X.509 cert 'Build time autogenerated kernel key: e87b99600394fc77ba6018a2cc6a68db4bb86ee6'
[    1.347289] Demotion targets for Node 0: null
[    1.348370] Key type .fscrypt registered
[    1.349235] Key type fscrypt-provisioning registered
[    1.351236] Key type encrypted registered
[    1.352146] AppArmor: AppArmor sha256 policy hashing enabled
[    1.353383] ima: No TPM chip found, activating TPM-bypass!
[    1.354622] ima: Allocated hash algorithm: sha256
[    1.355733] ima: No architecture policies found
[    1.356745] evm: Initialising EVM extended attributes:
[    1.357896] evm: security.selinux
[    1.358630] evm: security.SMACK64 (disabled)
[    1.359600] evm: security.SMACK64EXEC (disabled)
[    1.360641] evm: security.SMACK64TRANSMUTE (disabled)
[    1.361738] evm: security.SMACK64MMAP (disabled)
[    1.362780] evm: security.apparmor
[    1.363558] evm: security.ima
[    1.364236] evm: security.capability
[    1.365016] evm: HMAC attrs: 0x1
[    1.399752] RAS: Correctable Errors collector initialized.
[    1.420151] clk: Disabling unused clocks
[    1.421049] PM: genpd: Disabling unused power domains
[    1.427975] Freeing unused decrypted memory: 2028K
[    1.429184] Freeing unused kernel image (initmem) memory: 4164K
[    1.430201] Write protecting the kernel read-only data: 28672k
[    1.431425] Freeing unused kernel image (rodata/data gap) memory: 480K
[    1.475855] x86/mm: Checked W+X mappings: passed, no W+X pages found.
[    1.519685] Run /init as init process
NESTED_X86_L1_BOOT_OK
Linux (none) 6.12.90+deb13.1-amd64 #1 SMP PREEMPT_DYNAMIC Debian 6.12.90-2 (2026-05-27) x86_64 GNU/Linux
              total        used        free      shared  buff/cache   available
Mem:           7948          50        7754         143         144        7617
console=ttyS0 rdinit=/init panic=-1 harmony.gates=n2_nested_hammer harmony.env=N2_DEADLINES=90000,N2_SEED=2600002010,N2_PROGRESS=25000
msr: loaded
irqbypass: loaded
[    1.570460] kvm: loading out-of-tree module taints kernel.
[    1.571409] kvm: module verification failed: signature and/or required key missing - tainting kernel
kvm(PATCHED): loaded
kvm-intel(PATCHED): loaded
L1_DEV_KVM_PRESENT
NESTED_X86_L2_PIN_CHECK_BEGIN
f06a34a79010a8f2cc8226dc629cc8fb049740016f035f53e3f2e53d9a30dd41  guest/build/bzImage
3c4a7f2f0db4b59aaf4dee55d43a42c57fc0d10ac25441de88128c61be0778c2  guest/build/initramfs-postgres.cpio.gz
NESTED_X86_L2_PIN_CHECK_END
ENV N2_DEADLINES=90000
ENV N2_SEED=2600002010
ENV N2_PROGRESS=25000
NESTED_X86_GATE_BEGIN n2_nested_hammer 

running 1 test
test n2_deadline_hammer ... N2JSON {"event":"start","total":90000,"seed":2600002010,"backend":"PatchedKvmBackend","pid":148}
[    2.560344] perf: interrupt took too long (2525 > 2500), lowering kernel.perf_event_max_sample_rate to 79000
[    2.762484] perf: interrupt took too long (3233 > 3156), lowering kernel.perf_event_max_sample_rate to 61750
[    3.053215] perf: interrupt took too long (4136 > 4041), lowering kernel.perf_event_max_sample_rate to 48250
[    3.488607] perf: interrupt took too long (5172 > 5170), lowering kernel.perf_event_max_sample_rate to 38500
[    3.996182] perf: interrupt took too long (6478 > 6465), lowering kernel.perf_event_max_sample_rate to 30750
[    4.844879] perf: interrupt took too long (8114 > 8097), lowering kernel.perf_event_max_sample_rate to 24500
[    7.424387] perf: interrupt took too long (10143 > 10142), lowering kernel.perf_event_max_sample_rate to 19500
[   10.548722] perf: interrupt took too long (12693 > 12678), lowering kernel.perf_event_max_sample_rate to 15750
[  103.189543] perf: interrupt took too long (15877 > 15866), lowering kernel.perf_event_max_sample_rate to 12500
N2JSON {"event":"progress","deadlines":25000,"armed_pmi":13910,"mtf_only":11090,"exact":25000,"oracle_ok":25000,"mismatches":0,"record_violations":0,"records":{"samples":13910,"lost":0,"throttle":0,"other":0}}
N2JSON {"event":"progress","deadlines":50000,"armed_pmi":27832,"mtf_only":22168,"exact":50000,"oracle_ok":50000,"mismatches":0,"record_violations":0,"records":{"samples":27832,"lost":0,"throttle":0,"other":0}}
N2JSON {"event":"progress","deadlines":75000,"armed_pmi":41730,"mtf_only":33270,"exact":75000,"oracle_ok":75000,"mismatches":0,"record_violations":0,"records":{"samples":41730,"lost":0,"throttle":0,"other":0}}
N2JSON {"event":"summary","deadlines":90000,"armed_pmi":50098,"mtf_only":39902,"exact":90000,"oracle_ok":90000,"mismatches":0,"record_violations":0,"final_work":1580149326,"records":{"samples":50098,"lost":0,"throttle":0,"other":0}}
ok

test result: ok. 1 passed; 0 failed; 0 ignored; 0 measured; 1 filtered out; finished in 1554.74s

NESTED_X86_GATE_RC n2_nested_hammer rc=0
NESTED_X86_GATE_END n2_nested_hammer
--- L1 dmesg tail (kvm/vmx/pmu/perf) ---
[    0.000000] Hypervisor detected: KVM
[    0.000000] kvm-clock: Using msrs 4b564d01 and 4b564d00
[    0.000001] kvm-clock: using sched offset of 234238657 cycles
[    0.000003] clocksource: kvm-clock: mask: 0xffffffffffffffff max_cycles: 0x1cd42e4dffb, max_idle_ns: 881590591483 ns
[    0.016275] kvm-guest: APIC: eoi() replaced with kvm_guest_apic_eoi_write()
[    0.016304] Booting paravirtualized kernel on KVM
[    0.021177] kvm-guest: PV spinlocks disabled, single CPU
[    0.350344] Performance Events: Skylake events, full-width counters, Intel PMU driver.
[    0.681508] clocksource: Switched to clocksource kvm-clock
[    1.570460] kvm: loading out-of-tree module taints kernel.
[    1.571409] kvm: module verification failed: signature and/or required key missing - tainting kernel
[    2.560344] perf: interrupt took too long (2525 > 2500), lowering kernel.perf_event_max_sample_rate to 79000
[    2.762484] perf: interrupt took too long (3233 > 3156), lowering kernel.perf_event_max_sample_rate to 61750
[    3.053215] perf: interrupt took too long (4136 > 4041), lowering kernel.perf_event_max_sample_rate to 48250
[    3.488607] perf: interrupt took too long (5172 > 5170), lowering kernel.perf_event_max_sample_rate to 38500
[    3.996182] perf: interrupt took too long (6478 > 6465), lowering kernel.perf_event_max_sample_rate to 30750
[    4.844879] perf: interrupt took too long (8114 > 8097), lowering kernel.perf_event_max_sample_rate to 24500
[    7.424387] perf: interrupt took too long (10143 > 10142), lowering kernel.perf_event_max_sample_rate to 19500
[   10.548722] perf: interrupt took too long (12693 > 12678), lowering kernel.perf_event_max_sample_rate to 15750
[  103.189543] perf: interrupt took too long (15877 > 15866), lowering kernel.perf_event_max_sample_rate to 12500
NESTED_X86_GATES_FAILED 0
NESTED_X86_L1_DONE
[ 1556.731440] ACPI: PM: Preparing to enter system sleep state S5
[ 1556.732576] kvm: exiting hardware virtualization
[ 1556.733414] reboot: Power down
