[    0.000000] Linux version 6.12.90+deb13.1-amd64 (debian-kernel@lists.debian.org) (x86_64-linux-gnu-gcc-14 (Debian 14.2.0-19) 14.2.0, GNU ld (GNU Binutils for Debian) 2.44) #1 SMP PREEMPT_DYNAMIC Debian 6.12.90-2 (2026-05-27)
[    0.000000] Command line: console=ttyS0 rdinit=/init panic=-1 harmony.gates=n3_repeat_gate harmony.env=N3_REPS=250,N3_ITEM=insn-rng
[    0.000000] BIOS-provided physical RAM map:
[    0.000000] BIOS-e820: [mem 0x0000000000000000-0x000000000009fbff] usable
[    0.000000] BIOS-e820: [mem 0x000000000009fc00-0x000000000009ffff] reserved
[    0.000000] BIOS-e820: [mem 0x00000000000f0000-0x00000000000fffff] reserved
[    0.000000] BIOS-e820: [mem 0x0000000000100000-0x000000007ffdefff] usable
[    0.000000] BIOS-e820: [mem 0x000000007ffdf000-0x000000007fffffff] reserved
[    0.000000] BIOS-e820: [mem 0x00000000b0000000-0x00000000bfffffff] reserved
[    0.000000] BIOS-e820: [mem 0x00000000fed1c000-0x00000000fed1ffff] reserved
[    0.000000] BIOS-e820: [mem 0x00000000feffc000-0x00000000feffffff] reserved
[    0.000000] BIOS-e820: [mem 0x00000000fffc0000-0x00000000ffffffff] reserved
[    0.000000] BIOS-e820: [mem 0x0000000100000000-0x000000027fffffff] usable
[    0.000000] NX (Execute Disable) protection: active
[    0.000000] APIC: Static calls initialized
[    0.000000] SMBIOS 2.8 present.
[    0.000000] DMI: QEMU Standard PC (Q35 + ICH9, 2009), BIOS 1.16.3-debian-1.16.3-2 04/01/2014
[    0.000000] DMI: Memory slots populated: 1/1
[    0.000000] Hypervisor detected: KVM
[    0.000000] last_pfn = 0x7ffdf max_arch_pfn = 0x400000000
[    0.000000] kvm-clock: Using msrs 4b564d01 and 4b564d00
[    0.000000] kvm-clock: using sched offset of 162461718 cycles
[    0.000001] clocksource: kvm-clock: mask: 0xffffffffffffffff max_cycles: 0x1cd42e4dffb, max_idle_ns: 881590591483 ns
[    0.000004] tsc: Detected 3599.998 MHz processor
[    0.000759] last_pfn = 0x280000 max_arch_pfn = 0x400000000
[    0.000782] MTRR map: 4 entries (3 fixed + 1 variable; max 19), built from 8 variable MTRRs
[    0.000784] x86/PAT: Configuration [0-7]: WB  WC  UC- UC  WB  WP  UC- WT  
[    0.000813] last_pfn = 0x7ffdf max_arch_pfn = 0x400000000
[    0.005960] found SMP MP-table at [mem 0x000f5480-0x000f548f]
[    0.005971] Using GB pages for direct mapping
[    0.006182] RAMDISK: [mem 0x79c87000-0x7ffcffff]
[    0.006186] ACPI: Early table checksum verification disabled
[    0.006188] ACPI: RSDP 0x00000000000F52A0 000014 (v00 BOCHS )
[    0.006191] ACPI: RSDT 0x000000007FFE2351 000038 (v01 BOCHS  BXPC     00000001 BXPC 00000001)
[    0.006195] ACPI: FACP 0x000000007FFE2149 0000F4 (v03 BOCHS  BXPC     00000001 BXPC 00000001)
[    0.006199] ACPI: DSDT 0x000000007FFE0040 002109 (v01 BOCHS  BXPC     00000001 BXPC 00000001)
[    0.006201] ACPI: FACS 0x000000007FFE0000 000040
[    0.006203] ACPI: APIC 0x000000007FFE223D 000078 (v03 BOCHS  BXPC     00000001 BXPC 00000001)
[    0.006205] ACPI: HPET 0x000000007FFE22B5 000038 (v01 BOCHS  BXPC     00000001 BXPC 00000001)
[    0.006207] ACPI: MCFG 0x000000007FFE22ED 00003C (v01 BOCHS  BXPC     00000001 BXPC 00000001)
[    0.006209] ACPI: WAET 0x000000007FFE2329 000028 (v01 BOCHS  BXPC     00000001 BXPC 00000001)
[    0.006210] ACPI: Reserving FACP table memory at [mem 0x7ffe2149-0x7ffe223c]
[    0.006211] ACPI: Reserving DSDT table memory at [mem 0x7ffe0040-0x7ffe2148]
[    0.006212] ACPI: Reserving FACS table memory at [mem 0x7ffe0000-0x7ffe003f]
[    0.006212] ACPI: Reserving APIC table memory at [mem 0x7ffe223d-0x7ffe22b4]
[    0.006213] ACPI: Reserving HPET table memory at [mem 0x7ffe22b5-0x7ffe22ec]
[    0.006213] ACPI: Reserving MCFG table memory at [mem 0x7ffe22ed-0x7ffe2328]
[    0.006214] ACPI: Reserving WAET table memory at [mem 0x7ffe2329-0x7ffe2350]
[    0.006532] No NUMA configuration found
[    0.006533] Faking a node at [mem 0x0000000000000000-0x000000027fffffff]
[    0.006538] NODE_DATA(0) allocated [mem 0x27ffd3680-0x27fffdfff]
[    0.006665] Zone ranges:
[    0.006666]   DMA      [mem 0x0000000000001000-0x0000000000ffffff]
[    0.006667]   DMA32    [mem 0x0000000001000000-0x00000000ffffffff]
[    0.006668]   Normal   [mem 0x0000000100000000-0x000000027fffffff]
[    0.006669]   Device   empty
[    0.006669] Movable zone start for each node
[    0.006671] Early memory node ranges
[    0.006671]   node   0: [mem 0x0000000000001000-0x000000000009efff]
[    0.006672]   node   0: [mem 0x0000000000100000-0x000000007ffdefff]
[    0.006672]   node   0: [mem 0x0000000100000000-0x000000027fffffff]
[    0.006674] Initmem setup node 0 [mem 0x0000000000001000-0x000000027fffffff]
[    0.006805] On node 0, zone DMA: 1 pages in unavailable ranges
[    0.006817] On node 0, zone DMA: 97 pages in unavailable ranges
[    0.010164] On node 0, zone Normal: 33 pages in unavailable ranges
[    0.010575] ACPI: PM-Timer IO Port: 0x608
[    0.010590] ACPI: LAPIC_NMI (acpi_id[0xff] dfl dfl lint[0x1])
[    0.010615] IOAPIC[0]: apic_id 0, version 17, address 0xfec00000, GSI 0-23
[    0.010617] ACPI: INT_SRC_OVR (bus 0 bus_irq 0 global_irq 2 dfl dfl)
[    0.010619] ACPI: INT_SRC_OVR (bus 0 bus_irq 5 global_irq 5 high level)
[    0.010619] ACPI: INT_SRC_OVR (bus 0 bus_irq 9 global_irq 9 high level)
[    0.010620] ACPI: INT_SRC_OVR (bus 0 bus_irq 10 global_irq 10 high level)
[    0.010621] ACPI: INT_SRC_OVR (bus 0 bus_irq 11 global_irq 11 high level)
[    0.010624] ACPI: Using ACPI (MADT) for SMP configuration information
[    0.010625] ACPI: HPET id: 0x8086a201 base: 0xfed00000
[    0.010628] TSC deadline timer available
[    0.010631] CPU topo: Max. logical packages:   1
[    0.010631] CPU topo: Max. logical dies:       1
[    0.010631] CPU topo: Max. dies per package:   1
[    0.010634] CPU topo: Max. threads per core:   1
[    0.010634] CPU topo: Num. cores per package:     1
[    0.010635] CPU topo: Num. threads per package:   1
[    0.010635] CPU topo: Allowing 1 present CPUs plus 0 hotplug CPUs
[    0.010648] kvm-guest: APIC: eoi() replaced with kvm_guest_apic_eoi_write()
[    0.010664] PM: hibernation: Registered nosave memory: [mem 0x00000000-0x00000fff]
[    0.010665] PM: hibernation: Registered nosave memory: [mem 0x0009f000-0x000fffff]
[    0.010666] PM: hibernation: Registered nosave memory: [mem 0x7ffdf000-0xffffffff]
[    0.010667] [mem 0xc0000000-0xfed1bfff] available for PCI devices
[    0.010668] Booting paravirtualized kernel on KVM
[    0.010669] clocksource: refined-jiffies: mask: 0xffffffff max_cycles: 0xffffffff, max_idle_ns: 7645519600211568 ns
[    0.014032] setup_percpu: NR_CPUS:8192 nr_cpumask_bits:1 nr_cpu_ids:1 nr_node_ids:1
[    0.014247] percpu: Embedded 66 pages/cpu s233472 r8192 d28672 u2097152
[    0.014273] kvm-guest: PV spinlocks disabled, single CPU
[    0.014275] Kernel command line: console=ttyS0 rdinit=/init panic=-1 harmony.gates=n3_repeat_gate harmony.env=N3_REPS=250,N3_ITEM=insn-rng
[    0.014328] random: crng init done
[    0.015082] Dentry cache hash table entries: 1048576 (order: 11, 8388608 bytes, linear)
[    0.015456] Inode-cache hash table entries: 524288 (order: 10, 4194304 bytes, linear)
[    0.015488] Fallback order for Node 0: 0 
[    0.015490] Built 1 zonelists, mobility grouping on.  Total pages: 2097021
[    0.015491] Policy zone: Normal
[    0.015497] mem auto-init: stack:all(zero), heap alloc:on, heap free:off
[    0.015501] software IO TLB: area num 1.
[    0.030369] SLUB: HWalign=64, Order=0-3, MinObjects=0, CPUs=1, Nodes=1
[    0.030389] ftrace: allocating 45769 entries in 179 pages
[    0.035584] ftrace: allocated 179 pages with 5 groups
[    0.036075] Dynamic Preempt: voluntary
[    0.036217] rcu: Preemptible hierarchical RCU implementation.
[    0.036217] rcu: 	RCU restricting CPUs from NR_CPUS=8192 to nr_cpu_ids=1.
[    0.036218] 	Trampoline variant of Tasks RCU enabled.
[    0.036218] 	Rude variant of Tasks RCU enabled.
[    0.036219] 	Tracing variant of Tasks RCU enabled.
[    0.036219] rcu: RCU calculated value of scheduler-enlistment delay is 25 jiffies.
[    0.036220] rcu: Adjusting geometry for rcu_fanout_leaf=16, nr_cpu_ids=1
[    0.036223] RCU Tasks: Setting shift to 0 and lim to 1 rcu_task_cb_adjust=1 rcu_task_cpu_ids=1.
[    0.036224] RCU Tasks Rude: Setting shift to 0 and lim to 1 rcu_task_cb_adjust=1 rcu_task_cpu_ids=1.
[    0.036225] RCU Tasks Trace: Setting shift to 0 and lim to 1 rcu_task_cb_adjust=1 rcu_task_cpu_ids=1.
[    0.039384] NR_IRQS: 524544, nr_irqs: 256, preallocated irqs: 16
[    0.039553] rcu: srcu_init: Setting srcu_struct sizes based on contention.
[    0.051417] Console: colour VGA+ 80x25
[    0.051459] printk: legacy console [ttyS0] enabled
[    0.168563] ACPI: Core revision 20240827
[    0.169365] clocksource: hpet: mask: 0xffffffff max_cycles: 0xffffffff, max_idle_ns: 19112604467 ns
[    0.170882] APIC: Switch to symmetric I/O mode setup
[    0.171777] x2apic enabled
[    0.172378] APIC: Switched APIC routing to: physical x2apic
[    0.173879] ..TIMER: vector=0x30 apic1=0 pin1=2 apic2=-1 pin2=-1
[    0.174798] clocksource: tsc-early: mask: 0xffffffffffffffff max_cycles: 0x33e451ab1a6, max_idle_ns: 440795278720 ns
[    0.176404] Calibrating delay loop (skipped) preset value.. 7199.99 BogoMIPS (lpj=14399992)
[    0.177738] x86/cpu: User Mode Instruction Prevention (UMIP) activated
[    0.178775] Last level iTLB entries: 4KB 0, 2MB 0, 4MB 0
[    0.180404] Last level dTLB entries: 4KB 0, 2MB 0, 4MB 0, 1GB 0
[    0.181308] Spectre V1 : Mitigation: usercopy/swapgs barriers and __user pointer sanitization
[    0.182587] Spectre V2 : Spectre BHI mitigation: SW BHB clearing on syscall and VM exit
[    0.184404] Spectre V2 : Mitigation: IBRS
[    0.185008] Spectre V2 : Spectre v2 / SpectreRSB: Filling RSB on context switch and VMEXIT
[    0.186246] RETBleed: Mitigation: IBRS
[    0.186815] Spectre V2 : mitigation: Enabling conditional Indirect Branch Prediction Barrier
[    0.188071] Speculative Store Bypass: Mitigation: Speculative Store Bypass disabled via prctl
[    0.188407] MDS: Mitigation: Clear CPU buffers
[    0.189078] MMIO Stale Data: Mitigation: Clear CPU buffers
[    0.189901] SRBDS: Unknown: Dependent on hypervisor status
[    0.190725] active return thunk: its_return_thunk
[    0.192404] ITS: Mitigation: Aligned branch/return thunks
[    0.193234] x86/fpu: Supporting XSAVE feature 0x001: 'x87 floating point registers'
[    0.194375] x86/fpu: Supporting XSAVE feature 0x002: 'SSE registers'
[    0.195323] x86/fpu: Supporting XSAVE feature 0x004: 'AVX registers'
[    0.196404] x86/fpu: Supporting XSAVE feature 0x008: 'MPX bounds registers'
[    0.197451] x86/fpu: Supporting XSAVE feature 0x010: 'MPX CSR'
[    0.198325] x86/fpu: xstate_offset[2]:  576, xstate_sizes[2]:  256
[    0.199247] x86/fpu: xstate_offset[3]:  832, xstate_sizes[3]:   64
[    0.200172] x86/fpu: xstate_offset[4]:  896, xstate_sizes[4]:   64
[    0.200404] x86/fpu: Enabled xstate features 0x1f, context size is 960 bytes, using 'compacted' format.
[    0.232474] Freeing SMP alternatives memory: 40K
[    0.233174] pid_max: default: 32768 minimum: 301
[    0.234028] LSM: initializing lsm=lockdown,capability,landlock,yama,apparmor,tomoyo,bpf,ipe,ima,evm
[    0.235420] landlock: Up and running.
[    0.235974] Yama: disabled by default; enable with sysctl kernel.yama.*
[    0.236457] AppArmor: AppArmor initialized
[    0.237098] TOMOYO Linux initialized
[    0.237768] LSM support for eBPF active
[    0.238395] Mount-cache hash table entries: 16384 (order: 5, 131072 bytes, linear)
[    0.239525] Mountpoint-cache hash table entries: 16384 (order: 5, 131072 bytes, linear)
[    0.240621] smpboot: CPU0: Intel(R) Core(TM) i9-9900K CPU @ 3.60GHz (family: 0x6, model: 0x9e, stepping: 0xc)
[    0.242221] Performance Events: Skylake events, full-width counters, Intel PMU driver.
[    0.243422] ... version:                2
[    0.244040] ... bit width:              48
[    0.244405] ... generic registers:      4
[    0.245009] ... value mask:             0000ffffffffffff
[    0.245804] ... max period:             00007fffffffffff
[    0.246599] ... fixed-purpose events:   3
[    0.247215] ... event mask:             000000070000000f
[    0.248077] signal: max sigframe size: 2032
[    0.248425] rcu: Hierarchical SRCU implementation.
[    0.249148] rcu: 	Max phase no-delay instances is 1000.
[    0.252570] smp: Bringing up secondary CPUs ...
[    0.253264] smp: Brought up 1 node, 1 CPU
[    0.253872] smpboot: Total of 1 processors activated (7199.99 BogoMIPS)
[    0.267596] node 0 deferred pages initialised in 12ms
[    0.268412] Memory: 8026808K/8388084K available (16384K kernel code, 2497K rwdata, 11808K rodata, 4164K init, 4916K bss, 357560K reserved, 0K cma-reserved)
[    0.270782] devtmpfs: initialized
[    0.271315] x86/mm: Memory block size: 128MB
[    0.272569] clocksource: jiffies: mask: 0xffffffff max_cycles: 0xffffffff, max_idle_ns: 7645041785100000 ns
[    0.274035] futex hash table entries: 256 (order: 2, 16384 bytes, linear)
[    0.275106] pinctrl core: initialized pinctrl subsystem
[    0.276388] NET: Registered PF_NETLINK/PF_ROUTE protocol family
[    0.276494] DMA: preallocated 1024 KiB GFP_KERNEL pool for atomic allocations
[    0.277640] DMA: preallocated 1024 KiB GFP_KERNEL|GFP_DMA pool for atomic allocations
[    0.279090] DMA: preallocated 1024 KiB GFP_KERNEL|GFP_DMA32 pool for atomic allocations
[    0.280299] audit: initializing netlink subsys (disabled)
[    0.280429] audit: type=2000 audit(1783707103.579:1): state=initialized audit_enabled=0 res=1
[    0.281797] thermal_sys: Registered thermal governor 'fair_share'
[    0.281798] thermal_sys: Registered thermal governor 'bang_bang'
[    0.282759] thermal_sys: Registered thermal governor 'step_wise'
[    0.283663] thermal_sys: Registered thermal governor 'user_space'
[    0.284408] thermal_sys: Registered thermal governor 'power_allocator'
[    0.285347] cpuidle: using governor ladder
[    0.286959] cpuidle: using governor menu
[    0.287593] acpiphp: ACPI Hot Plug PCI Controller Driver version: 0.5
[    0.288522] PCI: ECAM [mem 0xb0000000-0xbfffffff] (base 0xb0000000) for domain 0000 [bus 00-ff]
[    0.289845] PCI: ECAM [mem 0xb0000000-0xbfffffff] reserved as E820 entry
[    0.290858] PCI: Using configuration type 1 for base access
[    0.291785] kprobes: kprobe jump-optimization is enabled. All kprobes are optimized if possible.
[    0.312444] HugeTLB: registered 1.00 GiB page size, pre-allocated 0 pages
[    0.313472] HugeTLB: 16380 KiB vmemmap can be freed for a 1.00 GiB page
[    0.314463] HugeTLB: registered 2.00 MiB page size, pre-allocated 0 pages
[    0.315479] HugeTLB: 28 KiB vmemmap can be freed for a 2.00 MiB page
[    0.320865] ACPI: Added _OSI(Module Device)
[    0.321512] ACPI: Added _OSI(Processor Device)
[    0.322185] ACPI: Added _OSI(Processor Aggregator Device)
[    0.323678] ACPI: 1 ACPI AML tables successfully acquired and loaded
[    0.327427] ACPI: Interpreter enabled
[    0.328018] ACPI: PM: (supports S0 S3 S4 S5)
[    0.328405] ACPI: Using IOAPIC for interrupt routing
[    0.329168] PCI: Using host bridge windows from ACPI; if necessary, use "pci=nocrs" and report a bug
[    0.330564] PCI: Using E820 reservations for host bridge windows
[    0.331545] ACPI: Enabled 2 GPEs in block 00 to 3F
[    0.333759] ACPI: PCI Root Bridge [PCI0] (domain 0000 [bus 00-ff])
[    0.334694] acpi PNP0A08:00: _OSC: OS supports [ExtendedConfig ASPM ClockPM Segments MSI HPX-Type3]
[    0.336090] acpi PNP0A08:00: _OSC: platform does not support [PCIeHotplug LTR]
[    0.336445] acpi PNP0A08:00: _OSC: OS now controls [SHPCHotplug PME AER PCIeCapability]
[    0.337764] PCI host bridge to bus 0000:00
[    0.338389] pci_bus 0000:00: root bus resource [io  0x0000-0x0cf7 window]
[    0.339428] pci_bus 0000:00: root bus resource [io  0x0d00-0xffff window]
[    0.340405] pci_bus 0000:00: root bus resource [mem 0x000a0000-0x000bffff window]
[    0.341528] pci_bus 0000:00: root bus resource [mem 0x80000000-0xafffffff window]
[    0.342667] pci_bus 0000:00: root bus resource [mem 0xc0000000-0xfebfffff window]
[    0.343794] pci_bus 0000:00: root bus resource [mem 0x280000000-0xa7fffffff window]
[    0.344406] pci_bus 0000:00: root bus resource [bus 00-ff]
[    0.345286] pci 0000:00:00.0: [8086:29c0] type 00 class 0x060000 conventional PCI endpoint
[    0.347029] pci 0000:00:01.0: [1234:1111] type 00 class 0x030000 conventional PCI endpoint
[    0.348802] pci 0000:00:01.0: BAR 0 [mem 0xfd000000-0xfdffffff pref]
[    0.351537] pci 0000:00:01.0: BAR 2 [mem 0xfebd4000-0xfebd4fff]
[    0.355893] pci 0000:00:01.0: ROM [mem 0xfebc0000-0xfebcffff pref]
[    0.356521] pci 0000:00:01.0: Video device with shadowed ROM at [mem 0x000c0000-0x000dffff]
[    0.358163] pci 0000:00:02.0: [8086:10d3] type 00 class 0x020000 PCIe Root Complex Integrated Endpoint
[    0.360161] pci 0000:00:02.0: BAR 0 [mem 0xfeb80000-0xfeb9ffff]
[    0.360937] pci 0000:00:02.0: BAR 1 [mem 0xfeba0000-0xfebbffff]
[    0.362671] pci 0000:00:02.0: BAR 2 [io  0xc040-0xc05f]
[    0.364405] pci 0000:00:02.0: BAR 3 [mem 0xfebd0000-0xfebd3fff]
[    0.366849] pci 0000:00:02.0: ROM [mem 0xfeb40000-0xfeb7ffff pref]
[    0.367834] pci 0000:00:02.0: enabling Extended Tags
[    0.369479] pci 0000:00:1f.0: [8086:2918] type 00 class 0x060100 conventional PCI endpoint
[    0.371238] pci 0000:00:1f.0: quirk: [io  0x0600-0x067f] claimed by ICH6 ACPI/GPIO/TCO
[    0.372667] pci 0000:00:1f.2: [8086:2922] type 00 class 0x010601 conventional PCI endpoint
[    0.375687] pci 0000:00:1f.2: BAR 4 [io  0xc060-0xc07f]
[    0.376790] pci 0000:00:1f.2: BAR 5 [mem 0xfebd5000-0xfebd5fff]
[    0.378520] pci 0000:00:1f.3: [8086:2930] type 00 class 0x0c0500 conventional PCI endpoint
[    0.381296] pci 0000:00:1f.3: BAR 4 [io  0x0700-0x073f]
[    0.384422] ACPI: PCI: Interrupt link LNKA configured for IRQ 10
[    0.385397] ACPI: PCI: Interrupt link LNKB configured for IRQ 10
[    0.386368] ACPI: PCI: Interrupt link LNKC configured for IRQ 11
[    0.387357] ACPI: PCI: Interrupt link LNKD configured for IRQ 11
[    0.388336] ACPI: PCI: Interrupt link LNKE configured for IRQ 10
[    0.388475] ACPI: PCI: Interrupt link LNKF configured for IRQ 10
[    0.389447] ACPI: PCI: Interrupt link LNKG configured for IRQ 11
[    0.390420] ACPI: PCI: Interrupt link LNKH configured for IRQ 11
[    0.391367] ACPI: PCI: Interrupt link GSIA configured for IRQ 16
[    0.392283] ACPI: PCI: Interrupt link GSIB configured for IRQ 17
[    0.392411] ACPI: PCI: Interrupt link GSIC configured for IRQ 18
[    0.393861] ACPI: PCI: Interrupt link GSID configured for IRQ 19
[    0.394778] ACPI: PCI: Interrupt link GSIE configured for IRQ 20
[    0.395689] ACPI: PCI: Interrupt link GSIF configured for IRQ 21
[    0.396415] ACPI: PCI: Interrupt link GSIG configured for IRQ 22
[    0.397327] ACPI: PCI: Interrupt link GSIH configured for IRQ 23
[    0.398595] iommu: Default domain type: Translated
[    0.399324] iommu: DMA domain TLB invalidation policy: lazy mode
[    0.400343] pps_core: LinuxPPS API ver. 1 registered
[    0.400404] pps_core: Software ver. 5.3.6 - Copyright 2005-2007 Rodolfo Giometti <giometti@linux.it>
[    0.401791] PTP clock support registered
[    0.402397] EDAC MC: Ver: 3.0.0
[    0.403470] NetLabel: Initializing
[    0.403991] NetLabel:  domain hash size = 128
[    0.404405] NetLabel:  protocols = UNLABELED CIPSOv4 CALIPSO
[    0.405295] NetLabel:  unlabeled traffic allowed by default
[    0.406142] PCI: Using ACPI for IRQ routing
[    0.475511] pci 0000:00:01.0: vgaarb: setting as boot VGA device
[    0.476402] pci 0000:00:01.0: vgaarb: bridge control possible
[    0.476402] pci 0000:00:01.0: vgaarb: VGA device added: decodes=io+mem,owns=io+mem,locks=none
[    0.476405] vgaarb: loaded
[    0.476857] hpet0: at MMIO 0xfed00000, IRQs 2, 8, 0
[    0.477597] hpet0: 3 comparators, 64-bit 100.000000 MHz counter
[    0.481450] clocksource: Switched to clocksource kvm-clock
[    0.482949] VFS: Disk quotas dquot_6.6.0
[    0.483576] VFS: Dquot-cache hash table entries: 512 (order 0, 4096 bytes)
[    0.484402] AppArmor: AppArmor Filesystem Enabled
[    0.484441] pnp: PnP ACPI init
[    0.485100] system 00:05: [mem 0xb0000000-0xbfffffff window] has been reserved
[    0.486386] pnp: PnP ACPI: found 6 devices
[    0.492391] clocksource: acpi_pm: mask: 0xffffff max_cycles: 0xffffff, max_idle_ns: 2085701024 ns
[    0.493791] NET: Registered PF_INET protocol family
[    0.494585] IP idents hash table entries: 131072 (order: 8, 1048576 bytes, linear)
[    0.504374] tcp_listen_portaddr_hash hash table entries: 4096 (order: 4, 65536 bytes, linear)
[    0.505684] Table-perturb hash table entries: 65536 (order: 6, 262144 bytes, linear)
[    0.506860] TCP established hash table entries: 65536 (order: 7, 524288 bytes, linear)
[    0.508245] TCP bind hash table entries: 65536 (order: 9, 2097152 bytes, linear)
[    0.509509] TCP: Hash tables configured (established 65536 bind 65536)
[    0.510532] MPTCP token hash table entries: 8192 (order: 6, 196608 bytes, linear)
[    0.511668] UDP hash table entries: 4096 (order: 5, 131072 bytes, linear)
[    0.512822] UDP-Lite hash table entries: 4096 (order: 5, 131072 bytes, linear)
[    0.513974] NET: Registered PF_UNIX/PF_LOCAL protocol family
[    0.514840] NET: Registered PF_XDP protocol family
[    0.515576] pci_bus 0000:00: resource 4 [io  0x0000-0x0cf7 window]
[    0.516506] pci_bus 0000:00: resource 5 [io  0x0d00-0xffff window]
[    0.517457] pci_bus 0000:00: resource 6 [mem 0x000a0000-0x000bffff window]
[    0.518493] pci_bus 0000:00: resource 7 [mem 0x80000000-0xafffffff window]
[    0.519524] pci_bus 0000:00: resource 8 [mem 0xc0000000-0xfebfffff window]
[    0.520551] pci_bus 0000:00: resource 9 [mem 0x280000000-0xa7fffffff window]
[    0.521700] PCI: CLS 0 bytes, default 64
[    0.522393] Trying to unpack rootfs image as initramfs...
[    0.524856] PCI-DMA: Using software bounce buffering for IO (SWIOTLB)
[    0.525852] software IO TLB: mapped [mem 0x0000000075c87000-0x0000000079c87000] (64MB)
[    0.527088] clocksource: tsc: mask: 0xffffffffffffffff max_cycles: 0x33e451ab1a6, max_idle_ns: 440795278720 ns
[    0.533117] Initialise system trusted keyrings
[    0.533809] Key type blacklist registered
[    0.536872] workingset: timestamp_bits=36 max_order=21 bucket_order=0
[    0.537863] zbud: loaded
[    0.538337] fuse: init (API version 7.41)
[    0.539036] integrity: Platform Keyring initialized
[    0.539806] integrity: Machine keyring initialized
[    0.560880] Key type asymmetric registered
[    0.561525] Asymmetric key parser 'x509' registered
[    1.114056] Freeing initrd memory: 101668K
[    1.115219] Block layer SCSI generic (bsg) driver version 0.4 loaded (major 246)
[    1.116357] io scheduler mq-deadline registered
[    1.117876] ledtrig-cpu: registered to indicate activity on CPUs
[    1.118817] shpchp: Standard Hot Plug PCI Controller Driver version: 0.4
[    1.119979] Serial: 8250/16550 driver, 4 ports, IRQ sharing enabled
[    1.121333] 00:03: ttyS0 at I/O 0x3f8 (irq = 4, base_baud = 115200) is a 16550A
[    1.122823] Linux agpgart interface v0.103
[    1.123630] i8042: PNP: PS/2 Controller [PNP0303:KBD,PNP0f13:MOU] at 0x60,0x64 irq 1,12
[    1.125540] serio: i8042 KBD port at 0x60,0x64 irq 1
[    1.126303] serio: i8042 AUX port at 0x60,0x64 irq 12
[    1.127147] mousedev: PS/2 mouse device common for all mice
[    1.128249] input: AT Translated Set 2 keyboard as /devices/platform/i8042/serio0/input/input0
[    1.129777] rtc_cmos 00:04: RTC can wake from S4
[    1.130960] rtc_cmos 00:04: registered as rtc0
[    1.131702] rtc_cmos 00:04: setting system clock to 2026-07-10T18:11:44 UTC (1783707104)
[    1.132990] rtc_cmos 00:04: alarms up to one day, y3k, 242 bytes nvram, hpet irqs
[    1.134140] intel_pstate: CPU model not supported
[    1.135382] NET: Registered PF_INET6 protocol family
[    1.136550] Segment Routing with IPv6
[    1.137147] In-situ OAM (IOAM) with IPv6
[    1.137760] mip6: Mobile IPv6
[    1.138228] NET: Registered PF_PACKET protocol family
[    1.139008] mpls_gso: MPLS GSO support
[    1.139665] IPI shorthand broadcast: enabled
[    1.141492] sched_clock: Marking stable (1012001942, 128844645)->(1154685922, -13839335)
[    1.142766] registered taskstats version 1
[    1.143463] Loading compiled-in X.509 certificates
[    1.155412] Loaded X.509 cert 'Build time autogenerated kernel key: e87b99600394fc77ba6018a2cc6a68db4bb86ee6'
[    1.158122] Demotion targets for Node 0: null
[    1.158816] Key type .fscrypt registered
[    1.159413] Key type fscrypt-provisioning registered
[    1.160631] Key type encrypted registered
[    1.161270] AppArmor: AppArmor sha256 policy hashing enabled
[    1.162149] ima: No TPM chip found, activating TPM-bypass!
[    1.162977] ima: Allocated hash algorithm: sha256
[    1.163699] ima: No architecture policies found
[    1.164395] evm: Initialising EVM extended attributes:
[    1.165197] evm: security.selinux
[    1.165704] evm: security.SMACK64 (disabled)
[    1.166355] evm: security.SMACK64EXEC (disabled)
[    1.167050] evm: security.SMACK64TRANSMUTE (disabled)
[    1.167809] evm: security.SMACK64MMAP (disabled)
[    1.168504] evm: security.apparmor
[    1.169044] evm: security.ima
[    1.169500] evm: security.capability
[    1.170050] evm: HMAC attrs: 0x1
[    1.192883] RAS: Correctable Errors collector initialized.
[    1.204996] clk: Disabling unused clocks
[    1.205615] PM: genpd: Disabling unused power domains
[    1.209050] Freeing unused decrypted memory: 2028K
[    1.209837] Freeing unused kernel image (initmem) memory: 4164K
[    1.210484] Write protecting the kernel read-only data: 28672k
[    1.211326] Freeing unused kernel image (rodata/data gap) memory: 480K
[    1.243119] x86/mm: Checked W+X mappings: passed, no W+X pages found.
[    1.276852] Run /init as init process
NESTED_X86_L1_BOOT_OK
Linux (none) 6.12.90+deb13.1-amd64 #1 SMP PREEMPT_DYNAMIC Debian 6.12.90-2 (2026-05-27) x86_64 GNU/Linux
              total        used        free      shared  buff/cache   available
Mem:           7948          45        7681         221         222        7544
console=ttyS0 rdinit=/init panic=-1 harmony.gates=n3_repeat_gate harmony.env=N3_REPS=250,N3_ITEM=insn-rng
msr: loaded
irqbypass: loaded
[    1.307898] kvm: loading out-of-tree module taints kernel.
[    1.308542] kvm: module verification failed: signature and/or required key missing - tainting kernel
kvm(PATCHED): loaded
kvm-intel(PATCHED): loaded
L1_DEV_KVM_PRESENT
NESTED_X86_L2_PIN_CHECK_BEGIN
f06a34a79010a8f2cc8226dc629cc8fb049740016f035f53e3f2e53d9a30dd41  guest/build/bzImage
3c4a7f2f0db4b59aaf4dee55d43a42c57fc0d10ac25441de88128c61be0778c2  guest/build/initramfs-postgres.cpio.gz
NESTED_X86_L2_PIN_CHECK_END
ENV N3_REPS=250
ENV N3_ITEM=insn-rng
NESTED_X86_GATE_BEGIN n3_repeat_gate 

running 1 test
test n3_repeat_gate ... N3JSON {"event":"start","item":"insn-rng","reps":250,"seed":11471204516818368}
