[    0.000000] Linux version 6.12.90+deb13.1-amd64 (debian-kernel@lists.debian.org) (x86_64-linux-gnu-gcc-14 (Debian 14.2.0-19) 14.2.0, GNU ld (GNU Binutils for Debian) 2.44) #1 SMP PREEMPT_DYNAMIC Debian 6.12.90-2 (2026-05-27)
[    0.000000] Command line: console=ttyS0 rdinit=/init panic=-1 harmony.gates=n2_nested_hammer harmony.env=N2_DEADLINES=200000,N2_SEED=2600001004,N2_PROGRESS=25000
[    0.000000] BIOS-provided physical RAM map:
[    0.000000] BIOS-e820: [mem 0x0000000000000000-0x000000000009fbff] usable
[    0.000000] BIOS-e820: [mem 0x000000000009fc00-0x000000000009ffff] reserved
[    0.000000] BIOS-e820: [mem 0x00000000000f0000-0x00000000000fffff] reserved
[    0.000000] BIOS-e820: [mem 0x0000000000100000-0x000000007ffdefff] usable
[    0.000000] BIOS-e820: [mem 0x000000007ffdf000-0x000000007fffffff] reserved
[    0.000000] BIOS-e820: [mem 0x00000000b0000000-0x00000000bfffffff] reserved
[    0.000000] BIOS-e820: [mem 0x00000000fed1c000-0x00000000fed1ffff] reserved
[    0.000000] BIOS-e820: [mem 0x00000000feffc000-0x00000000feffffff] reserved
[    0.000000] BIOS-e820: [mem 0x00000000fffc0000-0x00000000ffffffff] reserved
[    0.000000] BIOS-e820: [mem 0x0000000100000000-0x000000027fffffff] usable
[    0.000000] NX (Execute Disable) protection: active
[    0.000000] APIC: Static calls initialized
[    0.000000] SMBIOS 2.8 present.
[    0.000000] DMI: QEMU Standard PC (Q35 + ICH9, 2009), BIOS 1.16.3-debian-1.16.3-2 04/01/2014
[    0.000000] DMI: Memory slots populated: 1/1
[    0.000000] Hypervisor detected: KVM
[    0.000000] last_pfn = 0x7ffdf max_arch_pfn = 0x400000000
[    0.000000] kvm-clock: Using msrs 4b564d01 and 4b564d00
[    0.000000] kvm-clock: using sched offset of 174412721 cycles
[    0.000002] clocksource: kvm-clock: mask: 0xffffffffffffffff max_cycles: 0x1cd42e4dffb, max_idle_ns: 881590591483 ns
[    0.000004] tsc: Detected 3599.998 MHz processor
[    0.000835] last_pfn = 0x280000 max_arch_pfn = 0x400000000
[    0.000861] MTRR map: 4 entries (3 fixed + 1 variable; max 19), built from 8 variable MTRRs
[    0.000864] x86/PAT: Configuration [0-7]: WB  WC  UC- UC  WB  WP  UC- WT  
[    0.000898] last_pfn = 0x7ffdf max_arch_pfn = 0x400000000
[    0.006897] found SMP MP-table at [mem 0x000f5480-0x000f548f]
[    0.006910] Using GB pages for direct mapping
[    0.006996] RAMDISK: [mem 0x7b44c000-0x7ffcffff]
[    0.007002] ACPI: Early table checksum verification disabled
[    0.007004] ACPI: RSDP 0x00000000000F52A0 000014 (v00 BOCHS )
[    0.007007] ACPI: RSDT 0x000000007FFE2351 000038 (v01 BOCHS  BXPC     00000001 BXPC 00000001)
[    0.007012] ACPI: FACP 0x000000007FFE2149 0000F4 (v03 BOCHS  BXPC     00000001 BXPC 00000001)
[    0.007016] ACPI: DSDT 0x000000007FFE0040 002109 (v01 BOCHS  BXPC     00000001 BXPC 00000001)
[    0.007019] ACPI: FACS 0x000000007FFE0000 000040
[    0.007021] ACPI: APIC 0x000000007FFE223D 000078 (v03 BOCHS  BXPC     00000001 BXPC 00000001)
[    0.007024] ACPI: HPET 0x000000007FFE22B5 000038 (v01 BOCHS  BXPC     00000001 BXPC 00000001)
[    0.007026] ACPI: MCFG 0x000000007FFE22ED 00003C (v01 BOCHS  BXPC     00000001 BXPC 00000001)
[    0.007029] ACPI: WAET 0x000000007FFE2329 000028 (v01 BOCHS  BXPC     00000001 BXPC 00000001)
[    0.007031] ACPI: Reserving FACP table memory at [mem 0x7ffe2149-0x7ffe223c]
[    0.007032] ACPI: Reserving DSDT table memory at [mem 0x7ffe0040-0x7ffe2148]
[    0.007032] ACPI: Reserving FACS table memory at [mem 0x7ffe0000-0x7ffe003f]
[    0.007033] ACPI: Reserving APIC table memory at [mem 0x7ffe223d-0x7ffe22b4]
[    0.007033] ACPI: Reserving HPET table memory at [mem 0x7ffe22b5-0x7ffe22ec]
[    0.007034] ACPI: Reserving MCFG table memory at [mem 0x7ffe22ed-0x7ffe2328]
[    0.007034] ACPI: Reserving WAET table memory at [mem 0x7ffe2329-0x7ffe2350]
[    0.007421] No NUMA configuration found
[    0.007422] Faking a node at [mem 0x0000000000000000-0x000000027fffffff]
[    0.007428] NODE_DATA(0) allocated [mem 0x27ffd5680-0x27fffffff]
[    0.007723] Zone ranges:
[    0.007724]   DMA      [mem 0x0000000000001000-0x0000000000ffffff]
[    0.007725]   DMA32    [mem 0x0000000001000000-0x00000000ffffffff]
[    0.007726]   Normal   [mem 0x0000000100000000-0x000000027fffffff]
[    0.007727]   Device   empty
[    0.007728] Movable zone start for each node
[    0.007729] Early memory node ranges
[    0.007730]   node   0: [mem 0x0000000000001000-0x000000000009efff]
[    0.007731]   node   0: [mem 0x0000000000100000-0x000000007ffdefff]
[    0.007732]   node   0: [mem 0x0000000100000000-0x000000027fffffff]
[    0.007733] Initmem setup node 0 [mem 0x0000000000001000-0x000000027fffffff]
[    0.007875] On node 0, zone DMA: 1 pages in unavailable ranges
[    0.007888] On node 0, zone DMA: 97 pages in unavailable ranges
[    0.011647] On node 0, zone Normal: 33 pages in unavailable ranges
[    0.012103] ACPI: PM-Timer IO Port: 0x608
[    0.012117] ACPI: LAPIC_NMI (acpi_id[0xff] dfl dfl lint[0x1])
[    0.012144] IOAPIC[0]: apic_id 0, version 17, address 0xfec00000, GSI 0-23
[    0.012147] ACPI: INT_SRC_OVR (bus 0 bus_irq 0 global_irq 2 dfl dfl)
[    0.012148] ACPI: INT_SRC_OVR (bus 0 bus_irq 5 global_irq 5 high level)
[    0.012149] ACPI: INT_SRC_OVR (bus 0 bus_irq 9 global_irq 9 high level)
[    0.012149] ACPI: INT_SRC_OVR (bus 0 bus_irq 10 global_irq 10 high level)
[    0.012150] ACPI: INT_SRC_OVR (bus 0 bus_irq 11 global_irq 11 high level)
[    0.012153] ACPI: Using ACPI (MADT) for SMP configuration information
[    0.012154] ACPI: HPET id: 0x8086a201 base: 0xfed00000
[    0.012158] TSC deadline timer available
[    0.012161] CPU topo: Max. logical packages:   1
[    0.012162] CPU topo: Max. logical dies:       1
[    0.012162] CPU topo: Max. dies per package:   1
[    0.012165] CPU topo: Max. threads per core:   1
[    0.012165] CPU topo: Num. cores per package:     1
[    0.012166] CPU topo: Num. threads per package:   1
[    0.012166] CPU topo: Allowing 1 present CPUs plus 0 hotplug CPUs
[    0.012181] kvm-guest: APIC: eoi() replaced with kvm_guest_apic_eoi_write()
[    0.012198] PM: hibernation: Registered nosave memory: [mem 0x00000000-0x00000fff]
[    0.012199] PM: hibernation: Registered nosave memory: [mem 0x0009f000-0x000fffff]
[    0.012200] PM: hibernation: Registered nosave memory: [mem 0x7ffdf000-0xffffffff]
[    0.012202] [mem 0xc0000000-0xfed1bfff] available for PCI devices
[    0.012203] Booting paravirtualized kernel on KVM
[    0.012204] clocksource: refined-jiffies: mask: 0xffffffff max_cycles: 0xffffffff, max_idle_ns: 7645519600211568 ns
[    0.016147] setup_percpu: NR_CPUS:8192 nr_cpumask_bits:1 nr_cpu_ids:1 nr_node_ids:1
[    0.016376] percpu: Embedded 66 pages/cpu s233472 r8192 d28672 u2097152
[    0.016403] kvm-guest: PV spinlocks disabled, single CPU
[    0.016404] Kernel command line: console=ttyS0 rdinit=/init panic=-1 harmony.gates=n2_nested_hammer harmony.env=N2_DEADLINES=200000,N2_SEED=2600001004,N2_PROGRESS=25000
[    0.016462] random: crng init done
[    0.017293] Dentry cache hash table entries: 1048576 (order: 11, 8388608 bytes, linear)
[    0.017711] Inode-cache hash table entries: 524288 (order: 10, 4194304 bytes, linear)
[    0.017746] Fallback order for Node 0: 0 
[    0.017748] Built 1 zonelists, mobility grouping on.  Total pages: 2097021
[    0.017749] Policy zone: Normal
[    0.017755] mem auto-init: stack:all(zero), heap alloc:on, heap free:off
[    0.017759] software IO TLB: area num 1.
[    0.034589] SLUB: HWalign=64, Order=0-3, MinObjects=0, CPUs=1, Nodes=1
[    0.034622] ftrace: allocating 45769 entries in 179 pages
[    0.040294] ftrace: allocated 179 pages with 5 groups
[    0.040838] Dynamic Preempt: voluntary
[    0.040994] rcu: Preemptible hierarchical RCU implementation.
[    0.040995] rcu: 	RCU restricting CPUs from NR_CPUS=8192 to nr_cpu_ids=1.
[    0.040996] 	Trampoline variant of Tasks RCU enabled.
[    0.040996] 	Rude variant of Tasks RCU enabled.
[    0.040997] 	Tracing variant of Tasks RCU enabled.
[    0.040997] rcu: RCU calculated value of scheduler-enlistment delay is 25 jiffies.
[    0.040998] rcu: Adjusting geometry for rcu_fanout_leaf=16, nr_cpu_ids=1
[    0.041002] RCU Tasks: Setting shift to 0 and lim to 1 rcu_task_cb_adjust=1 rcu_task_cpu_ids=1.
[    0.041004] RCU Tasks Rude: Setting shift to 0 and lim to 1 rcu_task_cb_adjust=1 rcu_task_cpu_ids=1.
[    0.041005] RCU Tasks Trace: Setting shift to 0 and lim to 1 rcu_task_cb_adjust=1 rcu_task_cpu_ids=1.
[    0.044740] NR_IRQS: 524544, nr_irqs: 256, preallocated irqs: 16
[    0.044918] rcu: srcu_init: Setting srcu_struct sizes based on contention.
[    0.058382] Console: colour VGA+ 80x25
[    0.058428] printk: legacy console [ttyS0] enabled
[    0.195291] ACPI: Core revision 20240827
[    0.196180] clocksource: hpet: mask: 0xffffffff max_cycles: 0xffffffff, max_idle_ns: 19112604467 ns
[    0.197898] APIC: Switch to symmetric I/O mode setup
[    0.198910] x2apic enabled
[    0.199579] APIC: Switched APIC routing to: physical x2apic
[    0.201346] ..TIMER: vector=0x30 apic1=0 pin1=2 apic2=-1 pin2=-1
[    0.202400] clocksource: tsc-early: mask: 0xffffffffffffffff max_cycles: 0x33e451ab1a6, max_idle_ns: 440795278720 ns
[    0.204202] Calibrating delay loop (skipped) preset value.. 7199.99 BogoMIPS (lpj=14399992)
[    0.205736] x86/cpu: User Mode Instruction Prevention (UMIP) activated
[    0.208270] Last level iTLB entries: 4KB 0, 2MB 0, 4MB 0
[    0.209224] Last level dTLB entries: 4KB 0, 2MB 0, 4MB 0, 1GB 0
[    0.210274] Spectre V1 : Mitigation: usercopy/swapgs barriers and __user pointer sanitization
[    0.212203] Spectre V2 : Spectre BHI mitigation: SW BHB clearing on syscall and VM exit
[    0.213581] Spectre V2 : Mitigation: IBRS
[    0.214305] Spectre V2 : Spectre v2 / SpectreRSB: Filling RSB on context switch and VMEXIT
[    0.216201] RETBleed: Mitigation: IBRS
[    0.216845] Spectre V2 : mitigation: Enabling conditional Indirect Branch Prediction Barrier
[    0.218254] Speculative Store Bypass: Mitigation: Speculative Store Bypass disabled via prctl
[    0.219681] MDS: Mitigation: Clear CPU buffers
[    0.220201] MMIO Stale Data: Mitigation: Clear CPU buffers
[    0.221132] SRBDS: Unknown: Dependent on hypervisor status
[    0.222054] active return thunk: its_return_thunk
[    0.222851] ITS: Mitigation: Aligned branch/return thunks
[    0.224201] x86/fpu: Supporting XSAVE feature 0x001: 'x87 floating point registers'
[    0.225481] x86/fpu: Supporting XSAVE feature 0x002: 'SSE registers'
[    0.226524] x86/fpu: Supporting XSAVE feature 0x004: 'AVX registers'
[    0.227655] x86/fpu: Supporting XSAVE feature 0x008: 'MPX bounds registers'
[    0.228201] x86/fpu: Supporting XSAVE feature 0x010: 'MPX CSR'
[    0.229168] x86/fpu: xstate_offset[2]:  576, xstate_sizes[2]:  256
[    0.230221] x86/fpu: xstate_offset[3]:  832, xstate_sizes[3]:   64
[    0.231264] x86/fpu: xstate_offset[4]:  896, xstate_sizes[4]:   64
[    0.232201] x86/fpu: Enabled xstate features 0x1f, context size is 960 bytes, using 'compacted' format.
[    0.269723] Freeing SMP alternatives memory: 40K
[    0.270517] pid_max: default: 32768 minimum: 301
[    0.271344] LSM: initializing lsm=lockdown,capability,landlock,yama,apparmor,tomoyo,bpf,ipe,ima,evm
[    0.272250] landlock: Up and running.
[    0.272863] Yama: disabled by default; enable with sysctl kernel.yama.*
[    0.274086] AppArmor: AppArmor initialized
[    0.274838] TOMOYO Linux initialized
[    0.276343] LSM support for eBPF active
[    0.277076] Mount-cache hash table entries: 16384 (order: 5, 131072 bytes, linear)
[    0.278394] Mountpoint-cache hash table entries: 16384 (order: 5, 131072 bytes, linear)
[    0.280063] smpboot: CPU0: Intel(R) Core(TM) i9-9900K CPU @ 3.60GHz (family: 0x6, model: 0x9e, stepping: 0xc)
[    0.280199] Performance Events: Skylake events, full-width counters, Intel PMU driver.
[    0.280199] ... version:                2
[    0.280199] ... bit width:              48
[    0.280202] ... generic registers:      4
[    0.280876] ... value mask:             0000ffffffffffff
[    0.281786] ... max period:             00007fffffffffff
[    0.282682] ... fixed-purpose events:   3
[    0.283361] ... event mask:             000000070000000f
[    0.284284] signal: max sigframe size: 2032
[    0.285121] rcu: Hierarchical SRCU implementation.
[    0.285925] rcu: 	Max phase no-delay instances is 1000.
[    0.289926] smp: Bringing up secondary CPUs ...
[    0.290695] smp: Brought up 1 node, 1 CPU
[    0.291396] smpboot: Total of 1 processors activated (7199.99 BogoMIPS)
[    0.306863] node 0 deferred pages initialised in 12ms
[    0.307797] Memory: 8051068K/8388084K available (16384K kernel code, 2497K rwdata, 11808K rodata, 4164K init, 4916K bss, 333212K reserved, 0K cma-reserved)
[    0.308514] devtmpfs: initialized
[    0.309157] x86/mm: Memory block size: 128MB
[    0.310675] clocksource: jiffies: mask: 0xffffffff max_cycles: 0xffffffff, max_idle_ns: 7645041785100000 ns
[    0.312210] futex hash table entries: 256 (order: 2, 16384 bytes, linear)
[    0.313509] pinctrl core: initialized pinctrl subsystem
[    0.314876] NET: Registered PF_NETLINK/PF_ROUTE protocol family
[    0.316041] DMA: preallocated 1024 KiB GFP_KERNEL pool for atomic allocations
[    0.316251] DMA: preallocated 1024 KiB GFP_KERNEL|GFP_DMA pool for atomic allocations
[    0.317750] DMA: preallocated 1024 KiB GFP_KERNEL|GFP_DMA32 pool for atomic allocations
[    0.319109] audit: initializing netlink subsys (disabled)
[    0.320077] audit: type=2000 audit(1783917296.541:1): state=initialized audit_enabled=0 res=1
[    0.320309] thermal_sys: Registered thermal governor 'fair_share'
[    0.320310] thermal_sys: Registered thermal governor 'bang_bang'
[    0.321364] thermal_sys: Registered thermal governor 'step_wise'
[    0.322387] thermal_sys: Registered thermal governor 'user_space'
[    0.323448] thermal_sys: Registered thermal governor 'power_allocator'
[    0.324231] cpuidle: using governor ladder
[    0.326068] cpuidle: using governor menu
[    0.326788] acpiphp: ACPI Hot Plug PCI Controller Driver version: 0.5
[    0.328049] PCI: ECAM [mem 0xb0000000-0xbfffffff] (base 0xb0000000) for domain 0000 [bus 00-ff]
[    0.328208] PCI: ECAM [mem 0xb0000000-0xbfffffff] reserved as E820 entry
[    0.329414] PCI: Using configuration type 1 for base access
[    0.330466] kprobes: kprobe jump-optimization is enabled. All kprobes are optimized if possible.
[    0.356529] HugeTLB: registered 1.00 GiB page size, pre-allocated 0 pages
[    0.357737] HugeTLB: 16380 KiB vmemmap can be freed for a 1.00 GiB page
[    0.358830] HugeTLB: registered 2.00 MiB page size, pre-allocated 0 pages
[    0.359989] HugeTLB: 28 KiB vmemmap can be freed for a 2.00 MiB page
[    0.364396] ACPI: Added _OSI(Module Device)
[    0.365138] ACPI: Added _OSI(Processor Device)
[    0.365905] ACPI: Added _OSI(Processor Aggregator Device)
[    0.367650] ACPI: 1 ACPI AML tables successfully acquired and loaded
[    0.369068] ACPI: Interpreter enabled
[    0.369748] ACPI: PM: (supports S0 S3 S4 S5)
[    0.370518] ACPI: Using IOAPIC for interrupt routing
[    0.371449] PCI: Using host bridge windows from ACPI; if necessary, use "pci=nocrs" and report a bug
[    0.372202] PCI: Using E820 reservations for host bridge windows
[    0.373325] ACPI: Enabled 2 GPEs in block 00 to 3F
[    0.376015] ACPI: PCI Root Bridge [PCI0] (domain 0000 [bus 00-ff])
[    0.376205] acpi PNP0A08:00: _OSC: OS supports [ExtendedConfig ASPM ClockPM Segments MSI HPX-Type3]
[    0.377797] acpi PNP0A08:00: _OSC: platform does not support [PCIeHotplug LTR]
[    0.379148] acpi PNP0A08:00: _OSC: OS now controls [SHPCHotplug PME AER PCIeCapability]
[    0.380342] PCI host bridge to bus 0000:00
[    0.381081] pci_bus 0000:00: root bus resource [io  0x0000-0x0cf7 window]
[    0.382306] pci_bus 0000:00: root bus resource [io  0x0d00-0xffff window]
[    0.383510] pci_bus 0000:00: root bus resource [mem 0x000a0000-0x000bffff window]
[    0.384204] pci_bus 0000:00: root bus resource [mem 0x80000000-0xafffffff window]
[    0.385556] pci_bus 0000:00: root bus resource [mem 0xc0000000-0xfebfffff window]
[    0.386887] pci_bus 0000:00: root bus resource [mem 0x280000000-0xa7fffffff window]
[    0.388203] pci_bus 0000:00: root bus resource [bus 00-ff]
[    0.389242] pci 0000:00:00.0: [8086:29c0] type 00 class 0x060000 conventional PCI endpoint
[    0.391302] pci 0000:00:01.0: [1234:1111] type 00 class 0x030000 conventional PCI endpoint
[    0.393553] pci 0000:00:01.0: BAR 0 [mem 0xfd000000-0xfdffffff pref]
[    0.396259] pci 0000:00:01.0: BAR 2 [mem 0xfebd4000-0xfebd4fff]
[    0.400252] pci 0000:00:01.0: ROM [mem 0xfebc0000-0xfebcffff pref]
[    0.401489] pci 0000:00:01.0: Video device with shadowed ROM at [mem 0x000c0000-0x000dffff]
[    0.403394] pci 0000:00:02.0: [8086:10d3] type 00 class 0x020000 PCIe Root Complex Integrated Endpoint
[    0.405418] pci 0000:00:02.0: BAR 0 [mem 0xfeb80000-0xfeb9ffff]
[    0.407050] pci 0000:00:02.0: BAR 1 [mem 0xfeba0000-0xfebbffff]
[    0.408548] pci 0000:00:02.0: BAR 2 [io  0xc040-0xc05f]
[    0.410526] pci 0000:00:02.0: BAR 3 [mem 0xfebd0000-0xfebd3fff]
[    0.415591] pci 0000:00:02.0: ROM [mem 0xfeb40000-0xfeb7ffff pref]
[    0.416267] pci 0000:00:02.0: enabling Extended Tags
[    0.418435] pci 0000:00:1f.0: [8086:2918] type 00 class 0x060100 conventional PCI endpoint
[    0.420516] pci 0000:00:1f.0: quirk: [io  0x0600-0x067f] claimed by ICH6 ACPI/GPIO/TCO
[    0.422207] pci 0000:00:1f.2: [8086:2922] type 00 class 0x010601 conventional PCI endpoint
[    0.425559] pci 0000:00:1f.2: BAR 4 [io  0xc060-0xc07f]
[    0.426897] pci 0000:00:1f.2: BAR 5 [mem 0xfebd5000-0xfebd5fff]
[    0.428751] pci 0000:00:1f.3: [8086:2930] type 00 class 0x0c0500 conventional PCI endpoint
[    0.431401] pci 0000:00:1f.3: BAR 4 [io  0x0700-0x073f]
[    0.434383] ACPI: PCI: Interrupt link LNKA configured for IRQ 10
[    0.435890] ACPI: PCI: Interrupt link LNKB configured for IRQ 10
[    0.436291] ACPI: PCI: Interrupt link LNKC configured for IRQ 11
[    0.437460] ACPI: PCI: Interrupt link LNKD configured for IRQ 11
[    0.438668] ACPI: PCI: Interrupt link LNKE configured for IRQ 10
[    0.439792] ACPI: PCI: Interrupt link LNKF configured for IRQ 10
[    0.440299] ACPI: PCI: Interrupt link LNKG configured for IRQ 11
[    0.441476] ACPI: PCI: Interrupt link LNKH configured for IRQ 11
[    0.442555] ACPI: PCI: Interrupt link GSIA configured for IRQ 16
[    0.443658] ACPI: PCI: Interrupt link GSIB configured for IRQ 17
[    0.444210] ACPI: PCI: Interrupt link GSIC configured for IRQ 18
[    0.445284] ACPI: PCI: Interrupt link GSID configured for IRQ 19
[    0.446355] ACPI: PCI: Interrupt link GSIE configured for IRQ 20
[    0.447444] ACPI: PCI: Interrupt link GSIF configured for IRQ 21
[    0.448210] ACPI: PCI: Interrupt link GSIG configured for IRQ 22
[    0.449281] ACPI: PCI: Interrupt link GSIH configured for IRQ 23
[    0.450788] iommu: Default domain type: Translated
[    0.451650] iommu: DMA domain TLB invalidation policy: lazy mode
[    0.452340] pps_core: LinuxPPS API ver. 1 registered
[    0.453224] pps_core: Software ver. 5.3.6 - Copyright 2005-2007 Rodolfo Giometti <giometti@linux.it>
[    0.454922] PTP clock support registered
[    0.455603] EDAC MC: Ver: 3.0.0
[    0.456662] NetLabel: Initializing
[    0.457264] NetLabel:  domain hash size = 128
[    0.458025] NetLabel:  protocols = UNLABELED CIPSOv4 CALIPSO
[    0.459036] NetLabel:  unlabeled traffic allowed by default
[    0.459990] PCI: Using ACPI for IRQ routing
[    0.540675] pci 0000:00:01.0: vgaarb: setting as boot VGA device
[    0.541772] pci 0000:00:01.0: vgaarb: bridge control possible
[    0.542807] pci 0000:00:01.0: vgaarb: VGA device added: decodes=io+mem,owns=io+mem,locks=none
[    0.544203] vgaarb: loaded
[    0.544755] hpet0: at MMIO 0xfed00000, IRQs 2, 8, 0
[    0.545667] hpet0: 3 comparators, 64-bit 100.000000 MHz counter
[    0.549262] clocksource: Switched to clocksource kvm-clock
[    0.550979] VFS: Disk quotas dquot_6.6.0
[    0.551735] VFS: Dquot-cache hash table entries: 512 (order 0, 4096 bytes)
[    0.552199] AppArmor: AppArmor Filesystem Enabled
[    0.552947] pnp: PnP ACPI init
[    0.553649] system 00:05: [mem 0xb0000000-0xbfffffff window] has been reserved
[    0.555158] pnp: PnP ACPI: found 6 devices
[    0.561465] clocksource: acpi_pm: mask: 0xffffff max_cycles: 0xffffff, max_idle_ns: 2085701024 ns
[    0.563086] NET: Registered PF_INET protocol family
[    0.564182] IP idents hash table entries: 131072 (order: 8, 1048576 bytes, linear)
[    0.575409] tcp_listen_portaddr_hash hash table entries: 4096 (order: 4, 65536 bytes, linear)
[    0.576909] Table-perturb hash table entries: 65536 (order: 6, 262144 bytes, linear)
[    0.578267] TCP established hash table entries: 65536 (order: 7, 524288 bytes, linear)
[    0.579897] TCP bind hash table entries: 65536 (order: 9, 2097152 bytes, linear)
[    0.581353] TCP: Hash tables configured (established 65536 bind 65536)
[    0.582480] MPTCP token hash table entries: 8192 (order: 6, 196608 bytes, linear)
[    0.583844] UDP hash table entries: 4096 (order: 5, 131072 bytes, linear)
[    0.585089] UDP-Lite hash table entries: 4096 (order: 5, 131072 bytes, linear)
[    0.586437] NET: Registered PF_UNIX/PF_LOCAL protocol family
[    0.587428] NET: Registered PF_XDP protocol family
[    0.588286] pci_bus 0000:00: resource 4 [io  0x0000-0x0cf7 window]
[    0.589340] pci_bus 0000:00: resource 5 [io  0x0d00-0xffff window]
[    0.590386] pci_bus 0000:00: resource 6 [mem 0x000a0000-0x000bffff window]
[    0.591554] pci_bus 0000:00: resource 7 [mem 0x80000000-0xafffffff window]
[    0.592742] pci_bus 0000:00: resource 8 [mem 0xc0000000-0xfebfffff window]
[    0.593903] pci_bus 0000:00: resource 9 [mem 0x280000000-0xa7fffffff window]
[    0.595217] PCI: CLS 0 bytes, default 64
[    0.596063] Trying to unpack rootfs image as initramfs...
[    0.599320] PCI-DMA: Using software bounce buffering for IO (SWIOTLB)
[    0.600495] software IO TLB: mapped [mem 0x000000007744c000-0x000000007b44c000] (64MB)
[    0.601899] clocksource: tsc: mask: 0xffffffffffffffff max_cycles: 0x33e451ab1a6, max_idle_ns: 440795278720 ns
[    0.607789] Initialise system trusted keyrings
[    0.608576] Key type blacklist registered
[    0.609300] workingset: timestamp_bits=36 max_order=21 bucket_order=0
[    0.610374] zbud: loaded
[    0.615373] fuse: init (API version 7.41)
[    0.616203] integrity: Platform Keyring initialized
[    0.617084] integrity: Machine keyring initialized
[    0.643379] Key type asymmetric registered
[    0.644137] Asymmetric key parser 'x509' registered
[    1.018714] Freeing initrd memory: 77328K
[    1.020164] Block layer SCSI generic (bsg) driver version 0.4 loaded (major 246)
[    1.021545] io scheduler mq-deadline registered
[    1.023244] ledtrig-cpu: registered to indicate activity on CPUs
[    1.024378] shpchp: Standard Hot Plug PCI Controller Driver version: 0.4
[    1.025720] Serial: 8250/16550 driver, 4 ports, IRQ sharing enabled
[    1.027309] 00:03: ttyS0 at I/O 0x3f8 (irq = 4, base_baud = 115200) is a 16550A
[    1.029092] Linux agpgart interface v0.103
[    1.030045] i8042: PNP: PS/2 Controller [PNP0303:KBD,PNP0f13:MOU] at 0x60,0x64 irq 1,12
[    1.032227] serio: i8042 KBD port at 0x60,0x64 irq 1
[    1.033066] serio: i8042 AUX port at 0x60,0x64 irq 12
[    1.034003] mousedev: PS/2 mouse device common for all mice
[    1.035272] input: AT Translated Set 2 keyboard as /devices/platform/i8042/serio0/input/input0
[    1.036978] rtc_cmos 00:04: RTC can wake from S4
[    1.038326] rtc_cmos 00:04: registered as rtc0
[    1.039195] rtc_cmos 00:04: setting system clock to 2026-07-13T04:34:57 UTC (1783917297)
[    1.040730] rtc_cmos 00:04: alarms up to one day, y3k, 242 bytes nvram, hpet irqs
[    1.042005] intel_pstate: CPU model not supported
[    1.043513] NET: Registered PF_INET6 protocol family
[    1.045094] Segment Routing with IPv6
[    1.045807] In-situ OAM (IOAM) with IPv6
[    1.046496] mip6: Mobile IPv6
[    1.047018] NET: Registered PF_PACKET protocol family
[    1.047936] mpls_gso: MPLS GSO support
[    1.048692] IPI shorthand broadcast: enabled
[    1.050876] sched_clock: Marking stable (892632318, 155276202)->(1070134372, -22225852)
[    1.052358] registered taskstats version 1
[    1.053209] Loading compiled-in X.509 certificates
[    1.067020] Loaded X.509 cert 'Build time autogenerated kernel key: e87b99600394fc77ba6018a2cc6a68db4bb86ee6'
[    1.070077] Demotion targets for Node 0: null
[    1.070865] Key type .fscrypt registered
[    1.071563] Key type fscrypt-provisioning registered
[    1.072994] Key type encrypted registered
[    1.073668] AppArmor: AppArmor sha256 policy hashing enabled
[    1.074825] ima: No TPM chip found, activating TPM-bypass!
[    1.075810] ima: Allocated hash algorithm: sha256
[    1.076632] ima: No architecture policies found
[    1.077413] evm: Initialising EVM extended attributes:
[    1.078331] evm: security.selinux
[    1.078917] evm: security.SMACK64 (disabled)
[    1.079692] evm: security.SMACK64EXEC (disabled)
[    1.080527] evm: security.SMACK64TRANSMUTE (disabled)
[    1.081421] evm: security.SMACK64MMAP (disabled)
[    1.082254] evm: security.apparmor
[    1.082867] evm: security.ima
[    1.083379] evm: security.capability
[    1.084021] evm: HMAC attrs: 0x1
[    1.107348] RAS: Correctable Errors collector initialized.
[    1.123390] clk: Disabling unused clocks
[    1.124120] PM: genpd: Disabling unused power domains
[    1.131522] Freeing unused decrypted memory: 2028K
[    1.132406] Freeing unused kernel image (initmem) memory: 4164K
[    1.133115] Write protecting the kernel read-only data: 28672k
[    1.134019] Freeing unused kernel image (rodata/data gap) memory: 480K
[    1.170970] x86/mm: Checked W+X mappings: passed, no W+X pages found.
[    1.211393] Run /init as init process
NESTED_X86_L1_BOOT_OK
Linux (none) 6.12.90+deb13.1-amd64 #1 SMP PREEMPT_DYNAMIC Debian 6.12.90-2 (2026-05-27) x86_64 GNU/Linux
              total        used        free      shared  buff/cache   available
Mem:           7948          53        7754         141         141        7617
console=ttyS0 rdinit=/init panic=-1 harmony.gates=n2_nested_hammer harmony.env=N2_DEADLINES=200000,N2_SEED=2600001004,N2_PROGRESS=25000
msr: loaded
irqbypass: loaded
[    1.242404] kvm: loading out-of-tree module taints kernel.
[    1.243122] kvm: module verification failed: signature and/or required key missing - tainting kernel
kvm(PATCHED): loaded
kvm-intel(PATCHED): loaded
L1_DEV_KVM_PRESENT
NESTED_X86_L2_PIN_CHECK_BEGIN
f06a34a79010a8f2cc8226dc629cc8fb049740016f035f53e3f2e53d9a30dd41  guest/build/bzImage
3c4a7f2f0db4b59aaf4dee55d43a42c57fc0d10ac25441de88128c61be0778c2  guest/build/initramfs-postgres.cpio.gz
NESTED_X86_L2_PIN_CHECK_END
ENV N2_DEADLINES=200000
ENV N2_SEED=2600001004
ENV N2_PROGRESS=25000
NESTED_X86_GATE_BEGIN n2_nested_hammer 

running 1 test
test n2_deadline_hammer ... N2JSON {"event":"start","total":200000,"seed":2600001004,"backend":"PatchedKvmBackend","pid":149}
[    2.480110] perf: interrupt took too long (2506 > 2500), lowering kernel.perf_event_max_sample_rate to 79750
[    2.766311] perf: interrupt took too long (3162 > 3132), lowering kernel.perf_event_max_sample_rate to 63250
[    3.177363] perf: interrupt took too long (3984 > 3952), lowering kernel.perf_event_max_sample_rate to 50000
[    3.817993] perf: interrupt took too long (4985 > 4980), lowering kernel.perf_event_max_sample_rate to 40000
[    4.682890] perf: interrupt took too long (6244 > 6231), lowering kernel.perf_event_max_sample_rate to 32000
[    6.466206] perf: interrupt took too long (7807 > 7805), lowering kernel.perf_event_max_sample_rate to 25500
[   13.123485] perf: interrupt took too long (9792 > 9758), lowering kernel.perf_event_max_sample_rate to 20250
N2JSON {"event":"progress","armed":25000,"exact":25000,"oracle_ok":25000,"mismatches":0,"record_violations":0,"records":{"samples":13920,"lost":0,"throttle":0,"other":0}}
N2JSON {"event":"progress","armed":50000,"exact":50000,"oracle_ok":50000,"mismatches":0,"record_violations":0,"records":{"samples":27774,"lost":0,"throttle":0,"other":0}}
N2JSON {"event":"progress","armed":75000,"exact":75000,"oracle_ok":75000,"mismatches":0,"record_violations":0,"records":{"samples":41658,"lost":0,"throttle":0,"other":0}}
N2JSON {"event":"progress","armed":100000,"exact":100000,"oracle_ok":100000,"mismatches":0,"record_violations":0,"records":{"samples":55566,"lost":0,"throttle":0,"other":0}}
N2JSON {"event":"progress","armed":125000,"exact":125000,"oracle_ok":125000,"mismatches":0,"record_violations":0,"records":{"samples":69472,"lost":0,"throttle":0,"other":0}}
N2JSON {"event":"progress","armed":150000,"exact":150000,"oracle_ok":150000,"mismatches":0,"record_violations":0,"records":{"samples":83361,"lost":0,"throttle":0,"other":0}}
N2JSON {"event":"progress","armed":175000,"exact":175000,"oracle_ok":175000,"mismatches":0,"record_violations":0,"records":{"samples":97281,"lost":0,"throttle":0,"other":0}}
[ 2626.955850] perf: interrupt took too long (12241 > 12240), lowering kernel.perf_event_max_sample_rate to 16250
N2JSON {"event":"progress","armed":200000,"exact":200000,"oracle_ok":200000,"mismatches":0,"record_violations":0,"records":{"samples":111159,"lost":0,"throttle":0,"other":0}}
N2JSON {"event":"summary","armed":200000,"exact":200000,"oracle_ok":200000,"mismatches":0,"record_violations":0,"final_work":3489952549,"records":{"samples":111159,"lost":0,"throttle":0,"other":0}}
ok

test result: ok. 1 passed; 0 failed; 0 ignored; 0 measured; 1 filtered out; finished in 2763.31s

NESTED_X86_GATE_RC n2_nested_hammer rc=0
NESTED_X86_GATE_END n2_nested_hammer
--- L1 dmesg tail (kvm/vmx/pmu/perf) ---
[    0.000000] Hypervisor detected: KVM
[    0.000000] kvm-clock: Using msrs 4b564d01 and 4b564d00
[    0.000000] kvm-clock: using sched offset of 174412721 cycles
[    0.000002] clocksource: kvm-clock: mask: 0xffffffffffffffff max_cycles: 0x1cd42e4dffb, max_idle_ns: 881590591483 ns
[    0.012181] kvm-guest: APIC: eoi() replaced with kvm_guest_apic_eoi_write()
[    0.012203] Booting paravirtualized kernel on KVM
[    0.016403] kvm-guest: PV spinlocks disabled, single CPU
[    0.280199] Performance Events: Skylake events, full-width counters, Intel PMU driver.
[    0.549262] clocksource: Switched to clocksource kvm-clock
[    1.242404] kvm: loading out-of-tree module taints kernel.
[    1.243122] kvm: module verification failed: signature and/or required key missing - tainting kernel
[    2.480110] perf: interrupt took too long (2506 > 2500), lowering kernel.perf_event_max_sample_rate to 79750
[    2.766311] perf: interrupt took too long (3162 > 3132), lowering kernel.perf_event_max_sample_rate to 63250
[    3.177363] perf: interrupt took too long (3984 > 3952), lowering kernel.perf_event_max_sample_rate to 50000
[    3.817993] perf: interrupt took too long (4985 > 4980), lowering kernel.perf_event_max_sample_rate to 40000
[    4.682890] perf: interrupt took too long (6244 > 6231), lowering kernel.perf_event_max_sample_rate to 32000
[    6.466206] perf: interrupt took too long (7807 > 7805), lowering kernel.perf_event_max_sample_rate to 25500
[   13.123485] perf: interrupt took too long (9792 > 9758), lowering kernel.perf_event_max_sample_rate to 20250
[ 2626.955850] perf: interrupt took too long (12241 > 12240), lowering kernel.perf_event_max_sample_rate to 16250
NESTED_X86_GATES_FAILED 0
NESTED_X86_L1_DONE
[ 2764.857666] ACPI: PM: Preparing to enter system sleep state S5
[ 2764.858556] kvm: exiting hardware virtualization
[ 2764.859246] reboot: Power down
