[    0.000000] Linux version 6.12.90+deb13.1-amd64 (debian-kernel@lists.debian.org) (x86_64-linux-gnu-gcc-14 (Debian 14.2.0-19) 14.2.0, GNU ld (GNU Binutils for Debian) 2.44) #1 SMP PREEMPT_DYNAMIC Debian 6.12.90-2 (2026-05-27)
[    0.000000] Command line: console=ttyS0 rdinit=/init panic=-1 harmony.gates=n2_nested_hammer harmony.env=N2_DEADLINES=150000,N2_SEED=1600065576,N2_PROGRESS=25000
[    0.000000] BIOS-provided physical RAM map:
[    0.000000] BIOS-e820: [mem 0x0000000000000000-0x000000000009fbff] usable
[    0.000000] BIOS-e820: [mem 0x000000000009fc00-0x000000000009ffff] reserved
[    0.000000] BIOS-e820: [mem 0x00000000000f0000-0x00000000000fffff] reserved
[    0.000000] BIOS-e820: [mem 0x0000000000100000-0x000000007ffdefff] usable
[    0.000000] BIOS-e820: [mem 0x000000007ffdf000-0x000000007fffffff] reserved
[    0.000000] BIOS-e820: [mem 0x00000000b0000000-0x00000000bfffffff] reserved
[    0.000000] BIOS-e820: [mem 0x00000000fed1c000-0x00000000fed1ffff] reserved
[    0.000000] BIOS-e820: [mem 0x00000000feffc000-0x00000000feffffff] reserved
[    0.000000] BIOS-e820: [mem 0x00000000fffc0000-0x00000000ffffffff] reserved
[    0.000000] BIOS-e820: [mem 0x0000000100000000-0x000000027fffffff] usable
[    0.000000] NX (Execute Disable) protection: active
[    0.000000] APIC: Static calls initialized
[    0.000000] SMBIOS 2.8 present.
[    0.000000] DMI: QEMU Standard PC (Q35 + ICH9, 2009), BIOS 1.16.3-debian-1.16.3-2 04/01/2014
[    0.000000] DMI: Memory slots populated: 1/1
[    0.000000] Hypervisor detected: KVM
[    0.000000] last_pfn = 0x7ffdf max_arch_pfn = 0x400000000
[    0.000000] kvm-clock: Using msrs 4b564d01 and 4b564d00
[    0.000000] kvm-clock: using sched offset of 419215943 cycles
[    0.000002] clocksource: kvm-clock: mask: 0xffffffffffffffff max_cycles: 0x1cd42e4dffb, max_idle_ns: 881590591483 ns
[    0.000005] tsc: Detected 3599.998 MHz processor
[    0.005321] last_pfn = 0x280000 max_arch_pfn = 0x400000000
[    0.005351] MTRR map: 4 entries (3 fixed + 1 variable; max 19), built from 8 variable MTRRs
[    0.005354] x86/PAT: Configuration [0-7]: WB  WC  UC- UC  WB  WP  UC- WT  
[    0.005391] last_pfn = 0x7ffdf max_arch_pfn = 0x400000000
[    0.014837] found SMP MP-table at [mem 0x000f5480-0x000f548f]
[    0.014850] Using GB pages for direct mapping
[    0.015004] RAMDISK: [mem 0x79c87000-0x7ffcffff]
[    0.015009] ACPI: Early table checksum verification disabled
[    0.015012] ACPI: RSDP 0x00000000000F52A0 000014 (v00 BOCHS )
[    0.015016] ACPI: RSDT 0x000000007FFE2351 000038 (v01 BOCHS  BXPC     00000001 BXPC 00000001)
[    0.015021] ACPI: FACP 0x000000007FFE2149 0000F4 (v03 BOCHS  BXPC     00000001 BXPC 00000001)
[    0.015026] ACPI: DSDT 0x000000007FFE0040 002109 (v01 BOCHS  BXPC     00000001 BXPC 00000001)
[    0.015029] ACPI: FACS 0x000000007FFE0000 000040
[    0.015032] ACPI: APIC 0x000000007FFE223D 000078 (v03 BOCHS  BXPC     00000001 BXPC 00000001)
[    0.015035] ACPI: HPET 0x000000007FFE22B5 000038 (v01 BOCHS  BXPC     00000001 BXPC 00000001)
[    0.015038] ACPI: MCFG 0x000000007FFE22ED 00003C (v01 BOCHS  BXPC     00000001 BXPC 00000001)
[    0.015041] ACPI: WAET 0x000000007FFE2329 000028 (v01 BOCHS  BXPC     00000001 BXPC 00000001)
[    0.015043] ACPI: Reserving FACP table memory at [mem 0x7ffe2149-0x7ffe223c]
[    0.015044] ACPI: Reserving DSDT table memory at [mem 0x7ffe0040-0x7ffe2148]
[    0.015045] ACPI: Reserving FACS table memory at [mem 0x7ffe0000-0x7ffe003f]
[    0.015046] ACPI: Reserving APIC table memory at [mem 0x7ffe223d-0x7ffe22b4]
[    0.015047] ACPI: Reserving HPET table memory at [mem 0x7ffe22b5-0x7ffe22ec]
[    0.015047] ACPI: Reserving MCFG table memory at [mem 0x7ffe22ed-0x7ffe2328]
[    0.015048] ACPI: Reserving WAET table memory at [mem 0x7ffe2329-0x7ffe2350]
[    0.015392] No NUMA configuration found
[    0.015393] Faking a node at [mem 0x0000000000000000-0x000000027fffffff]
[    0.015400] NODE_DATA(0) allocated [mem 0x27ffd5680-0x27fffffff]
[    0.015761] Zone ranges:
[    0.015761]   DMA      [mem 0x0000000000001000-0x0000000000ffffff]
[    0.015763]   DMA32    [mem 0x0000000001000000-0x00000000ffffffff]
[    0.015764]   Normal   [mem 0x0000000100000000-0x000000027fffffff]
[    0.015766]   Device   empty
[    0.015767] Movable zone start for each node
[    0.015768] Early memory node ranges
[    0.015769]   node   0: [mem 0x0000000000001000-0x000000000009efff]
[    0.015770]   node   0: [mem 0x0000000000100000-0x000000007ffdefff]
[    0.015771]   node   0: [mem 0x0000000100000000-0x000000027fffffff]
[    0.015773] Initmem setup node 0 [mem 0x0000000000001000-0x000000027fffffff]
[    0.015909] On node 0, zone DMA: 1 pages in unavailable ranges
[    0.015928] On node 0, zone DMA: 97 pages in unavailable ranges
[    0.024798] On node 0, zone Normal: 33 pages in unavailable ranges
[    0.029277] ACPI: PM-Timer IO Port: 0x608
[    0.029293] ACPI: LAPIC_NMI (acpi_id[0xff] dfl dfl lint[0x1])
[    0.029323] IOAPIC[0]: apic_id 0, version 17, address 0xfec00000, GSI 0-23
[    0.029327] ACPI: INT_SRC_OVR (bus 0 bus_irq 0 global_irq 2 dfl dfl)
[    0.029328] ACPI: INT_SRC_OVR (bus 0 bus_irq 5 global_irq 5 high level)
[    0.029329] ACPI: INT_SRC_OVR (bus 0 bus_irq 9 global_irq 9 high level)
[    0.029330] ACPI: INT_SRC_OVR (bus 0 bus_irq 10 global_irq 10 high level)
[    0.029331] ACPI: INT_SRC_OVR (bus 0 bus_irq 11 global_irq 11 high level)
[    0.029335] ACPI: Using ACPI (MADT) for SMP configuration information
[    0.029336] ACPI: HPET id: 0x8086a201 base: 0xfed00000
[    0.029340] TSC deadline timer available
[    0.029344] CPU topo: Max. logical packages:   1
[    0.029345] CPU topo: Max. logical dies:       1
[    0.029345] CPU topo: Max. dies per package:   1
[    0.029349] CPU topo: Max. threads per core:   1
[    0.029350] CPU topo: Num. cores per package:     1
[    0.029350] CPU topo: Num. threads per package:   1
[    0.029351] CPU topo: Allowing 1 present CPUs plus 0 hotplug CPUs
[    0.029368] kvm-guest: APIC: eoi() replaced with kvm_guest_apic_eoi_write()
[    0.029388] PM: hibernation: Registered nosave memory: [mem 0x00000000-0x00000fff]
[    0.029390] PM: hibernation: Registered nosave memory: [mem 0x0009f000-0x000fffff]
[    0.029391] PM: hibernation: Registered nosave memory: [mem 0x7ffdf000-0xffffffff]
[    0.029392] [mem 0xc0000000-0xfed1bfff] available for PCI devices
[    0.029393] Booting paravirtualized kernel on KVM
[    0.029395] clocksource: refined-jiffies: mask: 0xffffffff max_cycles: 0xffffffff, max_idle_ns: 7645519600211568 ns
[    0.037488] setup_percpu: NR_CPUS:8192 nr_cpumask_bits:1 nr_cpu_ids:1 nr_node_ids:1
[    0.037745] percpu: Embedded 66 pages/cpu s233472 r8192 d28672 u2097152
[    0.037779] kvm-guest: PV spinlocks disabled, single CPU
[    0.037781] Kernel command line: console=ttyS0 rdinit=/init panic=-1 harmony.gates=n2_nested_hammer harmony.env=N2_DEADLINES=150000,N2_SEED=1600065576,N2_PROGRESS=25000
[    0.037847] random: crng init done
[    0.038668] Dentry cache hash table entries: 1048576 (order: 11, 8388608 bytes, linear)
[    0.039100] Inode-cache hash table entries: 524288 (order: 10, 4194304 bytes, linear)
[    0.039135] Fallback order for Node 0: 0 
[    0.039137] Built 1 zonelists, mobility grouping on.  Total pages: 2097021
[    0.039138] Policy zone: Normal
[    0.039145] mem auto-init: stack:all(zero), heap alloc:on, heap free:off
[    0.039149] software IO TLB: area num 1.
[    0.072407] SLUB: HWalign=64, Order=0-3, MinObjects=0, CPUs=1, Nodes=1
[    0.072436] ftrace: allocating 45769 entries in 179 pages
[    0.086399] ftrace: allocated 179 pages with 5 groups
[    0.086956] Dynamic Preempt: voluntary
[    0.087118] rcu: Preemptible hierarchical RCU implementation.
[    0.087118] rcu: 	RCU restricting CPUs from NR_CPUS=8192 to nr_cpu_ids=1.
[    0.087120] 	Trampoline variant of Tasks RCU enabled.
[    0.087120] 	Rude variant of Tasks RCU enabled.
[    0.087121] 	Tracing variant of Tasks RCU enabled.
[    0.087121] rcu: RCU calculated value of scheduler-enlistment delay is 25 jiffies.
[    0.087122] rcu: Adjusting geometry for rcu_fanout_leaf=16, nr_cpu_ids=1
[    0.087128] RCU Tasks: Setting shift to 0 and lim to 1 rcu_task_cb_adjust=1 rcu_task_cpu_ids=1.
[    0.087129] RCU Tasks Rude: Setting shift to 0 and lim to 1 rcu_task_cb_adjust=1 rcu_task_cpu_ids=1.
[    0.087131] RCU Tasks Trace: Setting shift to 0 and lim to 1 rcu_task_cb_adjust=1 rcu_task_cpu_ids=1.
[    0.095814] NR_IRQS: 524544, nr_irqs: 256, preallocated irqs: 16
[    0.095996] rcu: srcu_init: Setting srcu_struct sizes based on contention.
[    0.126778] Console: colour VGA+ 80x25
[    0.126825] printk: legacy console [ttyS0] enabled
[    0.405676] ACPI: Core revision 20240827
[    0.406749] clocksource: hpet: mask: 0xffffffff max_cycles: 0xffffffff, max_idle_ns: 19112604467 ns
[    0.413250] APIC: Switch to symmetric I/O mode setup
[    0.414302] x2apic enabled
[    0.415032] APIC: Switched APIC routing to: physical x2apic
[    0.416868] ..TIMER: vector=0x30 apic1=0 pin1=2 apic2=-1 pin2=-1
[    0.421925] clocksource: tsc-early: mask: 0xffffffffffffffff max_cycles: 0x33e451ab1a6, max_idle_ns: 440795278720 ns
[    0.423767] Calibrating delay loop (skipped) preset value.. 7199.99 BogoMIPS (lpj=14399992)
[    0.427860] x86/cpu: User Mode Instruction Prevention (UMIP) activated
[    0.429030] Last level iTLB entries: 4KB 0, 2MB 0, 4MB 0
[    0.429970] Last level dTLB entries: 4KB 0, 2MB 0, 4MB 0, 1GB 0
[    0.431015] Spectre V1 : Mitigation: usercopy/swapgs barriers and __user pointer sanitization
[    0.431769] Spectre V2 : Spectre BHI mitigation: SW BHB clearing on syscall and VM exit
[    0.433138] Spectre V2 : Mitigation: IBRS
[    0.433853] Spectre V2 : Spectre v2 / SpectreRSB: Filling RSB on context switch and VMEXIT
[    0.435767] RETBleed: Mitigation: IBRS
[    0.436424] Spectre V2 : mitigation: Enabling conditional Indirect Branch Prediction Barrier
[    0.437866] Speculative Store Bypass: Mitigation: Speculative Store Bypass disabled via prctl
[    0.439771] MDS: Mitigation: Clear CPU buffers
[    0.440589] MMIO Stale Data: Mitigation: Clear CPU buffers
[    0.441586] SRBDS: Unknown: Dependent on hypervisor status
[    0.442546] active return thunk: its_return_thunk
[    0.443375] ITS: Mitigation: Aligned branch/return thunks
[    0.443782] x86/fpu: Supporting XSAVE feature 0x001: 'x87 floating point registers'
[    0.445340] x86/fpu: Supporting XSAVE feature 0x002: 'SSE registers'
[    0.446664] x86/fpu: Supporting XSAVE feature 0x004: 'AVX registers'
[    0.447767] x86/fpu: Supporting XSAVE feature 0x008: 'MPX bounds registers'
[    0.449009] x86/fpu: Supporting XSAVE feature 0x010: 'MPX CSR'
[    0.449991] x86/fpu: xstate_offset[2]:  576, xstate_sizes[2]:  256
[    0.451766] x86/fpu: xstate_offset[3]:  832, xstate_sizes[3]:   64
[    0.452837] x86/fpu: xstate_offset[4]:  896, xstate_sizes[4]:   64
[    0.453905] x86/fpu: Enabled xstate features 0x1f, context size is 960 bytes, using 'compacted' format.
[    0.529039] Freeing SMP alternatives memory: 40K
[    0.529898] pid_max: default: 32768 minimum: 301
[    0.530778] LSM: initializing lsm=lockdown,capability,landlock,yama,apparmor,tomoyo,bpf,ipe,ima,evm
[    0.531820] landlock: Up and running.
[    0.532500] Yama: disabled by default; enable with sysctl kernel.yama.*
[    0.533778] AppArmor: AppArmor initialized
[    0.534555] TOMOYO Linux initialized
[    0.535925] LSM support for eBPF active
[    0.536761] Mount-cache hash table entries: 16384 (order: 5, 131072 bytes, linear)
[    0.538325] Mountpoint-cache hash table entries: 16384 (order: 5, 131072 bytes, linear)
[    0.543764] smpboot: CPU0: Intel(R) Core(TM) i9-9900K CPU @ 3.60GHz (family: 0x6, model: 0x9e, stepping: 0xc)
[    0.543764] Performance Events: Skylake events, full-width counters, Intel PMU driver.
[    0.543764] ... version:                2
[    0.543764] ... bit width:              48
[    0.543768] ... generic registers:      4
[    0.544469] ... value mask:             0000ffffffffffff
[    0.545401] ... max period:             00007fffffffffff
[    0.546364] ... fixed-purpose events:   3
[    0.547768] ... event mask:             000000070000000f
[    0.548745] signal: max sigframe size: 2032
[    0.549513] rcu: Hierarchical SRCU implementation.
[    0.550355] rcu: 	Max phase no-delay instances is 1000.
[    0.554474] smp: Bringing up secondary CPUs ...
[    0.555297] smp: Brought up 1 node, 1 CPU
[    0.555769] smpboot: Total of 1 processors activated (7199.99 BogoMIPS)
[    0.573569] node 0 deferred pages initialised in 16ms
[    0.574551] Memory: 8026728K/8388084K available (16384K kernel code, 2497K rwdata, 11808K rodata, 4164K init, 4916K bss, 357552K reserved, 0K cma-reserved)
[    0.576214] devtmpfs: initialized
[    0.576838] x86/mm: Memory block size: 128MB
[    0.578335] clocksource: jiffies: mask: 0xffffffff max_cycles: 0xffffffff, max_idle_ns: 7645041785100000 ns
[    0.579777] futex hash table entries: 256 (order: 2, 16384 bytes, linear)
[    0.580972] pinctrl core: initialized pinctrl subsystem
[    0.583928] NET: Registered PF_NETLINK/PF_ROUTE protocol family
[    0.585068] DMA: preallocated 1024 KiB GFP_KERNEL pool for atomic allocations
[    0.586334] DMA: preallocated 1024 KiB GFP_KERNEL|GFP_DMA pool for atomic allocations
[    0.587931] DMA: preallocated 1024 KiB GFP_KERNEL|GFP_DMA32 pool for atomic allocations
[    0.589346] audit: initializing netlink subsys (disabled)
[    0.590328] audit: type=2000 audit(1783662586.426:1): state=initialized audit_enabled=0 res=1
[    0.591878] thermal_sys: Registered thermal governor 'fair_share'
[    0.591879] thermal_sys: Registered thermal governor 'bang_bang'
[    0.593162] thermal_sys: Registered thermal governor 'step_wise'
[    0.594421] thermal_sys: Registered thermal governor 'user_space'
[    0.595520] thermal_sys: Registered thermal governor 'power_allocator'
[    0.595780] cpuidle: using governor ladder
[    0.597641] cpuidle: using governor menu
[    0.598393] acpiphp: ACPI Hot Plug PCI Controller Driver version: 0.5
[    0.599909] PCI: ECAM [mem 0xb0000000-0xbfffffff] (base 0xb0000000) for domain 0000 [bus 00-ff]
[    0.601414] PCI: ECAM [mem 0xb0000000-0xbfffffff] reserved as E820 entry
[    0.602597] PCI: Using configuration type 1 for base access
[    0.603872] kprobes: kprobe jump-optimization is enabled. All kprobes are optimized if possible.
[    0.632146] HugeTLB: registered 1.00 GiB page size, pre-allocated 0 pages
[    0.633347] HugeTLB: 16380 KiB vmemmap can be freed for a 1.00 GiB page
[    0.634509] HugeTLB: registered 2.00 MiB page size, pre-allocated 0 pages
[    0.635699] HugeTLB: 28 KiB vmemmap can be freed for a 2.00 MiB page
[    0.640086] ACPI: Added _OSI(Module Device)
[    0.640819] ACPI: Added _OSI(Processor Device)
[    0.641588] ACPI: Added _OSI(Processor Aggregator Device)
[    0.643272] ACPI: 1 ACPI AML tables successfully acquired and loaded
[    0.648812] ACPI: Interpreter enabled
[    0.649603] ACPI: PM: (supports S0 S3 S4 S5)
[    0.650482] ACPI: Using IOAPIC for interrupt routing
[    0.651306] PCI: Using host bridge windows from ACPI; if necessary, use "pci=nocrs" and report a bug
[    0.651768] PCI: Using E820 reservations for host bridge windows
[    0.655858] ACPI: Enabled 2 GPEs in block 00 to 3F
[    0.658727] ACPI: PCI Root Bridge [PCI0] (domain 0000 [bus 00-ff])
[    0.659821] acpi PNP0A08:00: _OSC: OS supports [ExtendedConfig ASPM ClockPM Segments MSI HPX-Type3]
[    0.663805] acpi PNP0A08:00: _OSC: platform does not support [PCIeHotplug LTR]
[    0.665127] acpi PNP0A08:00: _OSC: OS now controls [SHPCHotplug PME AER PCIeCapability]
[    0.666675] PCI host bridge to bus 0000:00
[    0.667440] pci_bus 0000:00: root bus resource [io  0x0000-0x0cf7 window]
[    0.667768] pci_bus 0000:00: root bus resource [io  0x0d00-0xffff window]
[    0.668977] pci_bus 0000:00: root bus resource [mem 0x000a0000-0x000bffff window]
[    0.670300] pci_bus 0000:00: root bus resource [mem 0x80000000-0xafffffff window]
[    0.671617] pci_bus 0000:00: root bus resource [mem 0xc0000000-0xfebfffff window]
[    0.671768] pci_bus 0000:00: root bus resource [mem 0x280000000-0xa7fffffff window]
[    0.673115] pci_bus 0000:00: root bus resource [bus 00-ff]
[    0.674143] pci 0000:00:00.0: [8086:29c0] type 00 class 0x060000 conventional PCI endpoint
[    0.676232] pci 0000:00:01.0: [1234:1111] type 00 class 0x030000 conventional PCI endpoint
[    0.679556] pci 0000:00:01.0: BAR 0 [mem 0xfd000000-0xfdffffff pref]
[    0.682168] pci 0000:00:01.0: BAR 2 [mem 0xfebd4000-0xfebd4fff]
[    0.688181] pci 0000:00:01.0: ROM [mem 0xfebc0000-0xfebcffff pref]
[    0.689456] pci 0000:00:01.0: Video device with shadowed ROM at [mem 0x000c0000-0x000dffff]
[    0.691408] pci 0000:00:02.0: [8086:10d3] type 00 class 0x020000 PCIe Root Complex Integrated Endpoint
[    0.696261] pci 0000:00:02.0: BAR 0 [mem 0xfeb80000-0xfeb9ffff]
[    0.698442] pci 0000:00:02.0: BAR 1 [mem 0xfeba0000-0xfebbffff]
[    0.700510] pci 0000:00:02.0: BAR 2 [io  0xc040-0xc05f]
[    0.702187] pci 0000:00:02.0: BAR 3 [mem 0xfebd0000-0xfebd3fff]
[    0.708168] pci 0000:00:02.0: ROM [mem 0xfeb40000-0xfeb7ffff pref]
[    0.709361] pci 0000:00:02.0: enabling Extended Tags
[    0.711501] pci 0000:00:1f.0: [8086:2918] type 00 class 0x060100 conventional PCI endpoint
[    0.712356] pci 0000:00:1f.0: quirk: [io  0x0600-0x067f] claimed by ICH6 ACPI/GPIO/TCO
[    0.716068] pci 0000:00:1f.2: [8086:2922] type 00 class 0x010601 conventional PCI endpoint
[    0.719740] pci 0000:00:1f.2: BAR 4 [io  0xc060-0xc07f]
[    0.720150] pci 0000:00:1f.2: BAR 5 [mem 0xfebd5000-0xfebd5fff]
[    0.722071] pci 0000:00:1f.3: [8086:2930] type 00 class 0x0c0500 conventional PCI endpoint
[    0.724768] pci 0000:00:1f.3: BAR 4 [io  0x0700-0x073f]
[    0.730195] ACPI: PCI: Interrupt link LNKA configured for IRQ 10
[    0.731548] ACPI: PCI: Interrupt link LNKB configured for IRQ 10
[    0.731862] ACPI: PCI: Interrupt link LNKC configured for IRQ 11
[    0.733008] ACPI: PCI: Interrupt link LNKD configured for IRQ 11
[    0.734060] ACPI: PCI: Interrupt link LNKE configured for IRQ 10
[    0.735858] ACPI: PCI: Interrupt link LNKF configured for IRQ 10
[    0.736990] ACPI: PCI: Interrupt link LNKG configured for IRQ 11
[    0.738117] ACPI: PCI: Interrupt link LNKH configured for IRQ 11
[    0.739808] ACPI: PCI: Interrupt link GSIA configured for IRQ 16
[    0.740902] ACPI: PCI: Interrupt link GSIB configured for IRQ 17
[    0.741952] ACPI: PCI: Interrupt link GSIC configured for IRQ 18
[    0.743000] ACPI: PCI: Interrupt link GSID configured for IRQ 19
[    0.743776] ACPI: PCI: Interrupt link GSIE configured for IRQ 20
[    0.744847] ACPI: PCI: Interrupt link GSIF configured for IRQ 21
[    0.745917] ACPI: PCI: Interrupt link GSIG configured for IRQ 22
[    0.746969] ACPI: PCI: Interrupt link GSIH configured for IRQ 23
[    0.748232] iommu: Default domain type: Translated
[    0.749123] iommu: DMA domain TLB invalidation policy: lazy mode
[    0.750305] pps_core: LinuxPPS API ver. 1 registered
[    0.751147] pps_core: Software ver. 5.3.6 - Copyright 2005-2007 Rodolfo Giometti <giometti@linux.it>
[    0.751771] PTP clock support registered
[    0.752515] EDAC MC: Ver: 3.0.0
[    0.753654] NetLabel: Initializing
[    0.754265] NetLabel:  domain hash size = 128
[    0.755036] NetLabel:  protocols = UNLABELED CIPSOv4 CALIPSO
[    0.755796] NetLabel:  unlabeled traffic allowed by default
[    0.756858] PCI: Using ACPI for IRQ routing
[    0.843598] pci 0000:00:01.0: vgaarb: setting as boot VGA device
[    0.843764] pci 0000:00:01.0: vgaarb: bridge control possible
[    0.843764] pci 0000:00:01.0: vgaarb: VGA device added: decodes=io+mem,owns=io+mem,locks=none
[    0.843768] vgaarb: loaded
[    0.844301] hpet0: at MMIO 0xfed00000, IRQs 2, 8, 0
[    0.845155] hpet0: 3 comparators, 64-bit 100.000000 MHz counter
[    0.849901] clocksource: Switched to clocksource kvm-clock
[    0.851615] VFS: Disk quotas dquot_6.6.0
[    0.851764] VFS: Dquot-cache hash table entries: 512 (order 0, 4096 bytes)
[    0.851764] AppArmor: AppArmor Filesystem Enabled
[    0.852544] pnp: PnP ACPI init
[    0.853279] system 00:05: [mem 0xb0000000-0xbfffffff window] has been reserved
[    0.854227] pnp: PnP ACPI: found 6 devices
[    0.861174] clocksource: acpi_pm: mask: 0xffffff max_cycles: 0xffffff, max_idle_ns: 2085701024 ns
[    0.862779] NET: Registered PF_INET protocol family
[    0.863826] IP idents hash table entries: 131072 (order: 8, 1048576 bytes, linear)
[    0.877121] tcp_listen_portaddr_hash hash table entries: 4096 (order: 4, 65536 bytes, linear)
[    0.878626] Table-perturb hash table entries: 65536 (order: 6, 262144 bytes, linear)
[    0.879991] TCP established hash table entries: 65536 (order: 7, 524288 bytes, linear)
[    0.881580] TCP bind hash table entries: 65536 (order: 9, 2097152 bytes, linear)
[    0.882978] TCP: Hash tables configured (established 65536 bind 65536)
[    0.884140] MPTCP token hash table entries: 8192 (order: 6, 196608 bytes, linear)
[    0.885416] UDP hash table entries: 4096 (order: 5, 131072 bytes, linear)
[    0.886604] UDP-Lite hash table entries: 4096 (order: 5, 131072 bytes, linear)
[    0.887893] NET: Registered PF_UNIX/PF_LOCAL protocol family
[    0.888950] NET: Registered PF_XDP protocol family
[    0.889839] pci_bus 0000:00: resource 4 [io  0x0000-0x0cf7 window]
[    0.890921] pci_bus 0000:00: resource 5 [io  0x0d00-0xffff window]
[    0.892004] pci_bus 0000:00: resource 6 [mem 0x000a0000-0x000bffff window]
[    0.893185] pci_bus 0000:00: resource 7 [mem 0x80000000-0xafffffff window]
[    0.894429] pci_bus 0000:00: resource 8 [mem 0xc0000000-0xfebfffff window]
[    0.895692] pci_bus 0000:00: resource 9 [mem 0x280000000-0xa7fffffff window]
[    0.897083] PCI: CLS 0 bytes, default 64
[    0.897910] Trying to unpack rootfs image as initramfs...
[    0.903943] PCI-DMA: Using software bounce buffering for IO (SWIOTLB)
[    0.905085] software IO TLB: mapped [mem 0x0000000075c87000-0x0000000079c87000] (64MB)
[    0.906587] clocksource: tsc: mask: 0xffffffffffffffff max_cycles: 0x33e451ab1a6, max_idle_ns: 440795278720 ns
[    0.912144] Initialise system trusted keyrings
[    0.912989] Key type blacklist registered
[    0.913780] workingset: timestamp_bits=36 max_order=21 bucket_order=0
[    0.914922] zbud: loaded
[    0.919803] fuse: init (API version 7.41)
[    0.920782] integrity: Platform Keyring initialized
[    0.921784] integrity: Machine keyring initialized
[    0.953607] Key type asymmetric registered
[    0.954340] Asymmetric key parser 'x509' registered
[    2.035385] Freeing initrd memory: 101668K
[    2.036889] Block layer SCSI generic (bsg) driver version 0.4 loaded (major 246)
[    2.038283] io scheduler mq-deadline registered
[    2.040131] ledtrig-cpu: registered to indicate activity on CPUs
[    2.041207] shpchp: Standard Hot Plug PCI Controller Driver version: 0.4
[    2.042631] Serial: 8250/16550 driver, 4 ports, IRQ sharing enabled
[    2.044208] 00:03: ttyS0 at I/O 0x3f8 (irq = 4, base_baud = 115200) is a 16550A
[    2.046015] Linux agpgart interface v0.103
[    2.047019] i8042: PNP: PS/2 Controller [PNP0303:KBD,PNP0f13:MOU] at 0x60,0x64 irq 1,12
[    2.049281] serio: i8042 KBD port at 0x60,0x64 irq 1
[    2.050219] serio: i8042 AUX port at 0x60,0x64 irq 12
[    2.051191] mousedev: PS/2 mouse device common for all mice
[    2.052513] input: AT Translated Set 2 keyboard as /devices/platform/i8042/serio0/input/input0
[    2.054349] rtc_cmos 00:04: RTC can wake from S4
[    2.055797] rtc_cmos 00:04: registered as rtc0
[    2.056651] rtc_cmos 00:04: setting system clock to 2026-07-10T05:49:47 UTC (1783662587)
[    2.058143] rtc_cmos 00:04: alarms up to one day, y3k, 242 bytes nvram, hpet irqs
[    2.059427] intel_pstate: CPU model not supported
[    2.060873] NET: Registered PF_INET6 protocol family
[    2.062490] Segment Routing with IPv6
[    2.063144] In-situ OAM (IOAM) with IPv6
[    2.063882] mip6: Mobile IPv6
[    2.064427] NET: Registered PF_PACKET protocol family
[    2.065350] mpls_gso: MPLS GSO support
[    2.066167] IPI shorthand broadcast: enabled
[    2.068401] sched_clock: Marking stable (1744001885, 323762566)->(2327386912, -259622461)
[    2.069926] registered taskstats version 1
[    2.070747] Loading compiled-in X.509 certificates
[    2.090909] Loaded X.509 cert 'Build time autogenerated kernel key: e87b99600394fc77ba6018a2cc6a68db4bb86ee6'
[    2.094441] Demotion targets for Node 0: null
[    2.095257] Key type .fscrypt registered
[    2.095954] Key type fscrypt-provisioning registered
[    2.097376] Key type encrypted registered
[    2.098150] AppArmor: AppArmor sha256 policy hashing enabled
[    2.099234] ima: No TPM chip found, activating TPM-bypass!
[    2.100384] ima: Allocated hash algorithm: sha256
[    2.101387] ima: No architecture policies found
[    2.102251] evm: Initialising EVM extended attributes:
[    2.103138] evm: security.selinux
[    2.103716] evm: security.SMACK64 (disabled)
[    2.104521] evm: security.SMACK64EXEC (disabled)
[    2.105377] evm: security.SMACK64TRANSMUTE (disabled)
[    2.106447] evm: security.SMACK64MMAP (disabled)
[    2.107413] evm: security.apparmor
[    2.108087] evm: security.ima
[    2.108576] evm: security.capability
[    2.109179] evm: HMAC attrs: 0x1
[    2.140860] RAS: Correctable Errors collector initialized.
[    2.155031] clk: Disabling unused clocks
[    2.155719] PM: genpd: Disabling unused power domains
[    2.164927] Freeing unused decrypted memory: 2028K
[    2.165873] Freeing unused kernel image (initmem) memory: 4164K
[    2.166625] Write protecting the kernel read-only data: 28672k
[    2.167597] Freeing unused kernel image (rodata/data gap) memory: 480K
[    2.229768] x86/mm: Checked W+X mappings: passed, no W+X pages found.
[    2.285566] Run /init as init process
NESTED_X86_L1_BOOT_OK
Linux (none) 6.12.90+deb13.1-amd64 #1 SMP PREEMPT_DYNAMIC Debian 6.12.90-2 (2026-05-27) x86_64 GNU/Linux
              total        used        free      shared  buff/cache   available
Mem:           7948          51        7675         221         222        7539
console=ttyS0 rdinit=/init panic=-1 harmony.gates=n2_nested_hammer harmony.env=N2_DEADLINES=150000,N2_SEED=1600065576,N2_PROGRESS=25000
msr: loaded
irqbypass: loaded
[    2.341351] kvm: loading out-of-tree module taints kernel.
[    2.342057] kvm: module verification failed: signature and/or required key missing - tainting kernel
kvm(PATCHED): loaded
kvm-intel(PATCHED): loaded
L1_DEV_KVM_PRESENT
NESTED_X86_L2_PIN_CHECK_BEGIN
f06a34a79010a8f2cc8226dc629cc8fb049740016f035f53e3f2e53d9a30dd41  guest/build/bzImage
3c4a7f2f0db4b59aaf4dee55d43a42c57fc0d10ac25441de88128c61be0778c2  guest/build/initramfs-postgres.cpio.gz
NESTED_X86_L2_PIN_CHECK_END
ENV N2_DEADLINES=150000
ENV N2_SEED=1600065576
ENV N2_PROGRESS=25000
NESTED_X86_GATE_BEGIN n2_nested_hammer 

running 1 test
test n2_deadline_hammer ... N2JSON {"event":"start","total":150000,"seed":1600065576,"pid":147}
[    3.719705] perf: interrupt took too long (2522 > 2500), lowering kernel.perf_event_max_sample_rate to 79250
[    3.988529] perf: interrupt took too long (3183 > 3152), lowering kernel.perf_event_max_sample_rate to 62750
[    4.461383] perf: interrupt took too long (4022 > 3978), lowering kernel.perf_event_max_sample_rate to 49500
[    5.047505] perf: interrupt took too long (5039 > 5027), lowering kernel.perf_event_max_sample_rate to 39500
[    5.941371] perf: interrupt took too long (6321 > 6298), lowering kernel.perf_event_max_sample_rate to 31500
[    7.490501] perf: interrupt took too long (7902 > 7901), lowering kernel.perf_event_max_sample_rate to 25250
[   12.762708] perf: interrupt took too long (9880 > 9877), lowering kernel.perf_event_max_sample_rate to 20000
[   13.921518] INFO: NMI handler (perf_event_nmi_handler) took too long to run: 4.019 msecs
[   13.921527] perf: interrupt took too long (41306 > 12350), lowering kernel.perf_event_max_sample_rate to 4750
[   14.945512] INFO: NMI handler (perf_event_nmi_handler) took too long to run: 4.019 msecs
[   14.945519] perf: interrupt took too long (65366 > 51632), lowering kernel.perf_event_max_sample_rate to 3000
[   45.359173] INFO: NMI handler (perf_event_nmi_handler) took too long to run: 4.029 msecs
[   85.719057] INFO: NMI handler (perf_event_nmi_handler) took too long to run: 4.031 msecs
[  186.094737] INFO: NMI handler (nmi_cpu_backtrace_handler) took too long to run: 4.015 msecs
N2JSON {"event":"progress","armed":25000,"exact":25000,"mismatches":0}
[  536.397850] INFO: NMI handler (perf_event_nmi_handler) took too long to run: 4.032 msecs
[  571.161777] INFO: NMI handler (perf_event_nmi_handler) took too long to run: 4.032 msecs
N2JSON {"event":"progress","armed":50000,"exact":50000,"mismatches":0}
N2JSON {"event":"progress","armed":75000,"exact":75000,"mismatches":0}
N2JSON {"event":"progress","armed":100000,"exact":100000,"mismatches":0}
[ 1499.357741] INFO: NMI handler (perf_event_nmi_handler) took too long to run: 6.296 msecs
[ 1555.359304] perf: interrupt took too long (91870 > 81707), lowering kernel.perf_event_max_sample_rate to 2000
N2JSON {"event":"progress","armed":125000,"exact":125000,"mismatches":0}
N2JSON {"event":"progress","armed":150000,"exact":150000,"mismatches":0}
N2JSON {"event":"summary","armed":150000,"exact":150000,"mismatches":0,"final_work":2623568539}
ok

test result: ok. 1 passed; 0 failed; 0 ignored; 0 measured; 0 filtered out; finished in 2225.53s

NESTED_X86_GATE_RC n2_nested_hammer rc=0
NESTED_X86_GATE_END n2_nested_hammer
--- L1 dmesg tail (kvm/vmx/pmu/perf) ---
[    0.000000] Hypervisor detected: KVM
[    0.000000] kvm-clock: Using msrs 4b564d01 and 4b564d00
[    0.000000] kvm-clock: using sched offset of 419215943 cycles
[    0.000002] clocksource: kvm-clock: mask: 0xffffffffffffffff max_cycles: 0x1cd42e4dffb, max_idle_ns: 881590591483 ns
[    0.029368] kvm-guest: APIC: eoi() replaced with kvm_guest_apic_eoi_write()
[    0.029393] Booting paravirtualized kernel on KVM
[    0.037779] kvm-guest: PV spinlocks disabled, single CPU
[    0.543764] Performance Events: Skylake events, full-width counters, Intel PMU driver.
[    0.849901] clocksource: Switched to clocksource kvm-clock
[    2.341351] kvm: loading out-of-tree module taints kernel.
[    2.342057] kvm: module verification failed: signature and/or required key missing - tainting kernel
[    3.719705] perf: interrupt took too long (2522 > 2500), lowering kernel.perf_event_max_sample_rate to 79250
[    3.988529] perf: interrupt took too long (3183 > 3152), lowering kernel.perf_event_max_sample_rate to 62750
[    4.461383] perf: interrupt took too long (4022 > 3978), lowering kernel.perf_event_max_sample_rate to 49500
[    5.047505] perf: interrupt took too long (5039 > 5027), lowering kernel.perf_event_max_sample_rate to 39500
[    5.941371] perf: interrupt took too long (6321 > 6298), lowering kernel.perf_event_max_sample_rate to 31500
[    7.490501] perf: interrupt took too long (7902 > 7901), lowering kernel.perf_event_max_sample_rate to 25250
[   12.762708] perf: interrupt took too long (9880 > 9877), lowering kernel.perf_event_max_sample_rate to 20000
[   13.921518] INFO: NMI handler (perf_event_nmi_handler) took too long to run: 4.019 msecs
[   13.921527] perf: interrupt took too long (41306 > 12350), lowering kernel.perf_event_max_sample_rate to 4750
[   14.945512] INFO: NMI handler (perf_event_nmi_handler) took too long to run: 4.019 msecs
[   14.945519] perf: interrupt took too long (65366 > 51632), lowering kernel.perf_event_max_sample_rate to 3000
[   45.359173] INFO: NMI handler (perf_event_nmi_handler) took too long to run: 4.029 msecs
[   85.719057] INFO: NMI handler (perf_event_nmi_handler) took too long to run: 4.031 msecs
[  536.397850] INFO: NMI handler (perf_event_nmi_handler) took too long to run: 4.032 msecs
[  571.161777] INFO: NMI handler (perf_event_nmi_handler) took too long to run: 4.032 msecs
[ 1499.357741] INFO: NMI handler (perf_event_nmi_handler) took too long to run: 6.296 msecs
[ 1555.359304] perf: interrupt took too long (91870 > 81707), lowering kernel.perf_event_max_sample_rate to 2000
NESTED_X86_L1_DONE
[ 2228.523967] ACPI: PM: Preparing to enter system sleep state S5
[ 2228.524882] kvm: exiting hardware virtualization
[ 2228.531823] reboot: Power down
