[    0.000000] Linux version 6.12.90+deb13.1-amd64 (debian-kernel@lists.debian.org) (x86_64-linux-gnu-gcc-14 (Debian 14.2.0-19) 14.2.0, GNU ld (GNU Binutils for Debian) 2.44) #1 SMP PREEMPT_DYNAMIC Debian 6.12.90-2 (2026-05-27)
[    0.000000] Command line: console=ttyS0 rdinit=/init panic=-1 harmony.gates=n3_repeat_gate harmony.env=N3_REPS=10,N3_ITEM=insn-rng
[    0.000000] BIOS-provided physical RAM map:
[    0.000000] BIOS-e820: [mem 0x0000000000000000-0x000000000009fbff] usable
[    0.000000] BIOS-e820: [mem 0x000000000009fc00-0x000000000009ffff] reserved
[    0.000000] BIOS-e820: [mem 0x00000000000f0000-0x00000000000fffff] reserved
[    0.000000] BIOS-e820: [mem 0x0000000000100000-0x000000007ffdefff] usable
[    0.000000] BIOS-e820: [mem 0x000000007ffdf000-0x000000007fffffff] reserved
[    0.000000] BIOS-e820: [mem 0x00000000b0000000-0x00000000bfffffff] reserved
[    0.000000] BIOS-e820: [mem 0x00000000fed1c000-0x00000000fed1ffff] reserved
[    0.000000] BIOS-e820: [mem 0x00000000feffc000-0x00000000feffffff] reserved
[    0.000000] BIOS-e820: [mem 0x00000000fffc0000-0x00000000ffffffff] reserved
[    0.000000] BIOS-e820: [mem 0x0000000100000000-0x000000027fffffff] usable
[    0.000000] NX (Execute Disable) protection: active
[    0.000000] APIC: Static calls initialized
[    0.000000] SMBIOS 2.8 present.
[    0.000000] DMI: QEMU Standard PC (Q35 + ICH9, 2009), BIOS 1.16.3-debian-1.16.3-2 04/01/2014
[    0.000000] DMI: Memory slots populated: 1/1
[    0.000000] Hypervisor detected: KVM
[    0.000000] last_pfn = 0x7ffdf max_arch_pfn = 0x400000000
[    0.000000] kvm-clock: Using msrs 4b564d01 and 4b564d00
[    0.000000] kvm-clock: using sched offset of 156462315 cycles
[    0.000001] clocksource: kvm-clock: mask: 0xffffffffffffffff max_cycles: 0x1cd42e4dffb, max_idle_ns: 881590591483 ns
[    0.000003] tsc: Detected 3599.998 MHz processor
[    0.000709] last_pfn = 0x280000 max_arch_pfn = 0x400000000
[    0.000731] MTRR map: 4 entries (3 fixed + 1 variable; max 19), built from 8 variable MTRRs
[    0.000733] x86/PAT: Configuration [0-7]: WB  WC  UC- UC  WB  WP  UC- WT  
[    0.000762] last_pfn = 0x7ffdf max_arch_pfn = 0x400000000
[    0.005814] found SMP MP-table at [mem 0x000f5480-0x000f548f]
[    0.005824] Using GB pages for direct mapping
[    0.005929] RAMDISK: [mem 0x7b44c000-0x7ffcffff]
[    0.005934] ACPI: Early table checksum verification disabled
[    0.005936] ACPI: RSDP 0x00000000000F52A0 000014 (v00 BOCHS )
[    0.005938] ACPI: RSDT 0x000000007FFE2351 000038 (v01 BOCHS  BXPC     00000001 BXPC 00000001)
[    0.005942] ACPI: FACP 0x000000007FFE2149 0000F4 (v03 BOCHS  BXPC     00000001 BXPC 00000001)
[    0.005946] ACPI: DSDT 0x000000007FFE0040 002109 (v01 BOCHS  BXPC     00000001 BXPC 00000001)
[    0.005948] ACPI: FACS 0x000000007FFE0000 000040
[    0.005950] ACPI: APIC 0x000000007FFE223D 000078 (v03 BOCHS  BXPC     00000001 BXPC 00000001)
[    0.005952] ACPI: HPET 0x000000007FFE22B5 000038 (v01 BOCHS  BXPC     00000001 BXPC 00000001)
[    0.005954] ACPI: MCFG 0x000000007FFE22ED 00003C (v01 BOCHS  BXPC     00000001 BXPC 00000001)
[    0.005956] ACPI: WAET 0x000000007FFE2329 000028 (v01 BOCHS  BXPC     00000001 BXPC 00000001)
[    0.005957] ACPI: Reserving FACP table memory at [mem 0x7ffe2149-0x7ffe223c]
[    0.005958] ACPI: Reserving DSDT table memory at [mem 0x7ffe0040-0x7ffe2148]
[    0.005959] ACPI: Reserving FACS table memory at [mem 0x7ffe0000-0x7ffe003f]
[    0.005959] ACPI: Reserving APIC table memory at [mem 0x7ffe223d-0x7ffe22b4]
[    0.005960] ACPI: Reserving HPET table memory at [mem 0x7ffe22b5-0x7ffe22ec]
[    0.005960] ACPI: Reserving MCFG table memory at [mem 0x7ffe22ed-0x7ffe2328]
[    0.005961] ACPI: Reserving WAET table memory at [mem 0x7ffe2329-0x7ffe2350]
[    0.006274] No NUMA configuration found
[    0.006275] Faking a node at [mem 0x0000000000000000-0x000000027fffffff]
[    0.006280] NODE_DATA(0) allocated [mem 0x27ffd5680-0x27fffffff]
[    0.006543] Zone ranges:
[    0.006543]   DMA      [mem 0x0000000000001000-0x0000000000ffffff]
[    0.006545]   DMA32    [mem 0x0000000001000000-0x00000000ffffffff]
[    0.006546]   Normal   [mem 0x0000000100000000-0x000000027fffffff]
[    0.006546]   Device   empty
[    0.006547] Movable zone start for each node
[    0.006549] Early memory node ranges
[    0.006549]   node   0: [mem 0x0000000000001000-0x000000000009efff]
[    0.006550]   node   0: [mem 0x0000000000100000-0x000000007ffdefff]
[    0.006550]   node   0: [mem 0x0000000100000000-0x000000027fffffff]
[    0.006552] Initmem setup node 0 [mem 0x0000000000001000-0x000000027fffffff]
[    0.006684] On node 0, zone DMA: 1 pages in unavailable ranges
[    0.006695] On node 0, zone DMA: 97 pages in unavailable ranges
[    0.010056] On node 0, zone Normal: 33 pages in unavailable ranges
[    0.010462] ACPI: PM-Timer IO Port: 0x608
[    0.010475] ACPI: LAPIC_NMI (acpi_id[0xff] dfl dfl lint[0x1])
[    0.010501] IOAPIC[0]: apic_id 0, version 17, address 0xfec00000, GSI 0-23
[    0.010503] ACPI: INT_SRC_OVR (bus 0 bus_irq 0 global_irq 2 dfl dfl)
[    0.010504] ACPI: INT_SRC_OVR (bus 0 bus_irq 5 global_irq 5 high level)
[    0.010505] ACPI: INT_SRC_OVR (bus 0 bus_irq 9 global_irq 9 high level)
[    0.010506] ACPI: INT_SRC_OVR (bus 0 bus_irq 10 global_irq 10 high level)
[    0.010507] ACPI: INT_SRC_OVR (bus 0 bus_irq 11 global_irq 11 high level)
[    0.010509] ACPI: Using ACPI (MADT) for SMP configuration information
[    0.010510] ACPI: HPET id: 0x8086a201 base: 0xfed00000
[    0.010514] TSC deadline timer available
[    0.010517] CPU topo: Max. logical packages:   1
[    0.010517] CPU topo: Max. logical dies:       1
[    0.010518] CPU topo: Max. dies per package:   1
[    0.010520] CPU topo: Max. threads per core:   1
[    0.010521] CPU topo: Num. cores per package:     1
[    0.010521] CPU topo: Num. threads per package:   1
[    0.010521] CPU topo: Allowing 1 present CPUs plus 0 hotplug CPUs
[    0.010535] kvm-guest: APIC: eoi() replaced with kvm_guest_apic_eoi_write()
[    0.010552] PM: hibernation: Registered nosave memory: [mem 0x00000000-0x00000fff]
[    0.010553] PM: hibernation: Registered nosave memory: [mem 0x0009f000-0x000fffff]
[    0.010554] PM: hibernation: Registered nosave memory: [mem 0x7ffdf000-0xffffffff]
[    0.010555] [mem 0xc0000000-0xfed1bfff] available for PCI devices
[    0.010556] Booting paravirtualized kernel on KVM
[    0.010557] clocksource: refined-jiffies: mask: 0xffffffff max_cycles: 0xffffffff, max_idle_ns: 7645519600211568 ns
[    0.013923] setup_percpu: NR_CPUS:8192 nr_cpumask_bits:1 nr_cpu_ids:1 nr_node_ids:1
[    0.014137] percpu: Embedded 66 pages/cpu s233472 r8192 d28672 u2097152
[    0.014163] kvm-guest: PV spinlocks disabled, single CPU
[    0.014164] Kernel command line: console=ttyS0 rdinit=/init panic=-1 harmony.gates=n3_repeat_gate harmony.env=N3_REPS=10,N3_ITEM=insn-rng
[    0.014217] random: crng init done
[    0.014971] Dentry cache hash table entries: 1048576 (order: 11, 8388608 bytes, linear)
[    0.015350] Inode-cache hash table entries: 524288 (order: 10, 4194304 bytes, linear)
[    0.015381] Fallback order for Node 0: 0 
[    0.015383] Built 1 zonelists, mobility grouping on.  Total pages: 2097021
[    0.015384] Policy zone: Normal
[    0.015390] mem auto-init: stack:all(zero), heap alloc:on, heap free:off
[    0.015394] software IO TLB: area num 1.
[    0.030379] SLUB: HWalign=64, Order=0-3, MinObjects=0, CPUs=1, Nodes=1
[    0.030400] ftrace: allocating 45769 entries in 179 pages
[    0.035601] ftrace: allocated 179 pages with 5 groups
[    0.036091] Dynamic Preempt: voluntary
[    0.036237] rcu: Preemptible hierarchical RCU implementation.
[    0.036237] rcu: 	RCU restricting CPUs from NR_CPUS=8192 to nr_cpu_ids=1.
[    0.036239] 	Trampoline variant of Tasks RCU enabled.
[    0.036239] 	Rude variant of Tasks RCU enabled.
[    0.036239] 	Tracing variant of Tasks RCU enabled.
[    0.036240] rcu: RCU calculated value of scheduler-enlistment delay is 25 jiffies.
[    0.036240] rcu: Adjusting geometry for rcu_fanout_leaf=16, nr_cpu_ids=1
[    0.036244] RCU Tasks: Setting shift to 0 and lim to 1 rcu_task_cb_adjust=1 rcu_task_cpu_ids=1.
[    0.036246] RCU Tasks Rude: Setting shift to 0 and lim to 1 rcu_task_cb_adjust=1 rcu_task_cpu_ids=1.
[    0.036246] RCU Tasks Trace: Setting shift to 0 and lim to 1 rcu_task_cb_adjust=1 rcu_task_cpu_ids=1.
[    0.039412] NR_IRQS: 524544, nr_irqs: 256, preallocated irqs: 16
[    0.039582] rcu: srcu_init: Setting srcu_struct sizes based on contention.
[    0.051340] Console: colour VGA+ 80x25
[    0.051382] printk: legacy console [ttyS0] enabled
[    0.168634] ACPI: Core revision 20240827
[    0.169403] clocksource: hpet: mask: 0xffffffff max_cycles: 0xffffffff, max_idle_ns: 19112604467 ns
[    0.170922] APIC: Switch to symmetric I/O mode setup
[    0.171818] x2apic enabled
[    0.172411] APIC: Switched APIC routing to: physical x2apic
[    0.173924] ..TIMER: vector=0x30 apic1=0 pin1=2 apic2=-1 pin2=-1
[    0.174845] clocksource: tsc-early: mask: 0xffffffffffffffff max_cycles: 0x33e451ab1a6, max_idle_ns: 440795278720 ns
[    0.176439] Calibrating delay loop (skipped) preset value.. 7199.99 BogoMIPS (lpj=14399992)
[    0.177768] x86/cpu: User Mode Instruction Prevention (UMIP) activated
[    0.178800] Last level iTLB entries: 4KB 0, 2MB 0, 4MB 0
[    0.180439] Last level dTLB entries: 4KB 0, 2MB 0, 4MB 0, 1GB 0
[    0.181332] Spectre V1 : Mitigation: usercopy/swapgs barriers and __user pointer sanitization
[    0.182612] Spectre V2 : Spectre BHI mitigation: SW BHB clearing on syscall and VM exit
[    0.184439] Spectre V2 : Mitigation: IBRS
[    0.185042] Spectre V2 : Spectre v2 / SpectreRSB: Filling RSB on context switch and VMEXIT
[    0.186268] RETBleed: Mitigation: IBRS
[    0.186834] Spectre V2 : mitigation: Enabling conditional Indirect Branch Prediction Barrier
[    0.188094] Speculative Store Bypass: Mitigation: Speculative Store Bypass disabled via prctl
[    0.188442] MDS: Mitigation: Clear CPU buffers
[    0.189110] MMIO Stale Data: Mitigation: Clear CPU buffers
[    0.190055] SRBDS: Unknown: Dependent on hypervisor status
[    0.190878] active return thunk: its_return_thunk
[    0.192439] ITS: Mitigation: Aligned branch/return thunks
[    0.193257] x86/fpu: Supporting XSAVE feature 0x001: 'x87 floating point registers'
[    0.194391] x86/fpu: Supporting XSAVE feature 0x002: 'SSE registers'
[    0.195342] x86/fpu: Supporting XSAVE feature 0x004: 'AVX registers'
[    0.196439] x86/fpu: Supporting XSAVE feature 0x008: 'MPX bounds registers'
[    0.197471] x86/fpu: Supporting XSAVE feature 0x010: 'MPX CSR'
[    0.198341] x86/fpu: xstate_offset[2]:  576, xstate_sizes[2]:  256
[    0.199269] x86/fpu: xstate_offset[3]:  832, xstate_sizes[3]:   64
[    0.200188] x86/fpu: xstate_offset[4]:  896, xstate_sizes[4]:   64
[    0.200439] x86/fpu: Enabled xstate features 0x1f, context size is 960 bytes, using 'compacted' format.
[    0.232743] Freeing SMP alternatives memory: 40K
[    0.233446] pid_max: default: 32768 minimum: 301
[    0.234163] LSM: initializing lsm=lockdown,capability,landlock,yama,apparmor,tomoyo,bpf,ipe,ima,evm
[    0.235559] landlock: Up and running.
[    0.236114] Yama: disabled by default; enable with sysctl kernel.yama.*
[    0.236493] AppArmor: AppArmor initialized
[    0.237127] TOMOYO Linux initialized
[    0.237793] LSM support for eBPF active
[    0.238423] Mount-cache hash table entries: 16384 (order: 5, 131072 bytes, linear)
[    0.239551] Mountpoint-cache hash table entries: 16384 (order: 5, 131072 bytes, linear)
[    0.240651] smpboot: CPU0: Intel(R) Core(TM) i9-9900K CPU @ 3.60GHz (family: 0x6, model: 0x9e, stepping: 0xc)
[    0.242258] Performance Events: Skylake events, full-width counters, Intel PMU driver.
[    0.243478] ... version:                2
[    0.244083] ... bit width:              48
[    0.244440] ... generic registers:      4
[    0.245045] ... value mask:             0000ffffffffffff
[    0.245846] ... max period:             00007fffffffffff
[    0.246640] ... fixed-purpose events:   3
[    0.247257] ... event mask:             000000070000000f
[    0.248118] signal: max sigframe size: 2032
[    0.248461] rcu: Hierarchical SRCU implementation.
[    0.249181] rcu: 	Max phase no-delay instances is 1000.
[    0.252615] smp: Bringing up secondary CPUs ...
[    0.253307] smp: Brought up 1 node, 1 CPU
[    0.253931] smpboot: Total of 1 processors activated (7199.99 BogoMIPS)
[    0.267532] node 0 deferred pages initialised in 12ms
[    0.268344] Memory: 8051068K/8388084K available (16384K kernel code, 2497K rwdata, 11808K rodata, 4164K init, 4916K bss, 333212K reserved, 0K cma-reserved)
[    0.268733] devtmpfs: initialized
[    0.269265] x86/mm: Memory block size: 128MB
[    0.270506] clocksource: jiffies: mask: 0xffffffff max_cycles: 0xffffffff, max_idle_ns: 7645041785100000 ns
[    0.271973] futex hash table entries: 256 (order: 2, 16384 bytes, linear)
[    0.272480] pinctrl core: initialized pinctrl subsystem
[    0.273648] NET: Registered PF_NETLINK/PF_ROUTE protocol family
[    0.274657] DMA: preallocated 1024 KiB GFP_KERNEL pool for atomic allocations
[    0.275773] DMA: preallocated 1024 KiB GFP_KERNEL|GFP_DMA pool for atomic allocations
[    0.276596] DMA: preallocated 1024 KiB GFP_KERNEL|GFP_DMA32 pool for atomic allocations
[    0.277802] audit: initializing netlink subsys (disabled)
[    0.278645] audit: type=2000 audit(1783927160.721:1): state=initialized audit_enabled=0 res=1
[    0.280016] thermal_sys: Registered thermal governor 'fair_share'
[    0.280017] thermal_sys: Registered thermal governor 'bang_bang'
[    0.280444] thermal_sys: Registered thermal governor 'step_wise'
[    0.281350] thermal_sys: Registered thermal governor 'user_space'
[    0.282257] thermal_sys: Registered thermal governor 'power_allocator'
[    0.283195] cpuidle: using governor ladder
[    0.284445] cpuidle: using governor menu
[    0.285078] acpiphp: ACPI Hot Plug PCI Controller Driver version: 0.5
[    0.286167] PCI: ECAM [mem 0xb0000000-0xbfffffff] (base 0xb0000000) for domain 0000 [bus 00-ff]
[    0.287481] PCI: ECAM [mem 0xb0000000-0xbfffffff] reserved as E820 entry
[    0.288450] PCI: Using configuration type 1 for base access
[    0.289378] kprobes: kprobe jump-optimization is enabled. All kprobes are optimized if possible.
[    0.312643] HugeTLB: registered 1.00 GiB page size, pre-allocated 0 pages
[    0.313687] HugeTLB: 16380 KiB vmemmap can be freed for a 1.00 GiB page
[    0.314694] HugeTLB: registered 2.00 MiB page size, pre-allocated 0 pages
[    0.315709] HugeTLB: 28 KiB vmemmap can be freed for a 2.00 MiB page
[    0.320728] ACPI: Added _OSI(Module Device)
[    0.321380] ACPI: Added _OSI(Processor Device)
[    0.322048] ACPI: Added _OSI(Processor Aggregator Device)
[    0.323553] ACPI: 1 ACPI AML tables successfully acquired and loaded
[    0.325623] ACPI: Interpreter enabled
[    0.326194] ACPI: PM: (supports S0 S3 S4 S5)
[    0.326861] ACPI: Using IOAPIC for interrupt routing
[    0.327625] PCI: Using host bridge windows from ACPI; if necessary, use "pci=nocrs" and report a bug
[    0.328440] PCI: Using E820 reservations for host bridge windows
[    0.329406] ACPI: Enabled 2 GPEs in block 00 to 3F
[    0.331603] ACPI: PCI Root Bridge [PCI0] (domain 0000 [bus 00-ff])
[    0.332443] acpi PNP0A08:00: _OSC: OS supports [ExtendedConfig ASPM ClockPM Segments MSI HPX-Type3]
[    0.333836] acpi PNP0A08:00: _OSC: platform does not support [PCIeHotplug LTR]
[    0.334965] acpi PNP0A08:00: _OSC: OS now controls [SHPCHotplug PME AER PCIeCapability]
[    0.336284] PCI host bridge to bus 0000:00
[    0.336442] pci_bus 0000:00: root bus resource [io  0x0000-0x0cf7 window]
[    0.337477] pci_bus 0000:00: root bus resource [io  0x0d00-0xffff window]
[    0.338496] pci_bus 0000:00: root bus resource [mem 0x000a0000-0x000bffff window]
[    0.339618] pci_bus 0000:00: root bus resource [mem 0x80000000-0xafffffff window]
[    0.340440] pci_bus 0000:00: root bus resource [mem 0xc0000000-0xfebfffff window]
[    0.341578] pci_bus 0000:00: root bus resource [mem 0x280000000-0xa7fffffff window]
[    0.342722] pci_bus 0000:00: root bus resource [bus 00-ff]
[    0.343621] pci 0000:00:00.0: [8086:29c0] type 00 class 0x060000 conventional PCI endpoint
[    0.344914] pci 0000:00:01.0: [1234:1111] type 00 class 0x030000 conventional PCI endpoint
[    0.347525] pci 0000:00:01.0: BAR 0 [mem 0xfd000000-0xfdffffff pref]
[    0.350153] pci 0000:00:01.0: BAR 2 [mem 0xfebd4000-0xfebd4fff]
[    0.354594] pci 0000:00:01.0: ROM [mem 0xfebc0000-0xfebcffff pref]
[    0.355678] pci 0000:00:01.0: Video device with shadowed ROM at [mem 0x000c0000-0x000dffff]
[    0.356800] pci 0000:00:02.0: [8086:10d3] type 00 class 0x020000 PCIe Root Complex Integrated Endpoint
[    0.358817] pci 0000:00:02.0: BAR 0 [mem 0xfeb80000-0xfeb9ffff]
[    0.360313] pci 0000:00:02.0: BAR 1 [mem 0xfeba0000-0xfebbffff]
[    0.361190] pci 0000:00:02.0: BAR 2 [io  0xc040-0xc05f]
[    0.363254] pci 0000:00:02.0: BAR 3 [mem 0xfebd0000-0xfebd3fff]
[    0.365714] pci 0000:00:02.0: ROM [mem 0xfeb40000-0xfeb7ffff pref]
[    0.366699] pci 0000:00:02.0: enabling Extended Tags
[    0.368504] pci 0000:00:1f.0: [8086:2918] type 00 class 0x060100 conventional PCI endpoint
[    0.370266] pci 0000:00:1f.0: quirk: [io  0x0600-0x067f] claimed by ICH6 ACPI/GPIO/TCO
[    0.371720] pci 0000:00:1f.2: [8086:2922] type 00 class 0x010601 conventional PCI endpoint
[    0.374187] pci 0000:00:1f.2: BAR 4 [io  0xc060-0xc07f]
[    0.375240] pci 0000:00:1f.2: BAR 5 [mem 0xfebd5000-0xfebd5fff]
[    0.376763] pci 0000:00:1f.3: [8086:2930] type 00 class 0x0c0500 conventional PCI endpoint
[    0.379159] pci 0000:00:1f.3: BAR 4 [io  0x0700-0x073f]
[    0.381975] ACPI: PCI: Interrupt link LNKA configured for IRQ 10
[    0.382969] ACPI: PCI: Interrupt link LNKB configured for IRQ 10
[    0.383945] ACPI: PCI: Interrupt link LNKC configured for IRQ 11
[    0.384512] ACPI: PCI: Interrupt link LNKD configured for IRQ 11
[    0.385483] ACPI: PCI: Interrupt link LNKE configured for IRQ 10
[    0.386470] ACPI: PCI: Interrupt link LNKF configured for IRQ 10
[    0.387445] ACPI: PCI: Interrupt link LNKG configured for IRQ 11
[    0.388424] ACPI: PCI: Interrupt link LNKH configured for IRQ 11
[    0.388470] ACPI: PCI: Interrupt link GSIA configured for IRQ 16
[    0.389395] ACPI: PCI: Interrupt link GSIB configured for IRQ 17
[    0.390302] ACPI: PCI: Interrupt link GSIC configured for IRQ 18
[    0.391215] ACPI: PCI: Interrupt link GSID configured for IRQ 19
[    0.392124] ACPI: PCI: Interrupt link GSIE configured for IRQ 20
[    0.392446] ACPI: PCI: Interrupt link GSIF configured for IRQ 21
[    0.393907] ACPI: PCI: Interrupt link GSIG configured for IRQ 22
[    0.394823] ACPI: PCI: Interrupt link GSIH configured for IRQ 23
[    0.396089] iommu: Default domain type: Translated
[    0.396440] iommu: DMA domain TLB invalidation policy: lazy mode
[    0.397454] pps_core: LinuxPPS API ver. 1 registered
[    0.398211] pps_core: Software ver. 5.3.6 - Copyright 2005-2007 Rodolfo Giometti <giometti@linux.it>
[    0.399575] PTP clock support registered
[    0.400192] EDAC MC: Ver: 3.0.0
[    0.400864] NetLabel: Initializing
[    0.401383] NetLabel:  domain hash size = 128
[    0.402047] NetLabel:  protocols = UNLABELED CIPSOv4 CALIPSO
[    0.402917] NetLabel:  unlabeled traffic allowed by default
[    0.403770] PCI: Using ACPI for IRQ routing
[    0.472437] pci 0000:00:01.0: vgaarb: setting as boot VGA device
[    0.472437] pci 0000:00:01.0: vgaarb: bridge control possible
[    0.472437] pci 0000:00:01.0: vgaarb: VGA device added: decodes=io+mem,owns=io+mem,locks=none
[    0.472440] vgaarb: loaded
[    0.472891] hpet0: at MMIO 0xfed00000, IRQs 2, 8, 0
[    0.473629] hpet0: 3 comparators, 64-bit 100.000000 MHz counter
[    0.479518] clocksource: Switched to clocksource kvm-clock
[    0.480437] VFS: Disk quotas dquot_6.6.0
[    0.480437] VFS: Dquot-cache hash table entries: 512 (order 0, 4096 bytes)
[    0.480437] AppArmor: AppArmor Filesystem Enabled
[    0.480437] pnp: PnP ACPI init
[    0.480934] system 00:05: [mem 0xb0000000-0xbfffffff window] has been reserved
[    0.482232] pnp: PnP ACPI: found 6 devices
[    0.488255] clocksource: acpi_pm: mask: 0xffffff max_cycles: 0xffffff, max_idle_ns: 2085701024 ns
[    0.489650] NET: Registered PF_INET protocol family
[    0.490561] IP idents hash table entries: 131072 (order: 8, 1048576 bytes, linear)
[    0.500371] tcp_listen_portaddr_hash hash table entries: 4096 (order: 4, 65536 bytes, linear)
[    0.501685] Table-perturb hash table entries: 65536 (order: 6, 262144 bytes, linear)
[    0.502856] TCP established hash table entries: 65536 (order: 7, 524288 bytes, linear)
[    0.504246] TCP bind hash table entries: 65536 (order: 9, 2097152 bytes, linear)
[    0.505512] TCP: Hash tables configured (established 65536 bind 65536)
[    0.506528] MPTCP token hash table entries: 8192 (order: 6, 196608 bytes, linear)
[    0.507676] UDP hash table entries: 4096 (order: 5, 131072 bytes, linear)
[    0.508707] UDP-Lite hash table entries: 4096 (order: 5, 131072 bytes, linear)
[    0.509855] NET: Registered PF_UNIX/PF_LOCAL protocol family
[    0.510720] NET: Registered PF_XDP protocol family
[    0.511459] pci_bus 0000:00: resource 4 [io  0x0000-0x0cf7 window]
[    0.512397] pci_bus 0000:00: resource 5 [io  0x0d00-0xffff window]
[    0.513351] pci_bus 0000:00: resource 6 [mem 0x000a0000-0x000bffff window]
[    0.514385] pci_bus 0000:00: resource 7 [mem 0x80000000-0xafffffff window]
[    0.515417] pci_bus 0000:00: resource 8 [mem 0xc0000000-0xfebfffff window]
[    0.516452] pci_bus 0000:00: resource 9 [mem 0x280000000-0xa7fffffff window]
[    0.517599] PCI: CLS 0 bytes, default 64
[    0.518287] Trying to unpack rootfs image as initramfs...
[    0.520877] PCI-DMA: Using software bounce buffering for IO (SWIOTLB)
[    0.521869] software IO TLB: mapped [mem 0x000000007744c000-0x000000007b44c000] (64MB)
[    0.523090] clocksource: tsc: mask: 0xffffffffffffffff max_cycles: 0x33e451ab1a6, max_idle_ns: 440795278720 ns
[    0.529143] Initialise system trusted keyrings
[    0.529833] Key type blacklist registered
[    0.532894] workingset: timestamp_bits=36 max_order=21 bucket_order=0
[    0.533892] zbud: loaded
[    0.534357] fuse: init (API version 7.41)
[    0.535057] integrity: Platform Keyring initialized
[    0.535803] integrity: Machine keyring initialized
[    0.556877] Key type asymmetric registered
[    0.557524] Asymmetric key parser 'x509' registered
[    0.882662] Freeing initrd memory: 77328K
[    0.883835] Block layer SCSI generic (bsg) driver version 0.4 loaded (major 246)
[    0.885025] io scheduler mq-deadline registered
[    0.886508] ledtrig-cpu: registered to indicate activity on CPUs
[    0.887439] shpchp: Standard Hot Plug PCI Controller Driver version: 0.4
[    0.888601] Serial: 8250/16550 driver, 4 ports, IRQ sharing enabled
[    0.889951] 00:03: ttyS0 at I/O 0x3f8 (irq = 4, base_baud = 115200) is a 16550A
[    0.891433] Linux agpgart interface v0.103
[    0.892248] i8042: PNP: PS/2 Controller [PNP0303:KBD,PNP0f13:MOU] at 0x60,0x64 irq 1,12
[    0.894155] serio: i8042 KBD port at 0x60,0x64 irq 1
[    0.894909] serio: i8042 AUX port at 0x60,0x64 irq 12
[    0.895742] mousedev: PS/2 mouse device common for all mice
[    0.896838] input: AT Translated Set 2 keyboard as /devices/platform/i8042/serio0/input/input0
[    0.898367] rtc_cmos 00:04: RTC can wake from S4
[    0.899535] rtc_cmos 00:04: registered as rtc0
[    0.900280] rtc_cmos 00:04: setting system clock to 2026-07-13T07:19:21 UTC (1783927161)
[    0.901592] rtc_cmos 00:04: alarms up to one day, y3k, 242 bytes nvram, hpet irqs
[    0.902718] intel_pstate: CPU model not supported
[    0.904003] NET: Registered PF_INET6 protocol family
[    0.905331] Segment Routing with IPv6
[    0.905895] In-situ OAM (IOAM) with IPv6
[    0.906503] mip6: Mobile IPv6
[    0.906964] NET: Registered PF_PACKET protocol family
[    0.907751] mpls_gso: MPLS GSO support
[    0.908405] IPI shorthand broadcast: enabled
[    0.910352] sched_clock: Marking stable (780222488, 128848704)->(926994632, -17923440)
[    0.911599] registered taskstats version 1
[    0.912295] Loading compiled-in X.509 certificates
[    0.924265] Loaded X.509 cert 'Build time autogenerated kernel key: e87b99600394fc77ba6018a2cc6a68db4bb86ee6'
[    0.926953] Demotion targets for Node 0: null
[    0.927649] Key type .fscrypt registered
[    0.928244] Key type fscrypt-provisioning registered
[    0.929486] Key type encrypted registered
[    0.930097] AppArmor: AppArmor sha256 policy hashing enabled
[    0.930966] ima: No TPM chip found, activating TPM-bypass!
[    0.931796] ima: Allocated hash algorithm: sha256
[    0.932516] ima: No architecture policies found
[    0.933236] evm: Initialising EVM extended attributes:
[    0.934010] evm: security.selinux
[    0.934512] evm: security.SMACK64 (disabled)
[    0.935155] evm: security.SMACK64EXEC (disabled)
[    0.935854] evm: security.SMACK64TRANSMUTE (disabled)
[    0.936611] evm: security.SMACK64MMAP (disabled)
[    0.937329] evm: security.apparmor
[    0.937848] evm: security.ima
[    0.938299] evm: security.capability
[    0.938840] evm: HMAC attrs: 0x1
[    0.969360] RAS: Correctable Errors collector initialized.
[    0.976898] clk: Disabling unused clocks
[    0.977519] PM: genpd: Disabling unused power domains
[    0.981057] Freeing unused decrypted memory: 2028K
[    0.981849] Freeing unused kernel image (initmem) memory: 4164K
[    0.982493] Write protecting the kernel read-only data: 28672k
[    0.983299] Freeing unused kernel image (rodata/data gap) memory: 480K
[    1.015266] x86/mm: Checked W+X mappings: passed, no W+X pages found.
[    1.048858] Run /init as init process
NESTED_X86_L1_BOOT_OK
Linux (none) 6.12.90+deb13.1-amd64 #1 SMP PREEMPT_DYNAMIC Debian 6.12.90-2 (2026-05-27) x86_64 GNU/Linux
              total        used        free      shared  buff/cache   available
Mem:           7948          49        7758         141         141        7621
console=ttyS0 rdinit=/init panic=-1 harmony.gates=n3_repeat_gate harmony.env=N3_REPS=10,N3_ITEM=insn-rng
msr: loaded
irqbypass: loaded
[    1.076583] kvm: loading out-of-tree module taints kernel.
[    1.077252] kvm: module verification failed: signature and/or required key missing - tainting kernel
kvm(PATCHED): loaded
kvm-intel(PATCHED): loaded
L1_DEV_KVM_PRESENT
NESTED_X86_L2_PIN_CHECK_BEGIN
f06a34a79010a8f2cc8226dc629cc8fb049740016f035f53e3f2e53d9a30dd41  guest/build/bzImage
3c4a7f2f0db4b59aaf4dee55d43a42c57fc0d10ac25441de88128c61be0778c2  guest/build/initramfs-postgres.cpio.gz
NESTED_X86_L2_PIN_CHECK_END
ENV N3_REPS=10
ENV N3_ITEM=insn-rng
NESTED_X86_GATE_BEGIN n3_repeat_gate 

running 1 test
test n3_repeat_gate ... N3JSON {"event":"start","item":"insn-rng","reps":10,"seed":11471204516818368}
N3JSON {"event":"summary","item":"insn-rng","attempted":10,"identical":10,"mismatches":0,"state_hash":"6163f1109b5677de0ff924f7932e7ade007434c99c24bc9a7e11beac27f5bbb4","observable_digest":"0fe06bf4edf727fc1d200f810a307c30e65915b7c1ed230a5e513defbb2a3926"}
ok

test result: ok. 1 passed; 0 failed; 0 ignored; 0 measured; 0 filtered out; finished in 116.30s

NESTED_X86_GATE_RC n3_repeat_gate rc=0
NESTED_X86_GATE_END n3_repeat_gate
--- L1 dmesg tail (kvm/vmx/pmu/perf) ---
[    0.000000] Hypervisor detected: KVM
[    0.000000] kvm-clock: Using msrs 4b564d01 and 4b564d00
[    0.000000] kvm-clock: using sched offset of 156462315 cycles
[    0.000001] clocksource: kvm-clock: mask: 0xffffffffffffffff max_cycles: 0x1cd42e4dffb, max_idle_ns: 881590591483 ns
[    0.010535] kvm-guest: APIC: eoi() replaced with kvm_guest_apic_eoi_write()
[    0.010556] Booting paravirtualized kernel on KVM
[    0.014163] kvm-guest: PV spinlocks disabled, single CPU
[    0.242258] Performance Events: Skylake events, full-width counters, Intel PMU driver.
[    0.479518] clocksource: Switched to clocksource kvm-clock
[    1.076583] kvm: loading out-of-tree module taints kernel.
[    1.077252] kvm: module verification failed: signature and/or required key missing - tainting kernel
NESTED_X86_GATES_FAILED 0
NESTED_X86_L1_DONE
[  117.628582] ACPI: PM: Preparing to enter system sleep state S5
[  117.629323] kvm: exiting hardware virtualization
[  117.629830] reboot: Power down
