[    0.000000] Linux version 6.12.90+deb13.1-amd64 (debian-kernel@lists.debian.org) (x86_64-linux-gnu-gcc-14 (Debian 14.2.0-19) 14.2.0, GNU ld (GNU Binutils for Debian) 2.44) #1 SMP PREEMPT_DYNAMIC Debian 6.12.90-2 (2026-05-27)
[    0.000000] Command line: console=ttyS0 rdinit=/init panic=-1 harmony.gates=n2_nested_hammer,n3_repeat_gate harmony.env=N2_DEADLINES=10000,N3_REPS=100,N3_ITEM=insn-rng
[    0.000000] BIOS-provided physical RAM map:
[    0.000000] BIOS-e820: [mem 0x0000000000000000-0x000000000009fbff] usable
[    0.000000] BIOS-e820: [mem 0x000000000009fc00-0x000000000009ffff] reserved
[    0.000000] BIOS-e820: [mem 0x00000000000f0000-0x00000000000fffff] reserved
[    0.000000] BIOS-e820: [mem 0x0000000000100000-0x000000007ffdefff] usable
[    0.000000] BIOS-e820: [mem 0x000000007ffdf000-0x000000007fffffff] reserved
[    0.000000] BIOS-e820: [mem 0x00000000b0000000-0x00000000bfffffff] reserved
[    0.000000] BIOS-e820: [mem 0x00000000fed1c000-0x00000000fed1ffff] reserved
[    0.000000] BIOS-e820: [mem 0x00000000feffc000-0x00000000feffffff] reserved
[    0.000000] BIOS-e820: [mem 0x00000000fffc0000-0x00000000ffffffff] reserved
[    0.000000] BIOS-e820: [mem 0x0000000100000000-0x000000027fffffff] usable
[    0.000000] NX (Execute Disable) protection: active
[    0.000000] APIC: Static calls initialized
[    0.000000] SMBIOS 2.8 present.
[    0.000000] DMI: QEMU Standard PC (Q35 + ICH9, 2009), BIOS 1.16.3-debian-1.16.3-2 04/01/2014
[    0.000000] DMI: Memory slots populated: 1/1
[    0.000000] Hypervisor detected: KVM
[    0.000000] last_pfn = 0x7ffdf max_arch_pfn = 0x400000000
[    0.000000] kvm-clock: Using msrs 4b564d01 and 4b564d00
[    0.000000] kvm-clock: using sched offset of 162127981 cycles
[    0.000001] clocksource: kvm-clock: mask: 0xffffffffffffffff max_cycles: 0x1cd42e4dffb, max_idle_ns: 881590591483 ns
[    0.000004] tsc: Detected 3599.998 MHz processor
[    0.000717] last_pfn = 0x280000 max_arch_pfn = 0x400000000
[    0.000740] MTRR map: 4 entries (3 fixed + 1 variable; max 19), built from 8 variable MTRRs
[    0.000742] x86/PAT: Configuration [0-7]: WB  WC  UC- UC  WB  WP  UC- WT  
[    0.000770] last_pfn = 0x7ffdf max_arch_pfn = 0x400000000
[    0.005824] found SMP MP-table at [mem 0x000f5480-0x000f548f]
[    0.005836] Using GB pages for direct mapping
[    0.005907] RAMDISK: [mem 0x79c87000-0x7ffcffff]
[    0.005912] ACPI: Early table checksum verification disabled
[    0.005914] ACPI: RSDP 0x00000000000F52A0 000014 (v00 BOCHS )
[    0.005917] ACPI: RSDT 0x000000007FFE2351 000038 (v01 BOCHS  BXPC     00000001 BXPC 00000001)
[    0.005921] ACPI: FACP 0x000000007FFE2149 0000F4 (v03 BOCHS  BXPC     00000001 BXPC 00000001)
[    0.005924] ACPI: DSDT 0x000000007FFE0040 002109 (v01 BOCHS  BXPC     00000001 BXPC 00000001)
[    0.005927] ACPI: FACS 0x000000007FFE0000 000040
[    0.005928] ACPI: APIC 0x000000007FFE223D 000078 (v03 BOCHS  BXPC     00000001 BXPC 00000001)
[    0.005931] ACPI: HPET 0x000000007FFE22B5 000038 (v01 BOCHS  BXPC     00000001 BXPC 00000001)
[    0.005933] ACPI: MCFG 0x000000007FFE22ED 00003C (v01 BOCHS  BXPC     00000001 BXPC 00000001)
[    0.005935] ACPI: WAET 0x000000007FFE2329 000028 (v01 BOCHS  BXPC     00000001 BXPC 00000001)
[    0.005936] ACPI: Reserving FACP table memory at [mem 0x7ffe2149-0x7ffe223c]
[    0.005937] ACPI: Reserving DSDT table memory at [mem 0x7ffe0040-0x7ffe2148]
[    0.005938] ACPI: Reserving FACS table memory at [mem 0x7ffe0000-0x7ffe003f]
[    0.005938] ACPI: Reserving APIC table memory at [mem 0x7ffe223d-0x7ffe22b4]
[    0.005939] ACPI: Reserving HPET table memory at [mem 0x7ffe22b5-0x7ffe22ec]
[    0.005939] ACPI: Reserving MCFG table memory at [mem 0x7ffe22ed-0x7ffe2328]
[    0.005939] ACPI: Reserving WAET table memory at [mem 0x7ffe2329-0x7ffe2350]
[    0.006251] No NUMA configuration found
[    0.006251] Faking a node at [mem 0x0000000000000000-0x000000027fffffff]
[    0.006257] NODE_DATA(0) allocated [mem 0x27ffd5680-0x27fffffff]
[    0.006530] Zone ranges:
[    0.006531]   DMA      [mem 0x0000000000001000-0x0000000000ffffff]
[    0.006532]   DMA32    [mem 0x0000000001000000-0x00000000ffffffff]
[    0.006533]   Normal   [mem 0x0000000100000000-0x000000027fffffff]
[    0.006534]   Device   empty
[    0.006534] Movable zone start for each node
[    0.006536] Early memory node ranges
[    0.006536]   node   0: [mem 0x0000000000001000-0x000000000009efff]
[    0.006537]   node   0: [mem 0x0000000000100000-0x000000007ffdefff]
[    0.006538]   node   0: [mem 0x0000000100000000-0x000000027fffffff]
[    0.006539] Initmem setup node 0 [mem 0x0000000000001000-0x000000027fffffff]
[    0.006679] On node 0, zone DMA: 1 pages in unavailable ranges
[    0.006690] On node 0, zone DMA: 97 pages in unavailable ranges
[    0.010211] On node 0, zone Normal: 33 pages in unavailable ranges
[    0.010613] ACPI: PM-Timer IO Port: 0x608
[    0.010628] ACPI: LAPIC_NMI (acpi_id[0xff] dfl dfl lint[0x1])
[    0.010653] IOAPIC[0]: apic_id 0, version 17, address 0xfec00000, GSI 0-23
[    0.010655] ACPI: INT_SRC_OVR (bus 0 bus_irq 0 global_irq 2 dfl dfl)
[    0.010656] ACPI: INT_SRC_OVR (bus 0 bus_irq 5 global_irq 5 high level)
[    0.010657] ACPI: INT_SRC_OVR (bus 0 bus_irq 9 global_irq 9 high level)
[    0.010658] ACPI: INT_SRC_OVR (bus 0 bus_irq 10 global_irq 10 high level)
[    0.010658] ACPI: INT_SRC_OVR (bus 0 bus_irq 11 global_irq 11 high level)
[    0.010661] ACPI: Using ACPI (MADT) for SMP configuration information
[    0.010662] ACPI: HPET id: 0x8086a201 base: 0xfed00000
[    0.010666] TSC deadline timer available
[    0.010669] CPU topo: Max. logical packages:   1
[    0.010670] CPU topo: Max. logical dies:       1
[    0.010670] CPU topo: Max. dies per package:   1
[    0.010673] CPU topo: Max. threads per core:   1
[    0.010673] CPU topo: Num. cores per package:     1
[    0.010674] CPU topo: Num. threads per package:   1
[    0.010674] CPU topo: Allowing 1 present CPUs plus 0 hotplug CPUs
[    0.010688] kvm-guest: APIC: eoi() replaced with kvm_guest_apic_eoi_write()
[    0.010704] PM: hibernation: Registered nosave memory: [mem 0x00000000-0x00000fff]
[    0.010706] PM: hibernation: Registered nosave memory: [mem 0x0009f000-0x000fffff]
[    0.010707] PM: hibernation: Registered nosave memory: [mem 0x7ffdf000-0xffffffff]
[    0.010708] [mem 0xc0000000-0xfed1bfff] available for PCI devices
[    0.010708] Booting paravirtualized kernel on KVM
[    0.010710] clocksource: refined-jiffies: mask: 0xffffffff max_cycles: 0xffffffff, max_idle_ns: 7645519600211568 ns
[    0.014090] setup_percpu: NR_CPUS:8192 nr_cpumask_bits:1 nr_cpu_ids:1 nr_node_ids:1
[    0.014312] percpu: Embedded 66 pages/cpu s233472 r8192 d28672 u2097152
[    0.014338] kvm-guest: PV spinlocks disabled, single CPU
[    0.014339] Kernel command line: console=ttyS0 rdinit=/init panic=-1 harmony.gates=n2_nested_hammer,n3_repeat_gate harmony.env=N2_DEADLINES=10000,N3_REPS=100,N3_ITEM=insn-rng
[    0.014395] random: crng init done
[    0.015175] Dentry cache hash table entries: 1048576 (order: 11, 8388608 bytes, linear)
[    0.015569] Inode-cache hash table entries: 524288 (order: 10, 4194304 bytes, linear)
[    0.015600] Fallback order for Node 0: 0 
[    0.015603] Built 1 zonelists, mobility grouping on.  Total pages: 2097021
[    0.015604] Policy zone: Normal
[    0.015609] mem auto-init: stack:all(zero), heap alloc:on, heap free:off
[    0.015613] software IO TLB: area num 1.
[    0.031120] SLUB: HWalign=64, Order=0-3, MinObjects=0, CPUs=1, Nodes=1
[    0.031140] ftrace: allocating 45769 entries in 179 pages
[    0.036797] ftrace: allocated 179 pages with 5 groups
[    0.037306] Dynamic Preempt: voluntary
[    0.037459] rcu: Preemptible hierarchical RCU implementation.
[    0.037459] rcu: 	RCU restricting CPUs from NR_CPUS=8192 to nr_cpu_ids=1.
[    0.037460] 	Trampoline variant of Tasks RCU enabled.
[    0.037460] 	Rude variant of Tasks RCU enabled.
[    0.037461] 	Tracing variant of Tasks RCU enabled.
[    0.037461] rcu: RCU calculated value of scheduler-enlistment delay is 25 jiffies.
[    0.037462] rcu: Adjusting geometry for rcu_fanout_leaf=16, nr_cpu_ids=1
[    0.037466] RCU Tasks: Setting shift to 0 and lim to 1 rcu_task_cb_adjust=1 rcu_task_cpu_ids=1.
[    0.037467] RCU Tasks Rude: Setting shift to 0 and lim to 1 rcu_task_cb_adjust=1 rcu_task_cpu_ids=1.
[    0.037467] RCU Tasks Trace: Setting shift to 0 and lim to 1 rcu_task_cb_adjust=1 rcu_task_cpu_ids=1.
[    0.040692] NR_IRQS: 524544, nr_irqs: 256, preallocated irqs: 16
[    0.040864] rcu: srcu_init: Setting srcu_struct sizes based on contention.
[    0.052819] Console: colour VGA+ 80x25
[    0.052861] printk: legacy console [ttyS0] enabled
[    0.171125] ACPI: Core revision 20240827
[    0.171903] clocksource: hpet: mask: 0xffffffff max_cycles: 0xffffffff, max_idle_ns: 19112604467 ns
[    0.173431] APIC: Switch to symmetric I/O mode setup
[    0.174328] x2apic enabled
[    0.174923] APIC: Switched APIC routing to: physical x2apic
[    0.176431] ..TIMER: vector=0x30 apic1=0 pin1=2 apic2=-1 pin2=-1
[    0.177398] clocksource: tsc-early: mask: 0xffffffffffffffff max_cycles: 0x33e451ab1a6, max_idle_ns: 440795278720 ns
[    0.178995] Calibrating delay loop (skipped) preset value.. 7199.99 BogoMIPS (lpj=14399992)
[    0.180326] x86/cpu: User Mode Instruction Prevention (UMIP) activated
[    0.181366] Last level iTLB entries: 4KB 0, 2MB 0, 4MB 0
[    0.182995] Last level dTLB entries: 4KB 0, 2MB 0, 4MB 0, 1GB 0
[    0.183888] Spectre V1 : Mitigation: usercopy/swapgs barriers and __user pointer sanitization
[    0.185164] Spectre V2 : Spectre BHI mitigation: SW BHB clearing on syscall and VM exit
[    0.186995] Spectre V2 : Mitigation: IBRS
[    0.187600] Spectre V2 : Spectre v2 / SpectreRSB: Filling RSB on context switch and VMEXIT
[    0.188825] RETBleed: Mitigation: IBRS
[    0.189392] Spectre V2 : mitigation: Enabling conditional Indirect Branch Prediction Barrier
[    0.190665] Speculative Store Bypass: Mitigation: Speculative Store Bypass disabled via prctl
[    0.190999] MDS: Mitigation: Clear CPU buffers
[    0.191667] MMIO Stale Data: Mitigation: Clear CPU buffers
[    0.192487] SRBDS: Unknown: Dependent on hypervisor status
[    0.193308] active return thunk: its_return_thunk
[    0.194995] ITS: Mitigation: Aligned branch/return thunks
[    0.195818] x86/fpu: Supporting XSAVE feature 0x001: 'x87 floating point registers'
[    0.196960] x86/fpu: Supporting XSAVE feature 0x002: 'SSE registers'
[    0.197910] x86/fpu: Supporting XSAVE feature 0x004: 'AVX registers'
[    0.198995] x86/fpu: Supporting XSAVE feature 0x008: 'MPX bounds registers'
[    0.200038] x86/fpu: Supporting XSAVE feature 0x010: 'MPX CSR'
[    0.200915] x86/fpu: xstate_offset[2]:  576, xstate_sizes[2]:  256
[    0.201841] x86/fpu: xstate_offset[3]:  832, xstate_sizes[3]:   64
[    0.202771] x86/fpu: xstate_offset[4]:  896, xstate_sizes[4]:   64
[    0.202995] x86/fpu: Enabled xstate features 0x1f, context size is 960 bytes, using 'compacted' format.
[    0.235846] Freeing SMP alternatives memory: 40K
[    0.236553] pid_max: default: 32768 minimum: 301
[    0.237276] LSM: initializing lsm=lockdown,capability,landlock,yama,apparmor,tomoyo,bpf,ipe,ima,evm
[    0.238680] landlock: Up and running.
[    0.238995] Yama: disabled by default; enable with sysctl kernel.yama.*
[    0.240046] AppArmor: AppArmor initialized
[    0.240684] TOMOYO Linux initialized
[    0.241369] LSM support for eBPF active
[    0.241998] Mount-cache hash table entries: 16384 (order: 5, 131072 bytes, linear)
[    0.242998] Mountpoint-cache hash table entries: 16384 (order: 5, 131072 bytes, linear)
[    0.244405] smpboot: CPU0: Intel(R) Core(TM) i9-9900K CPU @ 3.60GHz (family: 0x6, model: 0x9e, stepping: 0xc)
[    0.246016] Performance Events: Skylake events, full-width counters, Intel PMU driver.
[    0.246993] ... version:                2
[    0.246993] ... bit width:              48
[    0.246996] ... generic registers:      4
[    0.247602] ... value mask:             0000ffffffffffff
[    0.248397] ... max period:             00007fffffffffff
[    0.249217] ... fixed-purpose events:   3
[    0.249825] ... event mask:             000000070000000f
[    0.250683] signal: max sigframe size: 2032
[    0.251016] rcu: Hierarchical SRCU implementation.
[    0.251796] rcu: 	Max phase no-delay instances is 1000.
[    0.255255] smp: Bringing up secondary CPUs ...
[    0.255949] smp: Brought up 1 node, 1 CPU
[    0.256566] smpboot: Total of 1 processors activated (7199.99 BogoMIPS)
[    0.270606] node 0 deferred pages initialised in 12ms
[    0.271016] Memory: 8026728K/8388084K available (16384K kernel code, 2497K rwdata, 11808K rodata, 4164K init, 4916K bss, 357552K reserved, 0K cma-reserved)
[    0.273413] devtmpfs: initialized
[    0.273948] x86/mm: Memory block size: 128MB
[    0.275191] clocksource: jiffies: mask: 0xffffffff max_cycles: 0xffffffff, max_idle_ns: 7645041785100000 ns
[    0.276679] futex hash table entries: 256 (order: 2, 16384 bytes, linear)
[    0.277733] pinctrl core: initialized pinctrl subsystem
[    0.278906] NET: Registered PF_NETLINK/PF_ROUTE protocol family
[    0.279104] DMA: preallocated 1024 KiB GFP_KERNEL pool for atomic allocations
[    0.280247] DMA: preallocated 1024 KiB GFP_KERNEL|GFP_DMA pool for atomic allocations
[    0.281579] DMA: preallocated 1024 KiB GFP_KERNEL|GFP_DMA32 pool for atomic allocations
[    0.282783] audit: initializing netlink subsys (disabled)
[    0.283020] audit: type=2000 audit(1783713799.159:1): state=initialized audit_enabled=0 res=1
[    0.284368] thermal_sys: Registered thermal governor 'fair_share'
[    0.284369] thermal_sys: Registered thermal governor 'bang_bang'
[    0.285288] thermal_sys: Registered thermal governor 'step_wise'
[    0.286189] thermal_sys: Registered thermal governor 'user_space'
[    0.286999] thermal_sys: Registered thermal governor 'power_allocator'
[    0.287926] cpuidle: using governor ladder
[    0.289533] cpuidle: using governor menu
[    0.290168] acpiphp: ACPI Hot Plug PCI Controller Driver version: 0.5
[    0.291117] PCI: ECAM [mem 0xb0000000-0xbfffffff] (base 0xb0000000) for domain 0000 [bus 00-ff]
[    0.292416] PCI: ECAM [mem 0xb0000000-0xbfffffff] reserved as E820 entry
[    0.293430] PCI: Using configuration type 1 for base access
[    0.294362] kprobes: kprobe jump-optimization is enabled. All kprobes are optimized if possible.
[    0.319040] HugeTLB: registered 1.00 GiB page size, pre-allocated 0 pages
[    0.320066] HugeTLB: 16380 KiB vmemmap can be freed for a 1.00 GiB page
[    0.321058] HugeTLB: registered 2.00 MiB page size, pre-allocated 0 pages
[    0.322095] HugeTLB: 28 KiB vmemmap can be freed for a 2.00 MiB page
[    0.325823] ACPI: Added _OSI(Module Device)
[    0.326476] ACPI: Added _OSI(Processor Device)
[    0.327003] ACPI: Added _OSI(Processor Aggregator Device)
[    0.328500] ACPI: 1 ACPI AML tables successfully acquired and loaded
[    0.330186] ACPI: Interpreter enabled
[    0.330757] ACPI: PM: (supports S0 S3 S4 S5)
[    0.330996] ACPI: Using IOAPIC for interrupt routing
[    0.331762] PCI: Using host bridge windows from ACPI; if necessary, use "pci=nocrs" and report a bug
[    0.333139] PCI: Using E820 reservations for host bridge windows
[    0.334123] ACPI: Enabled 2 GPEs in block 00 to 3F
[    0.336333] ACPI: PCI Root Bridge [PCI0] (domain 0000 [bus 00-ff])
[    0.337279] acpi PNP0A08:00: _OSC: OS supports [ExtendedConfig ASPM ClockPM Segments MSI HPX-Type3]
[    0.338677] acpi PNP0A08:00: _OSC: platform does not support [PCIeHotplug LTR]
[    0.339036] acpi PNP0A08:00: _OSC: OS now controls [SHPCHotplug PME AER PCIeCapability]
[    0.340358] PCI host bridge to bus 0000:00
[    0.341000] pci_bus 0000:00: root bus resource [io  0x0000-0x0cf7 window]
[    0.342019] pci_bus 0000:00: root bus resource [io  0x0d00-0xffff window]
[    0.342996] pci_bus 0000:00: root bus resource [mem 0x000a0000-0x000bffff window]
[    0.344123] pci_bus 0000:00: root bus resource [mem 0x80000000-0xafffffff window]
[    0.345269] pci_bus 0000:00: root bus resource [mem 0xc0000000-0xfebfffff window]
[    0.346393] pci_bus 0000:00: root bus resource [mem 0x280000000-0xa7fffffff window]
[    0.346997] pci_bus 0000:00: root bus resource [bus 00-ff]
[    0.347882] pci 0000:00:00.0: [8086:29c0] type 00 class 0x060000 conventional PCI endpoint
[    0.349612] pci 0000:00:01.0: [1234:1111] type 00 class 0x030000 conventional PCI endpoint
[    0.351407] pci 0000:00:01.0: BAR 0 [mem 0xfd000000-0xfdffffff pref]
[    0.354070] pci 0000:00:01.0: BAR 2 [mem 0xfebd4000-0xfebd4fff]
[    0.358028] pci 0000:00:01.0: ROM [mem 0xfebc0000-0xfebcffff pref]
[    0.359109] pci 0000:00:01.0: Video device with shadowed ROM at [mem 0x000c0000-0x000dffff]
[    0.360700] pci 0000:00:02.0: [8086:10d3] type 00 class 0x020000 PCIe Root Complex Integrated Endpoint
[    0.362754] pci 0000:00:02.0: BAR 0 [mem 0xfeb80000-0xfeb9ffff]
[    0.363574] pci 0000:00:02.0: BAR 1 [mem 0xfeba0000-0xfebbffff]
[    0.365223] pci 0000:00:02.0: BAR 2 [io  0xc040-0xc05f]
[    0.366996] pci 0000:00:02.0: BAR 3 [mem 0xfebd0000-0xfebd3fff]
[    0.369415] pci 0000:00:02.0: ROM [mem 0xfeb40000-0xfeb7ffff pref]
[    0.370422] pci 0000:00:02.0: enabling Extended Tags
[    0.372045] pci 0000:00:1f.0: [8086:2918] type 00 class 0x060100 conventional PCI endpoint
[    0.373839] pci 0000:00:1f.0: quirk: [io  0x0600-0x067f] claimed by ICH6 ACPI/GPIO/TCO
[    0.375251] pci 0000:00:1f.2: [8086:2922] type 00 class 0x010601 conventional PCI endpoint
[    0.378254] pci 0000:00:1f.2: BAR 4 [io  0xc060-0xc07f]
[    0.379273] pci 0000:00:1f.2: BAR 5 [mem 0xfebd5000-0xfebd5fff]
[    0.380805] pci 0000:00:1f.3: [8086:2930] type 00 class 0x0c0500 conventional PCI endpoint
[    0.383124] pci 0000:00:1f.3: BAR 4 [io  0x0700-0x073f]
[    0.385949] ACPI: PCI: Interrupt link LNKA configured for IRQ 10
[    0.386928] ACPI: PCI: Interrupt link LNKB configured for IRQ 10
[    0.387068] ACPI: PCI: Interrupt link LNKC configured for IRQ 11
[    0.388051] ACPI: PCI: Interrupt link LNKD configured for IRQ 11
[    0.389041] ACPI: PCI: Interrupt link LNKE configured for IRQ 10
[    0.390012] ACPI: PCI: Interrupt link LNKF configured for IRQ 10
[    0.390984] ACPI: PCI: Interrupt link LNKG configured for IRQ 11
[    0.391066] ACPI: PCI: Interrupt link LNKH configured for IRQ 11
[    0.392016] ACPI: PCI: Interrupt link GSIA configured for IRQ 16
[    0.392926] ACPI: PCI: Interrupt link GSIB configured for IRQ 17
[    0.393836] ACPI: PCI: Interrupt link GSIC configured for IRQ 18
[    0.394746] ACPI: PCI: Interrupt link GSID configured for IRQ 19
[    0.395002] ACPI: PCI: Interrupt link GSIE configured for IRQ 20
[    0.395912] ACPI: PCI: Interrupt link GSIF configured for IRQ 21
[    0.396822] ACPI: PCI: Interrupt link GSIG configured for IRQ 22
[    0.397733] ACPI: PCI: Interrupt link GSIH configured for IRQ 23
[    0.399332] iommu: Default domain type: Translated
[    0.400059] iommu: DMA domain TLB invalidation policy: lazy mode
[    0.401072] pps_core: LinuxPPS API ver. 1 registered
[    0.401824] pps_core: Software ver. 5.3.6 - Copyright 2005-2007 Rodolfo Giometti <giometti@linux.it>
[    0.403001] PTP clock support registered
[    0.403608] EDAC MC: Ver: 3.0.0
[    0.404518] NetLabel: Initializing
[    0.405041] NetLabel:  domain hash size = 128
[    0.405699] NetLabel:  protocols = UNLABELED CIPSOv4 CALIPSO
[    0.406592] NetLabel:  unlabeled traffic allowed by default
[    0.406996] PCI: Using ACPI for IRQ routing
[    0.475760] pci 0000:00:01.0: vgaarb: setting as boot VGA device
[    0.476664] pci 0000:00:01.0: vgaarb: bridge control possible
[    0.477537] pci 0000:00:01.0: vgaarb: VGA device added: decodes=io+mem,owns=io+mem,locks=none
[    0.478826] vgaarb: loaded
[    0.479030] hpet0: at MMIO 0xfed00000, IRQs 2, 8, 0
[    0.479767] hpet0: 3 comparators, 64-bit 100.000000 MHz counter
[    0.483019] clocksource: Switched to clocksource kvm-clock
[    0.484413] VFS: Disk quotas dquot_6.6.0
[    0.485041] VFS: Dquot-cache hash table entries: 512 (order 0, 4096 bytes)
[    0.486184] AppArmor: AppArmor Filesystem Enabled
[    0.486913] pnp: PnP ACPI init
[    0.487510] system 00:05: [mem 0xb0000000-0xbfffffff window] has been reserved
[    0.488814] pnp: PnP ACPI: found 6 devices
[    0.494822] clocksource: acpi_pm: mask: 0xffffff max_cycles: 0xffffff, max_idle_ns: 2085701024 ns
[    0.496198] NET: Registered PF_INET protocol family
[    0.497130] IP idents hash table entries: 131072 (order: 8, 1048576 bytes, linear)
[    0.507008] tcp_listen_portaddr_hash hash table entries: 4096 (order: 4, 65536 bytes, linear)
[    0.508336] Table-perturb hash table entries: 65536 (order: 6, 262144 bytes, linear)
[    0.509567] TCP established hash table entries: 65536 (order: 7, 524288 bytes, linear)
[    0.510961] TCP bind hash table entries: 65536 (order: 9, 2097152 bytes, linear)
[    0.512203] TCP: Hash tables configured (established 65536 bind 65536)
[    0.513239] MPTCP token hash table entries: 8192 (order: 6, 196608 bytes, linear)
[    0.514387] UDP hash table entries: 4096 (order: 5, 131072 bytes, linear)
[    0.515416] UDP-Lite hash table entries: 4096 (order: 5, 131072 bytes, linear)
[    0.516547] NET: Registered PF_UNIX/PF_LOCAL protocol family
[    0.517423] NET: Registered PF_XDP protocol family
[    0.518166] pci_bus 0000:00: resource 4 [io  0x0000-0x0cf7 window]
[    0.519094] pci_bus 0000:00: resource 5 [io  0x0d00-0xffff window]
[    0.520019] pci_bus 0000:00: resource 6 [mem 0x000a0000-0x000bffff window]
[    0.521068] pci_bus 0000:00: resource 7 [mem 0x80000000-0xafffffff window]
[    0.522098] pci_bus 0000:00: resource 8 [mem 0xc0000000-0xfebfffff window]
[    0.523139] pci_bus 0000:00: resource 9 [mem 0x280000000-0xa7fffffff window]
[    0.524266] PCI: CLS 0 bytes, default 64
[    0.524976] Trying to unpack rootfs image as initramfs...
[    0.526215] PCI-DMA: Using software bounce buffering for IO (SWIOTLB)
[    0.527190] software IO TLB: mapped [mem 0x0000000075c87000-0x0000000079c87000] (64MB)
[    0.528418] clocksource: tsc: mask: 0xffffffffffffffff max_cycles: 0x33e451ab1a6, max_idle_ns: 440795278720 ns
[    0.534281] Initialise system trusted keyrings
[    0.534971] Key type blacklist registered
[    0.538179] workingset: timestamp_bits=36 max_order=21 bucket_order=0
[    0.539159] zbud: loaded
[    0.539625] fuse: init (API version 7.41)
[    0.540327] integrity: Platform Keyring initialized
[    0.541093] integrity: Machine keyring initialized
[    0.562150] Key type asymmetric registered
[    0.562781] Asymmetric key parser 'x509' registered
[    1.118522] Freeing initrd memory: 101668K
[    1.119688] Block layer SCSI generic (bsg) driver version 0.4 loaded (major 246)
[    1.120833] io scheduler mq-deadline registered
[    1.122402] ledtrig-cpu: registered to indicate activity on CPUs
[    1.123334] shpchp: Standard Hot Plug PCI Controller Driver version: 0.4
[    1.124498] Serial: 8250/16550 driver, 4 ports, IRQ sharing enabled
[    1.125906] 00:03: ttyS0 at I/O 0x3f8 (irq = 4, base_baud = 115200) is a 16550A
[    1.127417] Linux agpgart interface v0.103
[    1.128225] i8042: PNP: PS/2 Controller [PNP0303:KBD,PNP0f13:MOU] at 0x60,0x64 irq 1,12
[    1.130191] serio: i8042 KBD port at 0x60,0x64 irq 1
[    1.130946] serio: i8042 AUX port at 0x60,0x64 irq 12
[    1.131778] mousedev: PS/2 mouse device common for all mice
[    1.132875] input: AT Translated Set 2 keyboard as /devices/platform/i8042/serio0/input/input0
[    1.134483] rtc_cmos 00:04: RTC can wake from S4
[    1.135889] rtc_cmos 00:04: registered as rtc0
[    1.136629] rtc_cmos 00:04: setting system clock to 2026-07-10T20:03:19 UTC (1783713799)
[    1.138009] rtc_cmos 00:04: alarms up to one day, y3k, 242 bytes nvram, hpet irqs
[    1.139154] intel_pstate: CPU model not supported
[    1.140431] NET: Registered PF_INET6 protocol family
[    1.141796] Segment Routing with IPv6
[    1.142375] In-situ OAM (IOAM) with IPv6
[    1.142986] mip6: Mobile IPv6
[    1.143448] NET: Registered PF_PACKET protocol family
[    1.144226] mpls_gso: MPLS GSO support
[    1.144883] IPI shorthand broadcast: enabled
[    1.146873] sched_clock: Marking stable (1016001899, 130123999)->(1159332020, -13206122)
[    1.148161] registered taskstats version 1
[    1.148860] Loading compiled-in X.509 certificates
[    1.161174] Loaded X.509 cert 'Build time autogenerated kernel key: e87b99600394fc77ba6018a2cc6a68db4bb86ee6'
[    1.163941] Demotion targets for Node 0: null
[    1.164640] Key type .fscrypt registered
[    1.165279] Key type fscrypt-provisioning registered
[    1.166537] Key type encrypted registered
[    1.167164] AppArmor: AppArmor sha256 policy hashing enabled
[    1.168027] ima: No TPM chip found, activating TPM-bypass!
[    1.168855] ima: Allocated hash algorithm: sha256
[    1.169646] ima: No architecture policies found
[    1.170356] evm: Initialising EVM extended attributes:
[    1.171132] evm: security.selinux
[    1.171637] evm: security.SMACK64 (disabled)
[    1.172283] evm: security.SMACK64EXEC (disabled)
[    1.172980] evm: security.SMACK64TRANSMUTE (disabled)
[    1.173815] evm: security.SMACK64MMAP (disabled)
[    1.174525] evm: security.apparmor
[    1.175047] evm: security.ima
[    1.175503] evm: security.capability
[    1.176048] evm: HMAC attrs: 0x1
[    1.199107] RAS: Correctable Errors collector initialized.
[    1.210141] clk: Disabling unused clocks
[    1.210760] PM: genpd: Disabling unused power domains
[    1.218312] Freeing unused decrypted memory: 2028K
[    1.219113] Freeing unused kernel image (initmem) memory: 4164K
[    1.219768] Write protecting the kernel read-only data: 28672k
[    1.220587] Freeing unused kernel image (rodata/data gap) memory: 480K
[    1.253142] x86/mm: Checked W+X mappings: passed, no W+X pages found.
[    1.290134] Run /init as init process
NESTED_X86_L1_BOOT_OK
Linux (none) 6.12.90+deb13.1-amd64 #1 SMP PREEMPT_DYNAMIC Debian 6.12.90-2 (2026-05-27) x86_64 GNU/Linux
              total        used        free      shared  buff/cache   available
Mem:           7948          55        7671         221         222        7535
console=ttyS0 rdinit=/init panic=-1 harmony.gates=n2_nested_hammer,n3_repeat_gate harmony.env=N2_DEADLINES=10000,N3_REPS=100,N3_ITEM=insn-rng
msr: loaded
irqbypass: loaded
[    1.317739] kvm: loading out-of-tree module taints kernel.
[    1.318360] kvm: module verification failed: signature and/or required key missing - tainting kernel
kvm(PATCHED): loaded
kvm-intel(PATCHED): loaded
L1_DEV_KVM_PRESENT
NESTED_X86_L2_PIN_CHECK_BEGIN
f06a34a79010a8f2cc8226dc629cc8fb049740016f035f53e3f2e53d9a30dd41  guest/build/bzImage
3c4a7f2f0db4b59aaf4dee55d43a42c57fc0d10ac25441de88128c61be0778c2  guest/build/initramfs-postgres.cpio.gz
NESTED_X86_L2_PIN_CHECK_END
ENV N2_DEADLINES=10000
ENV N3_REPS=100
ENV N3_ITEM=insn-rng
NESTED_X86_GATE_BEGIN n2_nested_hammer 

running 1 test
test n2_deadline_hammer ... N2JSON {"event":"start","total":10000,"seed":1592598566,"pid":146}
[    2.237577] perf: interrupt took too long (2540 > 2500), lowering kernel.perf_event_max_sample_rate to 78500
[    2.475080] perf: interrupt took too long (3204 > 3175), lowering kernel.perf_event_max_sample_rate to 62250
[    2.780661] perf: interrupt took too long (4014 > 4005), lowering kernel.perf_event_max_sample_rate to 49750
[    3.330185] perf: interrupt took too long (5026 > 5017), lowering kernel.perf_event_max_sample_rate to 39750
[    4.366781] perf: interrupt took too long (6284 > 6282), lowering kernel.perf_event_max_sample_rate to 31750
[   13.907084] perf: interrupt took too long (7981 > 7855), lowering kernel.perf_event_max_sample_rate to 25000
N2JSON {"event":"progress","armed":10000,"exact":10000,"mismatches":0}
N2JSON {"event":"summary","armed":10000,"exact":10000,"mismatches":0,"final_work":175286435}
ok

test result: ok. 1 passed; 0 failed; 0 ignored; 0 measured; 0 filtered out; finished in 74.97s

NESTED_X86_GATE_RC n2_nested_hammer rc=0
NESTED_X86_GATE_END n2_nested_hammer
NESTED_X86_GATE_BEGIN n3_repeat_gate 

running 1 test
test n3_repeat_gate ... N3JSON {"event":"start","item":"insn-rng","reps":100,"seed":11471204516818368}
N3JSON {"event":"progress","attempted":100,"identical":100,"mismatches":0}
N3JSON {"event":"summary","item":"insn-rng","attempted":100,"identical":100,"mismatches":0,"state_hash":"6163f1109b5677de0ff924f7932e7ade007434c99c24bc9a7e11beac27f5bbb4","observable_digest":"0fe06bf4edf727fc1d200f810a307c30e65915b7c1ed230a5e513defbb2a3926"}
ok

test result: ok. 1 passed; 0 failed; 0 ignored; 0 measured; 0 filtered out; finished in 1161.06s

NESTED_X86_GATE_RC n3_repeat_gate rc=0
NESTED_X86_GATE_END n3_repeat_gate
--- L1 dmesg tail (kvm/vmx/pmu/perf) ---
[    0.000000] Hypervisor detected: KVM
[    0.000000] kvm-clock: Using msrs 4b564d01 and 4b564d00
[    0.000000] kvm-clock: using sched offset of 162127981 cycles
[    0.000001] clocksource: kvm-clock: mask: 0xffffffffffffffff max_cycles: 0x1cd42e4dffb, max_idle_ns: 881590591483 ns
[    0.010688] kvm-guest: APIC: eoi() replaced with kvm_guest_apic_eoi_write()
[    0.010708] Booting paravirtualized kernel on KVM
[    0.014338] kvm-guest: PV spinlocks disabled, single CPU
[    0.246016] Performance Events: Skylake events, full-width counters, Intel PMU driver.
[    0.483019] clocksource: Switched to clocksource kvm-clock
[    1.317739] kvm: loading out-of-tree module taints kernel.
[    1.318360] kvm: module verification failed: signature and/or required key missing - tainting kernel
[    2.237577] perf: interrupt took too long (2540 > 2500), lowering kernel.perf_event_max_sample_rate to 78500
[    2.475080] perf: interrupt took too long (3204 > 3175), lowering kernel.perf_event_max_sample_rate to 62250
[    2.780661] perf: interrupt took too long (4014 > 4005), lowering kernel.perf_event_max_sample_rate to 49750
[    3.330185] perf: interrupt took too long (5026 > 5017), lowering kernel.perf_event_max_sample_rate to 39750
[    4.366781] perf: interrupt took too long (6284 > 6282), lowering kernel.perf_event_max_sample_rate to 31750
[   13.907084] perf: interrupt took too long (7981 > 7855), lowering kernel.perf_event_max_sample_rate to 25000
NESTED_X86_L1_DONE
[ 1237.615817] ACPI: PM: Preparing to enter system sleep state S5
[ 1237.616505] kvm: exiting hardware virtualization
[ 1237.617030] reboot: Power down
