[    0.000000] Linux version 6.12.90+deb13.1-amd64 (debian-kernel@lists.debian.org) (x86_64-linux-gnu-gcc-14 (Debian 14.2.0-19) 14.2.0, GNU ld (GNU Binutils for Debian) 2.44) #1 SMP PREEMPT_DYNAMIC Debian 6.12.90-2 (2026-05-27)
[    0.000000] Command line: console=ttyS0 rdinit=/init panic=-1 harmony.gates=n3_repeat_gate harmony.env=N3_REPS=1000,N3_ITEM=insn-rng
[    0.000000] BIOS-provided physical RAM map:
[    0.000000] BIOS-e820: [mem 0x0000000000000000-0x000000000009fbff] usable
[    0.000000] BIOS-e820: [mem 0x000000000009fc00-0x000000000009ffff] reserved
[    0.000000] BIOS-e820: [mem 0x00000000000f0000-0x00000000000fffff] reserved
[    0.000000] BIOS-e820: [mem 0x0000000000100000-0x000000007ffdefff] usable
[    0.000000] BIOS-e820: [mem 0x000000007ffdf000-0x000000007fffffff] reserved
[    0.000000] BIOS-e820: [mem 0x00000000b0000000-0x00000000bfffffff] reserved
[    0.000000] BIOS-e820: [mem 0x00000000fed1c000-0x00000000fed1ffff] reserved
[    0.000000] BIOS-e820: [mem 0x00000000feffc000-0x00000000feffffff] reserved
[    0.000000] BIOS-e820: [mem 0x00000000fffc0000-0x00000000ffffffff] reserved
[    0.000000] BIOS-e820: [mem 0x0000000100000000-0x000000027fffffff] usable
[    0.000000] NX (Execute Disable) protection: active
[    0.000000] APIC: Static calls initialized
[    0.000000] SMBIOS 2.8 present.
[    0.000000] DMI: QEMU Standard PC (Q35 + ICH9, 2009), BIOS 1.16.3-debian-1.16.3-2 04/01/2014
[    0.000000] DMI: Memory slots populated: 1/1
[    0.000000] Hypervisor detected: KVM
[    0.000000] last_pfn = 0x7ffdf max_arch_pfn = 0x400000000
[    0.000000] kvm-clock: Using msrs 4b564d01 and 4b564d00
[    0.000000] kvm-clock: using sched offset of 169222658 cycles
[    0.000001] clocksource: kvm-clock: mask: 0xffffffffffffffff max_cycles: 0x1cd42e4dffb, max_idle_ns: 881590591483 ns
[    0.000004] tsc: Detected 3599.998 MHz processor
[    0.000740] last_pfn = 0x280000 max_arch_pfn = 0x400000000
[    0.000761] MTRR map: 4 entries (3 fixed + 1 variable; max 19), built from 8 variable MTRRs
[    0.000763] x86/PAT: Configuration [0-7]: WB  WC  UC- UC  WB  WP  UC- WT  
[    0.000792] last_pfn = 0x7ffdf max_arch_pfn = 0x400000000
[    0.005871] found SMP MP-table at [mem 0x000f5480-0x000f548f]
[    0.005882] Using GB pages for direct mapping
[    0.006130] RAMDISK: [mem 0x7b44c000-0x7ffcffff]
[    0.006134] ACPI: Early table checksum verification disabled
[    0.006137] ACPI: RSDP 0x00000000000F52A0 000014 (v00 BOCHS )
[    0.006139] ACPI: RSDT 0x000000007FFE2351 000038 (v01 BOCHS  BXPC     00000001 BXPC 00000001)
[    0.006143] ACPI: FACP 0x000000007FFE2149 0000F4 (v03 BOCHS  BXPC     00000001 BXPC 00000001)
[    0.006147] ACPI: DSDT 0x000000007FFE0040 002109 (v01 BOCHS  BXPC     00000001 BXPC 00000001)
[    0.006149] ACPI: FACS 0x000000007FFE0000 000040
[    0.006151] ACPI: APIC 0x000000007FFE223D 000078 (v03 BOCHS  BXPC     00000001 BXPC 00000001)
[    0.006153] ACPI: HPET 0x000000007FFE22B5 000038 (v01 BOCHS  BXPC     00000001 BXPC 00000001)
[    0.006155] ACPI: MCFG 0x000000007FFE22ED 00003C (v01 BOCHS  BXPC     00000001 BXPC 00000001)
[    0.006157] ACPI: WAET 0x000000007FFE2329 000028 (v01 BOCHS  BXPC     00000001 BXPC 00000001)
[    0.006159] ACPI: Reserving FACP table memory at [mem 0x7ffe2149-0x7ffe223c]
[    0.006160] ACPI: Reserving DSDT table memory at [mem 0x7ffe0040-0x7ffe2148]
[    0.006160] ACPI: Reserving FACS table memory at [mem 0x7ffe0000-0x7ffe003f]
[    0.006161] ACPI: Reserving APIC table memory at [mem 0x7ffe223d-0x7ffe22b4]
[    0.006161] ACPI: Reserving HPET table memory at [mem 0x7ffe22b5-0x7ffe22ec]
[    0.006162] ACPI: Reserving MCFG table memory at [mem 0x7ffe22ed-0x7ffe2328]
[    0.006162] ACPI: Reserving WAET table memory at [mem 0x7ffe2329-0x7ffe2350]
[    0.006562] No NUMA configuration found
[    0.006563] Faking a node at [mem 0x0000000000000000-0x000000027fffffff]
[    0.006568] NODE_DATA(0) allocated [mem 0x27ffd3680-0x27fffdfff]
[    0.006699] Zone ranges:
[    0.006700]   DMA      [mem 0x0000000000001000-0x0000000000ffffff]
[    0.006701]   DMA32    [mem 0x0000000001000000-0x00000000ffffffff]
[    0.006702]   Normal   [mem 0x0000000100000000-0x000000027fffffff]
[    0.006703]   Device   empty
[    0.006703] Movable zone start for each node
[    0.006705] Early memory node ranges
[    0.006705]   node   0: [mem 0x0000000000001000-0x000000000009efff]
[    0.006706]   node   0: [mem 0x0000000000100000-0x000000007ffdefff]
[    0.006707]   node   0: [mem 0x0000000100000000-0x000000027fffffff]
[    0.006708] Initmem setup node 0 [mem 0x0000000000001000-0x000000027fffffff]
[    0.006868] On node 0, zone DMA: 1 pages in unavailable ranges
[    0.006879] On node 0, zone DMA: 97 pages in unavailable ranges
[    0.010772] On node 0, zone Normal: 33 pages in unavailable ranges
[    0.011179] ACPI: PM-Timer IO Port: 0x608
[    0.011192] ACPI: LAPIC_NMI (acpi_id[0xff] dfl dfl lint[0x1])
[    0.011217] IOAPIC[0]: apic_id 0, version 17, address 0xfec00000, GSI 0-23
[    0.011219] ACPI: INT_SRC_OVR (bus 0 bus_irq 0 global_irq 2 dfl dfl)
[    0.011220] ACPI: INT_SRC_OVR (bus 0 bus_irq 5 global_irq 5 high level)
[    0.011221] ACPI: INT_SRC_OVR (bus 0 bus_irq 9 global_irq 9 high level)
[    0.011222] ACPI: INT_SRC_OVR (bus 0 bus_irq 10 global_irq 10 high level)
[    0.011222] ACPI: INT_SRC_OVR (bus 0 bus_irq 11 global_irq 11 high level)
[    0.011225] ACPI: Using ACPI (MADT) for SMP configuration information
[    0.011226] ACPI: HPET id: 0x8086a201 base: 0xfed00000
[    0.011229] TSC deadline timer available
[    0.011233] CPU topo: Max. logical packages:   1
[    0.011233] CPU topo: Max. logical dies:       1
[    0.011233] CPU topo: Max. dies per package:   1
[    0.011236] CPU topo: Max. threads per core:   1
[    0.011236] CPU topo: Num. cores per package:     1
[    0.011237] CPU topo: Num. threads per package:   1
[    0.011237] CPU topo: Allowing 1 present CPUs plus 0 hotplug CPUs
[    0.011250] kvm-guest: APIC: eoi() replaced with kvm_guest_apic_eoi_write()
[    0.011267] PM: hibernation: Registered nosave memory: [mem 0x00000000-0x00000fff]
[    0.011268] PM: hibernation: Registered nosave memory: [mem 0x0009f000-0x000fffff]
[    0.011269] PM: hibernation: Registered nosave memory: [mem 0x7ffdf000-0xffffffff]
[    0.011270] [mem 0xc0000000-0xfed1bfff] available for PCI devices
[    0.011271] Booting paravirtualized kernel on KVM
[    0.011272] clocksource: refined-jiffies: mask: 0xffffffff max_cycles: 0xffffffff, max_idle_ns: 7645519600211568 ns
[    0.014662] setup_percpu: NR_CPUS:8192 nr_cpumask_bits:1 nr_cpu_ids:1 nr_node_ids:1
[    0.014901] percpu: Embedded 66 pages/cpu s233472 r8192 d28672 u2097152
[    0.014929] kvm-guest: PV spinlocks disabled, single CPU
[    0.014930] Kernel command line: console=ttyS0 rdinit=/init panic=-1 harmony.gates=n3_repeat_gate harmony.env=N3_REPS=1000,N3_ITEM=insn-rng
[    0.014984] random: crng init done
[    0.015887] Dentry cache hash table entries: 1048576 (order: 11, 8388608 bytes, linear)
[    0.016335] Inode-cache hash table entries: 524288 (order: 10, 4194304 bytes, linear)
[    0.016370] Fallback order for Node 0: 0 
[    0.016372] Built 1 zonelists, mobility grouping on.  Total pages: 2097021
[    0.016373] Policy zone: Normal
[    0.016379] mem auto-init: stack:all(zero), heap alloc:on, heap free:off
[    0.016383] software IO TLB: area num 1.
[    0.036610] SLUB: HWalign=64, Order=0-3, MinObjects=0, CPUs=1, Nodes=1
[    0.036632] ftrace: allocating 45769 entries in 179 pages
[    0.041877] ftrace: allocated 179 pages with 5 groups
[    0.042410] Dynamic Preempt: voluntary
[    0.042558] rcu: Preemptible hierarchical RCU implementation.
[    0.042559] rcu: 	RCU restricting CPUs from NR_CPUS=8192 to nr_cpu_ids=1.
[    0.042560] 	Trampoline variant of Tasks RCU enabled.
[    0.042560] 	Rude variant of Tasks RCU enabled.
[    0.042560] 	Tracing variant of Tasks RCU enabled.
[    0.042561] rcu: RCU calculated value of scheduler-enlistment delay is 25 jiffies.
[    0.042561] rcu: Adjusting geometry for rcu_fanout_leaf=16, nr_cpu_ids=1
[    0.042565] RCU Tasks: Setting shift to 0 and lim to 1 rcu_task_cb_adjust=1 rcu_task_cpu_ids=1.
[    0.042566] RCU Tasks Rude: Setting shift to 0 and lim to 1 rcu_task_cb_adjust=1 rcu_task_cpu_ids=1.
[    0.042567] RCU Tasks Trace: Setting shift to 0 and lim to 1 rcu_task_cb_adjust=1 rcu_task_cpu_ids=1.
[    0.045765] NR_IRQS: 524544, nr_irqs: 256, preallocated irqs: 16
[    0.045944] rcu: srcu_init: Setting srcu_struct sizes based on contention.
[    0.057784] Console: colour VGA+ 80x25
[    0.057824] printk: legacy console [ttyS0] enabled
[    0.175826] ACPI: Core revision 20240827
[    0.176590] clocksource: hpet: mask: 0xffffffff max_cycles: 0xffffffff, max_idle_ns: 19112604467 ns
[    0.178110] APIC: Switch to symmetric I/O mode setup
[    0.179039] x2apic enabled
[    0.179635] APIC: Switched APIC routing to: physical x2apic
[    0.181144] ..TIMER: vector=0x30 apic1=0 pin1=2 apic2=-1 pin2=-1
[    0.182060] clocksource: tsc-early: mask: 0xffffffffffffffff max_cycles: 0x33e451ab1a6, max_idle_ns: 440795278720 ns
[    0.183697] Calibrating delay loop (skipped) preset value.. 7199.99 BogoMIPS (lpj=14399992)
[    0.185026] x86/cpu: User Mode Instruction Prevention (UMIP) activated
[    0.186065] Last level iTLB entries: 4KB 0, 2MB 0, 4MB 0
[    0.187697] Last level dTLB entries: 4KB 0, 2MB 0, 4MB 0, 1GB 0
[    0.188593] Spectre V1 : Mitigation: usercopy/swapgs barriers and __user pointer sanitization
[    0.189870] Spectre V2 : Spectre BHI mitigation: SW BHB clearing on syscall and VM exit
[    0.191697] Spectre V2 : Mitigation: IBRS
[    0.192303] Spectre V2 : Spectre v2 / SpectreRSB: Filling RSB on context switch and VMEXIT
[    0.193532] RETBleed: Mitigation: IBRS
[    0.194101] Spectre V2 : mitigation: Enabling conditional Indirect Branch Prediction Barrier
[    0.195356] Speculative Store Bypass: Mitigation: Speculative Store Bypass disabled via prctl
[    0.195700] MDS: Mitigation: Clear CPU buffers
[    0.196369] MMIO Stale Data: Mitigation: Clear CPU buffers
[    0.197189] SRBDS: Unknown: Dependent on hypervisor status
[    0.198011] active return thunk: its_return_thunk
[    0.199697] ITS: Mitigation: Aligned branch/return thunks
[    0.200520] x86/fpu: Supporting XSAVE feature 0x001: 'x87 floating point registers'
[    0.201662] x86/fpu: Supporting XSAVE feature 0x002: 'SSE registers'
[    0.202613] x86/fpu: Supporting XSAVE feature 0x004: 'AVX registers'
[    0.203697] x86/fpu: Supporting XSAVE feature 0x008: 'MPX bounds registers'
[    0.204740] x86/fpu: Supporting XSAVE feature 0x010: 'MPX CSR'
[    0.205615] x86/fpu: xstate_offset[2]:  576, xstate_sizes[2]:  256
[    0.206543] x86/fpu: xstate_offset[3]:  832, xstate_sizes[3]:   64
[    0.207697] x86/fpu: xstate_offset[4]:  896, xstate_sizes[4]:   64
[    0.208652] x86/fpu: Enabled xstate features 0x1f, context size is 960 bytes, using 'compacted' format.
[    0.240370] Freeing SMP alternatives memory: 40K
[    0.241073] pid_max: default: 32768 minimum: 301
[    0.241922] LSM: initializing lsm=lockdown,capability,landlock,yama,apparmor,tomoyo,bpf,ipe,ima,evm
[    0.243312] landlock: Up and running.
[    0.243697] Yama: disabled by default; enable with sysctl kernel.yama.*
[    0.244738] AppArmor: AppArmor initialized
[    0.245371] TOMOYO Linux initialized
[    0.246038] LSM support for eBPF active
[    0.246662] Mount-cache hash table entries: 16384 (order: 5, 131072 bytes, linear)
[    0.247700] Mountpoint-cache hash table entries: 16384 (order: 5, 131072 bytes, linear)
[    0.249119] smpboot: CPU0: Intel(R) Core(TM) i9-9900K CPU @ 3.60GHz (family: 0x6, model: 0x9e, stepping: 0xc)
[    0.250721] Performance Events: Skylake events, full-width counters, Intel PMU driver.
[    0.251695] ... version:                2
[    0.251695] ... bit width:              48
[    0.251698] ... generic registers:      4
[    0.252301] ... value mask:             0000ffffffffffff
[    0.253093] ... max period:             00007fffffffffff
[    0.253900] ... fixed-purpose events:   3
[    0.254538] ... event mask:             000000070000000f
[    0.255397] signal: max sigframe size: 2032
[    0.255718] rcu: Hierarchical SRCU implementation.
[    0.256435] rcu: 	Max phase no-delay instances is 1000.
[    0.259821] smp: Bringing up secondary CPUs ...
[    0.260515] smp: Brought up 1 node, 1 CPU
[    0.261125] smpboot: Total of 1 processors activated (7199.99 BogoMIPS)
[    0.275674] node 0 deferred pages initialised in 12ms
[    0.275719] Memory: 8051148K/8388084K available (16384K kernel code, 2497K rwdata, 11808K rodata, 4164K init, 4916K bss, 333220K reserved, 0K cma-reserved)
[    0.278147] devtmpfs: initialized
[    0.278680] x86/mm: Memory block size: 128MB
[    0.279927] clocksource: jiffies: mask: 0xffffffff max_cycles: 0xffffffff, max_idle_ns: 7645041785100000 ns
[    0.281462] futex hash table entries: 256 (order: 2, 16384 bytes, linear)
[    0.282513] pinctrl core: initialized pinctrl subsystem
[    0.283708] NET: Registered PF_NETLINK/PF_ROUTE protocol family
[    0.284759] DMA: preallocated 1024 KiB GFP_KERNEL pool for atomic allocations
[    0.285871] DMA: preallocated 1024 KiB GFP_KERNEL|GFP_DMA pool for atomic allocations
[    0.287189] DMA: preallocated 1024 KiB GFP_KERNEL|GFP_DMA32 pool for atomic allocations
[    0.287711] audit: initializing netlink subsys (disabled)
[    0.288604] audit: type=2000 audit(1783989799.235:1): state=initialized audit_enabled=0 res=1
[    0.289959] thermal_sys: Registered thermal governor 'fair_share'
[    0.289960] thermal_sys: Registered thermal governor 'bang_bang'
[    0.290877] thermal_sys: Registered thermal governor 'step_wise'
[    0.291702] thermal_sys: Registered thermal governor 'user_space'
[    0.292654] thermal_sys: Registered thermal governor 'power_allocator'
[    0.293574] cpuidle: using governor ladder
[    0.295174] cpuidle: using governor menu
[    0.295743] acpiphp: ACPI Hot Plug PCI Controller Driver version: 0.5
[    0.296830] PCI: ECAM [mem 0xb0000000-0xbfffffff] (base 0xb0000000) for domain 0000 [bus 00-ff]
[    0.298134] PCI: ECAM [mem 0xb0000000-0xbfffffff] reserved as E820 entry
[    0.299147] PCI: Using configuration type 1 for base access
[    0.299783] kprobes: kprobe jump-optimization is enabled. All kprobes are optimized if possible.
[    0.323967] HugeTLB: registered 1.00 GiB page size, pre-allocated 0 pages
[    0.324988] HugeTLB: 16380 KiB vmemmap can be freed for a 1.00 GiB page
[    0.325981] HugeTLB: registered 2.00 MiB page size, pre-allocated 0 pages
[    0.327048] HugeTLB: 28 KiB vmemmap can be freed for a 2.00 MiB page
[    0.329887] ACPI: Added _OSI(Module Device)
[    0.330546] ACPI: Added _OSI(Processor Device)
[    0.331254] ACPI: Added _OSI(Processor Aggregator Device)
[    0.332381] ACPI: 1 ACPI AML tables successfully acquired and loaded
[    0.334048] ACPI: Interpreter enabled
[    0.334670] ACPI: PM: (supports S0 S3 S4 S5)
[    0.335320] ACPI: Using IOAPIC for interrupt routing
[    0.335711] PCI: Using host bridge windows from ACPI; if necessary, use "pci=nocrs" and report a bug
[    0.337075] PCI: Using E820 reservations for host bridge windows
[    0.338093] ACPI: Enabled 2 GPEs in block 00 to 3F
[    0.340306] ACPI: PCI Root Bridge [PCI0] (domain 0000 [bus 00-ff])
[    0.341242] acpi PNP0A08:00: _OSC: OS supports [ExtendedConfig ASPM ClockPM Segments MSI HPX-Type3]
[    0.342673] acpi PNP0A08:00: _OSC: platform does not support [PCIeHotplug LTR]
[    0.343738] acpi PNP0A08:00: _OSC: OS now controls [SHPCHotplug PME AER PCIeCapability]
[    0.345055] PCI host bridge to bus 0000:00
[    0.345699] pci_bus 0000:00: root bus resource [io  0x0000-0x0cf7 window]
[    0.346753] pci_bus 0000:00: root bus resource [io  0x0d00-0xffff window]
[    0.347698] pci_bus 0000:00: root bus resource [mem 0x000a0000-0x000bffff window]
[    0.348818] pci_bus 0000:00: root bus resource [mem 0x80000000-0xafffffff window]
[    0.349989] pci_bus 0000:00: root bus resource [mem 0xc0000000-0xfebfffff window]
[    0.351106] pci_bus 0000:00: root bus resource [mem 0x280000000-0xa7fffffff window]
[    0.351699] pci_bus 0000:00: root bus resource [bus 00-ff]
[    0.352583] pci 0000:00:00.0: [8086:29c0] type 00 class 0x060000 conventional PCI endpoint
[    0.354351] pci 0000:00:01.0: [1234:1111] type 00 class 0x030000 conventional PCI endpoint
[    0.356150] pci 0000:00:01.0: BAR 0 [mem 0xfd000000-0xfdffffff pref]
[    0.359085] pci 0000:00:01.0: BAR 2 [mem 0xfebd4000-0xfebd4fff]
[    0.362713] pci 0000:00:01.0: ROM [mem 0xfebc0000-0xfebcffff pref]
[    0.363780] pci 0000:00:01.0: Video device with shadowed ROM at [mem 0x000c0000-0x000dffff]
[    0.365412] pci 0000:00:02.0: [8086:10d3] type 00 class 0x020000 PCIe Root Complex Integrated Endpoint
[    0.367498] pci 0000:00:02.0: BAR 0 [mem 0xfeb80000-0xfeb9ffff]
[    0.368264] pci 0000:00:02.0: BAR 1 [mem 0xfeba0000-0xfebbffff]
[    0.370036] pci 0000:00:02.0: BAR 2 [io  0xc040-0xc05f]
[    0.371933] pci 0000:00:02.0: BAR 3 [mem 0xfebd0000-0xfebd3fff]
[    0.374340] pci 0000:00:02.0: ROM [mem 0xfeb40000-0xfeb7ffff pref]
[    0.375390] pci 0000:00:02.0: enabling Extended Tags
[    0.376765] pci 0000:00:1f.0: [8086:2918] type 00 class 0x060100 conventional PCI endpoint
[    0.378539] pci 0000:00:1f.0: quirk: [io  0x0600-0x067f] claimed by ICH6 ACPI/GPIO/TCO
[    0.379957] pci 0000:00:1f.2: [8086:2922] type 00 class 0x010601 conventional PCI endpoint
[    0.383117] pci 0000:00:1f.2: BAR 4 [io  0xc060-0xc07f]
[    0.384088] pci 0000:00:1f.2: BAR 5 [mem 0xfebd5000-0xfebd5fff]
[    0.385820] pci 0000:00:1f.3: [8086:2930] type 00 class 0x0c0500 conventional PCI endpoint
[    0.388635] pci 0000:00:1f.3: BAR 4 [io  0x0700-0x073f]
[    0.391822] ACPI: PCI: Interrupt link LNKA configured for IRQ 10
[    0.392805] ACPI: PCI: Interrupt link LNKB configured for IRQ 10
[    0.393785] ACPI: PCI: Interrupt link LNKC configured for IRQ 11
[    0.394835] ACPI: PCI: Interrupt link LNKD configured for IRQ 11
[    0.395768] ACPI: PCI: Interrupt link LNKE configured for IRQ 10
[    0.396747] ACPI: PCI: Interrupt link LNKF configured for IRQ 10
[    0.397726] ACPI: PCI: Interrupt link LNKG configured for IRQ 11
[    0.398752] ACPI: PCI: Interrupt link LNKH configured for IRQ 11
[    0.399730] ACPI: PCI: Interrupt link GSIA configured for IRQ 16
[    0.400745] ACPI: PCI: Interrupt link GSIB configured for IRQ 17
[    0.402377] ACPI: PCI: Interrupt link GSIC configured for IRQ 18
[    0.403289] ACPI: PCI: Interrupt link GSID configured for IRQ 19
[    0.403708] ACPI: PCI: Interrupt link GSIE configured for IRQ 20
[    0.404621] ACPI: PCI: Interrupt link GSIF configured for IRQ 21
[    0.405622] ACPI: PCI: Interrupt link GSIG configured for IRQ 22
[    0.406539] ACPI: PCI: Interrupt link GSIH configured for IRQ 23
[    0.407868] iommu: Default domain type: Translated
[    0.408656] iommu: DMA domain TLB invalidation policy: lazy mode
[    0.409777] pps_core: LinuxPPS API ver. 1 registered
[    0.410531] pps_core: Software ver. 5.3.6 - Copyright 2005-2007 Rodolfo Giometti <giometti@linux.it>
[    0.411700] PTP clock support registered
[    0.412306] EDAC MC: Ver: 3.0.0
[    0.413444] NetLabel: Initializing
[    0.413970] NetLabel:  domain hash size = 128
[    0.414631] NetLabel:  protocols = UNLABELED CIPSOv4 CALIPSO
[    0.415503] NetLabel:  unlabeled traffic allowed by default
[    0.415698] PCI: Using ACPI for IRQ routing
[    0.486519] pci 0000:00:01.0: vgaarb: setting as boot VGA device
[    0.487445] pci 0000:00:01.0: vgaarb: bridge control possible
[    0.487695] pci 0000:00:01.0: vgaarb: VGA device added: decodes=io+mem,owns=io+mem,locks=none
[    0.487698] vgaarb: loaded
[    0.488158] hpet0: at MMIO 0xfed00000, IRQs 2, 8, 0
[    0.488914] hpet0: 3 comparators, 64-bit 100.000000 MHz counter
[    0.494778] clocksource: Switched to clocksource kvm-clock
[    0.495695] VFS: Disk quotas dquot_6.6.0
[    0.495695] VFS: Dquot-cache hash table entries: 512 (order 0, 4096 bytes)
[    0.495695] AppArmor: AppArmor Filesystem Enabled
[    0.495799] pnp: PnP ACPI init
[    0.496411] system 00:05: [mem 0xb0000000-0xbfffffff window] has been reserved
[    0.496625] pnp: PnP ACPI: found 6 devices
[    0.503824] clocksource: acpi_pm: mask: 0xffffff max_cycles: 0xffffff, max_idle_ns: 2085701024 ns
[    0.505229] NET: Registered PF_INET protocol family
[    0.506041] IP idents hash table entries: 131072 (order: 8, 1048576 bytes, linear)
[    0.516008] tcp_listen_portaddr_hash hash table entries: 4096 (order: 4, 65536 bytes, linear)
[    0.517329] Table-perturb hash table entries: 65536 (order: 6, 262144 bytes, linear)
[    0.518534] TCP established hash table entries: 65536 (order: 7, 524288 bytes, linear)
[    0.519969] TCP bind hash table entries: 65536 (order: 9, 2097152 bytes, linear)
[    0.521239] TCP: Hash tables configured (established 65536 bind 65536)
[    0.522286] MPTCP token hash table entries: 8192 (order: 6, 196608 bytes, linear)
[    0.523477] UDP hash table entries: 4096 (order: 5, 131072 bytes, linear)
[    0.524652] UDP-Lite hash table entries: 4096 (order: 5, 131072 bytes, linear)
[    0.525809] NET: Registered PF_UNIX/PF_LOCAL protocol family
[    0.526692] NET: Registered PF_XDP protocol family
[    0.527468] pci_bus 0000:00: resource 4 [io  0x0000-0x0cf7 window]
[    0.528416] pci_bus 0000:00: resource 5 [io  0x0d00-0xffff window]
[    0.529349] pci_bus 0000:00: resource 6 [mem 0x000a0000-0x000bffff window]
[    0.530395] pci_bus 0000:00: resource 7 [mem 0x80000000-0xafffffff window]
[    0.531480] pci_bus 0000:00: resource 8 [mem 0xc0000000-0xfebfffff window]
[    0.532512] pci_bus 0000:00: resource 9 [mem 0x280000000-0xa7fffffff window]
[    0.533648] PCI: CLS 0 bytes, default 64
[    0.534356] Trying to unpack rootfs image as initramfs...
[    0.537788] PCI-DMA: Using software bounce buffering for IO (SWIOTLB)
[    0.538761] software IO TLB: mapped [mem 0x000000007744c000-0x000000007b44c000] (64MB)
[    0.540031] clocksource: tsc: mask: 0xffffffffffffffff max_cycles: 0x33e451ab1a6, max_idle_ns: 440795278720 ns
[    0.546040] Initialise system trusted keyrings
[    0.546735] Key type blacklist registered
[    0.547435] workingset: timestamp_bits=36 max_order=21 bucket_order=0
[    0.548411] zbud: loaded
[    0.548882] fuse: init (API version 7.41)
[    0.549586] integrity: Platform Keyring initialized
[    0.553838] integrity: Machine keyring initialized
[    0.573764] Key type asymmetric registered
[    0.574402] Asymmetric key parser 'x509' registered
[    0.900392] Freeing initrd memory: 77328K
[    0.901535] Block layer SCSI generic (bsg) driver version 0.4 loaded (major 246)
[    0.902692] io scheduler mq-deadline registered
[    0.904231] ledtrig-cpu: registered to indicate activity on CPUs
[    0.905189] shpchp: Standard Hot Plug PCI Controller Driver version: 0.4
[    0.906361] Serial: 8250/16550 driver, 4 ports, IRQ sharing enabled
[    0.907730] 00:03: ttyS0 at I/O 0x3f8 (irq = 4, base_baud = 115200) is a 16550A
[    0.909216] Linux agpgart interface v0.103
[    0.910049] i8042: PNP: PS/2 Controller [PNP0303:KBD,PNP0f13:MOU] at 0x60,0x64 irq 1,12
[    0.911977] serio: i8042 KBD port at 0x60,0x64 irq 1
[    0.912730] serio: i8042 AUX port at 0x60,0x64 irq 12
[    0.913562] mousedev: PS/2 mouse device common for all mice
[    0.914680] input: AT Translated Set 2 keyboard as /devices/platform/i8042/serio0/input/input0
[    0.916236] rtc_cmos 00:04: RTC can wake from S4
[    0.917405] rtc_cmos 00:04: registered as rtc0
[    0.918164] rtc_cmos 00:04: setting system clock to 2026-07-14T00:43:19 UTC (1783989799)
[    0.919490] rtc_cmos 00:04: alarms up to one day, y3k, 242 bytes nvram, hpet irqs
[    0.920616] intel_pstate: CPU model not supported
[    0.921832] NET: Registered PF_INET6 protocol family
[    0.923013] Segment Routing with IPv6
[    0.923629] In-situ OAM (IOAM) with IPv6
[    0.924240] mip6: Mobile IPv6
[    0.924703] NET: Registered PF_PACKET protocol family
[    0.925485] mpls_gso: MPLS GSO support
[    0.926152] IPI shorthand broadcast: enabled
[    0.927950] sched_clock: Marking stable (796313390, 129746834)->(941120487, -15060263)
[    0.929201] registered taskstats version 1
[    0.929909] Loading compiled-in X.509 certificates
[    0.941765] Loaded X.509 cert 'Build time autogenerated kernel key: e87b99600394fc77ba6018a2cc6a68db4bb86ee6'
[    0.944480] Demotion targets for Node 0: null
[    0.945172] Key type .fscrypt registered
[    0.945779] Key type fscrypt-provisioning registered
[    0.947013] Key type encrypted registered
[    0.947673] AppArmor: AppArmor sha256 policy hashing enabled
[    0.948548] ima: No TPM chip found, activating TPM-bypass!
[    0.949376] ima: Allocated hash algorithm: sha256
[    0.950118] ima: No architecture policies found
[    0.950813] evm: Initialising EVM extended attributes:
[    0.951641] evm: security.selinux
[    0.952146] evm: security.SMACK64 (disabled)
[    0.952792] evm: security.SMACK64EXEC (disabled)
[    0.953489] evm: security.SMACK64TRANSMUTE (disabled)
[    0.954259] evm: security.SMACK64MMAP (disabled)
[    0.954956] evm: security.apparmor
[    0.955522] evm: security.ima
[    0.955977] evm: security.capability
[    0.956519] evm: HMAC attrs: 0x1
[    0.969777] RAS: Correctable Errors collector initialized.
[    0.985801] clk: Disabling unused clocks
[    0.986404] PM: genpd: Disabling unused power domains
[    0.993964] Freeing unused decrypted memory: 2028K
[    0.994757] Freeing unused kernel image (initmem) memory: 4164K
[    0.995454] Write protecting the kernel read-only data: 28672k
[    0.996228] Freeing unused kernel image (rodata/data gap) memory: 480K
[    1.028132] x86/mm: Checked W+X mappings: passed, no W+X pages found.
[    1.061786] Run /init as init process
NESTED_X86_L1_BOOT_OK
Linux (none) 6.12.90+deb13.1-amd64 #1 SMP PREEMPT_DYNAMIC Debian 6.12.90-2 (2026-05-27) x86_64 GNU/Linux
              total        used        free      shared  buff/cache   available
Mem:           7948          51        7756         141         141        7619
console=ttyS0 rdinit=/init panic=-1 harmony.gates=n3_repeat_gate harmony.env=N3_REPS=1000,N3_ITEM=insn-rng
msr: loaded
irqbypass: loaded
[    1.092478] kvm: loading out-of-tree module taints kernel.
[    1.093095] kvm: module verification failed: signature and/or required key missing - tainting kernel
kvm(PATCHED): loaded
kvm-intel(PATCHED): loaded
L1_DEV_KVM_PRESENT
NESTED_X86_L2_PIN_CHECK_BEGIN
f06a34a79010a8f2cc8226dc629cc8fb049740016f035f53e3f2e53d9a30dd41  guest/build/bzImage
3c4a7f2f0db4b59aaf4dee55d43a42c57fc0d10ac25441de88128c61be0778c2  guest/build/initramfs-postgres.cpio.gz
NESTED_X86_L2_PIN_CHECK_END
ENV N3_REPS=1000
ENV N3_ITEM=insn-rng
NESTED_X86_GATE_BEGIN n3_repeat_gate 

running 1 test
test n3_repeat_gate ... N3JSON {"event":"start","item":"insn-rng","reps":1000,"seed":11471204516818368}
[   30.396593] clocksource: Long readout interval, skipping watchdog check: cs_nsec: 2186788995 wd_nsec: 2186788217
N3JSON {"event":"progress","attempted":100,"identical":100,"mismatches":0}
N3JSON {"event":"progress","attempted":200,"identical":200,"mismatches":0}
N3JSON {"event":"progress","attempted":300,"identical":300,"mismatches":0}
N3JSON {"event":"progress","attempted":400,"identical":400,"mismatches":0}
N3JSON {"event":"progress","attempted":500,"identical":500,"mismatches":0}
N3JSON {"event":"progress","attempted":600,"identical":600,"mismatches":0}
N3JSON {"event":"progress","attempted":700,"identical":700,"mismatches":0}
N3JSON {"event":"progress","attempted":800,"identical":800,"mismatches":0}
N3JSON {"event":"progress","attempted":900,"identical":900,"mismatches":0}
N3JSON {"event":"progress","attempted":1000,"identical":1000,"mismatches":0}
N3JSON {"event":"summary","item":"insn-rng","attempted":1000,"identical":1000,"mismatches":0,"state_hash":"6163f1109b5677de0ff924f7932e7ade007434c99c24bc9a7e11beac27f5bbb4","observable_digest":"0fe06bf4edf727fc1d200f810a307c30e65915b7c1ed230a5e513defbb2a3926"}
ok

test result: ok. 1 passed; 0 failed; 0 ignored; 0 measured; 0 filtered out; finished in 12536.88s

NESTED_X86_GATE_RC n3_repeat_gate rc=0
NESTED_X86_GATE_END n3_repeat_gate
--- L1 dmesg tail (kvm/vmx/pmu/perf) ---
[    0.000000] Hypervisor detected: KVM
[    0.000000] kvm-clock: Using msrs 4b564d01 and 4b564d00
[    0.000000] kvm-clock: using sched offset of 169222658 cycles
[    0.000001] clocksource: kvm-clock: mask: 0xffffffffffffffff max_cycles: 0x1cd42e4dffb, max_idle_ns: 881590591483 ns
[    0.011250] kvm-guest: APIC: eoi() replaced with kvm_guest_apic_eoi_write()
[    0.011271] Booting paravirtualized kernel on KVM
[    0.014929] kvm-guest: PV spinlocks disabled, single CPU
[    0.250721] Performance Events: Skylake events, full-width counters, Intel PMU driver.
[    0.494778] clocksource: Switched to clocksource kvm-clock
[    1.092478] kvm: loading out-of-tree module taints kernel.
[    1.093095] kvm: module verification failed: signature and/or required key missing - tainting kernel
NESTED_X86_GATES_FAILED 0
NESTED_X86_L1_DONE
[12538.221131] ACPI: PM: Preparing to enter system sleep state S5
[12538.221846] kvm: exiting hardware virtualization
[12538.222359] reboot: Power down
