[    0.000000] Linux version 6.12.90+deb13.1-amd64 (debian-kernel@lists.debian.org) (x86_64-linux-gnu-gcc-14 (Debian 14.2.0-19) 14.2.0, GNU ld (GNU Binutils for Debian) 2.44) #1 SMP PREEMPT_DYNAMIC Debian 6.12.90-2 (2026-05-27)
[    0.000000] Command line: console=ttyS0 rdinit=/init panic=-1 harmony.gates=n3_repeat_gate harmony.env=N3_REPS=250,N3_ITEM=insn-rng
[    0.000000] BIOS-provided physical RAM map:
[    0.000000] BIOS-e820: [mem 0x0000000000000000-0x000000000009fbff] usable
[    0.000000] BIOS-e820: [mem 0x000000000009fc00-0x000000000009ffff] reserved
[    0.000000] BIOS-e820: [mem 0x00000000000f0000-0x00000000000fffff] reserved
[    0.000000] BIOS-e820: [mem 0x0000000000100000-0x000000007ffdefff] usable
[    0.000000] BIOS-e820: [mem 0x000000007ffdf000-0x000000007fffffff] reserved
[    0.000000] BIOS-e820: [mem 0x00000000b0000000-0x00000000bfffffff] reserved
[    0.000000] BIOS-e820: [mem 0x00000000fed1c000-0x00000000fed1ffff] reserved
[    0.000000] BIOS-e820: [mem 0x00000000feffc000-0x00000000feffffff] reserved
[    0.000000] BIOS-e820: [mem 0x00000000fffc0000-0x00000000ffffffff] reserved
[    0.000000] BIOS-e820: [mem 0x0000000100000000-0x000000027fffffff] usable
[    0.000000] NX (Execute Disable) protection: active
[    0.000000] APIC: Static calls initialized
[    0.000000] SMBIOS 2.8 present.
[    0.000000] DMI: QEMU Standard PC (Q35 + ICH9, 2009), BIOS 1.16.3-debian-1.16.3-2 04/01/2014
[    0.000000] DMI: Memory slots populated: 1/1
[    0.000000] Hypervisor detected: KVM
[    0.000000] last_pfn = 0x7ffdf max_arch_pfn = 0x400000000
[    0.000000] kvm-clock: Using msrs 4b564d01 and 4b564d00
[    0.000000] kvm-clock: using sched offset of 160624893 cycles
[    0.000001] clocksource: kvm-clock: mask: 0xffffffffffffffff max_cycles: 0x1cd42e4dffb, max_idle_ns: 881590591483 ns
[    0.000003] tsc: Detected 3599.998 MHz processor
[    0.000710] last_pfn = 0x280000 max_arch_pfn = 0x400000000
[    0.000731] MTRR map: 4 entries (3 fixed + 1 variable; max 19), built from 8 variable MTRRs
[    0.000733] x86/PAT: Configuration [0-7]: WB  WC  UC- UC  WB  WP  UC- WT  
[    0.000762] last_pfn = 0x7ffdf max_arch_pfn = 0x400000000
[    0.005811] found SMP MP-table at [mem 0x000f5480-0x000f548f]
[    0.005821] Using GB pages for direct mapping
[    0.005891] RAMDISK: [mem 0x79c87000-0x7ffcffff]
[    0.005895] ACPI: Early table checksum verification disabled
[    0.005897] ACPI: RSDP 0x00000000000F52A0 000014 (v00 BOCHS )
[    0.005901] ACPI: RSDT 0x000000007FFE2351 000038 (v01 BOCHS  BXPC     00000001 BXPC 00000001)
[    0.005904] ACPI: FACP 0x000000007FFE2149 0000F4 (v03 BOCHS  BXPC     00000001 BXPC 00000001)
[    0.005908] ACPI: DSDT 0x000000007FFE0040 002109 (v01 BOCHS  BXPC     00000001 BXPC 00000001)
[    0.005910] ACPI: FACS 0x000000007FFE0000 000040
[    0.005912] ACPI: APIC 0x000000007FFE223D 000078 (v03 BOCHS  BXPC     00000001 BXPC 00000001)
[    0.005914] ACPI: HPET 0x000000007FFE22B5 000038 (v01 BOCHS  BXPC     00000001 BXPC 00000001)
[    0.005916] ACPI: MCFG 0x000000007FFE22ED 00003C (v01 BOCHS  BXPC     00000001 BXPC 00000001)
[    0.005918] ACPI: WAET 0x000000007FFE2329 000028 (v01 BOCHS  BXPC     00000001 BXPC 00000001)
[    0.005920] ACPI: Reserving FACP table memory at [mem 0x7ffe2149-0x7ffe223c]
[    0.005921] ACPI: Reserving DSDT table memory at [mem 0x7ffe0040-0x7ffe2148]
[    0.005921] ACPI: Reserving FACS table memory at [mem 0x7ffe0000-0x7ffe003f]
[    0.005922] ACPI: Reserving APIC table memory at [mem 0x7ffe223d-0x7ffe22b4]
[    0.005922] ACPI: Reserving HPET table memory at [mem 0x7ffe22b5-0x7ffe22ec]
[    0.005922] ACPI: Reserving MCFG table memory at [mem 0x7ffe22ed-0x7ffe2328]
[    0.005923] ACPI: Reserving WAET table memory at [mem 0x7ffe2329-0x7ffe2350]
[    0.006238] No NUMA configuration found
[    0.006238] Faking a node at [mem 0x0000000000000000-0x000000027fffffff]
[    0.006243] NODE_DATA(0) allocated [mem 0x27ffd5680-0x27fffffff]
[    0.006507] Zone ranges:
[    0.006508]   DMA      [mem 0x0000000000001000-0x0000000000ffffff]
[    0.006509]   DMA32    [mem 0x0000000001000000-0x00000000ffffffff]
[    0.006510]   Normal   [mem 0x0000000100000000-0x000000027fffffff]
[    0.006510]   Device   empty
[    0.006511] Movable zone start for each node
[    0.006512] Early memory node ranges
[    0.006513]   node   0: [mem 0x0000000000001000-0x000000000009efff]
[    0.006514]   node   0: [mem 0x0000000000100000-0x000000007ffdefff]
[    0.006514]   node   0: [mem 0x0000000100000000-0x000000027fffffff]
[    0.006516] Initmem setup node 0 [mem 0x0000000000001000-0x000000027fffffff]
[    0.006647] On node 0, zone DMA: 1 pages in unavailable ranges
[    0.006658] On node 0, zone DMA: 97 pages in unavailable ranges
[    0.010005] On node 0, zone Normal: 33 pages in unavailable ranges
[    0.010415] ACPI: PM-Timer IO Port: 0x608
[    0.010429] ACPI: LAPIC_NMI (acpi_id[0xff] dfl dfl lint[0x1])
[    0.010454] IOAPIC[0]: apic_id 0, version 17, address 0xfec00000, GSI 0-23
[    0.010457] ACPI: INT_SRC_OVR (bus 0 bus_irq 0 global_irq 2 dfl dfl)
[    0.010458] ACPI: INT_SRC_OVR (bus 0 bus_irq 5 global_irq 5 high level)
[    0.010459] ACPI: INT_SRC_OVR (bus 0 bus_irq 9 global_irq 9 high level)
[    0.010459] ACPI: INT_SRC_OVR (bus 0 bus_irq 10 global_irq 10 high level)
[    0.010460] ACPI: INT_SRC_OVR (bus 0 bus_irq 11 global_irq 11 high level)
[    0.010463] ACPI: Using ACPI (MADT) for SMP configuration information
[    0.010464] ACPI: HPET id: 0x8086a201 base: 0xfed00000
[    0.010468] TSC deadline timer available
[    0.010471] CPU topo: Max. logical packages:   1
[    0.010471] CPU topo: Max. logical dies:       1
[    0.010472] CPU topo: Max. dies per package:   1
[    0.010474] CPU topo: Max. threads per core:   1
[    0.010475] CPU topo: Num. cores per package:     1
[    0.010475] CPU topo: Num. threads per package:   1
[    0.010475] CPU topo: Allowing 1 present CPUs plus 0 hotplug CPUs
[    0.010490] kvm-guest: APIC: eoi() replaced with kvm_guest_apic_eoi_write()
[    0.010506] PM: hibernation: Registered nosave memory: [mem 0x00000000-0x00000fff]
[    0.010507] PM: hibernation: Registered nosave memory: [mem 0x0009f000-0x000fffff]
[    0.010508] PM: hibernation: Registered nosave memory: [mem 0x7ffdf000-0xffffffff]
[    0.010509] [mem 0xc0000000-0xfed1bfff] available for PCI devices
[    0.010510] Booting paravirtualized kernel on KVM
[    0.010511] clocksource: refined-jiffies: mask: 0xffffffff max_cycles: 0xffffffff, max_idle_ns: 7645519600211568 ns
[    0.013871] setup_percpu: NR_CPUS:8192 nr_cpumask_bits:1 nr_cpu_ids:1 nr_node_ids:1
[    0.014084] percpu: Embedded 66 pages/cpu s233472 r8192 d28672 u2097152
[    0.014109] kvm-guest: PV spinlocks disabled, single CPU
[    0.014110] Kernel command line: console=ttyS0 rdinit=/init panic=-1 harmony.gates=n3_repeat_gate harmony.env=N3_REPS=250,N3_ITEM=insn-rng
[    0.014164] random: crng init done
[    0.014915] Dentry cache hash table entries: 1048576 (order: 11, 8388608 bytes, linear)
[    0.015298] Inode-cache hash table entries: 524288 (order: 10, 4194304 bytes, linear)
[    0.015329] Fallback order for Node 0: 0 
[    0.015331] Built 1 zonelists, mobility grouping on.  Total pages: 2097021
[    0.015332] Policy zone: Normal
[    0.015337] mem auto-init: stack:all(zero), heap alloc:on, heap free:off
[    0.015341] software IO TLB: area num 1.
[    0.030377] SLUB: HWalign=64, Order=0-3, MinObjects=0, CPUs=1, Nodes=1
[    0.030397] ftrace: allocating 45769 entries in 179 pages
[    0.035607] ftrace: allocated 179 pages with 5 groups
[    0.036092] Dynamic Preempt: voluntary
[    0.036236] rcu: Preemptible hierarchical RCU implementation.
[    0.036236] rcu: 	RCU restricting CPUs from NR_CPUS=8192 to nr_cpu_ids=1.
[    0.036237] 	Trampoline variant of Tasks RCU enabled.
[    0.036237] 	Rude variant of Tasks RCU enabled.
[    0.036238] 	Tracing variant of Tasks RCU enabled.
[    0.036238] rcu: RCU calculated value of scheduler-enlistment delay is 25 jiffies.
[    0.036239] rcu: Adjusting geometry for rcu_fanout_leaf=16, nr_cpu_ids=1
[    0.036242] RCU Tasks: Setting shift to 0 and lim to 1 rcu_task_cb_adjust=1 rcu_task_cpu_ids=1.
[    0.036243] RCU Tasks Rude: Setting shift to 0 and lim to 1 rcu_task_cb_adjust=1 rcu_task_cpu_ids=1.
[    0.036244] RCU Tasks Trace: Setting shift to 0 and lim to 1 rcu_task_cb_adjust=1 rcu_task_cpu_ids=1.
[    0.039410] NR_IRQS: 524544, nr_irqs: 256, preallocated irqs: 16
[    0.039589] rcu: srcu_init: Setting srcu_struct sizes based on contention.
[    0.051476] Console: colour VGA+ 80x25
[    0.051520] printk: legacy console [ttyS0] enabled
[    0.168211] ACPI: Core revision 20240827
[    0.168978] clocksource: hpet: mask: 0xffffffff max_cycles: 0xffffffff, max_idle_ns: 19112604467 ns
[    0.170484] APIC: Switch to symmetric I/O mode setup
[    0.171374] x2apic enabled
[    0.171972] APIC: Switched APIC routing to: physical x2apic
[    0.173472] ..TIMER: vector=0x30 apic1=0 pin1=2 apic2=-1 pin2=-1
[    0.174388] clocksource: tsc-early: mask: 0xffffffffffffffff max_cycles: 0x33e451ab1a6, max_idle_ns: 440795278720 ns
[    0.175982] Calibrating delay loop (skipped) preset value.. 7199.99 BogoMIPS (lpj=14399992)
[    0.177304] x86/cpu: User Mode Instruction Prevention (UMIP) activated
[    0.178333] Last level iTLB entries: 4KB 0, 2MB 0, 4MB 0
[    0.179982] Last level dTLB entries: 4KB 0, 2MB 0, 4MB 0, 1GB 0
[    0.180881] Spectre V1 : Mitigation: usercopy/swapgs barriers and __user pointer sanitization
[    0.182150] Spectre V2 : Spectre BHI mitigation: SW BHB clearing on syscall and VM exit
[    0.183982] Spectre V2 : Mitigation: IBRS
[    0.184585] Spectre V2 : Spectre v2 / SpectreRSB: Filling RSB on context switch and VMEXIT
[    0.185812] RETBleed: Mitigation: IBRS
[    0.186375] Spectre V2 : mitigation: Enabling conditional Indirect Branch Prediction Barrier
[    0.187621] Speculative Store Bypass: Mitigation: Speculative Store Bypass disabled via prctl
[    0.187985] MDS: Mitigation: Clear CPU buffers
[    0.188660] MMIO Stale Data: Mitigation: Clear CPU buffers
[    0.189475] SRBDS: Unknown: Dependent on hypervisor status
[    0.190290] active return thunk: its_return_thunk
[    0.191982] ITS: Mitigation: Aligned branch/return thunks
[    0.192801] x86/fpu: Supporting XSAVE feature 0x001: 'x87 floating point registers'
[    0.193943] x86/fpu: Supporting XSAVE feature 0x002: 'SSE registers'
[    0.194889] x86/fpu: Supporting XSAVE feature 0x004: 'AVX registers'
[    0.195834] x86/fpu: Supporting XSAVE feature 0x008: 'MPX bounds registers'
[    0.195982] x86/fpu: Supporting XSAVE feature 0x010: 'MPX CSR'
[    0.196862] x86/fpu: xstate_offset[2]:  576, xstate_sizes[2]:  256
[    0.197782] x86/fpu: xstate_offset[3]:  832, xstate_sizes[3]:   64
[    0.198701] x86/fpu: xstate_offset[4]:  896, xstate_sizes[4]:   64
[    0.199982] x86/fpu: Enabled xstate features 0x1f, context size is 960 bytes, using 'compacted' format.
[    0.232245] Freeing SMP alternatives memory: 40K
[    0.232949] pid_max: default: 32768 minimum: 301
[    0.233673] LSM: initializing lsm=lockdown,capability,landlock,yama,apparmor,tomoyo,bpf,ipe,ima,evm
[    0.235064] landlock: Up and running.
[    0.235619] Yama: disabled by default; enable with sysctl kernel.yama.*
[    0.236037] AppArmor: AppArmor initialized
[    0.236677] TOMOYO Linux initialized
[    0.237343] LSM support for eBPF active
[    0.237967] Mount-cache hash table entries: 16384 (order: 5, 131072 bytes, linear)
[    0.239101] Mountpoint-cache hash table entries: 16384 (order: 5, 131072 bytes, linear)
[    0.240196] smpboot: CPU0: Intel(R) Core(TM) i9-9900K CPU @ 3.60GHz (family: 0x6, model: 0x9e, stepping: 0xc)
[    0.241802] Performance Events: Skylake events, full-width counters, Intel PMU driver.
[    0.243021] ... version:                2
[    0.243623] ... bit width:              48
[    0.243983] ... generic registers:      4
[    0.244587] ... value mask:             0000ffffffffffff
[    0.245380] ... max period:             00007fffffffffff
[    0.246174] ... fixed-purpose events:   3
[    0.246790] ... event mask:             000000070000000f
[    0.247650] signal: max sigframe size: 2032
[    0.248003] rcu: Hierarchical SRCU implementation.
[    0.248724] rcu: 	Max phase no-delay instances is 1000.
[    0.252159] smp: Bringing up secondary CPUs ...
[    0.252854] smp: Brought up 1 node, 1 CPU
[    0.253462] smpboot: Total of 1 processors activated (7199.99 BogoMIPS)
[    0.267164] node 0 deferred pages initialised in 12ms
[    0.267979] Memory: 8026728K/8388084K available (16384K kernel code, 2497K rwdata, 11808K rodata, 4164K init, 4916K bss, 357552K reserved, 0K cma-reserved)
[    0.268279] devtmpfs: initialized
[    0.268813] x86/mm: Memory block size: 128MB
[    0.270062] clocksource: jiffies: mask: 0xffffffff max_cycles: 0xffffffff, max_idle_ns: 7645041785100000 ns
[    0.271521] futex hash table entries: 256 (order: 2, 16384 bytes, linear)
[    0.272024] pinctrl core: initialized pinctrl subsystem
[    0.273196] NET: Registered PF_NETLINK/PF_ROUTE protocol family
[    0.274194] DMA: preallocated 1024 KiB GFP_KERNEL pool for atomic allocations
[    0.275308] DMA: preallocated 1024 KiB GFP_KERNEL|GFP_DMA pool for atomic allocations
[    0.276142] DMA: preallocated 1024 KiB GFP_KERNEL|GFP_DMA32 pool for atomic allocations
[    0.277352] audit: initializing netlink subsys (disabled)
[    0.278188] audit: type=2000 audit(1783703942.263:1): state=initialized audit_enabled=0 res=1
[    0.279554] thermal_sys: Registered thermal governor 'fair_share'
[    0.279555] thermal_sys: Registered thermal governor 'bang_bang'
[    0.279986] thermal_sys: Registered thermal governor 'step_wise'
[    0.280893] thermal_sys: Registered thermal governor 'user_space'
[    0.281795] thermal_sys: Registered thermal governor 'power_allocator'
[    0.282733] cpuidle: using governor ladder
[    0.283988] cpuidle: using governor menu
[    0.284623] acpiphp: ACPI Hot Plug PCI Controller Driver version: 0.5
[    0.285707] PCI: ECAM [mem 0xb0000000-0xbfffffff] (base 0xb0000000) for domain 0000 [bus 00-ff]
[    0.287025] PCI: ECAM [mem 0xb0000000-0xbfffffff] reserved as E820 entry
[    0.287993] PCI: Using configuration type 1 for base access
[    0.288920] kprobes: kprobe jump-optimization is enabled. All kprobes are optimized if possible.
[    0.312213] HugeTLB: registered 1.00 GiB page size, pre-allocated 0 pages
[    0.313233] HugeTLB: 16380 KiB vmemmap can be freed for a 1.00 GiB page
[    0.314238] HugeTLB: registered 2.00 MiB page size, pre-allocated 0 pages
[    0.315254] HugeTLB: 28 KiB vmemmap can be freed for a 2.00 MiB page
[    0.320330] ACPI: Added _OSI(Module Device)
[    0.320969] ACPI: Added _OSI(Processor Device)
[    0.321642] ACPI: Added _OSI(Processor Aggregator Device)
[    0.323159] ACPI: 1 ACPI AML tables successfully acquired and loaded
[    0.325166] ACPI: Interpreter enabled
[    0.325735] ACPI: PM: (supports S0 S3 S4 S5)
[    0.326393] ACPI: Using IOAPIC for interrupt routing
[    0.327159] PCI: Using host bridge windows from ACPI; if necessary, use "pci=nocrs" and report a bug
[    0.327983] PCI: Using E820 reservations for host bridge windows
[    0.328949] ACPI: Enabled 2 GPEs in block 00 to 3F
[    0.331156] ACPI: PCI Root Bridge [PCI0] (domain 0000 [bus 00-ff])
[    0.331986] acpi PNP0A08:00: _OSC: OS supports [ExtendedConfig ASPM ClockPM Segments MSI HPX-Type3]
[    0.333380] acpi PNP0A08:00: _OSC: platform does not support [PCIeHotplug LTR]
[    0.334518] acpi PNP0A08:00: _OSC: OS now controls [SHPCHotplug PME AER PCIeCapability]
[    0.335836] PCI host bridge to bus 0000:00
[    0.335985] pci_bus 0000:00: root bus resource [io  0x0000-0x0cf7 window]
[    0.337023] pci_bus 0000:00: root bus resource [io  0x0d00-0xffff window]
[    0.338057] pci_bus 0000:00: root bus resource [mem 0x000a0000-0x000bffff window]
[    0.339174] pci_bus 0000:00: root bus resource [mem 0x80000000-0xafffffff window]
[    0.339983] pci_bus 0000:00: root bus resource [mem 0xc0000000-0xfebfffff window]
[    0.341117] pci_bus 0000:00: root bus resource [mem 0x280000000-0xa7fffffff window]
[    0.342267] pci_bus 0000:00: root bus resource [bus 00-ff]
[    0.343148] pci 0000:00:00.0: [8086:29c0] type 00 class 0x060000 conventional PCI endpoint
[    0.344461] pci 0000:00:01.0: [1234:1111] type 00 class 0x030000 conventional PCI endpoint
[    0.347034] pci 0000:00:01.0: BAR 0 [mem 0xfd000000-0xfdffffff pref]
[    0.349721] pci 0000:00:01.0: BAR 2 [mem 0xfebd4000-0xfebd4fff]
[    0.354147] pci 0000:00:01.0: ROM [mem 0xfebc0000-0xfebcffff pref]
[    0.355193] pci 0000:00:01.0: Video device with shadowed ROM at [mem 0x000c0000-0x000dffff]
[    0.356386] pci 0000:00:02.0: [8086:10d3] type 00 class 0x020000 PCIe Root Complex Integrated Endpoint
[    0.358413] pci 0000:00:02.0: BAR 0 [mem 0xfeb80000-0xfeb9ffff]
[    0.359894] pci 0000:00:02.0: BAR 1 [mem 0xfeba0000-0xfebbffff]
[    0.360754] pci 0000:00:02.0: BAR 2 [io  0xc040-0xc05f]
[    0.362828] pci 0000:00:02.0: BAR 3 [mem 0xfebd0000-0xfebd3fff]
[    0.365253] pci 0000:00:02.0: ROM [mem 0xfeb40000-0xfeb7ffff pref]
[    0.366234] pci 0000:00:02.0: enabling Extended Tags
[    0.368064] pci 0000:00:1f.0: [8086:2918] type 00 class 0x060100 conventional PCI endpoint
[    0.369825] pci 0000:00:1f.0: quirk: [io  0x0600-0x067f] claimed by ICH6 ACPI/GPIO/TCO
[    0.371280] pci 0000:00:1f.2: [8086:2922] type 00 class 0x010601 conventional PCI endpoint
[    0.373736] pci 0000:00:1f.2: BAR 4 [io  0xc060-0xc07f]
[    0.374817] pci 0000:00:1f.2: BAR 5 [mem 0xfebd5000-0xfebd5fff]
[    0.376356] pci 0000:00:1f.3: [8086:2930] type 00 class 0x0c0500 conventional PCI endpoint
[    0.378662] pci 0000:00:1f.3: BAR 4 [io  0x0700-0x073f]
[    0.381363] ACPI: PCI: Interrupt link LNKA configured for IRQ 10
[    0.382360] ACPI: PCI: Interrupt link LNKB configured for IRQ 10
[    0.383706] ACPI: PCI: Interrupt link LNKC configured for IRQ 11
[    0.384054] ACPI: PCI: Interrupt link LNKD configured for IRQ 11
[    0.385046] ACPI: PCI: Interrupt link LNKE configured for IRQ 10
[    0.386018] ACPI: PCI: Interrupt link LNKF configured for IRQ 10
[    0.386996] ACPI: PCI: Interrupt link LNKG configured for IRQ 11
[    0.387970] ACPI: PCI: Interrupt link LNKH configured for IRQ 11
[    0.388014] ACPI: PCI: Interrupt link GSIA configured for IRQ 16
[    0.388941] ACPI: PCI: Interrupt link GSIB configured for IRQ 17
[    0.389855] ACPI: PCI: Interrupt link GSIC configured for IRQ 18
[    0.390765] ACPI: PCI: Interrupt link GSID configured for IRQ 19
[    0.391990] ACPI: PCI: Interrupt link GSIE configured for IRQ 20
[    0.392899] ACPI: PCI: Interrupt link GSIF configured for IRQ 21
[    0.393816] ACPI: PCI: Interrupt link GSIG configured for IRQ 22
[    0.394725] ACPI: PCI: Interrupt link GSIH configured for IRQ 23
[    0.395994] iommu: Default domain type: Translated
[    0.396722] iommu: DMA domain TLB invalidation policy: lazy mode
[    0.397790] pps_core: LinuxPPS API ver. 1 registered
[    0.398540] pps_core: Software ver. 5.3.6 - Copyright 2005-2007 Rodolfo Giometti <giometti@linux.it>
[    0.399942] PTP clock support registered
[    0.399991] EDAC MC: Ver: 3.0.0
[    0.400910] NetLabel: Initializing
[    0.401431] NetLabel:  domain hash size = 128
[    0.402088] NetLabel:  protocols = UNLABELED CIPSOv4 CALIPSO
[    0.402957] NetLabel:  unlabeled traffic allowed by default
[    0.403816] PCI: Using ACPI for IRQ routing
[    0.472145] pci 0000:00:01.0: vgaarb: setting as boot VGA device
[    0.473053] pci 0000:00:01.0: vgaarb: bridge control possible
[    0.473916] pci 0000:00:01.0: vgaarb: VGA device added: decodes=io+mem,owns=io+mem,locks=none
[    0.475209] vgaarb: loaded
[    0.475657] hpet0: at MMIO 0xfed00000, IRQs 2, 8, 0
[    0.475983] hpet0: 3 comparators, 64-bit 100.000000 MHz counter
[    0.480006] clocksource: Switched to clocksource kvm-clock
[    0.481420] VFS: Disk quotas dquot_6.6.0
[    0.482031] VFS: Dquot-cache hash table entries: 512 (order 0, 4096 bytes)
[    0.483182] AppArmor: AppArmor Filesystem Enabled
[    0.483910] pnp: PnP ACPI init
[    0.484519] system 00:05: [mem 0xb0000000-0xbfffffff window] has been reserved
[    0.485812] pnp: PnP ACPI: found 6 devices
[    0.491820] clocksource: acpi_pm: mask: 0xffffff max_cycles: 0xffffff, max_idle_ns: 2085701024 ns
[    0.493201] NET: Registered PF_INET protocol family
[    0.494121] IP idents hash table entries: 131072 (order: 8, 1048576 bytes, linear)
[    0.503902] tcp_listen_portaddr_hash hash table entries: 4096 (order: 4, 65536 bytes, linear)
[    0.505199] Table-perturb hash table entries: 65536 (order: 6, 262144 bytes, linear)
[    0.506388] TCP established hash table entries: 65536 (order: 7, 524288 bytes, linear)
[    0.507770] TCP bind hash table entries: 65536 (order: 9, 2097152 bytes, linear)
[    0.509021] TCP: Hash tables configured (established 65536 bind 65536)
[    0.510054] MPTCP token hash table entries: 8192 (order: 6, 196608 bytes, linear)
[    0.511199] UDP hash table entries: 4096 (order: 5, 131072 bytes, linear)
[    0.512225] UDP-Lite hash table entries: 4096 (order: 5, 131072 bytes, linear)
[    0.513374] NET: Registered PF_UNIX/PF_LOCAL protocol family
[    0.514238] NET: Registered PF_XDP protocol family
[    0.514981] pci_bus 0000:00: resource 4 [io  0x0000-0x0cf7 window]
[    0.515910] pci_bus 0000:00: resource 5 [io  0x0d00-0xffff window]
[    0.516842] pci_bus 0000:00: resource 6 [mem 0x000a0000-0x000bffff window]
[    0.517887] pci_bus 0000:00: resource 7 [mem 0x80000000-0xafffffff window]
[    0.518921] pci_bus 0000:00: resource 8 [mem 0xc0000000-0xfebfffff window]
[    0.519951] pci_bus 0000:00: resource 9 [mem 0x280000000-0xa7fffffff window]
[    0.521085] PCI: CLS 0 bytes, default 64
[    0.521787] Trying to unpack rootfs image as initramfs...
[    0.524490] PCI-DMA: Using software bounce buffering for IO (SWIOTLB)
[    0.525477] software IO TLB: mapped [mem 0x0000000075c87000-0x0000000079c87000] (64MB)
[    0.526707] clocksource: tsc: mask: 0xffffffffffffffff max_cycles: 0x33e451ab1a6, max_idle_ns: 440795278720 ns
[    0.532620] Initialise system trusted keyrings
[    0.533327] Key type blacklist registered
[    0.536513] workingset: timestamp_bits=36 max_order=21 bucket_order=0
[    0.537507] zbud: loaded
[    0.537975] fuse: init (API version 7.41)
[    0.538683] integrity: Platform Keyring initialized
[    0.539423] integrity: Machine keyring initialized
[    0.560479] Key type asymmetric registered
[    0.561108] Asymmetric key parser 'x509' registered
[    1.113858] Freeing initrd memory: 101668K
[    1.115036] Block layer SCSI generic (bsg) driver version 0.4 loaded (major 246)
[    1.116175] io scheduler mq-deadline registered
[    1.117697] ledtrig-cpu: registered to indicate activity on CPUs
[    1.118633] shpchp: Standard Hot Plug PCI Controller Driver version: 0.4
[    1.119792] Serial: 8250/16550 driver, 4 ports, IRQ sharing enabled
[    1.121127] 00:03: ttyS0 at I/O 0x3f8 (irq = 4, base_baud = 115200) is a 16550A
[    1.122628] Linux agpgart interface v0.103
[    1.123435] i8042: PNP: PS/2 Controller [PNP0303:KBD,PNP0f13:MOU] at 0x60,0x64 irq 1,12
[    1.125345] serio: i8042 KBD port at 0x60,0x64 irq 1
[    1.126099] serio: i8042 AUX port at 0x60,0x64 irq 12
[    1.126934] mousedev: PS/2 mouse device common for all mice
[    1.128030] input: AT Translated Set 2 keyboard as /devices/platform/i8042/serio0/input/input0
[    1.129557] rtc_cmos 00:04: RTC can wake from S4
[    1.130720] rtc_cmos 00:04: registered as rtc0
[    1.131462] rtc_cmos 00:04: setting system clock to 2026-07-10T17:19:02 UTC (1783703942)
[    1.132810] rtc_cmos 00:04: alarms up to one day, y3k, 242 bytes nvram, hpet irqs
[    1.133947] intel_pstate: CPU model not supported
[    1.135234] NET: Registered PF_INET6 protocol family
[    1.136529] Segment Routing with IPv6
[    1.137093] In-situ OAM (IOAM) with IPv6
[    1.137720] mip6: Mobile IPv6
[    1.138181] NET: Registered PF_PACKET protocol family
[    1.138965] mpls_gso: MPLS GSO support
[    1.139617] IPI shorthand broadcast: enabled
[    1.141572] sched_clock: Marking stable (1012001880, 128386870)->(1153629483, -13240733)
[    1.142858] registered taskstats version 1
[    1.143551] Loading compiled-in X.509 certificates
[    1.155472] Loaded X.509 cert 'Build time autogenerated kernel key: e87b99600394fc77ba6018a2cc6a68db4bb86ee6'
[    1.158173] Demotion targets for Node 0: null
[    1.158870] Key type .fscrypt registered
[    1.159463] Key type fscrypt-provisioning registered
[    1.160682] Key type encrypted registered
[    1.161311] AppArmor: AppArmor sha256 policy hashing enabled
[    1.162177] ima: No TPM chip found, activating TPM-bypass!
[    1.163009] ima: Allocated hash algorithm: sha256
[    1.163730] ima: No architecture policies found
[    1.164433] evm: Initialising EVM extended attributes:
[    1.165209] evm: security.selinux
[    1.165726] evm: security.SMACK64 (disabled)
[    1.166374] evm: security.SMACK64EXEC (disabled)
[    1.167068] evm: security.SMACK64TRANSMUTE (disabled)
[    1.167824] evm: security.SMACK64MMAP (disabled)
[    1.168526] evm: security.apparmor
[    1.169045] evm: security.ima
[    1.169515] evm: security.capability
[    1.170057] evm: HMAC attrs: 0x1
[    1.192424] RAS: Correctable Errors collector initialized.
[    1.206068] clk: Disabling unused clocks
[    1.206677] PM: genpd: Disabling unused power domains
[    1.208329] Freeing unused decrypted memory: 2028K
[    1.212678] Freeing unused kernel image (initmem) memory: 4164K
[    1.213341] Write protecting the kernel read-only data: 28672k
[    1.214140] Freeing unused kernel image (rodata/data gap) memory: 480K
[    1.246191] x86/mm: Checked W+X mappings: passed, no W+X pages found.
[    1.276429] Run /init as init process
NESTED_X86_L1_BOOT_OK
Linux (none) 6.12.90+deb13.1-amd64 #1 SMP PREEMPT_DYNAMIC Debian 6.12.90-2 (2026-05-27) x86_64 GNU/Linux
              total        used        free      shared  buff/cache   available
Mem:           7948          55        7671         221         222        7535
console=ttyS0 rdinit=/init panic=-1 harmony.gates=n3_repeat_gate harmony.env=N3_REPS=250,N3_ITEM=insn-rng
msr: loaded
irqbypass: loaded
[    1.307935] kvm: loading out-of-tree module taints kernel.
[    1.308554] kvm: module verification failed: signature and/or required key missing - tainting kernel
kvm(PATCHED): loaded
kvm-intel(PATCHED): loaded
L1_DEV_KVM_PRESENT
NESTED_X86_L2_PIN_CHECK_BEGIN
f06a34a79010a8f2cc8226dc629cc8fb049740016f035f53e3f2e53d9a30dd41  guest/build/bzImage
3c4a7f2f0db4b59aaf4dee55d43a42c57fc0d10ac25441de88128c61be0778c2  guest/build/initramfs-postgres.cpio.gz
NESTED_X86_L2_PIN_CHECK_END
ENV N3_REPS=250
ENV N3_ITEM=insn-rng
NESTED_X86_GATE_BEGIN n3_repeat_gate 

running 1 test
test n3_repeat_gate ... N3JSON {"event":"start","item":"insn-rng","reps":250,"seed":11471204516818368}
[   28.680399] clocksource: Long readout interval, skipping watchdog check: cs_nsec: 2480748344 wd_nsec: 480000597
N3JSON {"event":"progress","attempted":100,"identical":100,"mismatches":0}
N3JSON {"event":"progress","attempted":200,"identical":200,"mismatches":0}
N3JSON {"event":"summary","item":"insn-rng","attempted":250,"identical":250,"mismatches":0,"state_hash":"6163f1109b5677de0ff924f7932e7ade007434c99c24bc9a7e11beac27f5bbb4","observable_digest":"0fe06bf4edf727fc1d200f810a307c30e65915b7c1ed230a5e513defbb2a3926"}
ok

test result: ok. 1 passed; 0 failed; 0 ignored; 0 measured; 0 filtered out; finished in 2910.40s

NESTED_X86_GATE_RC n3_repeat_gate rc=0
NESTED_X86_GATE_END n3_repeat_gate
--- L1 dmesg tail (kvm/vmx/pmu/perf) ---
[    0.000000] Hypervisor detected: KVM
[    0.000000] kvm-clock: Using msrs 4b564d01 and 4b564d00
[    0.000000] kvm-clock: using sched offset of 160624893 cycles
[    0.000001] clocksource: kvm-clock: mask: 0xffffffffffffffff max_cycles: 0x1cd42e4dffb, max_idle_ns: 881590591483 ns
[    0.010490] kvm-guest: APIC: eoi() replaced with kvm_guest_apic_eoi_write()
[    0.010510] Booting paravirtualized kernel on KVM
[    0.014109] kvm-guest: PV spinlocks disabled, single CPU
[    0.241802] Performance Events: Skylake events, full-width counters, Intel PMU driver.
[    0.480006] clocksource: Switched to clocksource kvm-clock
[    1.307935] kvm: loading out-of-tree module taints kernel.
[    1.308554] kvm: module verification failed: signature and/or required key missing - tainting kernel
NESTED_X86_L1_DONE
[ 2911.964091] ACPI: PM: Preparing to enter system sleep state S5
[ 2911.964815] kvm: exiting hardware virtualization
[ 2911.965325] reboot: Power down
