[    0.000000] Linux version 6.12.90+deb13.1-amd64 (debian-kernel@lists.debian.org) (x86_64-linux-gnu-gcc-14 (Debian 14.2.0-19) 14.2.0, GNU ld (GNU Binutils for Debian) 2.44) #1 SMP PREEMPT_DYNAMIC Debian 6.12.90-2 (2026-05-27)
[    0.000000] Command line: console=ttyS0 rdinit=/init panic=-1 harmony.gates=n2_nested_hammer harmony.env=N2_DEADLINES=130000,N2_SEED=2600002006,N2_PROGRESS=25000
[    0.000000] BIOS-provided physical RAM map:
[    0.000000] BIOS-e820: [mem 0x0000000000000000-0x000000000009fbff] usable
[    0.000000] BIOS-e820: [mem 0x000000000009fc00-0x000000000009ffff] reserved
[    0.000000] BIOS-e820: [mem 0x00000000000f0000-0x00000000000fffff] reserved
[    0.000000] BIOS-e820: [mem 0x0000000000100000-0x000000007ffdefff] usable
[    0.000000] BIOS-e820: [mem 0x000000007ffdf000-0x000000007fffffff] reserved
[    0.000000] BIOS-e820: [mem 0x00000000b0000000-0x00000000bfffffff] reserved
[    0.000000] BIOS-e820: [mem 0x00000000fed1c000-0x00000000fed1ffff] reserved
[    0.000000] BIOS-e820: [mem 0x00000000feffc000-0x00000000feffffff] reserved
[    0.000000] BIOS-e820: [mem 0x00000000fffc0000-0x00000000ffffffff] reserved
[    0.000000] BIOS-e820: [mem 0x0000000100000000-0x000000027fffffff] usable
[    0.000000] NX (Execute Disable) protection: active
[    0.000000] APIC: Static calls initialized
[    0.000000] SMBIOS 2.8 present.
[    0.000000] DMI: QEMU Standard PC (Q35 + ICH9, 2009), BIOS 1.16.3-debian-1.16.3-2 04/01/2014
[    0.000000] DMI: Memory slots populated: 1/1
[    0.000000] Hypervisor detected: KVM
[    0.000000] last_pfn = 0x7ffdf max_arch_pfn = 0x400000000
[    0.000000] kvm-clock: Using msrs 4b564d01 and 4b564d00
[    0.000001] kvm-clock: using sched offset of 451559390 cycles
[    0.000003] clocksource: kvm-clock: mask: 0xffffffffffffffff max_cycles: 0x1cd42e4dffb, max_idle_ns: 881590591483 ns
[    0.000006] tsc: Detected 3599.998 MHz processor
[    0.005545] last_pfn = 0x280000 max_arch_pfn = 0x400000000
[    0.005573] MTRR map: 4 entries (3 fixed + 1 variable; max 19), built from 8 variable MTRRs
[    0.005576] x86/PAT: Configuration [0-7]: WB  WC  UC- UC  WB  WP  UC- WT  
[    0.005612] last_pfn = 0x7ffdf max_arch_pfn = 0x400000000
[    0.015865] found SMP MP-table at [mem 0x000f5480-0x000f548f]
[    0.015883] Using GB pages for direct mapping
[    0.020089] RAMDISK: [mem 0x7b44e000-0x7ffcffff]
[    0.020101] ACPI: Early table checksum verification disabled
[    0.020104] ACPI: RSDP 0x00000000000F52A0 000014 (v00 BOCHS )
[    0.020109] ACPI: RSDT 0x000000007FFE2351 000038 (v01 BOCHS  BXPC     00000001 BXPC 00000001)
[    0.020114] ACPI: FACP 0x000000007FFE2149 0000F4 (v03 BOCHS  BXPC     00000001 BXPC 00000001)
[    0.020120] ACPI: DSDT 0x000000007FFE0040 002109 (v01 BOCHS  BXPC     00000001 BXPC 00000001)
[    0.020123] ACPI: FACS 0x000000007FFE0000 000040
[    0.020139] ACPI: APIC 0x000000007FFE223D 000078 (v03 BOCHS  BXPC     00000001 BXPC 00000001)
[    0.020142] ACPI: HPET 0x000000007FFE22B5 000038 (v01 BOCHS  BXPC     00000001 BXPC 00000001)
[    0.020145] ACPI: MCFG 0x000000007FFE22ED 00003C (v01 BOCHS  BXPC     00000001 BXPC 00000001)
[    0.020148] ACPI: WAET 0x000000007FFE2329 000028 (v01 BOCHS  BXPC     00000001 BXPC 00000001)
[    0.020150] ACPI: Reserving FACP table memory at [mem 0x7ffe2149-0x7ffe223c]
[    0.020151] ACPI: Reserving DSDT table memory at [mem 0x7ffe0040-0x7ffe2148]
[    0.020152] ACPI: Reserving FACS table memory at [mem 0x7ffe0000-0x7ffe003f]
[    0.020153] ACPI: Reserving APIC table memory at [mem 0x7ffe223d-0x7ffe22b4]
[    0.020154] ACPI: Reserving HPET table memory at [mem 0x7ffe22b5-0x7ffe22ec]
[    0.020155] ACPI: Reserving MCFG table memory at [mem 0x7ffe22ed-0x7ffe2328]
[    0.020155] ACPI: Reserving WAET table memory at [mem 0x7ffe2329-0x7ffe2350]
[    0.020594] No NUMA configuration found
[    0.020595] Faking a node at [mem 0x0000000000000000-0x000000027fffffff]
[    0.020604] NODE_DATA(0) allocated [mem 0x27ffd5680-0x27fffffff]
[    0.020979] Zone ranges:
[    0.020980]   DMA      [mem 0x0000000000001000-0x0000000000ffffff]
[    0.020982]   DMA32    [mem 0x0000000001000000-0x00000000ffffffff]
[    0.020983]   Normal   [mem 0x0000000100000000-0x000000027fffffff]
[    0.020984]   Device   empty
[    0.020985] Movable zone start for each node
[    0.020987] Early memory node ranges
[    0.020987]   node   0: [mem 0x0000000000001000-0x000000000009efff]
[    0.020988]   node   0: [mem 0x0000000000100000-0x000000007ffdefff]
[    0.020990]   node   0: [mem 0x0000000100000000-0x000000027fffffff]
[    0.020991] Initmem setup node 0 [mem 0x0000000000001000-0x000000027fffffff]
[    0.021169] On node 0, zone DMA: 1 pages in unavailable ranges
[    0.021192] On node 0, zone DMA: 97 pages in unavailable ranges
[    0.030189] On node 0, zone Normal: 33 pages in unavailable ranges
[    0.030686] ACPI: PM-Timer IO Port: 0x608
[    0.030701] ACPI: LAPIC_NMI (acpi_id[0xff] dfl dfl lint[0x1])
[    0.030733] IOAPIC[0]: apic_id 0, version 17, address 0xfec00000, GSI 0-23
[    0.030737] ACPI: INT_SRC_OVR (bus 0 bus_irq 0 global_irq 2 dfl dfl)
[    0.030738] ACPI: INT_SRC_OVR (bus 0 bus_irq 5 global_irq 5 high level)
[    0.030740] ACPI: INT_SRC_OVR (bus 0 bus_irq 9 global_irq 9 high level)
[    0.030741] ACPI: INT_SRC_OVR (bus 0 bus_irq 10 global_irq 10 high level)
[    0.030742] ACPI: INT_SRC_OVR (bus 0 bus_irq 11 global_irq 11 high level)
[    0.030747] ACPI: Using ACPI (MADT) for SMP configuration information
[    0.030748] ACPI: HPET id: 0x8086a201 base: 0xfed00000
[    0.030752] TSC deadline timer available
[    0.030758] CPU topo: Max. logical packages:   1
[    0.030758] CPU topo: Max. logical dies:       1
[    0.030759] CPU topo: Max. dies per package:   1
[    0.030764] CPU topo: Max. threads per core:   1
[    0.030765] CPU topo: Num. cores per package:     1
[    0.030766] CPU topo: Num. threads per package:   1
[    0.030766] CPU topo: Allowing 1 present CPUs plus 0 hotplug CPUs
[    0.030784] kvm-guest: APIC: eoi() replaced with kvm_guest_apic_eoi_write()
[    0.030806] PM: hibernation: Registered nosave memory: [mem 0x00000000-0x00000fff]
[    0.030808] PM: hibernation: Registered nosave memory: [mem 0x0009f000-0x000fffff]
[    0.030810] PM: hibernation: Registered nosave memory: [mem 0x7ffdf000-0xffffffff]
[    0.030811] [mem 0xc0000000-0xfed1bfff] available for PCI devices
[    0.030813] Booting paravirtualized kernel on KVM
[    0.030814] clocksource: refined-jiffies: mask: 0xffffffff max_cycles: 0xffffffff, max_idle_ns: 7645519600211568 ns
[    0.039311] setup_percpu: NR_CPUS:8192 nr_cpumask_bits:1 nr_cpu_ids:1 nr_node_ids:1
[    0.039559] percpu: Embedded 66 pages/cpu s233472 r8192 d28672 u2097152
[    0.039602] kvm-guest: PV spinlocks disabled, single CPU
[    0.039604] Kernel command line: console=ttyS0 rdinit=/init panic=-1 harmony.gates=n2_nested_hammer harmony.env=N2_DEADLINES=130000,N2_SEED=2600002006,N2_PROGRESS=25000
[    0.039677] random: crng init done
[    0.044611] Dentry cache hash table entries: 1048576 (order: 11, 8388608 bytes, linear)
[    0.045020] Inode-cache hash table entries: 524288 (order: 10, 4194304 bytes, linear)
[    0.045060] Fallback order for Node 0: 0 
[    0.045063] Built 1 zonelists, mobility grouping on.  Total pages: 2097021
[    0.045064] Policy zone: Normal
[    0.045073] mem auto-init: stack:all(zero), heap alloc:on, heap free:off
[    0.045078] software IO TLB: area num 1.
[    0.084776] SLUB: HWalign=64, Order=0-3, MinObjects=0, CPUs=1, Nodes=1
[    0.084807] ftrace: allocating 45769 entries in 179 pages
[    0.095211] ftrace: allocated 179 pages with 5 groups
[    0.095823] Dynamic Preempt: voluntary
[    0.095997] rcu: Preemptible hierarchical RCU implementation.
[    0.095998] rcu: 	RCU restricting CPUs from NR_CPUS=8192 to nr_cpu_ids=1.
[    0.095999] 	Trampoline variant of Tasks RCU enabled.
[    0.095999] 	Rude variant of Tasks RCU enabled.
[    0.096000] 	Tracing variant of Tasks RCU enabled.
[    0.096000] rcu: RCU calculated value of scheduler-enlistment delay is 25 jiffies.
[    0.096001] rcu: Adjusting geometry for rcu_fanout_leaf=16, nr_cpu_ids=1
[    0.096006] RCU Tasks: Setting shift to 0 and lim to 1 rcu_task_cb_adjust=1 rcu_task_cpu_ids=1.
[    0.096008] RCU Tasks Rude: Setting shift to 0 and lim to 1 rcu_task_cb_adjust=1 rcu_task_cpu_ids=1.
[    0.096009] RCU Tasks Trace: Setting shift to 0 and lim to 1 rcu_task_cb_adjust=1 rcu_task_cpu_ids=1.
[    0.109823] NR_IRQS: 524544, nr_irqs: 256, preallocated irqs: 16
[    0.110031] rcu: srcu_init: Setting srcu_struct sizes based on contention.
[    0.133977] Console: colour VGA+ 80x25
[    0.134034] printk: legacy console [ttyS0] enabled
[    0.288627] ACPI: Core revision 20240827
[    0.289718] clocksource: hpet: mask: 0xffffffff max_cycles: 0xffffffff, max_idle_ns: 19112604467 ns
[    0.291555] APIC: Switch to symmetric I/O mode setup
[    0.296179] x2apic enabled
[    0.296956] APIC: Switched APIC routing to: physical x2apic
[    0.299142] ..TIMER: vector=0x30 apic1=0 pin1=2 apic2=-1 pin2=-1
[    0.303746] clocksource: tsc-early: mask: 0xffffffffffffffff max_cycles: 0x33e451ab1a6, max_idle_ns: 440795278720 ns
[    0.305883] Calibrating delay loop (skipped) preset value.. 7199.99 BogoMIPS (lpj=14399992)
[    0.309963] x86/cpu: User Mode Instruction Prevention (UMIP) activated
[    0.311338] Last level iTLB entries: 4KB 0, 2MB 0, 4MB 0
[    0.312426] Last level dTLB entries: 4KB 0, 2MB 0, 4MB 0, 1GB 0
[    0.313694] Spectre V1 : Mitigation: usercopy/swapgs barriers and __user pointer sanitization
[    0.313885] Spectre V2 : Spectre BHI mitigation: SW BHB clearing on syscall and VM exit
[    0.315409] Spectre V2 : Mitigation: IBRS
[    0.316176] Spectre V2 : Spectre v2 / SpectreRSB: Filling RSB on context switch and VMEXIT
[    0.317882] RETBleed: Mitigation: IBRS
[    0.318621] Spectre V2 : mitigation: Enabling conditional Indirect Branch Prediction Barrier
[    0.321879] Speculative Store Bypass: Mitigation: Speculative Store Bypass disabled via prctl
[    0.321879] MDS: Mitigation: Clear CPU buffers
[    0.321879] MMIO Stale Data: Mitigation: Clear CPU buffers
[    0.321883] SRBDS: Unknown: Dependent on hypervisor status
[    0.323103] active return thunk: its_return_thunk
[    0.324249] ITS: Mitigation: Aligned branch/return thunks
[    0.325900] x86/fpu: Supporting XSAVE feature 0x001: 'x87 floating point registers'
[    0.327332] x86/fpu: Supporting XSAVE feature 0x002: 'SSE registers'
[    0.328450] x86/fpu: Supporting XSAVE feature 0x004: 'AVX registers'
[    0.329879] x86/fpu: Supporting XSAVE feature 0x008: 'MPX bounds registers'
[    0.329879] x86/fpu: Supporting XSAVE feature 0x010: 'MPX CSR'
[    0.329879] x86/fpu: xstate_offset[2]:  576, xstate_sizes[2]:  256
[    0.329882] x86/fpu: xstate_offset[3]:  832, xstate_sizes[3]:   64
[    0.331088] x86/fpu: xstate_offset[4]:  896, xstate_sizes[4]:   64
[    0.332248] x86/fpu: Enabled xstate features 0x1f, context size is 960 bytes, using 'compacted' format.
[    0.377951] Freeing SMP alternatives memory: 40K
[    0.378946] pid_max: default: 32768 minimum: 301
[    0.379816] LSM: initializing lsm=lockdown,capability,landlock,yama,apparmor,tomoyo,bpf,ipe,ima,evm
[    0.381721] landlock: Up and running.
[    0.381881] Yama: disabled by default; enable with sysctl kernel.yama.*
[    0.383434] AppArmor: AppArmor initialized
[    0.384367] TOMOYO Linux initialized
[    0.386037] LSM support for eBPF active
[    0.386985] Mount-cache hash table entries: 16384 (order: 5, 131072 bytes, linear)
[    0.388442] Mountpoint-cache hash table entries: 16384 (order: 5, 131072 bytes, linear)
[    0.390247] smpboot: CPU0: Intel(R) Core(TM) i9-9900K CPU @ 3.60GHz (family: 0x6, model: 0x9e, stepping: 0xc)
[    0.392361] Performance Events: Skylake events, full-width counters, Intel PMU driver.
[    0.393879] ... version:                2
[    0.393883] ... bit width:              48
[    0.394653] ... generic registers:      4
[    0.395402] ... value mask:             0000ffffffffffff
[    0.396387] ... max period:             00007fffffffffff
[    0.397420] ... fixed-purpose events:   3
[    0.397883] ... event mask:             000000070000000f
[    0.399005] signal: max sigframe size: 2032
[    0.399818] rcu: Hierarchical SRCU implementation.
[    0.400682] rcu: 	Max phase no-delay instances is 1000.
[    0.405342] smp: Bringing up secondary CPUs ...
[    0.405894] smp: Brought up 1 node, 1 CPU
[    0.406670] smpboot: Total of 1 processors activated (7199.99 BogoMIPS)
[    0.425575] node 0 deferred pages initialised in 16ms
[    0.425907] Memory: 8051076K/8388084K available (16384K kernel code, 2497K rwdata, 11808K rodata, 4164K init, 4916K bss, 333204K reserved, 0K cma-reserved)
[    0.429283] devtmpfs: initialized
[    0.429925] x86/mm: Memory block size: 128MB
[    0.431798] clocksource: jiffies: mask: 0xffffffff max_cycles: 0xffffffff, max_idle_ns: 7645041785100000 ns
[    0.433730] futex hash table entries: 256 (order: 2, 16384 bytes, linear)
[    0.433937] pinctrl core: initialized pinctrl subsystem
[    0.435526] NET: Registered PF_NETLINK/PF_ROUTE protocol family
[    0.436852] DMA: preallocated 1024 KiB GFP_KERNEL pool for atomic allocations
[    0.437929] DMA: preallocated 1024 KiB GFP_KERNEL|GFP_DMA pool for atomic allocations
[    0.439741] DMA: preallocated 1024 KiB GFP_KERNEL|GFP_DMA32 pool for atomic allocations
[    0.441256] audit: initializing netlink subsys (disabled)
[    0.441933] audit: type=2000 audit(1784168413.385:1): state=initialized audit_enabled=0 res=1
[    0.443745] thermal_sys: Registered thermal governor 'fair_share'
[    0.443746] thermal_sys: Registered thermal governor 'bang_bang'
[    0.444974] thermal_sys: Registered thermal governor 'step_wise'
[    0.445888] thermal_sys: Registered thermal governor 'user_space'
[    0.447094] thermal_sys: Registered thermal governor 'power_allocator'
[    0.448299] cpuidle: using governor ladder
[    0.449890] cpuidle: using governor menu
[    0.450744] acpiphp: ACPI Hot Plug PCI Controller Driver version: 0.5
[    0.452157] PCI: ECAM [mem 0xb0000000-0xbfffffff] (base 0xb0000000) for domain 0000 [bus 00-ff]
[    0.453847] PCI: ECAM [mem 0xb0000000-0xbfffffff] reserved as E820 entry
[    0.453894] PCI: Using configuration type 1 for base access
[    0.455369] kprobes: kprobe jump-optimization is enabled. All kprobes are optimized if possible.
[    0.486243] HugeTLB: registered 1.00 GiB page size, pre-allocated 0 pages
[    0.487683] HugeTLB: 16380 KiB vmemmap can be freed for a 1.00 GiB page
[    0.489029] HugeTLB: registered 2.00 MiB page size, pre-allocated 0 pages
[    0.489882] HugeTLB: 28 KiB vmemmap can be freed for a 2.00 MiB page
[    0.494376] ACPI: Added _OSI(Module Device)
[    0.495257] ACPI: Added _OSI(Processor Device)
[    0.496094] ACPI: Added _OSI(Processor Aggregator Device)
[    0.502135] ACPI: 1 ACPI AML tables successfully acquired and loaded
[    0.504490] ACPI: Interpreter enabled
[    0.505249] ACPI: PM: (supports S0 S3 S4 S5)
[    0.505883] ACPI: Using IOAPIC for interrupt routing
[    0.506931] PCI: Using host bridge windows from ACPI; if necessary, use "pci=nocrs" and report a bug
[    0.508708] PCI: Using E820 reservations for host bridge windows
[    0.509973] ACPI: Enabled 2 GPEs in block 00 to 3F
[    0.513298] ACPI: PCI Root Bridge [PCI0] (domain 0000 [bus 00-ff])
[    0.513888] acpi PNP0A08:00: _OSC: OS supports [ExtendedConfig ASPM ClockPM Segments MSI HPX-Type3]
[    0.515564] acpi PNP0A08:00: _OSC: platform does not support [PCIeHotplug LTR]
[    0.516945] acpi PNP0A08:00: _OSC: OS now controls [SHPCHotplug PME AER PCIeCapability]
[    0.518066] PCI host bridge to bus 0000:00
[    0.518898] pci_bus 0000:00: root bus resource [io  0x0000-0x0cf7 window]
[    0.520279] pci_bus 0000:00: root bus resource [io  0x0d00-0xffff window]
[    0.521887] pci_bus 0000:00: root bus resource [mem 0x000a0000-0x000bffff window]
[    0.523321] pci_bus 0000:00: root bus resource [mem 0x80000000-0xafffffff window]
[    0.524710] pci_bus 0000:00: root bus resource [mem 0xc0000000-0xfebfffff window]
[    0.525886] pci_bus 0000:00: root bus resource [mem 0x280000000-0xa7fffffff window]
[    0.527398] pci_bus 0000:00: root bus resource [bus 00-ff]
[    0.529961] pci 0000:00:00.0: [8086:29c0] type 00 class 0x060000 conventional PCI endpoint
[    0.532177] pci 0000:00:01.0: [1234:1111] type 00 class 0x030000 conventional PCI endpoint
[    0.538581] pci 0000:00:01.0: BAR 0 [mem 0xfd000000-0xfdffffff pref]
[    0.543855] pci 0000:00:01.0: BAR 2 [mem 0xfebd4000-0xfebd4fff]
[    0.552426] pci 0000:00:01.0: ROM [mem 0xfebc0000-0xfebcffff pref]
[    0.553833] pci 0000:00:01.0: Video device with shadowed ROM at [mem 0x000c0000-0x000dffff]
[    0.554456] pci 0000:00:02.0: [8086:10d3] type 00 class 0x020000 PCIe Root Complex Integrated Endpoint
[    0.558390] pci 0000:00:02.0: BAR 0 [mem 0xfeb80000-0xfeb9ffff]
[    0.560407] pci 0000:00:02.0: BAR 1 [mem 0xfeba0000-0xfebbffff]
[    0.562677] pci 0000:00:02.0: BAR 2 [io  0xc040-0xc05f]
[    0.564409] pci 0000:00:02.0: BAR 3 [mem 0xfebd0000-0xfebd3fff]
[    0.570374] pci 0000:00:02.0: ROM [mem 0xfeb40000-0xfeb7ffff pref]
[    0.571637] pci 0000:00:02.0: enabling Extended Tags
[    0.575525] pci 0000:00:1f.0: [8086:2918] type 00 class 0x060100 conventional PCI endpoint
[    0.578542] pci 0000:00:1f.0: quirk: [io  0x0600-0x067f] claimed by ICH6 ACPI/GPIO/TCO
[    0.580308] pci 0000:00:1f.2: [8086:2922] type 00 class 0x010601 conventional PCI endpoint
[    0.589618] pci 0000:00:1f.2: BAR 4 [io  0xc060-0xc07f]
[    0.590397] pci 0000:00:1f.2: BAR 5 [mem 0xfebd5000-0xfebd5fff]
[    0.592558] pci 0000:00:1f.3: [8086:2930] type 00 class 0x0c0500 conventional PCI endpoint
[    0.595654] pci 0000:00:1f.3: BAR 4 [io  0x0700-0x073f]
[    0.600139] ACPI: PCI: Interrupt link LNKA configured for IRQ 10
[    0.601982] ACPI: PCI: Interrupt link LNKB configured for IRQ 10
[    0.603328] ACPI: PCI: Interrupt link LNKC configured for IRQ 11
[    0.604596] ACPI: PCI: Interrupt link LNKD configured for IRQ 11
[    0.605948] ACPI: PCI: Interrupt link LNKE configured for IRQ 10
[    0.607284] ACPI: PCI: Interrupt link LNKF configured for IRQ 10
[    0.608567] ACPI: PCI: Interrupt link LNKG configured for IRQ 11
[    0.609989] ACPI: PCI: Interrupt link LNKH configured for IRQ 11
[    0.611194] ACPI: PCI: Interrupt link GSIA configured for IRQ 16
[    0.612354] ACPI: PCI: Interrupt link GSIB configured for IRQ 17
[    0.613542] ACPI: PCI: Interrupt link GSIC configured for IRQ 18
[    0.613892] ACPI: PCI: Interrupt link GSID configured for IRQ 19
[    0.615264] ACPI: PCI: Interrupt link GSIE configured for IRQ 20
[    0.616635] ACPI: PCI: Interrupt link GSIF configured for IRQ 21
[    0.617788] ACPI: PCI: Interrupt link GSIG configured for IRQ 22
[    0.617891] ACPI: PCI: Interrupt link GSIH configured for IRQ 23
[    0.619595] iommu: Default domain type: Translated
[    0.620552] iommu: DMA domain TLB invalidation policy: lazy mode
[    0.621813] pps_core: LinuxPPS API ver. 1 registered
[    0.621882] pps_core: Software ver. 5.3.6 - Copyright 2005-2007 Rodolfo Giometti <giometti@linux.it>
[    0.623579] PTP clock support registered
[    0.624330] EDAC MC: Ver: 3.0.0
[    0.625518] NetLabel: Initializing
[    0.625882] NetLabel:  domain hash size = 128
[    0.626753] NetLabel:  protocols = UNLABELED CIPSOv4 CALIPSO
[    0.627906] NetLabel:  unlabeled traffic allowed by default
[    0.629032] PCI: Using ACPI for IRQ routing
[    0.717392] pci 0000:00:01.0: vgaarb: setting as boot VGA device
[    0.717879] pci 0000:00:01.0: vgaarb: bridge control possible
[    0.717879] pci 0000:00:01.0: vgaarb: VGA device added: decodes=io+mem,owns=io+mem,locks=none
[    0.717884] vgaarb: loaded
[    0.718457] hpet0: at MMIO 0xfed00000, IRQs 2, 8, 0
[    0.719352] hpet0: 3 comparators, 64-bit 100.000000 MHz counter
[    0.722957] clocksource: Switched to clocksource kvm-clock
[    0.724836] VFS: Disk quotas dquot_6.6.0
[    0.725580] VFS: Dquot-cache hash table entries: 512 (order 0, 4096 bytes)
[    0.726136] AppArmor: AppArmor Filesystem Enabled
[    0.727004] pnp: PnP ACPI init
[    0.727738] system 00:05: [mem 0xb0000000-0xbfffffff window] has been reserved
[    0.729450] pnp: PnP ACPI: found 6 devices
[    0.735949] clocksource: acpi_pm: mask: 0xffffff max_cycles: 0xffffff, max_idle_ns: 2085701024 ns
[    0.737816] NET: Registered PF_INET protocol family
[    0.738973] IP idents hash table entries: 131072 (order: 8, 1048576 bytes, linear)
[    0.769922] tcp_listen_portaddr_hash hash table entries: 4096 (order: 4, 65536 bytes, linear)
[    0.771669] Table-perturb hash table entries: 65536 (order: 6, 262144 bytes, linear)
[    0.777283] TCP established hash table entries: 65536 (order: 7, 524288 bytes, linear)
[    0.779111] TCP bind hash table entries: 65536 (order: 9, 2097152 bytes, linear)
[    0.780810] TCP: Hash tables configured (established 65536 bind 65536)
[    0.786139] MPTCP token hash table entries: 8192 (order: 6, 196608 bytes, linear)
[    0.787580] UDP hash table entries: 4096 (order: 5, 131072 bytes, linear)
[    0.792895] UDP-Lite hash table entries: 4096 (order: 5, 131072 bytes, linear)
[    0.794385] NET: Registered PF_UNIX/PF_LOCAL protocol family
[    0.795504] NET: Registered PF_XDP protocol family
[    0.796402] pci_bus 0000:00: resource 4 [io  0x0000-0x0cf7 window]
[    0.801571] pci_bus 0000:00: resource 5 [io  0x0d00-0xffff window]
[    0.802723] pci_bus 0000:00: resource 6 [mem 0x000a0000-0x000bffff window]
[    0.804029] pci_bus 0000:00: resource 7 [mem 0x80000000-0xafffffff window]
[    0.809439] pci_bus 0000:00: resource 8 [mem 0xc0000000-0xfebfffff window]
[    0.810811] pci_bus 0000:00: resource 9 [mem 0x280000000-0xa7fffffff window]
[    0.812348] PCI: CLS 0 bytes, default 64
[    0.817200] PCI-DMA: Using software bounce buffering for IO (SWIOTLB)
[    0.818386] software IO TLB: mapped [mem 0x000000007744e000-0x000000007b44e000] (64MB)
[    0.819981] Trying to unpack rootfs image as initramfs...
[    0.825069] clocksource: tsc: mask: 0xffffffffffffffff max_cycles: 0x33e451ab1a6, max_idle_ns: 440795278720 ns
[    0.827233] Initialise system trusted keyrings
[    0.833050] Key type blacklist registered
[    0.833906] workingset: timestamp_bits=36 max_order=21 bucket_order=0
[    0.835247] zbud: loaded
[    0.835954] fuse: init (API version 7.41)
[    0.848987] integrity: Platform Keyring initialized
[    0.850010] integrity: Machine keyring initialized
[    0.927945] Key type asymmetric registered
[    0.928730] Asymmetric key parser 'x509' registered
[    1.557967] Freeing initrd memory: 77320K
[    1.559646] Block layer SCSI generic (bsg) driver version 0.4 loaded (major 246)
[    1.561187] io scheduler mq-deadline registered
[    1.563361] ledtrig-cpu: registered to indicate activity on CPUs
[    1.564615] shpchp: Standard Hot Plug PCI Controller Driver version: 0.4
[    1.566215] Serial: 8250/16550 driver, 4 ports, IRQ sharing enabled
[    1.567983] 00:03: ttyS0 at I/O 0x3f8 (irq = 4, base_baud = 115200) is a 16550A
[    1.570062] Linux agpgart interface v0.103
[    1.571164] i8042: PNP: PS/2 Controller [PNP0303:KBD,PNP0f13:MOU] at 0x60,0x64 irq 1,12
[    1.573920] serio: i8042 KBD port at 0x60,0x64 irq 1
[    1.574885] serio: i8042 AUX port at 0x60,0x64 irq 12
[    1.575967] mousedev: PS/2 mouse device common for all mice
[    1.577445] input: AT Translated Set 2 keyboard as /devices/platform/i8042/serio0/input/input0
[    1.579748] rtc_cmos 00:04: RTC can wake from S4
[    1.581203] rtc_cmos 00:04: registered as rtc0
[    1.582237] rtc_cmos 00:04: setting system clock to 2026-07-16T02:20:14 UTC (1784168414)
[    1.583975] rtc_cmos 00:04: alarms up to one day, y3k, 242 bytes nvram, hpet irqs
[    1.585539] intel_pstate: CPU model not supported
[    1.587083] NET: Registered PF_INET6 protocol family
[    1.588812] Segment Routing with IPv6
[    1.589607] In-situ OAM (IOAM) with IPv6
[    1.590409] mip6: Mobile IPv6
[    1.591036] NET: Registered PF_PACKET protocol family
[    1.592155] mpls_gso: MPLS GSO support
[    1.593180] IPI shorthand broadcast: enabled
[    1.595688] sched_clock: Marking stable (1400270842, 191841675)->(1738762182, -146649665)
[    1.597511] registered taskstats version 1
[    1.598575] Loading compiled-in X.509 certificates
[    1.621895] Loaded X.509 cert 'Build time autogenerated kernel key: e87b99600394fc77ba6018a2cc6a68db4bb86ee6'
[    1.629147] Demotion targets for Node 0: null
[    1.630172] Key type .fscrypt registered
[    1.630904] Key type fscrypt-provisioning registered
[    1.632666] Key type encrypted registered
[    1.637525] AppArmor: AppArmor sha256 policy hashing enabled
[    1.638647] ima: No TPM chip found, activating TPM-bypass!
[    1.639716] ima: Allocated hash algorithm: sha256
[    1.640665] ima: No architecture policies found
[    1.646232] evm: Initialising EVM extended attributes:
[    1.647251] evm: security.selinux
[    1.647873] evm: security.SMACK64 (disabled)
[    1.648694] evm: security.SMACK64EXEC (disabled)
[    1.654155] evm: security.SMACK64TRANSMUTE (disabled)
[    1.655144] evm: security.SMACK64MMAP (disabled)
[    1.656082] evm: security.apparmor
[    1.656785] evm: security.ima
[    1.657329] evm: security.capability
[    1.661551] evm: HMAC attrs: 0x1
[    1.701611] RAS: Correctable Errors collector initialized.
[    1.735902] clk: Disabling unused clocks
[    1.736646] PM: genpd: Disabling unused power domains
[    1.773104] Freeing unused decrypted memory: 2028K
[    1.774203] Freeing unused kernel image (initmem) memory: 4164K
[    1.774990] Write protecting the kernel read-only data: 28672k
[    1.781675] Freeing unused kernel image (rodata/data gap) memory: 480K
[    1.834152] x86/mm: Checked W+X mappings: passed, no W+X pages found.
[    1.895930] Run /init as init process
NESTED_X86_L1_BOOT_OK
Linux (none) 6.12.90+deb13.1-amd64 #1 SMP PREEMPT_DYNAMIC Debian 6.12.90-2 (2026-05-27) x86_64 GNU/Linux
              total        used        free      shared  buff/cache   available
Mem:           7948          56        7748         143         144        7612
console=ttyS0 rdinit=/init panic=-1 harmony.gates=n2_nested_hammer harmony.env=N2_DEADLINES=130000,N2_SEED=2600002006,N2_PROGRESS=25000
msr: loaded
irqbypass: loaded
[    1.952610] kvm: loading out-of-tree module taints kernel.
[    1.957975] kvm: module verification failed: signature and/or required key missing - tainting kernel
kvm(PATCHED): loaded
kvm-intel(PATCHED): loaded
L1_DEV_KVM_PRESENT
NESTED_X86_L2_PIN_CHECK_BEGIN
f06a34a79010a8f2cc8226dc629cc8fb049740016f035f53e3f2e53d9a30dd41  guest/build/bzImage
3c4a7f2f0db4b59aaf4dee55d43a42c57fc0d10ac25441de88128c61be0778c2  guest/build/initramfs-postgres.cpio.gz
NESTED_X86_L2_PIN_CHECK_END
ENV N2_DEADLINES=130000
ENV N2_SEED=2600002006
ENV N2_PROGRESS=25000
NESTED_X86_GATE_BEGIN n2_nested_hammer 

running 1 test
test n2_deadline_hammer ... N2JSON {"event":"start","total":130000,"seed":2600002006,"backend":"PatchedKvmBackend","pid":148}
[    3.613800] perf: interrupt took too long (2523 > 2500), lowering kernel.perf_event_max_sample_rate to 79250
[    3.923973] perf: interrupt took too long (3207 > 3153), lowering kernel.perf_event_max_sample_rate to 62250
[    4.268999] perf: interrupt took too long (4046 > 4008), lowering kernel.perf_event_max_sample_rate to 49250
[    4.798363] perf: interrupt took too long (5094 > 5057), lowering kernel.perf_event_max_sample_rate to 39250
[    5.593794] perf: interrupt took too long (6372 > 6367), lowering kernel.perf_event_max_sample_rate to 31250
[    6.623851] perf: interrupt took too long (7981 > 7965), lowering kernel.perf_event_max_sample_rate to 25000
[    8.453517] perf: interrupt took too long (10009 > 9976), lowering kernel.perf_event_max_sample_rate to 19750
[   11.987593] perf: interrupt took too long (12521 > 12511), lowering kernel.perf_event_max_sample_rate to 15750
[   33.264797] INFO: NMI handler (perf_event_nmi_handler) took too long to run: 4.040 msecs
[   33.264809] perf: interrupt took too long (45763 > 15651), lowering kernel.perf_event_max_sample_rate to 4250
[   77.584668] INFO: NMI handler (nmi_cpu_backtrace_handler) took too long to run: 4.021 msecs
[  135.000528] INFO: NMI handler (perf_event_nmi_handler) took too long to run: 4.046 msecs
[  251.156231] INFO: NMI handler (perf_event_nmi_handler) took too long to run: 4.073 msecs
[  252.704198] perf: interrupt took too long (63913 > 57203), lowering kernel.perf_event_max_sample_rate to 3000
[  286.000132] INFO: NMI handler (perf_event_nmi_handler) took too long to run: 4.074 msecs
[  483.695603] INFO: NMI handler (perf_event_nmi_handler) took too long to run: 4.078 msecs
N2JSON {"event":"progress","deadlines":25000,"armed_pmi":13873,"mtf_only":11127,"exact":25000,"oracle_ok":25000,"mismatches":0,"record_violations":0,"records":{"samples":13873,"lost":0,"throttle":0,"other":0}}
[  654.295063] INFO: NMI handler (nmi_cpu_backtrace_handler) took too long to run: 4.027 msecs
[  760.830815] INFO: NMI handler (perf_event_nmi_handler) took too long to run: 4.092 msecs
[ 1049.901918] INFO: NMI handler (nmi_cpu_backtrace_handler) took too long to run: 4.029 msecs
N2JSON {"event":"progress","deadlines":50000,"armed_pmi":27780,"mtf_only":22220,"exact":50000,"oracle_ok":50000,"mismatches":0,"record_violations":0,"records":{"samples":27780,"lost":0,"throttle":0,"other":0}}
N2JSON {"event":"progress","deadlines":75000,"armed_pmi":41678,"mtf_only":33322,"exact":75000,"oracle_ok":75000,"mismatches":0,"record_violations":0,"records":{"samples":41678,"lost":0,"throttle":0,"other":0}}
[ 1636.464224] INFO: NMI handler (nmi_cpu_backtrace_handler) took too long to run: 4.046 msecs
[ 1644.868721] INFO: NMI handler (perf_event_nmi_handler) took too long to run: 4.599 msecs
N2JSON {"event":"progress","deadlines":100000,"armed_pmi":55561,"mtf_only":44439,"exact":100000,"oracle_ok":100000,"mismatches":0,"record_violations":0,"records":{"samples":55561,"lost":0,"throttle":0,"other":0}}
N2JSON {"event":"progress","deadlines":125000,"armed_pmi":69412,"mtf_only":55588,"exact":125000,"oracle_ok":125000,"mismatches":0,"record_violations":0,"records":{"samples":69412,"lost":0,"throttle":0,"other":0}}
N2JSON {"event":"summary","deadlines":130000,"armed_pmi":72220,"mtf_only":57780,"exact":130000,"oracle_ok":130000,"mismatches":0,"record_violations":0,"final_work":2277419728,"records":{"samples":72220,"lost":0,"throttle":0,"other":0}}
ok

test result: ok. 1 passed; 0 failed; 0 ignored; 0 measured; 1 filtered out; finished in 2743.38s

NESTED_X86_GATE_RC n2_nested_hammer rc=0
NESTED_X86_GATE_END n2_nested_hammer
--- L1 dmesg tail (kvm/vmx/pmu/perf) ---
[    0.000000] Hypervisor detected: KVM
[    0.000000] kvm-clock: Using msrs 4b564d01 and 4b564d00
[    0.000001] kvm-clock: using sched offset of 451559390 cycles
[    0.000003] clocksource: kvm-clock: mask: 0xffffffffffffffff max_cycles: 0x1cd42e4dffb, max_idle_ns: 881590591483 ns
[    0.030784] kvm-guest: APIC: eoi() replaced with kvm_guest_apic_eoi_write()
[    0.030813] Booting paravirtualized kernel on KVM
[    0.039602] kvm-guest: PV spinlocks disabled, single CPU
[    0.392361] Performance Events: Skylake events, full-width counters, Intel PMU driver.
[    0.722957] clocksource: Switched to clocksource kvm-clock
[    1.952610] kvm: loading out-of-tree module taints kernel.
[    1.957975] kvm: module verification failed: signature and/or required key missing - tainting kernel
[    3.613800] perf: interrupt took too long (2523 > 2500), lowering kernel.perf_event_max_sample_rate to 79250
[    3.923973] perf: interrupt took too long (3207 > 3153), lowering kernel.perf_event_max_sample_rate to 62250
[    4.268999] perf: interrupt took too long (4046 > 4008), lowering kernel.perf_event_max_sample_rate to 49250
[    4.798363] perf: interrupt took too long (5094 > 5057), lowering kernel.perf_event_max_sample_rate to 39250
[    5.593794] perf: interrupt took too long (6372 > 6367), lowering kernel.perf_event_max_sample_rate to 31250
[    6.623851] perf: interrupt took too long (7981 > 7965), lowering kernel.perf_event_max_sample_rate to 25000
[    8.453517] perf: interrupt took too long (10009 > 9976), lowering kernel.perf_event_max_sample_rate to 19750
[   11.987593] perf: interrupt took too long (12521 > 12511), lowering kernel.perf_event_max_sample_rate to 15750
[   33.264797] INFO: NMI handler (perf_event_nmi_handler) took too long to run: 4.040 msecs
[   33.264809] perf: interrupt took too long (45763 > 15651), lowering kernel.perf_event_max_sample_rate to 4250
[  135.000528] INFO: NMI handler (perf_event_nmi_handler) took too long to run: 4.046 msecs
[  251.156231] INFO: NMI handler (perf_event_nmi_handler) took too long to run: 4.073 msecs
[  252.704198] perf: interrupt took too long (63913 > 57203), lowering kernel.perf_event_max_sample_rate to 3000
[  286.000132] INFO: NMI handler (perf_event_nmi_handler) took too long to run: 4.074 msecs
[  483.695603] INFO: NMI handler (perf_event_nmi_handler) took too long to run: 4.078 msecs
[  760.830815] INFO: NMI handler (perf_event_nmi_handler) took too long to run: 4.092 msecs
[ 1644.868721] INFO: NMI handler (perf_event_nmi_handler) took too long to run: 4.599 msecs
NESTED_X86_GATES_FAILED 0
NESTED_X86_L1_DONE
[ 2746.099416] ACPI: PM: Preparing to enter system sleep state S5
[ 2746.100314] kvm: exiting hardware virtualization
[ 2746.100937] reboot: Power down
