[    0.000000] Linux version 6.12.90+deb13.1-amd64 (debian-kernel@lists.debian.org) (x86_64-linux-gnu-gcc-14 (Debian 14.2.0-19) 14.2.0, GNU ld (GNU Binutils for Debian) 2.44) #1 SMP PREEMPT_DYNAMIC Debian 6.12.90-2 (2026-05-27)
[    0.000000] Command line: console=ttyS0 rdinit=/init panic=-1 harmony.gates=n3_repeat_gate harmony.env=N3_REPS=1000,N3_ITEM=insn-rng
[    0.000000] BIOS-provided physical RAM map:
[    0.000000] BIOS-e820: [mem 0x0000000000000000-0x000000000009fbff] usable
[    0.000000] BIOS-e820: [mem 0x000000000009fc00-0x000000000009ffff] reserved
[    0.000000] BIOS-e820: [mem 0x00000000000f0000-0x00000000000fffff] reserved
[    0.000000] BIOS-e820: [mem 0x0000000000100000-0x000000007ffdefff] usable
[    0.000000] BIOS-e820: [mem 0x000000007ffdf000-0x000000007fffffff] reserved
[    0.000000] BIOS-e820: [mem 0x00000000b0000000-0x00000000bfffffff] reserved
[    0.000000] BIOS-e820: [mem 0x00000000fed1c000-0x00000000fed1ffff] reserved
[    0.000000] BIOS-e820: [mem 0x00000000feffc000-0x00000000feffffff] reserved
[    0.000000] BIOS-e820: [mem 0x00000000fffc0000-0x00000000ffffffff] reserved
[    0.000000] BIOS-e820: [mem 0x0000000100000000-0x000000027fffffff] usable
[    0.000000] NX (Execute Disable) protection: active
[    0.000000] APIC: Static calls initialized
[    0.000000] SMBIOS 2.8 present.
[    0.000000] DMI: QEMU Standard PC (Q35 + ICH9, 2009), BIOS 1.16.3-debian-1.16.3-2 04/01/2014
[    0.000000] DMI: Memory slots populated: 1/1
[    0.000000] Hypervisor detected: KVM
[    0.000000] last_pfn = 0x7ffdf max_arch_pfn = 0x400000000
[    0.000000] kvm-clock: Using msrs 4b564d01 and 4b564d00
[    0.000000] kvm-clock: using sched offset of 155613291 cycles
[    0.000001] clocksource: kvm-clock: mask: 0xffffffffffffffff max_cycles: 0x1cd42e4dffb, max_idle_ns: 881590591483 ns
[    0.000004] tsc: Detected 3599.998 MHz processor
[    0.000732] last_pfn = 0x280000 max_arch_pfn = 0x400000000
[    0.000755] MTRR map: 4 entries (3 fixed + 1 variable; max 19), built from 8 variable MTRRs
[    0.000757] x86/PAT: Configuration [0-7]: WB  WC  UC- UC  WB  WP  UC- WT  
[    0.000786] last_pfn = 0x7ffdf max_arch_pfn = 0x400000000
[    0.005835] found SMP MP-table at [mem 0x000f5480-0x000f548f]
[    0.005846] Using GB pages for direct mapping
[    0.006096] RAMDISK: [mem 0x7b44c000-0x7ffcffff]
[    0.006100] ACPI: Early table checksum verification disabled
[    0.006102] ACPI: RSDP 0x00000000000F52A0 000014 (v00 BOCHS )
[    0.006105] ACPI: RSDT 0x000000007FFE2351 000038 (v01 BOCHS  BXPC     00000001 BXPC 00000001)
[    0.006109] ACPI: FACP 0x000000007FFE2149 0000F4 (v03 BOCHS  BXPC     00000001 BXPC 00000001)
[    0.006113] ACPI: DSDT 0x000000007FFE0040 002109 (v01 BOCHS  BXPC     00000001 BXPC 00000001)
[    0.006115] ACPI: FACS 0x000000007FFE0000 000040
[    0.006117] ACPI: APIC 0x000000007FFE223D 000078 (v03 BOCHS  BXPC     00000001 BXPC 00000001)
[    0.006119] ACPI: HPET 0x000000007FFE22B5 000038 (v01 BOCHS  BXPC     00000001 BXPC 00000001)
[    0.006121] ACPI: MCFG 0x000000007FFE22ED 00003C (v01 BOCHS  BXPC     00000001 BXPC 00000001)
[    0.006123] ACPI: WAET 0x000000007FFE2329 000028 (v01 BOCHS  BXPC     00000001 BXPC 00000001)
[    0.006125] ACPI: Reserving FACP table memory at [mem 0x7ffe2149-0x7ffe223c]
[    0.006126] ACPI: Reserving DSDT table memory at [mem 0x7ffe0040-0x7ffe2148]
[    0.006126] ACPI: Reserving FACS table memory at [mem 0x7ffe0000-0x7ffe003f]
[    0.006127] ACPI: Reserving APIC table memory at [mem 0x7ffe223d-0x7ffe22b4]
[    0.006127] ACPI: Reserving HPET table memory at [mem 0x7ffe22b5-0x7ffe22ec]
[    0.006128] ACPI: Reserving MCFG table memory at [mem 0x7ffe22ed-0x7ffe2328]
[    0.006128] ACPI: Reserving WAET table memory at [mem 0x7ffe2329-0x7ffe2350]
[    0.006442] No NUMA configuration found
[    0.006443] Faking a node at [mem 0x0000000000000000-0x000000027fffffff]
[    0.006449] NODE_DATA(0) allocated [mem 0x27ffd3680-0x27fffdfff]
[    0.006576] Zone ranges:
[    0.006577]   DMA      [mem 0x0000000000001000-0x0000000000ffffff]
[    0.006578]   DMA32    [mem 0x0000000001000000-0x00000000ffffffff]
[    0.006579]   Normal   [mem 0x0000000100000000-0x000000027fffffff]
[    0.006580]   Device   empty
[    0.006580] Movable zone start for each node
[    0.006582] Early memory node ranges
[    0.006582]   node   0: [mem 0x0000000000001000-0x000000000009efff]
[    0.006583]   node   0: [mem 0x0000000000100000-0x000000007ffdefff]
[    0.006584]   node   0: [mem 0x0000000100000000-0x000000027fffffff]
[    0.006585] Initmem setup node 0 [mem 0x0000000000001000-0x000000027fffffff]
[    0.006715] On node 0, zone DMA: 1 pages in unavailable ranges
[    0.006727] On node 0, zone DMA: 97 pages in unavailable ranges
[    0.010070] On node 0, zone Normal: 33 pages in unavailable ranges
[    0.010479] ACPI: PM-Timer IO Port: 0x608
[    0.010492] ACPI: LAPIC_NMI (acpi_id[0xff] dfl dfl lint[0x1])
[    0.010518] IOAPIC[0]: apic_id 0, version 17, address 0xfec00000, GSI 0-23
[    0.010520] ACPI: INT_SRC_OVR (bus 0 bus_irq 0 global_irq 2 dfl dfl)
[    0.010521] ACPI: INT_SRC_OVR (bus 0 bus_irq 5 global_irq 5 high level)
[    0.010522] ACPI: INT_SRC_OVR (bus 0 bus_irq 9 global_irq 9 high level)
[    0.010523] ACPI: INT_SRC_OVR (bus 0 bus_irq 10 global_irq 10 high level)
[    0.010523] ACPI: INT_SRC_OVR (bus 0 bus_irq 11 global_irq 11 high level)
[    0.010526] ACPI: Using ACPI (MADT) for SMP configuration information
[    0.010527] ACPI: HPET id: 0x8086a201 base: 0xfed00000
[    0.010531] TSC deadline timer available
[    0.010533] CPU topo: Max. logical packages:   1
[    0.010534] CPU topo: Max. logical dies:       1
[    0.010534] CPU topo: Max. dies per package:   1
[    0.010537] CPU topo: Max. threads per core:   1
[    0.010537] CPU topo: Num. cores per package:     1
[    0.010538] CPU topo: Num. threads per package:   1
[    0.010538] CPU topo: Allowing 1 present CPUs plus 0 hotplug CPUs
[    0.010553] kvm-guest: APIC: eoi() replaced with kvm_guest_apic_eoi_write()
[    0.010569] PM: hibernation: Registered nosave memory: [mem 0x00000000-0x00000fff]
[    0.010570] PM: hibernation: Registered nosave memory: [mem 0x0009f000-0x000fffff]
[    0.010571] PM: hibernation: Registered nosave memory: [mem 0x7ffdf000-0xffffffff]
[    0.010572] [mem 0xc0000000-0xfed1bfff] available for PCI devices
[    0.010573] Booting paravirtualized kernel on KVM
[    0.010574] clocksource: refined-jiffies: mask: 0xffffffff max_cycles: 0xffffffff, max_idle_ns: 7645519600211568 ns
[    0.013926] setup_percpu: NR_CPUS:8192 nr_cpumask_bits:1 nr_cpu_ids:1 nr_node_ids:1
[    0.014141] percpu: Embedded 66 pages/cpu s233472 r8192 d28672 u2097152
[    0.014168] kvm-guest: PV spinlocks disabled, single CPU
[    0.014169] Kernel command line: console=ttyS0 rdinit=/init panic=-1 harmony.gates=n3_repeat_gate harmony.env=N3_REPS=1000,N3_ITEM=insn-rng
[    0.014221] random: crng init done
[    0.014968] Dentry cache hash table entries: 1048576 (order: 11, 8388608 bytes, linear)
[    0.015350] Inode-cache hash table entries: 524288 (order: 10, 4194304 bytes, linear)
[    0.015380] Fallback order for Node 0: 0 
[    0.015382] Built 1 zonelists, mobility grouping on.  Total pages: 2097021
[    0.015383] Policy zone: Normal
[    0.015388] mem auto-init: stack:all(zero), heap alloc:on, heap free:off
[    0.015393] software IO TLB: area num 1.
[    0.030185] SLUB: HWalign=64, Order=0-3, MinObjects=0, CPUs=1, Nodes=1
[    0.030205] ftrace: allocating 45769 entries in 179 pages
[    0.035410] ftrace: allocated 179 pages with 5 groups
[    0.035899] Dynamic Preempt: voluntary
[    0.036047] rcu: Preemptible hierarchical RCU implementation.
[    0.036047] rcu: 	RCU restricting CPUs from NR_CPUS=8192 to nr_cpu_ids=1.
[    0.036048] 	Trampoline variant of Tasks RCU enabled.
[    0.036048] 	Rude variant of Tasks RCU enabled.
[    0.036048] 	Tracing variant of Tasks RCU enabled.
[    0.036049] rcu: RCU calculated value of scheduler-enlistment delay is 25 jiffies.
[    0.036049] rcu: Adjusting geometry for rcu_fanout_leaf=16, nr_cpu_ids=1
[    0.036053] RCU Tasks: Setting shift to 0 and lim to 1 rcu_task_cb_adjust=1 rcu_task_cpu_ids=1.
[    0.036054] RCU Tasks Rude: Setting shift to 0 and lim to 1 rcu_task_cb_adjust=1 rcu_task_cpu_ids=1.
[    0.036055] RCU Tasks Trace: Setting shift to 0 and lim to 1 rcu_task_cb_adjust=1 rcu_task_cpu_ids=1.
[    0.039221] NR_IRQS: 524544, nr_irqs: 256, preallocated irqs: 16
[    0.039396] rcu: srcu_init: Setting srcu_struct sizes based on contention.
[    0.051156] Console: colour VGA+ 80x25
[    0.051198] printk: legacy console [ttyS0] enabled
[    0.167832] ACPI: Core revision 20240827
[    0.168602] clocksource: hpet: mask: 0xffffffff max_cycles: 0xffffffff, max_idle_ns: 19112604467 ns
[    0.170114] APIC: Switch to symmetric I/O mode setup
[    0.171008] x2apic enabled
[    0.171608] APIC: Switched APIC routing to: physical x2apic
[    0.173118] ..TIMER: vector=0x30 apic1=0 pin1=2 apic2=-1 pin2=-1
[    0.174033] clocksource: tsc-early: mask: 0xffffffffffffffff max_cycles: 0x33e451ab1a6, max_idle_ns: 440795278720 ns
[    0.175635] Calibrating delay loop (skipped) preset value.. 7199.99 BogoMIPS (lpj=14399992)
[    0.176955] x86/cpu: User Mode Instruction Prevention (UMIP) activated
[    0.177986] Last level iTLB entries: 4KB 0, 2MB 0, 4MB 0
[    0.179635] Last level dTLB entries: 4KB 0, 2MB 0, 4MB 0, 1GB 0
[    0.180534] Spectre V1 : Mitigation: usercopy/swapgs barriers and __user pointer sanitization
[    0.181802] Spectre V2 : Spectre BHI mitigation: SW BHB clearing on syscall and VM exit
[    0.183635] Spectre V2 : Mitigation: IBRS
[    0.184236] Spectre V2 : Spectre v2 / SpectreRSB: Filling RSB on context switch and VMEXIT
[    0.185462] RETBleed: Mitigation: IBRS
[    0.186026] Spectre V2 : mitigation: Enabling conditional Indirect Branch Prediction Barrier
[    0.187268] Speculative Store Bypass: Mitigation: Speculative Store Bypass disabled via prctl
[    0.187639] MDS: Mitigation: Clear CPU buffers
[    0.188310] MMIO Stale Data: Mitigation: Clear CPU buffers
[    0.189126] SRBDS: Unknown: Dependent on hypervisor status
[    0.189942] active return thunk: its_return_thunk
[    0.191635] ITS: Mitigation: Aligned branch/return thunks
[    0.192451] x86/fpu: Supporting XSAVE feature 0x001: 'x87 floating point registers'
[    0.193593] x86/fpu: Supporting XSAVE feature 0x002: 'SSE registers'
[    0.194538] x86/fpu: Supporting XSAVE feature 0x004: 'AVX registers'
[    0.195484] x86/fpu: Supporting XSAVE feature 0x008: 'MPX bounds registers'
[    0.195635] x86/fpu: Supporting XSAVE feature 0x010: 'MPX CSR'
[    0.196511] x86/fpu: xstate_offset[2]:  576, xstate_sizes[2]:  256
[    0.197427] x86/fpu: xstate_offset[3]:  832, xstate_sizes[3]:   64
[    0.198344] x86/fpu: xstate_offset[4]:  896, xstate_sizes[4]:   64
[    0.199635] x86/fpu: Enabled xstate features 0x1f, context size is 960 bytes, using 'compacted' format.
[    0.231488] Freeing SMP alternatives memory: 40K
[    0.231636] pid_max: default: 32768 minimum: 301
[    0.232484] LSM: initializing lsm=lockdown,capability,landlock,yama,apparmor,tomoyo,bpf,ipe,ima,evm
[    0.233870] landlock: Up and running.
[    0.234422] Yama: disabled by default; enable with sysctl kernel.yama.*
[    0.235689] AppArmor: AppArmor initialized
[    0.236320] TOMOYO Linux initialized
[    0.237024] LSM support for eBPF active
[    0.237645] Mount-cache hash table entries: 16384 (order: 5, 131072 bytes, linear)
[    0.238771] Mountpoint-cache hash table entries: 16384 (order: 5, 131072 bytes, linear)
[    0.239850] smpboot: CPU0: Intel(R) Core(TM) i9-9900K CPU @ 3.60GHz (family: 0x6, model: 0x9e, stepping: 0xc)
[    0.241485] Performance Events: Skylake events, full-width counters, Intel PMU driver.
[    0.242684] ... version:                2
[    0.243301] ... bit width:              48
[    0.243636] ... generic registers:      4
[    0.244246] ... value mask:             0000ffffffffffff
[    0.245038] ... max period:             00007fffffffffff
[    0.245830] ... fixed-purpose events:   3
[    0.246439] ... event mask:             000000070000000f
[    0.247317] signal: max sigframe size: 2032
[    0.247656] rcu: Hierarchical SRCU implementation.
[    0.248373] rcu: 	Max phase no-delay instances is 1000.
[    0.251803] smp: Bringing up secondary CPUs ...
[    0.252497] smp: Brought up 1 node, 1 CPU
[    0.253105] smpboot: Total of 1 processors activated (7199.99 BogoMIPS)
[    0.266826] node 0 deferred pages initialised in 12ms
[    0.267644] Memory: 8051148K/8388084K available (16384K kernel code, 2497K rwdata, 11808K rodata, 4164K init, 4916K bss, 333220K reserved, 0K cma-reserved)
[    0.269984] devtmpfs: initialized
[    0.270532] x86/mm: Memory block size: 128MB
[    0.271775] clocksource: jiffies: mask: 0xffffffff max_cycles: 0xffffffff, max_idle_ns: 7645041785100000 ns
[    0.273236] futex hash table entries: 256 (order: 2, 16384 bytes, linear)
[    0.274310] pinctrl core: initialized pinctrl subsystem
[    0.275578] NET: Registered PF_NETLINK/PF_ROUTE protocol family
[    0.275723] DMA: preallocated 1024 KiB GFP_KERNEL pool for atomic allocations
[    0.276839] DMA: preallocated 1024 KiB GFP_KERNEL|GFP_DMA pool for atomic allocations
[    0.278174] DMA: preallocated 1024 KiB GFP_KERNEL|GFP_DMA32 pool for atomic allocations
[    0.279387] audit: initializing netlink subsys (disabled)
[    0.279661] audit: type=2000 audit(1783927279.011:1): state=initialized audit_enabled=0 res=1
[    0.281015] thermal_sys: Registered thermal governor 'fair_share'
[    0.281016] thermal_sys: Registered thermal governor 'bang_bang'
[    0.281936] thermal_sys: Registered thermal governor 'step_wise'
[    0.282836] thermal_sys: Registered thermal governor 'user_space'
[    0.283640] thermal_sys: Registered thermal governor 'power_allocator'
[    0.284564] cpuidle: using governor ladder
[    0.286182] cpuidle: using governor menu
[    0.286814] acpiphp: ACPI Hot Plug PCI Controller Driver version: 0.5
[    0.287754] PCI: ECAM [mem 0xb0000000-0xbfffffff] (base 0xb0000000) for domain 0000 [bus 00-ff]
[    0.289068] PCI: ECAM [mem 0xb0000000-0xbfffffff] reserved as E820 entry
[    0.290085] PCI: Using configuration type 1 for base access
[    0.291008] kprobes: kprobe jump-optimization is enabled. All kprobes are optimized if possible.
[    0.312092] HugeTLB: registered 1.00 GiB page size, pre-allocated 0 pages
[    0.313121] HugeTLB: 16380 KiB vmemmap can be freed for a 1.00 GiB page
[    0.314113] HugeTLB: registered 2.00 MiB page size, pre-allocated 0 pages
[    0.315129] HugeTLB: 28 KiB vmemmap can be freed for a 2.00 MiB page
[    0.320405] ACPI: Added _OSI(Module Device)
[    0.321048] ACPI: Added _OSI(Processor Device)
[    0.321720] ACPI: Added _OSI(Processor Aggregator Device)
[    0.323210] ACPI: 1 ACPI AML tables successfully acquired and loaded
[    0.325793] ACPI: Interpreter enabled
[    0.326364] ACPI: PM: (supports S0 S3 S4 S5)
[    0.327028] ACPI: Using IOAPIC for interrupt routing
[    0.327650] PCI: Using host bridge windows from ACPI; if necessary, use "pci=nocrs" and report a bug
[    0.329018] PCI: Using E820 reservations for host bridge windows
[    0.329983] ACPI: Enabled 2 GPEs in block 00 to 3F
[    0.332187] ACPI: PCI Root Bridge [PCI0] (domain 0000 [bus 00-ff])
[    0.333123] acpi PNP0A08:00: _OSC: OS supports [ExtendedConfig ASPM ClockPM Segments MSI HPX-Type3]
[    0.334502] acpi PNP0A08:00: _OSC: platform does not support [PCIeHotplug LTR]
[    0.335654] acpi PNP0A08:00: _OSC: OS now controls [SHPCHotplug PME AER PCIeCapability]
[    0.336977] PCI host bridge to bus 0000:00
[    0.337600] pci_bus 0000:00: root bus resource [io  0x0000-0x0cf7 window]
[    0.338633] pci_bus 0000:00: root bus resource [io  0x0d00-0xffff window]
[    0.339637] pci_bus 0000:00: root bus resource [mem 0x000a0000-0x000bffff window]
[    0.340763] pci_bus 0000:00: root bus resource [mem 0x80000000-0xafffffff window]
[    0.341882] pci_bus 0000:00: root bus resource [mem 0xc0000000-0xfebfffff window]
[    0.343020] pci_bus 0000:00: root bus resource [mem 0x280000000-0xa7fffffff window]
[    0.343637] pci_bus 0000:00: root bus resource [bus 00-ff]
[    0.344520] pci 0000:00:00.0: [8086:29c0] type 00 class 0x060000 conventional PCI endpoint
[    0.346250] pci 0000:00:01.0: [1234:1111] type 00 class 0x030000 conventional PCI endpoint
[    0.348025] pci 0000:00:01.0: BAR 0 [mem 0xfd000000-0xfdffffff pref]
[    0.350752] pci 0000:00:01.0: BAR 2 [mem 0xfebd4000-0xfebd4fff]
[    0.355270] pci 0000:00:01.0: ROM [mem 0xfebc0000-0xfebcffff pref]
[    0.355751] pci 0000:00:01.0: Video device with shadowed ROM at [mem 0x000c0000-0x000dffff]
[    0.357351] pci 0000:00:02.0: [8086:10d3] type 00 class 0x020000 PCIe Root Complex Integrated Endpoint
[    0.359400] pci 0000:00:02.0: BAR 0 [mem 0xfeb80000-0xfeb9ffff]
[    0.360244] pci 0000:00:02.0: BAR 1 [mem 0xfeba0000-0xfebbffff]
[    0.362240] pci 0000:00:02.0: BAR 2 [io  0xc040-0xc05f]
[    0.363918] pci 0000:00:02.0: BAR 3 [mem 0xfebd0000-0xfebd3fff]
[    0.366316] pci 0000:00:02.0: ROM [mem 0xfeb40000-0xfeb7ffff pref]
[    0.367299] pci 0000:00:02.0: enabling Extended Tags
[    0.368700] pci 0000:00:1f.0: [8086:2918] type 00 class 0x060100 conventional PCI endpoint
[    0.370453] pci 0000:00:1f.0: quirk: [io  0x0600-0x067f] claimed by ICH6 ACPI/GPIO/TCO
[    0.371893] pci 0000:00:1f.2: [8086:2922] type 00 class 0x010601 conventional PCI endpoint
[    0.374861] pci 0000:00:1f.2: BAR 4 [io  0xc060-0xc07f]
[    0.375966] pci 0000:00:1f.2: BAR 5 [mem 0xfebd5000-0xfebd5fff]
[    0.377693] pci 0000:00:1f.3: [8086:2930] type 00 class 0x0c0500 conventional PCI endpoint
[    0.380460] pci 0000:00:1f.3: BAR 4 [io  0x0700-0x073f]
[    0.383308] ACPI: PCI: Interrupt link LNKA configured for IRQ 10
[    0.383710] ACPI: PCI: Interrupt link LNKB configured for IRQ 10
[    0.384681] ACPI: PCI: Interrupt link LNKC configured for IRQ 11
[    0.385649] ACPI: PCI: Interrupt link LNKD configured for IRQ 11
[    0.386637] ACPI: PCI: Interrupt link LNKE configured for IRQ 10
[    0.387615] ACPI: PCI: Interrupt link LNKF configured for IRQ 10
[    0.387707] ACPI: PCI: Interrupt link LNKG configured for IRQ 11
[    0.388676] ACPI: PCI: Interrupt link LNKH configured for IRQ 11
[    0.389619] ACPI: PCI: Interrupt link GSIA configured for IRQ 16
[    0.390530] ACPI: PCI: Interrupt link GSIB configured for IRQ 17
[    0.391434] ACPI: PCI: Interrupt link GSIC configured for IRQ 18
[    0.391642] ACPI: PCI: Interrupt link GSID configured for IRQ 19
[    0.392568] ACPI: PCI: Interrupt link GSIE configured for IRQ 20
[    0.393481] ACPI: PCI: Interrupt link GSIF configured for IRQ 21
[    0.394389] ACPI: PCI: Interrupt link GSIG configured for IRQ 22
[    0.395296] ACPI: PCI: Interrupt link GSIH configured for IRQ 23
[    0.395973] iommu: Default domain type: Translated
[    0.396702] iommu: DMA domain TLB invalidation policy: lazy mode
[    0.397715] pps_core: LinuxPPS API ver. 1 registered
[    0.398463] pps_core: Software ver. 5.3.6 - Copyright 2005-2007 Rodolfo Giometti <giometti@linux.it>
[    0.399639] PTP clock support registered
[    0.400241] EDAC MC: Ver: 3.0.0
[    0.401277] NetLabel: Initializing
[    0.401796] NetLabel:  domain hash size = 128
[    0.402452] NetLabel:  protocols = UNLABELED CIPSOv4 CALIPSO
[    0.403336] NetLabel:  unlabeled traffic allowed by default
[    0.403636] PCI: Using ACPI for IRQ routing
[    0.472560] pci 0000:00:01.0: vgaarb: setting as boot VGA device
[    0.473465] pci 0000:00:01.0: vgaarb: bridge control possible
[    0.474328] pci 0000:00:01.0: vgaarb: VGA device added: decodes=io+mem,owns=io+mem,locks=none
[    0.475610] vgaarb: loaded
[    0.475668] hpet0: at MMIO 0xfed00000, IRQs 2, 8, 0
[    0.476408] hpet0: 3 comparators, 64-bit 100.000000 MHz counter
[    0.481703] clocksource: Switched to clocksource kvm-clock
[    0.483201] VFS: Disk quotas dquot_6.6.0
[    0.483633] VFS: Dquot-cache hash table entries: 512 (order 0, 4096 bytes)
[    0.483633] AppArmor: AppArmor Filesystem Enabled
[    0.483653] pnp: PnP ACPI init
[    0.484252] system 00:05: [mem 0xb0000000-0xbfffffff window] has been reserved
[    0.485531] pnp: PnP ACPI: found 6 devices
[    0.491538] clocksource: acpi_pm: mask: 0xffffff max_cycles: 0xffffff, max_idle_ns: 2085701024 ns
[    0.492924] NET: Registered PF_INET protocol family
[    0.493708] IP idents hash table entries: 131072 (order: 8, 1048576 bytes, linear)
[    0.503486] tcp_listen_portaddr_hash hash table entries: 4096 (order: 4, 65536 bytes, linear)
[    0.504780] Table-perturb hash table entries: 65536 (order: 6, 262144 bytes, linear)
[    0.505945] TCP established hash table entries: 65536 (order: 7, 524288 bytes, linear)
[    0.507323] TCP bind hash table entries: 65536 (order: 9, 2097152 bytes, linear)
[    0.508583] TCP: Hash tables configured (established 65536 bind 65536)
[    0.509601] MPTCP token hash table entries: 8192 (order: 6, 196608 bytes, linear)
[    0.510739] UDP hash table entries: 4096 (order: 5, 131072 bytes, linear)
[    0.511901] UDP-Lite hash table entries: 4096 (order: 5, 131072 bytes, linear)
[    0.513033] NET: Registered PF_UNIX/PF_LOCAL protocol family
[    0.513891] NET: Registered PF_XDP protocol family
[    0.514626] pci_bus 0000:00: resource 4 [io  0x0000-0x0cf7 window]
[    0.515568] pci_bus 0000:00: resource 5 [io  0x0d00-0xffff window]
[    0.516501] pci_bus 0000:00: resource 6 [mem 0x000a0000-0x000bffff window]
[    0.517537] pci_bus 0000:00: resource 7 [mem 0x80000000-0xafffffff window]
[    0.518564] pci_bus 0000:00: resource 8 [mem 0xc0000000-0xfebfffff window]
[    0.519609] pci_bus 0000:00: resource 9 [mem 0x280000000-0xa7fffffff window]
[    0.520747] PCI: CLS 0 bytes, default 64
[    0.521431] Trying to unpack rootfs image as initramfs...
[    0.524267] PCI-DMA: Using software bounce buffering for IO (SWIOTLB)
[    0.525241] software IO TLB: mapped [mem 0x000000007744c000-0x000000007b44c000] (64MB)
[    0.526458] clocksource: tsc: mask: 0xffffffffffffffff max_cycles: 0x33e451ab1a6, max_idle_ns: 440795278720 ns
[    0.532498] Initialise system trusted keyrings
[    0.533190] Key type blacklist registered
[    0.533834] workingset: timestamp_bits=36 max_order=21 bucket_order=0
[    0.534804] zbud: loaded
[    0.536282] fuse: init (API version 7.41)
[    0.540381] integrity: Platform Keyring initialized
[    0.541127] integrity: Machine keyring initialized
[    0.564269] Key type asymmetric registered
[    0.564906] Asymmetric key parser 'x509' registered
[    0.885893] Freeing initrd memory: 77328K
[    0.887053] Block layer SCSI generic (bsg) driver version 0.4 loaded (major 246)
[    0.888225] io scheduler mq-deadline registered
[    0.889731] ledtrig-cpu: registered to indicate activity on CPUs
[    0.890664] shpchp: Standard Hot Plug PCI Controller Driver version: 0.4
[    0.891837] Serial: 8250/16550 driver, 4 ports, IRQ sharing enabled
[    0.893177] 00:03: ttyS0 at I/O 0x3f8 (irq = 4, base_baud = 115200) is a 16550A
[    0.894652] Linux agpgart interface v0.103
[    0.895480] i8042: PNP: PS/2 Controller [PNP0303:KBD,PNP0f13:MOU] at 0x60,0x64 irq 1,12
[    0.897375] serio: i8042 KBD port at 0x60,0x64 irq 1
[    0.898125] serio: i8042 AUX port at 0x60,0x64 irq 12
[    0.898952] mousedev: PS/2 mouse device common for all mice
[    0.900061] input: AT Translated Set 2 keyboard as /devices/platform/i8042/serio0/input/input0
[    0.901578] rtc_cmos 00:04: RTC can wake from S4
[    0.902740] rtc_cmos 00:04: registered as rtc0
[    0.903496] rtc_cmos 00:04: setting system clock to 2026-07-13T07:21:19 UTC (1783927279)
[    0.904790] rtc_cmos 00:04: alarms up to one day, y3k, 242 bytes nvram, hpet irqs
[    0.905913] intel_pstate: CPU model not supported
[    0.907116] NET: Registered PF_INET6 protocol family
[    0.908306] Segment Routing with IPv6
[    0.908877] In-situ OAM (IOAM) with IPv6
[    0.909487] mip6: Mobile IPv6
[    0.909946] NET: Registered PF_PACKET protocol family
[    0.910722] mpls_gso: MPLS GSO support
[    0.911393] IPI shorthand broadcast: enabled
[    0.913184] sched_clock: Marking stable (784001787, 128231982)->(926978807, -14745038)
[    0.914427] registered taskstats version 1
[    0.915120] Loading compiled-in X.509 certificates
[    0.927074] Loaded X.509 cert 'Build time autogenerated kernel key: e87b99600394fc77ba6018a2cc6a68db4bb86ee6'
[    0.929781] Demotion targets for Node 0: null
[    0.930479] Key type .fscrypt registered
[    0.931074] Key type fscrypt-provisioning registered
[    0.932320] Key type encrypted registered
[    0.932938] AppArmor: AppArmor sha256 policy hashing enabled
[    0.933808] ima: No TPM chip found, activating TPM-bypass!
[    0.934631] ima: Allocated hash algorithm: sha256
[    0.935366] ima: No architecture policies found
[    0.936061] evm: Initialising EVM extended attributes:
[    0.936850] evm: security.selinux
[    0.937357] evm: security.SMACK64 (disabled)
[    0.938003] evm: security.SMACK64EXEC (disabled)
[    0.938698] evm: security.SMACK64TRANSMUTE (disabled)
[    0.939471] evm: security.SMACK64MMAP (disabled)
[    0.940167] evm: security.apparmor
[    0.940698] evm: security.ima
[    0.941153] evm: security.capability
[    0.941697] evm: HMAC attrs: 0x1
[    0.964288] RAS: Correctable Errors collector initialized.
[    0.976004] clk: Disabling unused clocks
[    0.980247] PM: genpd: Disabling unused power domains
[    0.981902] Freeing unused decrypted memory: 2028K
[    0.982695] Freeing unused kernel image (initmem) memory: 4164K
[    0.983336] Write protecting the kernel read-only data: 28672k
[    0.984125] Freeing unused kernel image (rodata/data gap) memory: 480K
[    1.019450] x86/mm: Checked W+X mappings: passed, no W+X pages found.
[    1.052245] Run /init as init process
NESTED_X86_L1_BOOT_OK
Linux (none) 6.12.90+deb13.1-amd64 #1 SMP PREEMPT_DYNAMIC Debian 6.12.90-2 (2026-05-27) x86_64 GNU/Linux
              total        used        free      shared  buff/cache   available
Mem:           7948          51        7756         141         141        7619
console=ttyS0 rdinit=/init panic=-1 harmony.gates=n3_repeat_gate harmony.env=N3_REPS=1000,N3_ITEM=insn-rng
msr: loaded
irqbypass: loaded
[    1.080004] kvm: loading out-of-tree module taints kernel.
[    1.080639] kvm: module verification failed: signature and/or required key missing - tainting kernel
kvm(PATCHED): loaded
kvm-intel(PATCHED): loaded
L1_DEV_KVM_PRESENT
NESTED_X86_L2_PIN_CHECK_BEGIN
f06a34a79010a8f2cc8226dc629cc8fb049740016f035f53e3f2e53d9a30dd41  guest/build/bzImage
3c4a7f2f0db4b59aaf4dee55d43a42c57fc0d10ac25441de88128c61be0778c2  guest/build/initramfs-postgres.cpio.gz
NESTED_X86_L2_PIN_CHECK_END
ENV N3_REPS=1000
ENV N3_ITEM=insn-rng
NESTED_X86_GATE_BEGIN n3_repeat_gate 

running 1 test
test n3_repeat_gate ... N3JSON {"event":"start","item":"insn-rng","reps":1000,"seed":11471204516818368}
N3JSON {"event":"progress","attempted":100,"identical":100,"mismatches":0}
N3JSON {"event":"progress","attempted":200,"identical":200,"mismatches":0}
N3JSON {"event":"progress","attempted":300,"identical":300,"mismatches":0}
N3JSON {"event":"progress","attempted":400,"identical":400,"mismatches":0}
N3JSON {"event":"progress","attempted":500,"identical":500,"mismatches":0}
N3JSON {"event":"progress","attempted":600,"identical":600,"mismatches":0}
N3JSON {"event":"progress","attempted":700,"identical":700,"mismatches":0}
N3JSON {"event":"progress","attempted":800,"identical":800,"mismatches":0}
N3JSON {"event":"progress","attempted":900,"identical":900,"mismatches":0}
N3JSON {"event":"progress","attempted":1000,"identical":1000,"mismatches":0}
N3JSON {"event":"summary","item":"insn-rng","attempted":1000,"identical":1000,"mismatches":0,"state_hash":"6163f1109b5677de0ff924f7932e7ade007434c99c24bc9a7e11beac27f5bbb4","observable_digest":"0fe06bf4edf727fc1d200f810a307c30e65915b7c1ed230a5e513defbb2a3926"}
ok

test result: ok. 1 passed; 0 failed; 0 ignored; 0 measured; 0 filtered out; finished in 11738.18s

NESTED_X86_GATE_RC n3_repeat_gate rc=0
NESTED_X86_GATE_END n3_repeat_gate
--- L1 dmesg tail (kvm/vmx/pmu/perf) ---
[    0.000000] Hypervisor detected: KVM
[    0.000000] kvm-clock: Using msrs 4b564d01 and 4b564d00
[    0.000000] kvm-clock: using sched offset of 155613291 cycles
[    0.000001] clocksource: kvm-clock: mask: 0xffffffffffffffff max_cycles: 0x1cd42e4dffb, max_idle_ns: 881590591483 ns
[    0.010553] kvm-guest: APIC: eoi() replaced with kvm_guest_apic_eoi_write()
[    0.010573] Booting paravirtualized kernel on KVM
[    0.014168] kvm-guest: PV spinlocks disabled, single CPU
[    0.241485] Performance Events: Skylake events, full-width counters, Intel PMU driver.
[    0.481703] clocksource: Switched to clocksource kvm-clock
[    1.080004] kvm: loading out-of-tree module taints kernel.
[    1.080639] kvm: module verification failed: signature and/or required key missing - tainting kernel
NESTED_X86_GATES_FAILED 0
NESTED_X86_L1_DONE
[11739.508007] ACPI: PM: Preparing to enter system sleep state S5
[11739.508818] kvm: exiting hardware virtualization
[11739.509345] reboot: Power down
