[    0.000000] Linux version 6.12.90+deb13.1-amd64 (debian-kernel@lists.debian.org) (x86_64-linux-gnu-gcc-14 (Debian 14.2.0-19) 14.2.0, GNU ld (GNU Binutils for Debian) 2.44) #1 SMP PREEMPT_DYNAMIC Debian 6.12.90-2 (2026-05-27)
[    0.000000] Command line: console=ttyS0 rdinit=/init panic=-1 harmony.gates=n2_nested_hammer harmony.env=N2_DEADLINES=200000,N2_SEED=1600065575,N2_PROGRESS=25000
[    0.000000] BIOS-provided physical RAM map:
[    0.000000] BIOS-e820: [mem 0x0000000000000000-0x000000000009fbff] usable
[    0.000000] BIOS-e820: [mem 0x000000000009fc00-0x000000000009ffff] reserved
[    0.000000] BIOS-e820: [mem 0x00000000000f0000-0x00000000000fffff] reserved
[    0.000000] BIOS-e820: [mem 0x0000000000100000-0x000000007ffdefff] usable
[    0.000000] BIOS-e820: [mem 0x000000007ffdf000-0x000000007fffffff] reserved
[    0.000000] BIOS-e820: [mem 0x00000000b0000000-0x00000000bfffffff] reserved
[    0.000000] BIOS-e820: [mem 0x00000000fed1c000-0x00000000fed1ffff] reserved
[    0.000000] BIOS-e820: [mem 0x00000000feffc000-0x00000000feffffff] reserved
[    0.000000] BIOS-e820: [mem 0x00000000fffc0000-0x00000000ffffffff] reserved
[    0.000000] BIOS-e820: [mem 0x0000000100000000-0x000000027fffffff] usable
[    0.000000] NX (Execute Disable) protection: active
[    0.000000] APIC: Static calls initialized
[    0.000000] SMBIOS 2.8 present.
[    0.000000] DMI: QEMU Standard PC (Q35 + ICH9, 2009), BIOS 1.16.3-debian-1.16.3-2 04/01/2014
[    0.000000] DMI: Memory slots populated: 1/1
[    0.000000] Hypervisor detected: KVM
[    0.000000] last_pfn = 0x7ffdf max_arch_pfn = 0x400000000
[    0.000000] kvm-clock: Using msrs 4b564d01 and 4b564d00
[    0.000000] kvm-clock: using sched offset of 181813919 cycles
[    0.000002] clocksource: kvm-clock: mask: 0xffffffffffffffff max_cycles: 0x1cd42e4dffb, max_idle_ns: 881590591483 ns
[    0.000004] tsc: Detected 3599.998 MHz processor
[    0.000880] last_pfn = 0x280000 max_arch_pfn = 0x400000000
[    0.000906] MTRR map: 4 entries (3 fixed + 1 variable; max 19), built from 8 variable MTRRs
[    0.000908] x86/PAT: Configuration [0-7]: WB  WC  UC- UC  WB  WP  UC- WT  
[    0.000943] last_pfn = 0x7ffdf max_arch_pfn = 0x400000000
[    0.006759] found SMP MP-table at [mem 0x000f5480-0x000f548f]
[    0.006771] Using GB pages for direct mapping
[    0.006854] RAMDISK: [mem 0x79c87000-0x7ffcffff]
[    0.006859] ACPI: Early table checksum verification disabled
[    0.006861] ACPI: RSDP 0x00000000000F52A0 000014 (v00 BOCHS )
[    0.006864] ACPI: RSDT 0x000000007FFE2351 000038 (v01 BOCHS  BXPC     00000001 BXPC 00000001)
[    0.006869] ACPI: FACP 0x000000007FFE2149 0000F4 (v03 BOCHS  BXPC     00000001 BXPC 00000001)
[    0.006873] ACPI: DSDT 0x000000007FFE0040 002109 (v01 BOCHS  BXPC     00000001 BXPC 00000001)
[    0.006875] ACPI: FACS 0x000000007FFE0000 000040
[    0.006877] ACPI: APIC 0x000000007FFE223D 000078 (v03 BOCHS  BXPC     00000001 BXPC 00000001)
[    0.006880] ACPI: HPET 0x000000007FFE22B5 000038 (v01 BOCHS  BXPC     00000001 BXPC 00000001)
[    0.006882] ACPI: MCFG 0x000000007FFE22ED 00003C (v01 BOCHS  BXPC     00000001 BXPC 00000001)
[    0.006884] ACPI: WAET 0x000000007FFE2329 000028 (v01 BOCHS  BXPC     00000001 BXPC 00000001)
[    0.006886] ACPI: Reserving FACP table memory at [mem 0x7ffe2149-0x7ffe223c]
[    0.006887] ACPI: Reserving DSDT table memory at [mem 0x7ffe0040-0x7ffe2148]
[    0.006888] ACPI: Reserving FACS table memory at [mem 0x7ffe0000-0x7ffe003f]
[    0.006888] ACPI: Reserving APIC table memory at [mem 0x7ffe223d-0x7ffe22b4]
[    0.006889] ACPI: Reserving HPET table memory at [mem 0x7ffe22b5-0x7ffe22ec]
[    0.006889] ACPI: Reserving MCFG table memory at [mem 0x7ffe22ed-0x7ffe2328]
[    0.006889] ACPI: Reserving WAET table memory at [mem 0x7ffe2329-0x7ffe2350]
[    0.007239] No NUMA configuration found
[    0.007240] Faking a node at [mem 0x0000000000000000-0x000000027fffffff]
[    0.007246] NODE_DATA(0) allocated [mem 0x27ffd5680-0x27fffffff]
[    0.007568] Zone ranges:
[    0.007568]   DMA      [mem 0x0000000000001000-0x0000000000ffffff]
[    0.007570]   DMA32    [mem 0x0000000001000000-0x00000000ffffffff]
[    0.007571]   Normal   [mem 0x0000000100000000-0x000000027fffffff]
[    0.007572]   Device   empty
[    0.007572] Movable zone start for each node
[    0.007574] Early memory node ranges
[    0.007574]   node   0: [mem 0x0000000000001000-0x000000000009efff]
[    0.007575]   node   0: [mem 0x0000000000100000-0x000000007ffdefff]
[    0.007576]   node   0: [mem 0x0000000100000000-0x000000027fffffff]
[    0.007577] Initmem setup node 0 [mem 0x0000000000001000-0x000000027fffffff]
[    0.007729] On node 0, zone DMA: 1 pages in unavailable ranges
[    0.007743] On node 0, zone DMA: 97 pages in unavailable ranges
[    0.011531] On node 0, zone Normal: 33 pages in unavailable ranges
[    0.012018] ACPI: PM-Timer IO Port: 0x608
[    0.012033] ACPI: LAPIC_NMI (acpi_id[0xff] dfl dfl lint[0x1])
[    0.012061] IOAPIC[0]: apic_id 0, version 17, address 0xfec00000, GSI 0-23
[    0.012064] ACPI: INT_SRC_OVR (bus 0 bus_irq 0 global_irq 2 dfl dfl)
[    0.012065] ACPI: INT_SRC_OVR (bus 0 bus_irq 5 global_irq 5 high level)
[    0.012066] ACPI: INT_SRC_OVR (bus 0 bus_irq 9 global_irq 9 high level)
[    0.012067] ACPI: INT_SRC_OVR (bus 0 bus_irq 10 global_irq 10 high level)
[    0.012067] ACPI: INT_SRC_OVR (bus 0 bus_irq 11 global_irq 11 high level)
[    0.012071] ACPI: Using ACPI (MADT) for SMP configuration information
[    0.012072] ACPI: HPET id: 0x8086a201 base: 0xfed00000
[    0.012075] TSC deadline timer available
[    0.012079] CPU topo: Max. logical packages:   1
[    0.012079] CPU topo: Max. logical dies:       1
[    0.012080] CPU topo: Max. dies per package:   1
[    0.012083] CPU topo: Max. threads per core:   1
[    0.012083] CPU topo: Num. cores per package:     1
[    0.012083] CPU topo: Num. threads per package:   1
[    0.012084] CPU topo: Allowing 1 present CPUs plus 0 hotplug CPUs
[    0.012098] kvm-guest: APIC: eoi() replaced with kvm_guest_apic_eoi_write()
[    0.012116] PM: hibernation: Registered nosave memory: [mem 0x00000000-0x00000fff]
[    0.012117] PM: hibernation: Registered nosave memory: [mem 0x0009f000-0x000fffff]
[    0.012118] PM: hibernation: Registered nosave memory: [mem 0x7ffdf000-0xffffffff]
[    0.012120] [mem 0xc0000000-0xfed1bfff] available for PCI devices
[    0.012121] Booting paravirtualized kernel on KVM
[    0.012122] clocksource: refined-jiffies: mask: 0xffffffff max_cycles: 0xffffffff, max_idle_ns: 7645519600211568 ns
[    0.016100] setup_percpu: NR_CPUS:8192 nr_cpumask_bits:1 nr_cpu_ids:1 nr_node_ids:1
[    0.016344] percpu: Embedded 66 pages/cpu s233472 r8192 d28672 u2097152
[    0.016373] kvm-guest: PV spinlocks disabled, single CPU
[    0.016374] Kernel command line: console=ttyS0 rdinit=/init panic=-1 harmony.gates=n2_nested_hammer harmony.env=N2_DEADLINES=200000,N2_SEED=1600065575,N2_PROGRESS=25000
[    0.016436] random: crng init done
[    0.017289] Dentry cache hash table entries: 1048576 (order: 11, 8388608 bytes, linear)
[    0.017709] Inode-cache hash table entries: 524288 (order: 10, 4194304 bytes, linear)
[    0.017745] Fallback order for Node 0: 0 
[    0.017747] Built 1 zonelists, mobility grouping on.  Total pages: 2097021
[    0.017748] Policy zone: Normal
[    0.017754] mem auto-init: stack:all(zero), heap alloc:on, heap free:off
[    0.017758] software IO TLB: area num 1.
[    0.034545] SLUB: HWalign=64, Order=0-3, MinObjects=0, CPUs=1, Nodes=1
[    0.034568] ftrace: allocating 45769 entries in 179 pages
[    0.040422] ftrace: allocated 179 pages with 5 groups
[    0.040937] Dynamic Preempt: voluntary
[    0.041091] rcu: Preemptible hierarchical RCU implementation.
[    0.041091] rcu: 	RCU restricting CPUs from NR_CPUS=8192 to nr_cpu_ids=1.
[    0.041092] 	Trampoline variant of Tasks RCU enabled.
[    0.041093] 	Rude variant of Tasks RCU enabled.
[    0.041093] 	Tracing variant of Tasks RCU enabled.
[    0.041094] rcu: RCU calculated value of scheduler-enlistment delay is 25 jiffies.
[    0.041094] rcu: Adjusting geometry for rcu_fanout_leaf=16, nr_cpu_ids=1
[    0.041098] RCU Tasks: Setting shift to 0 and lim to 1 rcu_task_cb_adjust=1 rcu_task_cpu_ids=1.
[    0.041099] RCU Tasks Rude: Setting shift to 0 and lim to 1 rcu_task_cb_adjust=1 rcu_task_cpu_ids=1.
[    0.041100] RCU Tasks Trace: Setting shift to 0 and lim to 1 rcu_task_cb_adjust=1 rcu_task_cpu_ids=1.
[    0.044819] NR_IRQS: 524544, nr_irqs: 256, preallocated irqs: 16
[    0.045020] rcu: srcu_init: Setting srcu_struct sizes based on contention.
[    0.058562] Console: colour VGA+ 80x25
[    0.058612] printk: legacy console [ttyS0] enabled
[    0.195695] ACPI: Core revision 20240827
[    0.196564] clocksource: hpet: mask: 0xffffffff max_cycles: 0xffffffff, max_idle_ns: 19112604467 ns
[    0.198349] APIC: Switch to symmetric I/O mode setup
[    0.199388] x2apic enabled
[    0.200109] APIC: Switched APIC routing to: physical x2apic
[    0.201813] ..TIMER: vector=0x30 apic1=0 pin1=2 apic2=-1 pin2=-1
[    0.202913] clocksource: tsc-early: mask: 0xffffffffffffffff max_cycles: 0x33e451ab1a6, max_idle_ns: 440795278720 ns
[    0.204654] Calibrating delay loop (skipped) preset value.. 7199.99 BogoMIPS (lpj=14399992)
[    0.206156] x86/cpu: User Mode Instruction Prevention (UMIP) activated
[    0.208724] Last level iTLB entries: 4KB 0, 2MB 0, 4MB 0
[    0.209732] Last level dTLB entries: 4KB 0, 2MB 0, 4MB 0, 1GB 0
[    0.210790] Spectre V1 : Mitigation: usercopy/swapgs barriers and __user pointer sanitization
[    0.212655] Spectre V2 : Spectre BHI mitigation: SW BHB clearing on syscall and VM exit
[    0.214059] Spectre V2 : Mitigation: IBRS
[    0.214756] Spectre V2 : Spectre v2 / SpectreRSB: Filling RSB on context switch and VMEXIT
[    0.216653] RETBleed: Mitigation: IBRS
[    0.217303] Spectre V2 : mitigation: Enabling conditional Indirect Branch Prediction Barrier
[    0.218785] Speculative Store Bypass: Mitigation: Speculative Store Bypass disabled via prctl
[    0.220237] MDS: Mitigation: Clear CPU buffers
[    0.220653] MMIO Stale Data: Mitigation: Clear CPU buffers
[    0.221565] SRBDS: Unknown: Dependent on hypervisor status
[    0.222511] active return thunk: its_return_thunk
[    0.223327] ITS: Mitigation: Aligned branch/return thunks
[    0.224668] x86/fpu: Supporting XSAVE feature 0x001: 'x87 floating point registers'
[    0.225975] x86/fpu: Supporting XSAVE feature 0x002: 'SSE registers'
[    0.227032] x86/fpu: Supporting XSAVE feature 0x004: 'AVX registers'
[    0.228206] x86/fpu: Supporting XSAVE feature 0x008: 'MPX bounds registers'
[    0.228653] x86/fpu: Supporting XSAVE feature 0x010: 'MPX CSR'
[    0.229680] x86/fpu: xstate_offset[2]:  576, xstate_sizes[2]:  256
[    0.230795] x86/fpu: xstate_offset[3]:  832, xstate_sizes[3]:   64
[    0.232653] x86/fpu: xstate_offset[4]:  896, xstate_sizes[4]:   64
[    0.233724] x86/fpu: Enabled xstate features 0x1f, context size is 960 bytes, using 'compacted' format.
[    0.270368] Freeing SMP alternatives memory: 40K
[    0.271198] pid_max: default: 32768 minimum: 301
[    0.272058] LSM: initializing lsm=lockdown,capability,landlock,yama,apparmor,tomoyo,bpf,ipe,ima,evm
[    0.272705] landlock: Up and running.
[    0.273381] Yama: disabled by default; enable with sysctl kernel.yama.*
[    0.274605] AppArmor: AppArmor initialized
[    0.275357] TOMOYO Linux initialized
[    0.276797] LSM support for eBPF active
[    0.277545] Mount-cache hash table entries: 16384 (order: 5, 131072 bytes, linear)
[    0.278892] Mountpoint-cache hash table entries: 16384 (order: 5, 131072 bytes, linear)
[    0.280929] smpboot: CPU0: Intel(R) Core(TM) i9-9900K CPU @ 3.60GHz (family: 0x6, model: 0x9e, stepping: 0xc)
[    0.282796] Performance Events: Skylake events, full-width counters, Intel PMU driver.
[    0.284231] ... version:                2
[    0.284654] ... bit width:              48
[    0.285336] ... generic registers:      4
[    0.286006] ... value mask:             0000ffffffffffff
[    0.286881] ... max period:             00007fffffffffff
[    0.287822] ... fixed-purpose events:   3
[    0.288536] ... event mask:             000000070000000f
[    0.288730] signal: max sigframe size: 2032
[    0.289509] rcu: Hierarchical SRCU implementation.
[    0.290333] rcu: 	Max phase no-delay instances is 1000.
[    0.294340] smp: Bringing up secondary CPUs ...
[    0.295121] smp: Brought up 1 node, 1 CPU
[    0.295822] smpboot: Total of 1 processors activated (7199.99 BogoMIPS)
[    0.311124] node 0 deferred pages initialised in 12ms
[    0.312059] Memory: 8026728K/8388084K available (16384K kernel code, 2497K rwdata, 11808K rodata, 4164K init, 4916K bss, 357552K reserved, 0K cma-reserved)
[    0.312931] devtmpfs: initialized
[    0.313605] x86/mm: Memory block size: 128MB
[    0.315010] clocksource: jiffies: mask: 0xffffffff max_cycles: 0xffffffff, max_idle_ns: 7645041785100000 ns
[    0.316663] futex hash table entries: 256 (order: 2, 16384 bytes, linear)
[    0.317971] pinctrl core: initialized pinctrl subsystem
[    0.319353] NET: Registered PF_NETLINK/PF_ROUTE protocol family
[    0.320472] DMA: preallocated 1024 KiB GFP_KERNEL pool for atomic allocations
[    0.320706] DMA: preallocated 1024 KiB GFP_KERNEL|GFP_DMA pool for atomic allocations
[    0.322292] DMA: preallocated 1024 KiB GFP_KERNEL|GFP_DMA32 pool for atomic allocations
[    0.323666] audit: initializing netlink subsys (disabled)
[    0.324613] audit: type=2000 audit(1783660747.485:1): state=initialized audit_enabled=0 res=1
[    0.324740] thermal_sys: Registered thermal governor 'fair_share'
[    0.324741] thermal_sys: Registered thermal governor 'bang_bang'
[    0.325799] thermal_sys: Registered thermal governor 'step_wise'
[    0.326817] thermal_sys: Registered thermal governor 'user_space'
[    0.327844] thermal_sys: Registered thermal governor 'power_allocator'
[    0.328669] cpuidle: using governor ladder
[    0.330639] cpuidle: using governor menu
[    0.331370] acpiphp: ACPI Hot Plug PCI Controller Driver version: 0.5
[    0.332715] PCI: ECAM [mem 0xb0000000-0xbfffffff] (base 0xb0000000) for domain 0000 [bus 00-ff]
[    0.334250] PCI: ECAM [mem 0xb0000000-0xbfffffff] reserved as E820 entry
[    0.335445] PCI: Using configuration type 1 for base access
[    0.336514] kprobes: kprobe jump-optimization is enabled. All kprobes are optimized if possible.
[    0.360895] HugeTLB: registered 1.00 GiB page size, pre-allocated 0 pages
[    0.362139] HugeTLB: 16380 KiB vmemmap can be freed for a 1.00 GiB page
[    0.363241] HugeTLB: registered 2.00 MiB page size, pre-allocated 0 pages
[    0.364403] HugeTLB: 28 KiB vmemmap can be freed for a 2.00 MiB page
[    0.368959] ACPI: Added _OSI(Module Device)
[    0.369673] ACPI: Added _OSI(Processor Device)
[    0.370416] ACPI: Added _OSI(Processor Aggregator Device)
[    0.372180] ACPI: 1 ACPI AML tables successfully acquired and loaded
[    0.373656] ACPI: Interpreter enabled
[    0.374331] ACPI: PM: (supports S0 S3 S4 S5)
[    0.375102] ACPI: Using IOAPIC for interrupt routing
[    0.376035] PCI: Using host bridge windows from ACPI; if necessary, use "pci=nocrs" and report a bug
[    0.376654] PCI: Using E820 reservations for host bridge windows
[    0.377795] ACPI: Enabled 2 GPEs in block 00 to 3F
[    0.380419] ACPI: PCI Root Bridge [PCI0] (domain 0000 [bus 00-ff])
[    0.380658] acpi PNP0A08:00: _OSC: OS supports [ExtendedConfig ASPM ClockPM Segments MSI HPX-Type3]
[    0.382320] acpi PNP0A08:00: _OSC: platform does not support [PCIeHotplug LTR]
[    0.383659] acpi PNP0A08:00: _OSC: OS now controls [SHPCHotplug PME AER PCIeCapability]
[    0.384817] PCI host bridge to bus 0000:00
[    0.385566] pci_bus 0000:00: root bus resource [io  0x0000-0x0cf7 window]
[    0.386793] pci_bus 0000:00: root bus resource [io  0x0d00-0xffff window]
[    0.388007] pci_bus 0000:00: root bus resource [mem 0x000a0000-0x000bffff window]
[    0.388655] pci_bus 0000:00: root bus resource [mem 0x80000000-0xafffffff window]
[    0.389994] pci_bus 0000:00: root bus resource [mem 0xc0000000-0xfebfffff window]
[    0.391327] pci_bus 0000:00: root bus resource [mem 0x280000000-0xa7fffffff window]
[    0.392655] pci_bus 0000:00: root bus resource [bus 00-ff]
[    0.393702] pci 0000:00:00.0: [8086:29c0] type 00 class 0x060000 conventional PCI endpoint
[    0.395726] pci 0000:00:01.0: [1234:1111] type 00 class 0x030000 conventional PCI endpoint
[    0.398060] pci 0000:00:01.0: BAR 0 [mem 0xfd000000-0xfdffffff pref]
[    0.400705] pci 0000:00:01.0: BAR 2 [mem 0xfebd4000-0xfebd4fff]
[    0.405087] pci 0000:00:01.0: ROM [mem 0xfebc0000-0xfebcffff pref]
[    0.406341] pci 0000:00:01.0: Video device with shadowed ROM at [mem 0x000c0000-0x000dffff]
[    0.408293] pci 0000:00:02.0: [8086:10d3] type 00 class 0x020000 PCIe Root Complex Integrated Endpoint
[    0.409434] pci 0000:00:02.0: BAR 0 [mem 0xfeb80000-0xfeb9ffff]
[    0.411144] pci 0000:00:02.0: BAR 1 [mem 0xfeba0000-0xfebbffff]
[    0.412655] pci 0000:00:02.0: BAR 2 [io  0xc040-0xc05f]
[    0.414406] pci 0000:00:02.0: BAR 3 [mem 0xfebd0000-0xfebd3fff]
[    0.418914] pci 0000:00:02.0: ROM [mem 0xfeb40000-0xfeb7ffff pref]
[    0.420086] pci 0000:00:02.0: enabling Extended Tags
[    0.421939] pci 0000:00:1f.0: [8086:2918] type 00 class 0x060100 conventional PCI endpoint
[    0.424022] pci 0000:00:1f.0: quirk: [io  0x0600-0x067f] claimed by ICH6 ACPI/GPIO/TCO
[    0.424962] pci 0000:00:1f.2: [8086:2922] type 00 class 0x010601 conventional PCI endpoint
[    0.428456] pci 0000:00:1f.2: BAR 4 [io  0xc060-0xc07f]
[    0.428979] pci 0000:00:1f.2: BAR 5 [mem 0xfebd5000-0xfebd5fff]
[    0.430841] pci 0000:00:1f.3: [8086:2930] type 00 class 0x0c0500 conventional PCI endpoint
[    0.433487] pci 0000:00:1f.3: BAR 4 [io  0x0700-0x073f]
[    0.436574] ACPI: PCI: Interrupt link LNKA configured for IRQ 10
[    0.436746] ACPI: PCI: Interrupt link LNKB configured for IRQ 10
[    0.437931] ACPI: PCI: Interrupt link LNKC configured for IRQ 11
[    0.439096] ACPI: PCI: Interrupt link LNKD configured for IRQ 11
[    0.440256] ACPI: PCI: Interrupt link LNKE configured for IRQ 10
[    0.440741] ACPI: PCI: Interrupt link LNKF configured for IRQ 10
[    0.441958] ACPI: PCI: Interrupt link LNKG configured for IRQ 11
[    0.443134] ACPI: PCI: Interrupt link LNKH configured for IRQ 11
[    0.444250] ACPI: PCI: Interrupt link GSIA configured for IRQ 16
[    0.444662] ACPI: PCI: Interrupt link GSIB configured for IRQ 17
[    0.445749] ACPI: PCI: Interrupt link GSIC configured for IRQ 18
[    0.446826] ACPI: PCI: Interrupt link GSID configured for IRQ 19
[    0.447920] ACPI: PCI: Interrupt link GSIE configured for IRQ 20
[    0.448661] ACPI: PCI: Interrupt link GSIF configured for IRQ 21
[    0.449741] ACPI: PCI: Interrupt link GSIG configured for IRQ 22
[    0.450818] ACPI: PCI: Interrupt link GSIH configured for IRQ 23
[    0.452336] iommu: Default domain type: Translated
[    0.452654] iommu: DMA domain TLB invalidation policy: lazy mode
[    0.453854] pps_core: LinuxPPS API ver. 1 registered
[    0.454765] pps_core: Software ver. 5.3.6 - Copyright 2005-2007 Rodolfo Giometti <giometti@linux.it>
[    0.456386] PTP clock support registered
[    0.456664] EDAC MC: Ver: 3.0.0
[    0.457749] NetLabel: Initializing
[    0.458391] NetLabel:  domain hash size = 128
[    0.459180] NetLabel:  protocols = UNLABELED CIPSOv4 CALIPSO
[    0.460228] NetLabel:  unlabeled traffic allowed by default
[    0.460655] PCI: Using ACPI for IRQ routing
[    0.542777] pci 0000:00:01.0: vgaarb: setting as boot VGA device
[    0.543858] pci 0000:00:01.0: vgaarb: bridge control possible
[    0.544651] pci 0000:00:01.0: vgaarb: VGA device added: decodes=io+mem,owns=io+mem,locks=none
[    0.544655] vgaarb: loaded
[    0.545197] hpet0: at MMIO 0xfed00000, IRQs 2, 8, 0
[    0.546071] hpet0: 3 comparators, 64-bit 100.000000 MHz counter
[    0.551765] clocksource: Switched to clocksource kvm-clock
[    0.552651] VFS: Disk quotas dquot_6.6.0
[    0.552651] VFS: Dquot-cache hash table entries: 512 (order 0, 4096 bytes)
[    0.552651] AppArmor: AppArmor Filesystem Enabled
[    0.553355] pnp: PnP ACPI init
[    0.553662] system 00:05: [mem 0xb0000000-0xbfffffff window] has been reserved
[    0.553662] pnp: PnP ACPI: found 6 devices
[    0.561974] clocksource: acpi_pm: mask: 0xffffff max_cycles: 0xffffff, max_idle_ns: 2085701024 ns
[    0.563635] NET: Registered PF_INET protocol family
[    0.564734] IP idents hash table entries: 131072 (order: 8, 1048576 bytes, linear)
[    0.576187] tcp_listen_portaddr_hash hash table entries: 4096 (order: 4, 65536 bytes, linear)
[    0.577621] Table-perturb hash table entries: 65536 (order: 6, 262144 bytes, linear)
[    0.578915] TCP established hash table entries: 65536 (order: 7, 524288 bytes, linear)
[    0.580542] TCP bind hash table entries: 65536 (order: 9, 2097152 bytes, linear)
[    0.581971] TCP: Hash tables configured (established 65536 bind 65536)
[    0.583133] MPTCP token hash table entries: 8192 (order: 6, 196608 bytes, linear)
[    0.584461] UDP hash table entries: 4096 (order: 5, 131072 bytes, linear)
[    0.585799] UDP-Lite hash table entries: 4096 (order: 5, 131072 bytes, linear)
[    0.587141] NET: Registered PF_UNIX/PF_LOCAL protocol family
[    0.588218] NET: Registered PF_XDP protocol family
[    0.589091] pci_bus 0000:00: resource 4 [io  0x0000-0x0cf7 window]
[    0.590208] pci_bus 0000:00: resource 5 [io  0x0d00-0xffff window]
[    0.591314] pci_bus 0000:00: resource 6 [mem 0x000a0000-0x000bffff window]
[    0.592497] pci_bus 0000:00: resource 7 [mem 0x80000000-0xafffffff window]
[    0.593750] pci_bus 0000:00: resource 8 [mem 0xc0000000-0xfebfffff window]
[    0.594990] pci_bus 0000:00: resource 9 [mem 0x280000000-0xa7fffffff window]
[    0.596345] PCI: CLS 0 bytes, default 64
[    0.597120] Trying to unpack rootfs image as initramfs...
[    0.599652] PCI-DMA: Using software bounce buffering for IO (SWIOTLB)
[    0.600810] software IO TLB: mapped [mem 0x0000000075c87000-0x0000000079c87000] (64MB)
[    0.602285] clocksource: tsc: mask: 0xffffffffffffffff max_cycles: 0x33e451ab1a6, max_idle_ns: 440795278720 ns
[    0.611961] Initialise system trusted keyrings
[    0.612748] Key type blacklist registered
[    0.613499] workingset: timestamp_bits=36 max_order=21 bucket_order=0
[    0.614645] zbud: loaded
[    0.615171] fuse: init (API version 7.41)
[    0.619819] integrity: Platform Keyring initialized
[    0.620702] integrity: Machine keyring initialized
[    0.643667] Key type asymmetric registered
[    0.644479] Asymmetric key parser 'x509' registered
[    1.294866] Freeing initrd memory: 101668K
[    1.296310] Block layer SCSI generic (bsg) driver version 0.4 loaded (major 246)
[    1.297690] io scheduler mq-deadline registered
[    1.299440] ledtrig-cpu: registered to indicate activity on CPUs
[    1.300599] shpchp: Standard Hot Plug PCI Controller Driver version: 0.4
[    1.301988] Serial: 8250/16550 driver, 4 ports, IRQ sharing enabled
[    1.303543] 00:03: ttyS0 at I/O 0x3f8 (irq = 4, base_baud = 115200) is a 16550A
[    1.305347] Linux agpgart interface v0.103
[    1.306307] i8042: PNP: PS/2 Controller [PNP0303:KBD,PNP0f13:MOU] at 0x60,0x64 irq 1,12
[    1.308534] serio: i8042 KBD port at 0x60,0x64 irq 1
[    1.309433] serio: i8042 AUX port at 0x60,0x64 irq 12
[    1.310420] mousedev: PS/2 mouse device common for all mice
[    1.311739] input: AT Translated Set 2 keyboard as /devices/platform/i8042/serio0/input/input0
[    1.313538] rtc_cmos 00:04: RTC can wake from S4
[    1.314938] rtc_cmos 00:04: registered as rtc0
[    1.315841] rtc_cmos 00:04: setting system clock to 2026-07-10T05:19:08 UTC (1783660748)
[    1.317376] rtc_cmos 00:04: alarms up to one day, y3k, 242 bytes nvram, hpet irqs
[    1.318707] intel_pstate: CPU model not supported
[    1.320223] NET: Registered PF_INET6 protocol family
[    1.321768] Segment Routing with IPv6
[    1.322440] In-situ OAM (IOAM) with IPv6
[    1.323164] mip6: Mobile IPv6
[    1.323725] NET: Registered PF_PACKET protocol family
[    1.324669] mpls_gso: MPLS GSO support
[    1.325459] IPI shorthand broadcast: enabled
[    1.327749] sched_clock: Marking stable (1172002115, 155625123)->(1354089021, -26461783)
[    1.329301] registered taskstats version 1
[    1.330133] Loading compiled-in X.509 certificates
[    1.344291] Loaded X.509 cert 'Build time autogenerated kernel key: e87b99600394fc77ba6018a2cc6a68db4bb86ee6'
[    1.347484] Demotion targets for Node 0: null
[    1.348337] Key type .fscrypt registered
[    1.349043] Key type fscrypt-provisioning registered
[    1.350508] Key type encrypted registered
[    1.351236] AppArmor: AppArmor sha256 policy hashing enabled
[    1.352283] ima: No TPM chip found, activating TPM-bypass!
[    1.353273] ima: Allocated hash algorithm: sha256
[    1.354129] ima: No architecture policies found
[    1.354955] evm: Initialising EVM extended attributes:
[    1.355907] evm: security.selinux
[    1.356507] evm: security.SMACK64 (disabled)
[    1.357278] evm: security.SMACK64EXEC (disabled)
[    1.358104] evm: security.SMACK64TRANSMUTE (disabled)
[    1.359006] evm: security.SMACK64MMAP (disabled)
[    1.359838] evm: security.apparmor
[    1.360473] evm: security.ima
[    1.361012] evm: security.capability
[    1.361667] evm: HMAC attrs: 0x1
[    1.387682] RAS: Correctable Errors collector initialized.
[    1.400408] clk: Disabling unused clocks
[    1.401133] PM: genpd: Disabling unused power domains
[    1.409814] Freeing unused decrypted memory: 2028K
[    1.410702] Freeing unused kernel image (initmem) memory: 4164K
[    1.411418] Write protecting the kernel read-only data: 28672k
[    1.412430] Freeing unused kernel image (rodata/data gap) memory: 480K
[    1.449162] x86/mm: Checked W+X mappings: passed, no W+X pages found.
[    1.487681] Run /init as init process
NESTED_X86_L1_BOOT_OK
Linux (none) 6.12.90+deb13.1-amd64 #1 SMP PREEMPT_DYNAMIC Debian 6.12.90-2 (2026-05-27) x86_64 GNU/Linux
              total        used        free      shared  buff/cache   available
Mem:           7948          55        7671         221         222        7535
console=ttyS0 rdinit=/init panic=-1 harmony.gates=n2_nested_hammer harmony.env=N2_DEADLINES=200000,N2_SEED=1600065575,N2_PROGRESS=25000
msr: loaded
irqbypass: loaded
[    1.519827] kvm: loading out-of-tree module taints kernel.
[    1.520573] kvm: module verification failed: signature and/or required key missing - tainting kernel
kvm(PATCHED): loaded
kvm-intel(PATCHED): loaded
L1_DEV_KVM_PRESENT
NESTED_X86_L2_PIN_CHECK_BEGIN
f06a34a79010a8f2cc8226dc629cc8fb049740016f035f53e3f2e53d9a30dd41  guest/build/bzImage
3c4a7f2f0db4b59aaf4dee55d43a42c57fc0d10ac25441de88128c61be0778c2  guest/build/initramfs-postgres.cpio.gz
NESTED_X86_L2_PIN_CHECK_END
ENV N2_DEADLINES=200000
ENV N2_SEED=1600065575
ENV N2_PROGRESS=25000
NESTED_X86_GATE_BEGIN n2_nested_hammer 

running 1 test
test n2_deadline_hammer ... N2JSON {"event":"start","total":200000,"seed":1600065575,"pid":147}
[    2.525623] perf: interrupt took too long (2537 > 2500), lowering kernel.perf_event_max_sample_rate to 78750
[    2.713098] perf: interrupt took too long (3175 > 3171), lowering kernel.perf_event_max_sample_rate to 63000
[    2.942404] perf: interrupt took too long (4004 > 3968), lowering kernel.perf_event_max_sample_rate to 49750
[    3.340396] perf: interrupt took too long (5024 > 5005), lowering kernel.perf_event_max_sample_rate to 39750
[    3.982566] perf: interrupt took too long (6300 > 6280), lowering kernel.perf_event_max_sample_rate to 31500
[    5.350914] perf: interrupt took too long (7877 > 7875), lowering kernel.perf_event_max_sample_rate to 25250
[   37.499769] perf: interrupt took too long (9867 > 9846), lowering kernel.perf_event_max_sample_rate to 20250
N2JSON {"event":"progress","armed":25000,"exact":25000,"mismatches":0}
N2JSON {"event":"progress","armed":50000,"exact":50000,"mismatches":0}
N2JSON {"event":"progress","armed":75000,"exact":75000,"mismatches":0}
N2JSON {"event":"progress","armed":100000,"exact":100000,"mismatches":0}
N2JSON {"event":"progress","armed":125000,"exact":125000,"mismatches":0}
N2JSON {"event":"progress","armed":150000,"exact":150000,"mismatches":0}
N2JSON {"event":"progress","armed":175000,"exact":175000,"mismatches":0}
N2JSON {"event":"progress","armed":200000,"exact":200000,"mismatches":0}
N2JSON {"event":"summary","armed":200000,"exact":200000,"mismatches":0,"final_work":3497252440}
ok

test result: ok. 1 passed; 0 failed; 0 ignored; 0 measured; 0 filtered out; finished in 1785.78s

NESTED_X86_GATE_RC n2_nested_hammer rc=0
NESTED_X86_GATE_END n2_nested_hammer
--- L1 dmesg tail (kvm/vmx/pmu/perf) ---
[    0.000000] Hypervisor detected: KVM
[    0.000000] kvm-clock: Using msrs 4b564d01 and 4b564d00
[    0.000000] kvm-clock: using sched offset of 181813919 cycles
[    0.000002] clocksource: kvm-clock: mask: 0xffffffffffffffff max_cycles: 0x1cd42e4dffb, max_idle_ns: 881590591483 ns
[    0.012098] kvm-guest: APIC: eoi() replaced with kvm_guest_apic_eoi_write()
[    0.012121] Booting paravirtualized kernel on KVM
[    0.016373] kvm-guest: PV spinlocks disabled, single CPU
[    0.282796] Performance Events: Skylake events, full-width counters, Intel PMU driver.
[    0.551765] clocksource: Switched to clocksource kvm-clock
[    1.519827] kvm: loading out-of-tree module taints kernel.
[    1.520573] kvm: module verification failed: signature and/or required key missing - tainting kernel
[    2.525623] perf: interrupt took too long (2537 > 2500), lowering kernel.perf_event_max_sample_rate to 78750
[    2.713098] perf: interrupt took too long (3175 > 3171), lowering kernel.perf_event_max_sample_rate to 63000
[    2.942404] perf: interrupt took too long (4004 > 3968), lowering kernel.perf_event_max_sample_rate to 49750
[    3.340396] perf: interrupt took too long (5024 > 5005), lowering kernel.perf_event_max_sample_rate to 39750
[    3.982566] perf: interrupt took too long (6300 > 6280), lowering kernel.perf_event_max_sample_rate to 31500
[    5.350914] perf: interrupt took too long (7877 > 7875), lowering kernel.perf_event_max_sample_rate to 25250
[   37.499769] perf: interrupt took too long (9867 > 9846), lowering kernel.perf_event_max_sample_rate to 20250
NESTED_X86_L1_DONE
[ 1787.615090] ACPI: PM: Preparing to enter system sleep state S5
[ 1787.616020] kvm: exiting hardware virtualization
[ 1787.616701] reboot: Power down
