[    0.000000] Linux version 6.12.90+deb13.1-amd64 (debian-kernel@lists.debian.org) (x86_64-linux-gnu-gcc-14 (Debian 14.2.0-19) 14.2.0, GNU ld (GNU Binutils for Debian) 2.44) #1 SMP PREEMPT_DYNAMIC Debian 6.12.90-2 (2026-05-27)
[    0.000000] Command line: console=ttyS0 rdinit=/init panic=-1 harmony.gates=n2_nested_hammer harmony.env=N2_DEADLINES=175000,N2_SEED=2600002004,N2_PROGRESS=25000
[    0.000000] BIOS-provided physical RAM map:
[    0.000000] BIOS-e820: [mem 0x0000000000000000-0x000000000009fbff] usable
[    0.000000] BIOS-e820: [mem 0x000000000009fc00-0x000000000009ffff] reserved
[    0.000000] BIOS-e820: [mem 0x00000000000f0000-0x00000000000fffff] reserved
[    0.000000] BIOS-e820: [mem 0x0000000000100000-0x000000007ffdefff] usable
[    0.000000] BIOS-e820: [mem 0x000000007ffdf000-0x000000007fffffff] reserved
[    0.000000] BIOS-e820: [mem 0x00000000b0000000-0x00000000bfffffff] reserved
[    0.000000] BIOS-e820: [mem 0x00000000fed1c000-0x00000000fed1ffff] reserved
[    0.000000] BIOS-e820: [mem 0x00000000feffc000-0x00000000feffffff] reserved
[    0.000000] BIOS-e820: [mem 0x00000000fffc0000-0x00000000ffffffff] reserved
[    0.000000] BIOS-e820: [mem 0x0000000100000000-0x000000027fffffff] usable
[    0.000000] NX (Execute Disable) protection: active
[    0.000000] APIC: Static calls initialized
[    0.000000] SMBIOS 2.8 present.
[    0.000000] DMI: QEMU Standard PC (Q35 + ICH9, 2009), BIOS 1.16.3-debian-1.16.3-2 04/01/2014
[    0.000000] DMI: Memory slots populated: 1/1
[    0.000000] Hypervisor detected: KVM
[    0.000000] last_pfn = 0x7ffdf max_arch_pfn = 0x400000000
[    0.000000] kvm-clock: Using msrs 4b564d01 and 4b564d00
[    0.000000] kvm-clock: using sched offset of 185525718 cycles
[    0.000002] clocksource: kvm-clock: mask: 0xffffffffffffffff max_cycles: 0x1cd42e4dffb, max_idle_ns: 881590591483 ns
[    0.000005] tsc: Detected 3599.998 MHz processor
[    0.000883] last_pfn = 0x280000 max_arch_pfn = 0x400000000
[    0.000908] MTRR map: 4 entries (3 fixed + 1 variable; max 19), built from 8 variable MTRRs
[    0.000911] x86/PAT: Configuration [0-7]: WB  WC  UC- UC  WB  WP  UC- WT  
[    0.000945] last_pfn = 0x7ffdf max_arch_pfn = 0x400000000
[    0.007086] found SMP MP-table at [mem 0x000f5480-0x000f548f]
[    0.007102] Using GB pages for direct mapping
[    0.007434] RAMDISK: [mem 0x7b44e000-0x7ffcffff]
[    0.007439] ACPI: Early table checksum verification disabled
[    0.007442] ACPI: RSDP 0x00000000000F52A0 000014 (v00 BOCHS )
[    0.007445] ACPI: RSDT 0x000000007FFE2351 000038 (v01 BOCHS  BXPC     00000001 BXPC 00000001)
[    0.007450] ACPI: FACP 0x000000007FFE2149 0000F4 (v03 BOCHS  BXPC     00000001 BXPC 00000001)
[    0.007454] ACPI: DSDT 0x000000007FFE0040 002109 (v01 BOCHS  BXPC     00000001 BXPC 00000001)
[    0.007457] ACPI: FACS 0x000000007FFE0000 000040
[    0.007459] ACPI: APIC 0x000000007FFE223D 000078 (v03 BOCHS  BXPC     00000001 BXPC 00000001)
[    0.007462] ACPI: HPET 0x000000007FFE22B5 000038 (v01 BOCHS  BXPC     00000001 BXPC 00000001)
[    0.007464] ACPI: MCFG 0x000000007FFE22ED 00003C (v01 BOCHS  BXPC     00000001 BXPC 00000001)
[    0.007467] ACPI: WAET 0x000000007FFE2329 000028 (v01 BOCHS  BXPC     00000001 BXPC 00000001)
[    0.007468] ACPI: Reserving FACP table memory at [mem 0x7ffe2149-0x7ffe223c]
[    0.007469] ACPI: Reserving DSDT table memory at [mem 0x7ffe0040-0x7ffe2148]
[    0.007470] ACPI: Reserving FACS table memory at [mem 0x7ffe0000-0x7ffe003f]
[    0.007471] ACPI: Reserving APIC table memory at [mem 0x7ffe223d-0x7ffe22b4]
[    0.007471] ACPI: Reserving HPET table memory at [mem 0x7ffe22b5-0x7ffe22ec]
[    0.007472] ACPI: Reserving MCFG table memory at [mem 0x7ffe22ed-0x7ffe2328]
[    0.007472] ACPI: Reserving WAET table memory at [mem 0x7ffe2329-0x7ffe2350]
[    0.007847] No NUMA configuration found
[    0.007848] Faking a node at [mem 0x0000000000000000-0x000000027fffffff]
[    0.007854] NODE_DATA(0) allocated [mem 0x27ffd3680-0x27fffdfff]
[    0.008009] Zone ranges:
[    0.008010]   DMA      [mem 0x0000000000001000-0x0000000000ffffff]
[    0.008011]   DMA32    [mem 0x0000000001000000-0x00000000ffffffff]
[    0.008012]   Normal   [mem 0x0000000100000000-0x000000027fffffff]
[    0.008013]   Device   empty
[    0.008014] Movable zone start for each node
[    0.008016] Early memory node ranges
[    0.008016]   node   0: [mem 0x0000000000001000-0x000000000009efff]
[    0.008017]   node   0: [mem 0x0000000000100000-0x000000007ffdefff]
[    0.008018]   node   0: [mem 0x0000000100000000-0x000000027fffffff]
[    0.008019] Initmem setup node 0 [mem 0x0000000000001000-0x000000027fffffff]
[    0.008168] On node 0, zone DMA: 1 pages in unavailable ranges
[    0.008181] On node 0, zone DMA: 97 pages in unavailable ranges
[    0.012123] On node 0, zone Normal: 33 pages in unavailable ranges
[    0.012604] ACPI: PM-Timer IO Port: 0x608
[    0.012619] ACPI: LAPIC_NMI (acpi_id[0xff] dfl dfl lint[0x1])
[    0.012649] IOAPIC[0]: apic_id 0, version 17, address 0xfec00000, GSI 0-23
[    0.012651] ACPI: INT_SRC_OVR (bus 0 bus_irq 0 global_irq 2 dfl dfl)
[    0.012653] ACPI: INT_SRC_OVR (bus 0 bus_irq 5 global_irq 5 high level)
[    0.012654] ACPI: INT_SRC_OVR (bus 0 bus_irq 9 global_irq 9 high level)
[    0.012654] ACPI: INT_SRC_OVR (bus 0 bus_irq 10 global_irq 10 high level)
[    0.012655] ACPI: INT_SRC_OVR (bus 0 bus_irq 11 global_irq 11 high level)
[    0.012658] ACPI: Using ACPI (MADT) for SMP configuration information
[    0.012659] ACPI: HPET id: 0x8086a201 base: 0xfed00000
[    0.012663] TSC deadline timer available
[    0.012666] CPU topo: Max. logical packages:   1
[    0.012667] CPU topo: Max. logical dies:       1
[    0.012667] CPU topo: Max. dies per package:   1
[    0.012670] CPU topo: Max. threads per core:   1
[    0.012671] CPU topo: Num. cores per package:     1
[    0.012671] CPU topo: Num. threads per package:   1
[    0.012672] CPU topo: Allowing 1 present CPUs plus 0 hotplug CPUs
[    0.012687] kvm-guest: APIC: eoi() replaced with kvm_guest_apic_eoi_write()
[    0.012706] PM: hibernation: Registered nosave memory: [mem 0x00000000-0x00000fff]
[    0.012707] PM: hibernation: Registered nosave memory: [mem 0x0009f000-0x000fffff]
[    0.012708] PM: hibernation: Registered nosave memory: [mem 0x7ffdf000-0xffffffff]
[    0.012710] [mem 0xc0000000-0xfed1bfff] available for PCI devices
[    0.012711] Booting paravirtualized kernel on KVM
[    0.012712] clocksource: refined-jiffies: mask: 0xffffffff max_cycles: 0xffffffff, max_idle_ns: 7645519600211568 ns
[    0.016786] setup_percpu: NR_CPUS:8192 nr_cpumask_bits:1 nr_cpu_ids:1 nr_node_ids:1
[    0.017062] percpu: Embedded 66 pages/cpu s233472 r8192 d28672 u2097152
[    0.017102] kvm-guest: PV spinlocks disabled, single CPU
[    0.017103] Kernel command line: console=ttyS0 rdinit=/init panic=-1 harmony.gates=n2_nested_hammer harmony.env=N2_DEADLINES=175000,N2_SEED=2600002004,N2_PROGRESS=25000
[    0.017166] random: crng init done
[    0.018020] Dentry cache hash table entries: 1048576 (order: 11, 8388608 bytes, linear)
[    0.018445] Inode-cache hash table entries: 524288 (order: 10, 4194304 bytes, linear)
[    0.018482] Fallback order for Node 0: 0 
[    0.018484] Built 1 zonelists, mobility grouping on.  Total pages: 2097021
[    0.018485] Policy zone: Normal
[    0.018491] mem auto-init: stack:all(zero), heap alloc:on, heap free:off
[    0.018494] software IO TLB: area num 1.
[    0.035448] SLUB: HWalign=64, Order=0-3, MinObjects=0, CPUs=1, Nodes=1
[    0.035472] ftrace: allocating 45769 entries in 179 pages
[    0.041414] ftrace: allocated 179 pages with 5 groups
[    0.041984] Dynamic Preempt: voluntary
[    0.042146] rcu: Preemptible hierarchical RCU implementation.
[    0.042147] rcu: 	RCU restricting CPUs from NR_CPUS=8192 to nr_cpu_ids=1.
[    0.042148] 	Trampoline variant of Tasks RCU enabled.
[    0.042149] 	Rude variant of Tasks RCU enabled.
[    0.042149] 	Tracing variant of Tasks RCU enabled.
[    0.042150] rcu: RCU calculated value of scheduler-enlistment delay is 25 jiffies.
[    0.042150] rcu: Adjusting geometry for rcu_fanout_leaf=16, nr_cpu_ids=1
[    0.042155] RCU Tasks: Setting shift to 0 and lim to 1 rcu_task_cb_adjust=1 rcu_task_cpu_ids=1.
[    0.042156] RCU Tasks Rude: Setting shift to 0 and lim to 1 rcu_task_cb_adjust=1 rcu_task_cpu_ids=1.
[    0.042157] RCU Tasks Trace: Setting shift to 0 and lim to 1 rcu_task_cb_adjust=1 rcu_task_cpu_ids=1.
[    0.045992] NR_IRQS: 524544, nr_irqs: 256, preallocated irqs: 16
[    0.046177] rcu: srcu_init: Setting srcu_struct sizes based on contention.
[    0.060165] Console: colour VGA+ 80x25
[    0.060216] printk: legacy console [ttyS0] enabled
[    0.201453] ACPI: Core revision 20240827
[    0.202378] clocksource: hpet: mask: 0xffffffff max_cycles: 0xffffffff, max_idle_ns: 19112604467 ns
[    0.204164] APIC: Switch to symmetric I/O mode setup
[    0.205232] x2apic enabled
[    0.205957] APIC: Switched APIC routing to: physical x2apic
[    0.207744] ..TIMER: vector=0x30 apic1=0 pin1=2 apic2=-1 pin2=-1
[    0.208853] clocksource: tsc-early: mask: 0xffffffffffffffff max_cycles: 0x33e451ab1a6, max_idle_ns: 440795278720 ns
[    0.210710] Calibrating delay loop (skipped) preset value.. 7199.99 BogoMIPS (lpj=14399992)
[    0.214802] x86/cpu: User Mode Instruction Prevention (UMIP) activated
[    0.216041] Last level iTLB entries: 4KB 0, 2MB 0, 4MB 0
[    0.216987] Last level dTLB entries: 4KB 0, 2MB 0, 4MB 0, 1GB 0
[    0.218045] Spectre V1 : Mitigation: usercopy/swapgs barriers and __user pointer sanitization
[    0.218711] Spectre V2 : Spectre BHI mitigation: SW BHB clearing on syscall and VM exit
[    0.220116] Spectre V2 : Mitigation: IBRS
[    0.220881] Spectre V2 : Spectre v2 / SpectreRSB: Filling RSB on context switch and VMEXIT
[    0.222709] RETBleed: Mitigation: IBRS
[    0.223393] Spectre V2 : mitigation: Enabling conditional Indirect Branch Prediction Barrier
[    0.224924] Speculative Store Bypass: Mitigation: Speculative Store Bypass disabled via prctl
[    0.226713] MDS: Mitigation: Clear CPU buffers
[    0.227544] MMIO Stale Data: Mitigation: Clear CPU buffers
[    0.228513] SRBDS: Unknown: Dependent on hypervisor status
[    0.229482] active return thunk: its_return_thunk
[    0.230320] ITS: Mitigation: Aligned branch/return thunks
[    0.230725] x86/fpu: Supporting XSAVE feature 0x001: 'x87 floating point registers'
[    0.232076] x86/fpu: Supporting XSAVE feature 0x002: 'SSE registers'
[    0.233199] x86/fpu: Supporting XSAVE feature 0x004: 'AVX registers'
[    0.234709] x86/fpu: Supporting XSAVE feature 0x008: 'MPX bounds registers'
[    0.235951] x86/fpu: Supporting XSAVE feature 0x010: 'MPX CSR'
[    0.236978] x86/fpu: xstate_offset[2]:  576, xstate_sizes[2]:  256
[    0.238709] x86/fpu: xstate_offset[3]:  832, xstate_sizes[3]:   64
[    0.239807] x86/fpu: xstate_offset[4]:  896, xstate_sizes[4]:   64
[    0.240958] x86/fpu: Enabled xstate features 0x1f, context size is 960 bytes, using 'compacted' format.
[    0.278710] Freeing SMP alternatives memory: 40K
[    0.279553] pid_max: default: 32768 minimum: 301
[    0.280563] LSM: initializing lsm=lockdown,capability,landlock,yama,apparmor,tomoyo,bpf,ipe,ima,evm
[    0.282203] landlock: Up and running.
[    0.282709] Yama: disabled by default; enable with sysctl kernel.yama.*
[    0.283974] AppArmor: AppArmor initialized
[    0.284757] TOMOYO Linux initialized
[    0.285567] LSM support for eBPF active
[    0.286308] Mount-cache hash table entries: 16384 (order: 5, 131072 bytes, linear)
[    0.286712] Mountpoint-cache hash table entries: 16384 (order: 5, 131072 bytes, linear)
[    0.288397] smpboot: CPU0: Intel(R) Core(TM) i9-9900K CPU @ 3.60GHz (family: 0x6, model: 0x9e, stepping: 0xc)
[    0.290311] Performance Events: Skylake events, full-width counters, Intel PMU driver.
[    0.290707] ... version:                2
[    0.290710] ... bit width:              48
[    0.291436] ... generic registers:      4
[    0.292167] ... value mask:             0000ffffffffffff
[    0.293112] ... max period:             00007fffffffffff
[    0.294051] ... fixed-purpose events:   3
[    0.294710] ... event mask:             000000070000000f
[    0.295753] signal: max sigframe size: 2032
[    0.296536] rcu: Hierarchical SRCU implementation.
[    0.297424] rcu: 	Max phase no-delay instances is 1000.
[    0.301554] smp: Bringing up secondary CPUs ...
[    0.302384] smp: Brought up 1 node, 1 CPU
[    0.302712] smpboot: Total of 1 processors activated (7199.99 BogoMIPS)
[    0.319112] node 0 deferred pages initialised in 16ms
[    0.320140] Memory: 8051156K/8388084K available (16384K kernel code, 2497K rwdata, 11808K rodata, 4164K init, 4916K bss, 333212K reserved, 0K cma-reserved)
[    0.322912] devtmpfs: initialized
[    0.323555] x86/mm: Memory block size: 128MB
[    0.325036] clocksource: jiffies: mask: 0xffffffff max_cycles: 0xffffffff, max_idle_ns: 7645041785100000 ns
[    0.326718] futex hash table entries: 256 (order: 2, 16384 bytes, linear)
[    0.328002] pinctrl core: initialized pinctrl subsystem
[    0.329541] NET: Registered PF_NETLINK/PF_ROUTE protocol family
[    0.330692] DMA: preallocated 1024 KiB GFP_KERNEL pool for atomic allocations
[    0.330778] DMA: preallocated 1024 KiB GFP_KERNEL|GFP_DMA pool for atomic allocations
[    0.332329] DMA: preallocated 1024 KiB GFP_KERNEL|GFP_DMA32 pool for atomic allocations
[    0.333756] audit: initializing netlink subsys (disabled)
[    0.334753] audit: type=2000 audit(1784165891.720:1): state=initialized audit_enabled=0 res=1
[    0.336372] thermal_sys: Registered thermal governor 'fair_share'
[    0.336373] thermal_sys: Registered thermal governor 'bang_bang'
[    0.337451] thermal_sys: Registered thermal governor 'step_wise'
[    0.338588] thermal_sys: Registered thermal governor 'user_space'
[    0.338715] thermal_sys: Registered thermal governor 'power_allocator'
[    0.339801] cpuidle: using governor ladder
[    0.341710] cpuidle: using governor menu
[    0.342464] acpiphp: ACPI Hot Plug PCI Controller Driver version: 0.5
[    0.342852] PCI: ECAM [mem 0xb0000000-0xbfffffff] (base 0xb0000000) for domain 0000 [bus 00-ff]
[    0.344409] PCI: ECAM [mem 0xb0000000-0xbfffffff] reserved as E820 entry
[    0.345607] PCI: Using configuration type 1 for base access
[    0.346696] kprobes: kprobe jump-optimization is enabled. All kprobes are optimized if possible.
[    0.370913] HugeTLB: registered 1.00 GiB page size, pre-allocated 0 pages
[    0.372200] HugeTLB: 16380 KiB vmemmap can be freed for a 1.00 GiB page
[    0.373376] HugeTLB: registered 2.00 MiB page size, pre-allocated 0 pages
[    0.374594] HugeTLB: 28 KiB vmemmap can be freed for a 2.00 MiB page
[    0.379368] ACPI: Added _OSI(Module Device)
[    0.380122] ACPI: Added _OSI(Processor Device)
[    0.380953] ACPI: Added _OSI(Processor Aggregator Device)
[    0.384120] ACPI: 1 ACPI AML tables successfully acquired and loaded
[    0.386132] ACPI: Interpreter enabled
[    0.386720] ACPI: PM: (supports S0 S3 S4 S5)
[    0.387514] ACPI: Using IOAPIC for interrupt routing
[    0.388445] PCI: Using host bridge windows from ACPI; if necessary, use "pci=nocrs" and report a bug
[    0.390083] PCI: Using E820 reservations for host bridge windows
[    0.390788] ACPI: Enabled 2 GPEs in block 00 to 3F
[    0.393540] ACPI: PCI Root Bridge [PCI0] (domain 0000 [bus 00-ff])
[    0.394649] acpi PNP0A08:00: _OSC: OS supports [ExtendedConfig ASPM ClockPM Segments MSI HPX-Type3]
[    0.394743] acpi PNP0A08:00: _OSC: platform does not support [PCIeHotplug LTR]
[    0.396170] acpi PNP0A08:00: _OSC: OS now controls [SHPCHotplug PME AER PCIeCapability]
[    0.397726] PCI host bridge to bus 0000:00
[    0.398460] pci_bus 0000:00: root bus resource [io  0x0000-0x0cf7 window]
[    0.398711] pci_bus 0000:00: root bus resource [io  0x0d00-0xffff window]
[    0.399922] pci_bus 0000:00: root bus resource [mem 0x000a0000-0x000bffff window]
[    0.401241] pci_bus 0000:00: root bus resource [mem 0x80000000-0xafffffff window]
[    0.402583] pci_bus 0000:00: root bus resource [mem 0xc0000000-0xfebfffff window]
[    0.402711] pci_bus 0000:00: root bus resource [mem 0x280000000-0xa7fffffff window]
[    0.404109] pci_bus 0000:00: root bus resource [bus 00-ff]
[    0.405160] pci 0000:00:00.0: [8086:29c0] type 00 class 0x060000 conventional PCI endpoint
[    0.407256] pci 0000:00:01.0: [1234:1111] type 00 class 0x030000 conventional PCI endpoint
[    0.410265] pci 0000:00:01.0: BAR 0 [mem 0xfd000000-0xfdffffff pref]
[    0.412456] pci 0000:00:01.0: BAR 2 [mem 0xfebd4000-0xfebd4fff]
[    0.416988] pci 0000:00:01.0: ROM [mem 0xfebc0000-0xfebcffff pref]
[    0.418332] pci 0000:00:01.0: Video device with shadowed ROM at [mem 0x000c0000-0x000dffff]
[    0.419160] pci 0000:00:02.0: [8086:10d3] type 00 class 0x020000 PCIe Root Complex Integrated Endpoint
[    0.421988] pci 0000:00:02.0: BAR 0 [mem 0xfeb80000-0xfeb9ffff]
[    0.423410] pci 0000:00:02.0: BAR 1 [mem 0xfeba0000-0xfebbffff]
[    0.425227] pci 0000:00:02.0: BAR 2 [io  0xc040-0xc05f]
[    0.426711] pci 0000:00:02.0: BAR 3 [mem 0xfebd0000-0xfebd3fff]
[    0.430711] pci 0000:00:02.0: ROM [mem 0xfeb40000-0xfeb7ffff pref]
[    0.431957] pci 0000:00:02.0: enabling Extended Tags
[    0.434269] pci 0000:00:1f.0: [8086:2918] type 00 class 0x060100 conventional PCI endpoint
[    0.435323] pci 0000:00:1f.0: quirk: [io  0x0600-0x067f] claimed by ICH6 ACPI/GPIO/TCO
[    0.437172] pci 0000:00:1f.2: [8086:2922] type 00 class 0x010601 conventional PCI endpoint
[    0.440948] pci 0000:00:1f.2: BAR 4 [io  0xc060-0xc07f]
[    0.443329] pci 0000:00:1f.2: BAR 5 [mem 0xfebd5000-0xfebd5fff]
[    0.445869] pci 0000:00:1f.3: [8086:2930] type 00 class 0x0c0500 conventional PCI endpoint
[    0.447935] pci 0000:00:1f.3: BAR 4 [io  0x0700-0x073f]
[    0.450997] ACPI: PCI: Interrupt link LNKA configured for IRQ 10
[    0.452165] ACPI: PCI: Interrupt link LNKB configured for IRQ 10
[    0.453390] ACPI: PCI: Interrupt link LNKC configured for IRQ 11
[    0.454559] ACPI: PCI: Interrupt link LNKD configured for IRQ 11
[    0.454796] ACPI: PCI: Interrupt link LNKE configured for IRQ 10
[    0.455971] ACPI: PCI: Interrupt link LNKF configured for IRQ 10
[    0.457115] ACPI: PCI: Interrupt link LNKG configured for IRQ 11
[    0.458275] ACPI: PCI: Interrupt link LNKH configured for IRQ 11
[    0.458746] ACPI: PCI: Interrupt link GSIA configured for IRQ 16
[    0.459951] ACPI: PCI: Interrupt link GSIB configured for IRQ 17
[    0.461081] ACPI: PCI: Interrupt link GSIC configured for IRQ 18
[    0.462232] ACPI: PCI: Interrupt link GSID configured for IRQ 19
[    0.462718] ACPI: PCI: Interrupt link GSIE configured for IRQ 20
[    0.463839] ACPI: PCI: Interrupt link GSIF configured for IRQ 21
[    0.464980] ACPI: PCI: Interrupt link GSIG configured for IRQ 22
[    0.466115] ACPI: PCI: Interrupt link GSIH configured for IRQ 23
[    0.467144] iommu: Default domain type: Translated
[    0.468082] iommu: DMA domain TLB invalidation policy: lazy mode
[    0.469360] pps_core: LinuxPPS API ver. 1 registered
[    0.470251] pps_core: Software ver. 5.3.6 - Copyright 2005-2007 Rodolfo Giometti <giometti@linux.it>
[    0.470713] PTP clock support registered
[    0.471470] EDAC MC: Ver: 3.0.0
[    0.472731] NetLabel: Initializing
[    0.473386] NetLabel:  domain hash size = 128
[    0.474210] NetLabel:  protocols = UNLABELED CIPSOv4 CALIPSO
[    0.474734] NetLabel:  unlabeled traffic allowed by default
[    0.475733] PCI: Using ACPI for IRQ routing
[    0.559395] pci 0000:00:01.0: vgaarb: setting as boot VGA device
[    0.560495] pci 0000:00:01.0: vgaarb: bridge control possible
[    0.561533] pci 0000:00:01.0: vgaarb: VGA device added: decodes=io+mem,owns=io+mem,locks=none
[    0.562711] vgaarb: loaded
[    0.563283] hpet0: at MMIO 0xfed00000, IRQs 2, 8, 0
[    0.564208] hpet0: 3 comparators, 64-bit 100.000000 MHz counter
[    0.569822] clocksource: Switched to clocksource kvm-clock
[    0.570707] VFS: Disk quotas dquot_6.6.0
[    0.570707] VFS: Dquot-cache hash table entries: 512 (order 0, 4096 bytes)
[    0.570747] AppArmor: AppArmor Filesystem Enabled
[    0.571617] pnp: PnP ACPI init
[    0.571759] system 00:05: [mem 0xb0000000-0xbfffffff window] has been reserved
[    0.573923] pnp: PnP ACPI: found 6 devices
[    0.580296] clocksource: acpi_pm: mask: 0xffffff max_cycles: 0xffffff, max_idle_ns: 2085701024 ns
[    0.581934] NET: Registered PF_INET protocol family
[    0.582893] IP idents hash table entries: 131072 (order: 8, 1048576 bytes, linear)
[    0.594794] tcp_listen_portaddr_hash hash table entries: 4096 (order: 4, 65536 bytes, linear)
[    0.596343] Table-perturb hash table entries: 65536 (order: 6, 262144 bytes, linear)
[    0.597737] TCP established hash table entries: 65536 (order: 7, 524288 bytes, linear)
[    0.599453] TCP bind hash table entries: 65536 (order: 9, 2097152 bytes, linear)
[    0.600930] TCP: Hash tables configured (established 65536 bind 65536)
[    0.602169] MPTCP token hash table entries: 8192 (order: 6, 196608 bytes, linear)
[    0.603581] UDP hash table entries: 4096 (order: 5, 131072 bytes, linear)
[    0.604934] UDP-Lite hash table entries: 4096 (order: 5, 131072 bytes, linear)
[    0.606257] NET: Registered PF_UNIX/PF_LOCAL protocol family
[    0.607343] NET: Registered PF_XDP protocol family
[    0.608275] pci_bus 0000:00: resource 4 [io  0x0000-0x0cf7 window]
[    0.609388] pci_bus 0000:00: resource 5 [io  0x0d00-0xffff window]
[    0.610538] pci_bus 0000:00: resource 6 [mem 0x000a0000-0x000bffff window]
[    0.611819] pci_bus 0000:00: resource 7 [mem 0x80000000-0xafffffff window]
[    0.613043] pci_bus 0000:00: resource 8 [mem 0xc0000000-0xfebfffff window]
[    0.614258] pci_bus 0000:00: resource 9 [mem 0x280000000-0xa7fffffff window]
[    0.615626] PCI: CLS 0 bytes, default 64
[    0.616506] Trying to unpack rootfs image as initramfs...
[    0.620542] PCI-DMA: Using software bounce buffering for IO (SWIOTLB)
[    0.621707] software IO TLB: mapped [mem 0x000000007744e000-0x000000007b44e000] (64MB)
[    0.623227] clocksource: tsc: mask: 0xffffffffffffffff max_cycles: 0x33e451ab1a6, max_idle_ns: 440795278720 ns
[    0.628844] Initialise system trusted keyrings
[    0.629703] Key type blacklist registered
[    0.632588] workingset: timestamp_bits=36 max_order=21 bucket_order=0
[    0.633783] zbud: loaded
[    0.636630] fuse: init (API version 7.41)
[    0.637466] integrity: Platform Keyring initialized
[    0.638362] integrity: Machine keyring initialized
[    0.668572] Key type asymmetric registered
[    0.669399] Asymmetric key parser 'x509' registered
[    1.063362] Freeing initrd memory: 77320K
[    1.064815] Block layer SCSI generic (bsg) driver version 0.4 loaded (major 246)
[    1.066244] io scheduler mq-deadline registered
[    1.068033] ledtrig-cpu: registered to indicate activity on CPUs
[    1.069156] shpchp: Standard Hot Plug PCI Controller Driver version: 0.4
[    1.070567] Serial: 8250/16550 driver, 4 ports, IRQ sharing enabled
[    1.072229] 00:03: ttyS0 at I/O 0x3f8 (irq = 4, base_baud = 115200) is a 16550A
[    1.074016] Linux agpgart interface v0.103
[    1.075028] i8042: PNP: PS/2 Controller [PNP0303:KBD,PNP0f13:MOU] at 0x60,0x64 irq 1,12
[    1.077331] serio: i8042 KBD port at 0x60,0x64 irq 1
[    1.078223] serio: i8042 AUX port at 0x60,0x64 irq 12
[    1.079273] mousedev: PS/2 mouse device common for all mice
[    1.080653] input: AT Translated Set 2 keyboard as /devices/platform/i8042/serio0/input/input0
[    1.082548] rtc_cmos 00:04: RTC can wake from S4
[    1.083939] rtc_cmos 00:04: registered as rtc0
[    1.084857] rtc_cmos 00:04: setting system clock to 2026-07-16T01:38:12 UTC (1784165892)
[    1.086499] rtc_cmos 00:04: alarms up to one day, y3k, 242 bytes nvram, hpet irqs
[    1.087894] intel_pstate: CPU model not supported
[    1.089371] NET: Registered PF_INET6 protocol family
[    1.090850] Segment Routing with IPv6
[    1.091529] In-situ OAM (IOAM) with IPv6
[    1.092281] mip6: Mobile IPv6
[    1.092900] NET: Registered PF_PACKET protocol family
[    1.093893] mpls_gso: MPLS GSO support
[    1.094736] IPI shorthand broadcast: enabled
[    1.096944] sched_clock: Marking stable (936018627, 160524640)->(1126391087, -29847820)
[    1.098465] registered taskstats version 1
[    1.099385] Loading compiled-in X.509 certificates
[    1.113929] Loaded X.509 cert 'Build time autogenerated kernel key: e87b99600394fc77ba6018a2cc6a68db4bb86ee6'
[    1.117248] Demotion targets for Node 0: null
[    1.118087] Key type .fscrypt registered
[    1.118862] Key type fscrypt-provisioning registered
[    1.120324] Key type encrypted registered
[    1.121100] AppArmor: AppArmor sha256 policy hashing enabled
[    1.122156] ima: No TPM chip found, activating TPM-bypass!
[    1.123144] ima: Allocated hash algorithm: sha256
[    1.124062] ima: No architecture policies found
[    1.124939] evm: Initialising EVM extended attributes:
[    1.125896] evm: security.selinux
[    1.126538] evm: security.SMACK64 (disabled)
[    1.127332] evm: security.SMACK64EXEC (disabled)
[    1.128151] evm: security.SMACK64TRANSMUTE (disabled)
[    1.129059] evm: security.SMACK64MMAP (disabled)
[    1.129911] evm: security.apparmor
[    1.130598] evm: security.ima
[    1.131160] evm: security.capability
[    1.131828] evm: HMAC attrs: 0x1
[    1.163339] RAS: Correctable Errors collector initialized.
[    1.175802] clk: Disabling unused clocks
[    1.176535] PM: genpd: Disabling unused power domains
[    1.178563] Freeing unused decrypted memory: 2028K
[    1.179525] Freeing unused kernel image (initmem) memory: 4164K
[    1.180288] Write protecting the kernel read-only data: 28672k
[    1.184718] Freeing unused kernel image (rodata/data gap) memory: 480K
[    1.223414] x86/mm: Checked W+X mappings: passed, no W+X pages found.
[    1.260559] Run /init as init process
NESTED_X86_L1_BOOT_OK
Linux (none) 6.12.90+deb13.1-amd64 #1 SMP PREEMPT_DYNAMIC Debian 6.12.90-2 (2026-05-27) x86_64 GNU/Linux
              total        used        free      shared  buff/cache   available
Mem:           7948          48        7756         143         144        7619
console=ttyS0 rdinit=/init panic=-1 harmony.gates=n2_nested_hammer harmony.env=N2_DEADLINES=175000,N2_SEED=2600002004,N2_PROGRESS=25000
msr: loaded
irqbypass: loaded
[    1.298123] kvm: loading out-of-tree module taints kernel.
[    1.298869] kvm: module verification failed: signature and/or required key missing - tainting kernel
kvm(PATCHED): loaded
kvm-intel(PATCHED): loaded
L1_DEV_KVM_PRESENT
NESTED_X86_L2_PIN_CHECK_BEGIN
f06a34a79010a8f2cc8226dc629cc8fb049740016f035f53e3f2e53d9a30dd41  guest/build/bzImage
3c4a7f2f0db4b59aaf4dee55d43a42c57fc0d10ac25441de88128c61be0778c2  guest/build/initramfs-postgres.cpio.gz
NESTED_X86_L2_PIN_CHECK_END
ENV N2_DEADLINES=175000
ENV N2_SEED=2600002004
ENV N2_PROGRESS=25000
NESTED_X86_GATE_BEGIN n2_nested_hammer 

running 1 test
test n2_deadline_hammer ... N2JSON {"event":"start","total":175000,"seed":2600002004,"backend":"PatchedKvmBackend","pid":148}
[    2.396903] perf: interrupt took too long (2572 > 2500), lowering kernel.perf_event_max_sample_rate to 77750
[    2.649394] perf: interrupt took too long (3236 > 3215), lowering kernel.perf_event_max_sample_rate to 61750
[    2.959161] perf: interrupt took too long (4102 > 4045), lowering kernel.perf_event_max_sample_rate to 48750
[    3.472937] perf: interrupt took too long (5171 > 5127), lowering kernel.perf_event_max_sample_rate to 38500
[    4.248076] perf: interrupt took too long (6495 > 6463), lowering kernel.perf_event_max_sample_rate to 30750
[    5.480799] perf: interrupt took too long (8133 > 8118), lowering kernel.perf_event_max_sample_rate to 24500
[    7.922636] perf: interrupt took too long (10168 > 10166), lowering kernel.perf_event_max_sample_rate to 19500
[   98.922029] perf: interrupt took too long (12846 > 12710), lowering kernel.perf_event_max_sample_rate to 15500
N2JSON {"event":"progress","deadlines":25000,"armed_pmi":13933,"mtf_only":11067,"exact":25000,"oracle_ok":25000,"mismatches":0,"record_violations":0,"records":{"samples":13933,"lost":0,"throttle":0,"other":0}}
N2JSON {"event":"progress","deadlines":50000,"armed_pmi":27806,"mtf_only":22194,"exact":50000,"oracle_ok":50000,"mismatches":0,"record_violations":0,"records":{"samples":27806,"lost":0,"throttle":0,"other":0}}
N2JSON {"event":"progress","deadlines":75000,"armed_pmi":41662,"mtf_only":33338,"exact":75000,"oracle_ok":75000,"mismatches":0,"record_violations":0,"records":{"samples":41662,"lost":0,"throttle":0,"other":0}}
N2JSON {"event":"progress","deadlines":100000,"armed_pmi":55540,"mtf_only":44460,"exact":100000,"oracle_ok":100000,"mismatches":0,"record_violations":0,"records":{"samples":55540,"lost":0,"throttle":0,"other":0}}
N2JSON {"event":"progress","deadlines":125000,"armed_pmi":69344,"mtf_only":55656,"exact":125000,"oracle_ok":125000,"mismatches":0,"record_violations":0,"records":{"samples":69344,"lost":0,"throttle":0,"other":0}}
N2JSON {"event":"progress","deadlines":150000,"armed_pmi":83282,"mtf_only":66718,"exact":150000,"oracle_ok":150000,"mismatches":0,"record_violations":0,"records":{"samples":83282,"lost":0,"throttle":0,"other":0}}
N2JSON {"event":"progress","deadlines":175000,"armed_pmi":97221,"mtf_only":77779,"exact":175000,"oracle_ok":175000,"mismatches":0,"record_violations":0,"records":{"samples":97221,"lost":0,"throttle":0,"other":0}}
N2JSON {"event":"summary","deadlines":175000,"armed_pmi":97221,"mtf_only":77779,"exact":175000,"oracle_ok":175000,"mismatches":0,"record_violations":0,"final_work":3061784267,"records":{"samples":97221,"lost":0,"throttle":0,"other":0}}
ok

test result: ok. 1 passed; 0 failed; 0 ignored; 0 measured; 1 filtered out; finished in 2518.89s

NESTED_X86_GATE_RC n2_nested_hammer rc=0
NESTED_X86_GATE_END n2_nested_hammer
--- L1 dmesg tail (kvm/vmx/pmu/perf) ---
[    0.000000] Hypervisor detected: KVM
[    0.000000] kvm-clock: Using msrs 4b564d01 and 4b564d00
[    0.000000] kvm-clock: using sched offset of 185525718 cycles
[    0.000002] clocksource: kvm-clock: mask: 0xffffffffffffffff max_cycles: 0x1cd42e4dffb, max_idle_ns: 881590591483 ns
[    0.012687] kvm-guest: APIC: eoi() replaced with kvm_guest_apic_eoi_write()
[    0.012711] Booting paravirtualized kernel on KVM
[    0.017102] kvm-guest: PV spinlocks disabled, single CPU
[    0.290311] Performance Events: Skylake events, full-width counters, Intel PMU driver.
[    0.569822] clocksource: Switched to clocksource kvm-clock
[    1.298123] kvm: loading out-of-tree module taints kernel.
[    1.298869] kvm: module verification failed: signature and/or required key missing - tainting kernel
[    2.396903] perf: interrupt took too long (2572 > 2500), lowering kernel.perf_event_max_sample_rate to 77750
[    2.649394] perf: interrupt took too long (3236 > 3215), lowering kernel.perf_event_max_sample_rate to 61750
[    2.959161] perf: interrupt took too long (4102 > 4045), lowering kernel.perf_event_max_sample_rate to 48750
[    3.472937] perf: interrupt took too long (5171 > 5127), lowering kernel.perf_event_max_sample_rate to 38500
[    4.248076] perf: interrupt took too long (6495 > 6463), lowering kernel.perf_event_max_sample_rate to 30750
[    5.480799] perf: interrupt took too long (8133 > 8118), lowering kernel.perf_event_max_sample_rate to 24500
[    7.922636] perf: interrupt took too long (10168 > 10166), lowering kernel.perf_event_max_sample_rate to 19500
[   98.922029] perf: interrupt took too long (12846 > 12710), lowering kernel.perf_event_max_sample_rate to 15500
NESTED_X86_GATES_FAILED 0
NESTED_X86_L1_DONE
[ 2520.507535] ACPI: PM: Preparing to enter system sleep state S5
[ 2520.508651] kvm: exiting hardware virtualization
[ 2520.509356] reboot: Power down
