[    0.000000] Linux version 6.12.90+deb13.1-amd64 (debian-kernel@lists.debian.org) (x86_64-linux-gnu-gcc-14 (Debian 14.2.0-19) 14.2.0, GNU ld (GNU Binutils for Debian) 2.44) #1 SMP PREEMPT_DYNAMIC Debian 6.12.90-2 (2026-05-27)
[    0.000000] Command line: console=ttyS0 rdinit=/init panic=-1 harmony.gates=box_corpus:c1_corpus_o1_o2_on_the_patched_backend
[    0.000000] BIOS-provided physical RAM map:
[    0.000000] BIOS-e820: [mem 0x0000000000000000-0x000000000009fbff] usable
[    0.000000] BIOS-e820: [mem 0x000000000009fc00-0x000000000009ffff] reserved
[    0.000000] BIOS-e820: [mem 0x00000000000f0000-0x00000000000fffff] reserved
[    0.000000] BIOS-e820: [mem 0x0000000000100000-0x000000007ffdefff] usable
[    0.000000] BIOS-e820: [mem 0x000000007ffdf000-0x000000007fffffff] reserved
[    0.000000] BIOS-e820: [mem 0x00000000b0000000-0x00000000bfffffff] reserved
[    0.000000] BIOS-e820: [mem 0x00000000fed1c000-0x00000000fed1ffff] reserved
[    0.000000] BIOS-e820: [mem 0x00000000feffc000-0x00000000feffffff] reserved
[    0.000000] BIOS-e820: [mem 0x00000000fffc0000-0x00000000ffffffff] reserved
[    0.000000] BIOS-e820: [mem 0x0000000100000000-0x000000027fffffff] usable
[    0.000000] NX (Execute Disable) protection: active
[    0.000000] APIC: Static calls initialized
[    0.000000] SMBIOS 2.8 present.
[    0.000000] DMI: QEMU Standard PC (Q35 + ICH9, 2009), BIOS 1.16.3-debian-1.16.3-2 04/01/2014
[    0.000000] DMI: Memory slots populated: 1/1
[    0.000000] Hypervisor detected: KVM
[    0.000000] last_pfn = 0x7ffdf max_arch_pfn = 0x400000000
[    0.000000] kvm-clock: Using msrs 4b564d01 and 4b564d00
[    0.000000] kvm-clock: using sched offset of 161160120 cycles
[    0.000002] clocksource: kvm-clock: mask: 0xffffffffffffffff max_cycles: 0x1cd42e4dffb, max_idle_ns: 881590591483 ns
[    0.000004] tsc: Detected 3599.998 MHz processor
[    0.000737] last_pfn = 0x280000 max_arch_pfn = 0x400000000
[    0.000759] MTRR map: 4 entries (3 fixed + 1 variable; max 19), built from 8 variable MTRRs
[    0.000761] x86/PAT: Configuration [0-7]: WB  WC  UC- UC  WB  WP  UC- WT  
[    0.000790] last_pfn = 0x7ffdf max_arch_pfn = 0x400000000
[    0.005838] found SMP MP-table at [mem 0x000f5480-0x000f548f]
[    0.005848] Using GB pages for direct mapping
[    0.005924] RAMDISK: [mem 0x79c87000-0x7ffcffff]
[    0.005929] ACPI: Early table checksum verification disabled
[    0.005931] ACPI: RSDP 0x00000000000F52A0 000014 (v00 BOCHS )
[    0.005935] ACPI: RSDT 0x000000007FFE2351 000038 (v01 BOCHS  BXPC     00000001 BXPC 00000001)
[    0.005938] ACPI: FACP 0x000000007FFE2149 0000F4 (v03 BOCHS  BXPC     00000001 BXPC 00000001)
[    0.005942] ACPI: DSDT 0x000000007FFE0040 002109 (v01 BOCHS  BXPC     00000001 BXPC 00000001)
[    0.005944] ACPI: FACS 0x000000007FFE0000 000040
[    0.005946] ACPI: APIC 0x000000007FFE223D 000078 (v03 BOCHS  BXPC     00000001 BXPC 00000001)
[    0.005948] ACPI: HPET 0x000000007FFE22B5 000038 (v01 BOCHS  BXPC     00000001 BXPC 00000001)
[    0.005950] ACPI: MCFG 0x000000007FFE22ED 00003C (v01 BOCHS  BXPC     00000001 BXPC 00000001)
[    0.005952] ACPI: WAET 0x000000007FFE2329 000028 (v01 BOCHS  BXPC     00000001 BXPC 00000001)
[    0.005954] ACPI: Reserving FACP table memory at [mem 0x7ffe2149-0x7ffe223c]
[    0.005955] ACPI: Reserving DSDT table memory at [mem 0x7ffe0040-0x7ffe2148]
[    0.005955] ACPI: Reserving FACS table memory at [mem 0x7ffe0000-0x7ffe003f]
[    0.005956] ACPI: Reserving APIC table memory at [mem 0x7ffe223d-0x7ffe22b4]
[    0.005956] ACPI: Reserving HPET table memory at [mem 0x7ffe22b5-0x7ffe22ec]
[    0.005957] ACPI: Reserving MCFG table memory at [mem 0x7ffe22ed-0x7ffe2328]
[    0.005957] ACPI: Reserving WAET table memory at [mem 0x7ffe2329-0x7ffe2350]
[    0.006275] No NUMA configuration found
[    0.006276] Faking a node at [mem 0x0000000000000000-0x000000027fffffff]
[    0.006281] NODE_DATA(0) allocated [mem 0x27ffd5680-0x27fffffff]
[    0.006546] Zone ranges:
[    0.006547]   DMA      [mem 0x0000000000001000-0x0000000000ffffff]
[    0.006548]   DMA32    [mem 0x0000000001000000-0x00000000ffffffff]
[    0.006549]   Normal   [mem 0x0000000100000000-0x000000027fffffff]
[    0.006550]   Device   empty
[    0.006550] Movable zone start for each node
[    0.006552] Early memory node ranges
[    0.006552]   node   0: [mem 0x0000000000001000-0x000000000009efff]
[    0.006553]   node   0: [mem 0x0000000000100000-0x000000007ffdefff]
[    0.006554]   node   0: [mem 0x0000000100000000-0x000000027fffffff]
[    0.006555] Initmem setup node 0 [mem 0x0000000000001000-0x000000027fffffff]
[    0.006687] On node 0, zone DMA: 1 pages in unavailable ranges
[    0.006698] On node 0, zone DMA: 97 pages in unavailable ranges
[    0.010068] On node 0, zone Normal: 33 pages in unavailable ranges
[    0.010481] ACPI: PM-Timer IO Port: 0x608
[    0.010495] ACPI: LAPIC_NMI (acpi_id[0xff] dfl dfl lint[0x1])
[    0.010520] IOAPIC[0]: apic_id 0, version 17, address 0xfec00000, GSI 0-23
[    0.010522] ACPI: INT_SRC_OVR (bus 0 bus_irq 0 global_irq 2 dfl dfl)
[    0.010523] ACPI: INT_SRC_OVR (bus 0 bus_irq 5 global_irq 5 high level)
[    0.010524] ACPI: INT_SRC_OVR (bus 0 bus_irq 9 global_irq 9 high level)
[    0.010525] ACPI: INT_SRC_OVR (bus 0 bus_irq 10 global_irq 10 high level)
[    0.010525] ACPI: INT_SRC_OVR (bus 0 bus_irq 11 global_irq 11 high level)
[    0.010528] ACPI: Using ACPI (MADT) for SMP configuration information
[    0.010529] ACPI: HPET id: 0x8086a201 base: 0xfed00000
[    0.010532] TSC deadline timer available
[    0.010535] CPU topo: Max. logical packages:   1
[    0.010536] CPU topo: Max. logical dies:       1
[    0.010536] CPU topo: Max. dies per package:   1
[    0.010539] CPU topo: Max. threads per core:   1
[    0.010539] CPU topo: Num. cores per package:     1
[    0.010539] CPU topo: Num. threads per package:   1
[    0.010540] CPU topo: Allowing 1 present CPUs plus 0 hotplug CPUs
[    0.010553] kvm-guest: APIC: eoi() replaced with kvm_guest_apic_eoi_write()
[    0.010569] PM: hibernation: Registered nosave memory: [mem 0x00000000-0x00000fff]
[    0.010570] PM: hibernation: Registered nosave memory: [mem 0x0009f000-0x000fffff]
[    0.010571] PM: hibernation: Registered nosave memory: [mem 0x7ffdf000-0xffffffff]
[    0.010572] [mem 0xc0000000-0xfed1bfff] available for PCI devices
[    0.010573] Booting paravirtualized kernel on KVM
[    0.010574] clocksource: refined-jiffies: mask: 0xffffffff max_cycles: 0xffffffff, max_idle_ns: 7645519600211568 ns
[    0.013950] setup_percpu: NR_CPUS:8192 nr_cpumask_bits:1 nr_cpu_ids:1 nr_node_ids:1
[    0.014165] percpu: Embedded 66 pages/cpu s233472 r8192 d28672 u2097152
[    0.014190] kvm-guest: PV spinlocks disabled, single CPU
[    0.014191] Kernel command line: console=ttyS0 rdinit=/init panic=-1 harmony.gates=box_corpus:c1_corpus_o1_o2_on_the_patched_backend
[    0.014237] random: crng init done
[    0.014999] Dentry cache hash table entries: 1048576 (order: 11, 8388608 bytes, linear)
[    0.015372] Inode-cache hash table entries: 524288 (order: 10, 4194304 bytes, linear)
[    0.015403] Fallback order for Node 0: 0 
[    0.015405] Built 1 zonelists, mobility grouping on.  Total pages: 2097021
[    0.015406] Policy zone: Normal
[    0.015412] mem auto-init: stack:all(zero), heap alloc:on, heap free:off
[    0.015416] software IO TLB: area num 1.
[    0.030435] SLUB: HWalign=64, Order=0-3, MinObjects=0, CPUs=1, Nodes=1
[    0.030456] ftrace: allocating 45769 entries in 179 pages
[    0.035659] ftrace: allocated 179 pages with 5 groups
[    0.036142] Dynamic Preempt: voluntary
[    0.036289] rcu: Preemptible hierarchical RCU implementation.
[    0.036289] rcu: 	RCU restricting CPUs from NR_CPUS=8192 to nr_cpu_ids=1.
[    0.036290] 	Trampoline variant of Tasks RCU enabled.
[    0.036291] 	Rude variant of Tasks RCU enabled.
[    0.036291] 	Tracing variant of Tasks RCU enabled.
[    0.036291] rcu: RCU calculated value of scheduler-enlistment delay is 25 jiffies.
[    0.036292] rcu: Adjusting geometry for rcu_fanout_leaf=16, nr_cpu_ids=1
[    0.036296] RCU Tasks: Setting shift to 0 and lim to 1 rcu_task_cb_adjust=1 rcu_task_cpu_ids=1.
[    0.036297] RCU Tasks Rude: Setting shift to 0 and lim to 1 rcu_task_cb_adjust=1 rcu_task_cpu_ids=1.
[    0.036298] RCU Tasks Trace: Setting shift to 0 and lim to 1 rcu_task_cb_adjust=1 rcu_task_cpu_ids=1.
[    0.039469] NR_IRQS: 524544, nr_irqs: 256, preallocated irqs: 16
[    0.039641] rcu: srcu_init: Setting srcu_struct sizes based on contention.
[    0.051502] Console: colour VGA+ 80x25
[    0.051544] printk: legacy console [ttyS0] enabled
[    0.169368] ACPI: Core revision 20240827
[    0.170148] clocksource: hpet: mask: 0xffffffff max_cycles: 0xffffffff, max_idle_ns: 19112604467 ns
[    0.171671] APIC: Switch to symmetric I/O mode setup
[    0.172573] x2apic enabled
[    0.173172] APIC: Switched APIC routing to: physical x2apic
[    0.174704] ..TIMER: vector=0x30 apic1=0 pin1=2 apic2=-1 pin2=-1
[    0.175628] clocksource: tsc-early: mask: 0xffffffffffffffff max_cycles: 0x33e451ab1a6, max_idle_ns: 440795278720 ns
[    0.177239] Calibrating delay loop (skipped) preset value.. 7199.99 BogoMIPS (lpj=14399992)
[    0.178574] x86/cpu: User Mode Instruction Prevention (UMIP) activated
[    0.179614] Last level iTLB entries: 4KB 0, 2MB 0, 4MB 0
[    0.181239] Last level dTLB entries: 4KB 0, 2MB 0, 4MB 0, 1GB 0
[    0.182150] Spectre V1 : Mitigation: usercopy/swapgs barriers and __user pointer sanitization
[    0.183436] Spectre V2 : Spectre BHI mitigation: SW BHB clearing on syscall and VM exit
[    0.185239] Spectre V2 : Mitigation: IBRS
[    0.185851] Spectre V2 : Spectre v2 / SpectreRSB: Filling RSB on context switch and VMEXIT
[    0.187082] RETBleed: Mitigation: IBRS
[    0.187649] Spectre V2 : mitigation: Enabling conditional Indirect Branch Prediction Barrier
[    0.188904] Speculative Store Bypass: Mitigation: Speculative Store Bypass disabled via prctl
[    0.189242] MDS: Mitigation: Clear CPU buffers
[    0.189910] MMIO Stale Data: Mitigation: Clear CPU buffers
[    0.190732] SRBDS: Unknown: Dependent on hypervisor status
[    0.191553] active return thunk: its_return_thunk
[    0.193239] ITS: Mitigation: Aligned branch/return thunks
[    0.194067] x86/fpu: Supporting XSAVE feature 0x001: 'x87 floating point registers'
[    0.195210] x86/fpu: Supporting XSAVE feature 0x002: 'SSE registers'
[    0.196160] x86/fpu: Supporting XSAVE feature 0x004: 'AVX registers'
[    0.197239] x86/fpu: Supporting XSAVE feature 0x008: 'MPX bounds registers'
[    0.198285] x86/fpu: Supporting XSAVE feature 0x010: 'MPX CSR'
[    0.199160] x86/fpu: xstate_offset[2]:  576, xstate_sizes[2]:  256
[    0.200081] x86/fpu: xstate_offset[3]:  832, xstate_sizes[3]:   64
[    0.201002] x86/fpu: xstate_offset[4]:  896, xstate_sizes[4]:   64
[    0.201239] x86/fpu: Enabled xstate features 0x1f, context size is 960 bytes, using 'compacted' format.
[    0.233535] Freeing SMP alternatives memory: 40K
[    0.234244] pid_max: default: 32768 minimum: 301
[    0.234965] LSM: initializing lsm=lockdown,capability,landlock,yama,apparmor,tomoyo,bpf,ipe,ima,evm
[    0.236354] landlock: Up and running.
[    0.236909] Yama: disabled by default; enable with sysctl kernel.yama.*
[    0.237292] AppArmor: AppArmor initialized
[    0.237932] TOMOYO Linux initialized
[    0.238598] LSM support for eBPF active
[    0.239225] Mount-cache hash table entries: 16384 (order: 5, 131072 bytes, linear)
[    0.240356] Mountpoint-cache hash table entries: 16384 (order: 5, 131072 bytes, linear)
[    0.241453] smpboot: CPU0: Intel(R) Core(TM) i9-9900K CPU @ 3.60GHz (family: 0x6, model: 0x9e, stepping: 0xc)
[    0.243060] Performance Events: Skylake events, full-width counters, Intel PMU driver.
[    0.244277] ... version:                2
[    0.244880] ... bit width:              48
[    0.245240] ... generic registers:      4
[    0.245845] ... value mask:             0000ffffffffffff
[    0.246637] ... max period:             00007fffffffffff
[    0.247432] ... fixed-purpose events:   3
[    0.248053] ... event mask:             000000070000000f
[    0.248916] signal: max sigframe size: 2032
[    0.249260] rcu: Hierarchical SRCU implementation.
[    0.249981] rcu: 	Max phase no-delay instances is 1000.
[    0.253425] smp: Bringing up secondary CPUs ...
[    0.254118] smp: Brought up 1 node, 1 CPU
[    0.254725] smpboot: Total of 1 processors activated (7199.99 BogoMIPS)
[    0.268321] node 0 deferred pages initialised in 12ms
[    0.269127] Memory: 8026728K/8388084K available (16384K kernel code, 2497K rwdata, 11808K rodata, 4164K init, 4916K bss, 357552K reserved, 0K cma-reserved)
[    0.269534] devtmpfs: initialized
[    0.270065] x86/mm: Memory block size: 128MB
[    0.271310] clocksource: jiffies: mask: 0xffffffff max_cycles: 0xffffffff, max_idle_ns: 7645041785100000 ns
[    0.272769] futex hash table entries: 256 (order: 2, 16384 bytes, linear)
[    0.273279] pinctrl core: initialized pinctrl subsystem
[    0.274445] NET: Registered PF_NETLINK/PF_ROUTE protocol family
[    0.275441] DMA: preallocated 1024 KiB GFP_KERNEL pool for atomic allocations
[    0.276554] DMA: preallocated 1024 KiB GFP_KERNEL|GFP_DMA pool for atomic allocations
[    0.277396] DMA: preallocated 1024 KiB GFP_KERNEL|GFP_DMA32 pool for atomic allocations
[    0.278609] audit: initializing netlink subsys (disabled)
[    0.279447] audit: type=2000 audit(1783657409.778:1): state=initialized audit_enabled=0 res=1
[    0.280815] thermal_sys: Registered thermal governor 'fair_share'
[    0.280816] thermal_sys: Registered thermal governor 'bang_bang'
[    0.281243] thermal_sys: Registered thermal governor 'step_wise'
[    0.282149] thermal_sys: Registered thermal governor 'user_space'
[    0.283053] thermal_sys: Registered thermal governor 'power_allocator'
[    0.283996] cpuidle: using governor ladder
[    0.285245] cpuidle: using governor menu
[    0.285874] acpiphp: ACPI Hot Plug PCI Controller Driver version: 0.5
[    0.286960] PCI: ECAM [mem 0xb0000000-0xbfffffff] (base 0xb0000000) for domain 0000 [bus 00-ff]
[    0.288280] PCI: ECAM [mem 0xb0000000-0xbfffffff] reserved as E820 entry
[    0.289250] PCI: Using configuration type 1 for base access
[    0.290175] kprobes: kprobe jump-optimization is enabled. All kprobes are optimized if possible.
[    0.313502] HugeTLB: registered 1.00 GiB page size, pre-allocated 0 pages
[    0.314531] HugeTLB: 16380 KiB vmemmap can be freed for a 1.00 GiB page
[    0.315542] HugeTLB: registered 2.00 MiB page size, pre-allocated 0 pages
[    0.316571] HugeTLB: 28 KiB vmemmap can be freed for a 2.00 MiB page
[    0.321585] ACPI: Added _OSI(Module Device)
[    0.322225] ACPI: Added _OSI(Processor Device)
[    0.322898] ACPI: Added _OSI(Processor Aggregator Device)
[    0.324378] ACPI: 1 ACPI AML tables successfully acquired and loaded
[    0.326409] ACPI: Interpreter enabled
[    0.326976] ACPI: PM: (supports S0 S3 S4 S5)
[    0.327639] ACPI: Using IOAPIC for interrupt routing
[    0.328406] PCI: Using host bridge windows from ACPI; if necessary, use "pci=nocrs" and report a bug
[    0.329240] PCI: Using E820 reservations for host bridge windows
[    0.330207] ACPI: Enabled 2 GPEs in block 00 to 3F
[    0.332412] ACPI: PCI Root Bridge [PCI0] (domain 0000 [bus 00-ff])
[    0.333242] acpi PNP0A08:00: _OSC: OS supports [ExtendedConfig ASPM ClockPM Segments MSI HPX-Type3]
[    0.334640] acpi PNP0A08:00: _OSC: platform does not support [PCIeHotplug LTR]
[    0.335778] acpi PNP0A08:00: _OSC: OS now controls [SHPCHotplug PME AER PCIeCapability]
[    0.337097] PCI host bridge to bus 0000:00
[    0.337242] pci_bus 0000:00: root bus resource [io  0x0000-0x0cf7 window]
[    0.338277] pci_bus 0000:00: root bus resource [io  0x0d00-0xffff window]
[    0.339299] pci_bus 0000:00: root bus resource [mem 0x000a0000-0x000bffff window]
[    0.340419] pci_bus 0000:00: root bus resource [mem 0x80000000-0xafffffff window]
[    0.341240] pci_bus 0000:00: root bus resource [mem 0xc0000000-0xfebfffff window]
[    0.342381] pci_bus 0000:00: root bus resource [mem 0x280000000-0xa7fffffff window]
[    0.343531] pci_bus 0000:00: root bus resource [bus 00-ff]
[    0.344413] pci 0000:00:00.0: [8086:29c0] type 00 class 0x060000 conventional PCI endpoint
[    0.345721] pci 0000:00:01.0: [1234:1111] type 00 class 0x030000 conventional PCI endpoint
[    0.348310] pci 0000:00:01.0: BAR 0 [mem 0xfd000000-0xfdffffff pref]
[    0.350969] pci 0000:00:01.0: BAR 2 [mem 0xfebd4000-0xfebd4fff]
[    0.355399] pci 0000:00:01.0: ROM [mem 0xfebc0000-0xfebcffff pref]
[    0.356447] pci 0000:00:01.0: Video device with shadowed ROM at [mem 0x000c0000-0x000dffff]
[    0.357641] pci 0000:00:02.0: [8086:10d3] type 00 class 0x020000 PCIe Root Complex Integrated Endpoint
[    0.359655] pci 0000:00:02.0: BAR 0 [mem 0xfeb80000-0xfeb9ffff]
[    0.361148] pci 0000:00:02.0: BAR 1 [mem 0xfeba0000-0xfebbffff]
[    0.361990] pci 0000:00:02.0: BAR 2 [io  0xc040-0xc05f]
[    0.364041] pci 0000:00:02.0: BAR 3 [mem 0xfebd0000-0xfebd3fff]
[    0.366108] pci 0000:00:02.0: ROM [mem 0xfeb40000-0xfeb7ffff pref]
[    0.367089] pci 0000:00:02.0: enabling Extended Tags
[    0.368935] pci 0000:00:1f.0: [8086:2918] type 00 class 0x060100 conventional PCI endpoint
[    0.369766] pci 0000:00:1f.0: quirk: [io  0x0600-0x067f] claimed by ICH6 ACPI/GPIO/TCO
[    0.371397] pci 0000:00:1f.2: [8086:2922] type 00 class 0x010601 conventional PCI endpoint
[    0.374609] pci 0000:00:1f.2: BAR 4 [io  0xc060-0xc07f]
[    0.375777] pci 0000:00:1f.2: BAR 5 [mem 0xfebd5000-0xfebd5fff]
[    0.377305] pci 0000:00:1f.3: [8086:2930] type 00 class 0x0c0500 conventional PCI endpoint
[    0.379852] pci 0000:00:1f.3: BAR 4 [io  0x0700-0x073f]
[    0.382659] ACPI: PCI: Interrupt link LNKA configured for IRQ 10
[    0.384124] ACPI: PCI: Interrupt link LNKB configured for IRQ 10
[    0.385099] ACPI: PCI: Interrupt link LNKC configured for IRQ 11
[    0.385311] ACPI: PCI: Interrupt link LNKD configured for IRQ 11
[    0.386298] ACPI: PCI: Interrupt link LNKE configured for IRQ 10
[    0.387366] ACPI: PCI: Interrupt link LNKF configured for IRQ 10
[    0.388340] ACPI: PCI: Interrupt link LNKG configured for IRQ 11
[    0.389310] ACPI: PCI: Interrupt link LNKH configured for IRQ 11
[    0.390259] ACPI: PCI: Interrupt link GSIA configured for IRQ 16
[    0.391243] ACPI: PCI: Interrupt link GSIB configured for IRQ 17
[    0.392151] ACPI: PCI: Interrupt link GSIC configured for IRQ 18
[    0.393246] ACPI: PCI: Interrupt link GSID configured for IRQ 19
[    0.394262] ACPI: PCI: Interrupt link GSIE configured for IRQ 20
[    0.395171] ACPI: PCI: Interrupt link GSIF configured for IRQ 21
[    0.396078] ACPI: PCI: Interrupt link GSIG configured for IRQ 22
[    0.396984] ACPI: PCI: Interrupt link GSIH configured for IRQ 23
[    0.397669] iommu: Default domain type: Translated
[    0.398398] iommu: DMA domain TLB invalidation policy: lazy mode
[    0.399418] pps_core: LinuxPPS API ver. 1 registered
[    0.400171] pps_core: Software ver. 5.3.6 - Copyright 2005-2007 Rodolfo Giometti <giometti@linux.it>
[    0.401242] PTP clock support registered
[    0.401848] EDAC MC: Ver: 3.0.0
[    0.402759] NetLabel: Initializing
[    0.403281] NetLabel:  domain hash size = 128
[    0.403935] NetLabel:  protocols = UNLABELED CIPSOv4 CALIPSO
[    0.404824] NetLabel:  unlabeled traffic allowed by default
[    0.405240] PCI: Using ACPI for IRQ routing
[    0.475390] pci 0000:00:01.0: vgaarb: setting as boot VGA device
[    0.476314] pci 0000:00:01.0: vgaarb: bridge control possible
[    0.477217] pci 0000:00:01.0: vgaarb: VGA device added: decodes=io+mem,owns=io+mem,locks=none
[    0.477240] vgaarb: loaded
[    0.477686] hpet0: at MMIO 0xfed00000, IRQs 2, 8, 0
[    0.478443] hpet0: 3 comparators, 64-bit 100.000000 MHz counter
[    0.482286] clocksource: Switched to clocksource kvm-clock
[    0.483690] VFS: Disk quotas dquot_6.6.0
[    0.484296] VFS: Dquot-cache hash table entries: 512 (order 0, 4096 bytes)
[    0.485237] AppArmor: AppArmor Filesystem Enabled
[    0.485237] pnp: PnP ACPI init
[    0.485776] system 00:05: [mem 0xb0000000-0xbfffffff window] has been reserved
[    0.487092] pnp: PnP ACPI: found 6 devices
[    0.493100] clocksource: acpi_pm: mask: 0xffffff max_cycles: 0xffffff, max_idle_ns: 2085701024 ns
[    0.494557] NET: Registered PF_INET protocol family
[    0.495469] IP idents hash table entries: 131072 (order: 8, 1048576 bytes, linear)
[    0.505234] tcp_listen_portaddr_hash hash table entries: 4096 (order: 4, 65536 bytes, linear)
[    0.506536] Table-perturb hash table entries: 65536 (order: 6, 262144 bytes, linear)
[    0.507709] TCP established hash table entries: 65536 (order: 7, 524288 bytes, linear)
[    0.509106] TCP bind hash table entries: 65536 (order: 9, 2097152 bytes, linear)
[    0.510365] TCP: Hash tables configured (established 65536 bind 65536)
[    0.511386] MPTCP token hash table entries: 8192 (order: 6, 196608 bytes, linear)
[    0.512529] UDP hash table entries: 4096 (order: 5, 131072 bytes, linear)
[    0.513573] UDP-Lite hash table entries: 4096 (order: 5, 131072 bytes, linear)
[    0.514716] NET: Registered PF_UNIX/PF_LOCAL protocol family
[    0.515579] NET: Registered PF_XDP protocol family
[    0.516314] pci_bus 0000:00: resource 4 [io  0x0000-0x0cf7 window]
[    0.517262] pci_bus 0000:00: resource 5 [io  0x0d00-0xffff window]
[    0.518210] pci_bus 0000:00: resource 6 [mem 0x000a0000-0x000bffff window]
[    0.519244] pci_bus 0000:00: resource 7 [mem 0x80000000-0xafffffff window]
[    0.520279] pci_bus 0000:00: resource 8 [mem 0xc0000000-0xfebfffff window]
[    0.521326] pci_bus 0000:00: resource 9 [mem 0x280000000-0xa7fffffff window]
[    0.522474] PCI: CLS 0 bytes, default 64
[    0.523163] Trying to unpack rootfs image as initramfs...
[    0.525652] PCI-DMA: Using software bounce buffering for IO (SWIOTLB)
[    0.526648] software IO TLB: mapped [mem 0x0000000075c87000-0x0000000079c87000] (64MB)
[    0.527865] clocksource: tsc: mask: 0xffffffffffffffff max_cycles: 0x33e451ab1a6, max_idle_ns: 440795278720 ns
[    0.533950] Initialise system trusted keyrings
[    0.534641] Key type blacklist registered
[    0.537652] workingset: timestamp_bits=36 max_order=21 bucket_order=0
[    0.538636] zbud: loaded
[    0.539106] fuse: init (API version 7.41)
[    0.539808] integrity: Platform Keyring initialized
[    0.540552] integrity: Machine keyring initialized
[    0.561646] Key type asymmetric registered
[    0.562281] Asymmetric key parser 'x509' registered
[    1.114309] Freeing initrd memory: 101668K
[    1.115470] Block layer SCSI generic (bsg) driver version 0.4 loaded (major 246)
[    1.116602] io scheduler mq-deadline registered
[    1.118126] ledtrig-cpu: registered to indicate activity on CPUs
[    1.119060] shpchp: Standard Hot Plug PCI Controller Driver version: 0.4
[    1.120216] Serial: 8250/16550 driver, 4 ports, IRQ sharing enabled
[    1.121546] 00:03: ttyS0 at I/O 0x3f8 (irq = 4, base_baud = 115200) is a 16550A
[    1.123063] Linux agpgart interface v0.103
[    1.123868] i8042: PNP: PS/2 Controller [PNP0303:KBD,PNP0f13:MOU] at 0x60,0x64 irq 1,12
[    1.125780] serio: i8042 KBD port at 0x60,0x64 irq 1
[    1.126540] serio: i8042 AUX port at 0x60,0x64 irq 12
[    1.127367] mousedev: PS/2 mouse device common for all mice
[    1.128462] input: AT Translated Set 2 keyboard as /devices/platform/i8042/serio0/input/input0
[    1.130010] rtc_cmos 00:04: RTC can wake from S4
[    1.131171] rtc_cmos 00:04: registered as rtc0
[    1.131914] rtc_cmos 00:04: setting system clock to 2026-07-10T04:23:30 UTC (1783657410)
[    1.133202] rtc_cmos 00:04: alarms up to one day, y3k, 242 bytes nvram, hpet irqs
[    1.134353] intel_pstate: CPU model not supported
[    1.135639] NET: Registered PF_INET6 protocol family
[    1.136924] Segment Routing with IPv6
[    1.137506] In-situ OAM (IOAM) with IPv6
[    1.138138] mip6: Mobile IPv6
[    1.138601] NET: Registered PF_PACKET protocol family
[    1.139378] mpls_gso: MPLS GSO support
[    1.140028] IPI shorthand broadcast: enabled
[    1.141961] sched_clock: Marking stable (1012001995, 129590159)->(1156198173, -14606019)
[    1.143240] registered taskstats version 1
[    1.143940] Loading compiled-in X.509 certificates
[    1.155820] Loaded X.509 cert 'Build time autogenerated kernel key: e87b99600394fc77ba6018a2cc6a68db4bb86ee6'
[    1.158515] Demotion targets for Node 0: null
[    1.159207] Key type .fscrypt registered
[    1.159804] Key type fscrypt-provisioning registered
[    1.161020] Key type encrypted registered
[    1.161657] AppArmor: AppArmor sha256 policy hashing enabled
[    1.162542] ima: No TPM chip found, activating TPM-bypass!
[    1.163371] ima: Allocated hash algorithm: sha256
[    1.164090] ima: No architecture policies found
[    1.164784] evm: Initialising EVM extended attributes:
[    1.165574] evm: security.selinux
[    1.166096] evm: security.SMACK64 (disabled)
[    1.166741] evm: security.SMACK64EXEC (disabled)
[    1.167433] evm: security.SMACK64TRANSMUTE (disabled)
[    1.168191] evm: security.SMACK64MMAP (disabled)
[    1.168886] evm: security.apparmor
[    1.169420] evm: security.ima
[    1.169886] evm: security.capability
[    1.170430] evm: HMAC attrs: 0x1
[    1.197622] RAS: Correctable Errors collector initialized.
[    1.207346] clk: Disabling unused clocks
[    1.207950] PM: genpd: Disabling unused power domains
[    1.213782] Freeing unused decrypted memory: 2028K
[    1.214580] Freeing unused kernel image (initmem) memory: 4164K
[    1.215225] Write protecting the kernel read-only data: 28672k
[    1.216027] Freeing unused kernel image (rodata/data gap) memory: 480K
[    1.247974] x86/mm: Checked W+X mappings: passed, no W+X pages found.
[    1.277607] Run /init as init process
NESTED_X86_L1_BOOT_OK
Linux (none) 6.12.90+deb13.1-amd64 #1 SMP PREEMPT_DYNAMIC Debian 6.12.90-2 (2026-05-27) x86_64 GNU/Linux
              total        used        free      shared  buff/cache   available
Mem:           7948          55        7671         221         222        7535
console=ttyS0 rdinit=/init panic=-1 harmony.gates=box_corpus:c1_corpus_o1_o2_on_the_patched_backend
msr: loaded
irqbypass: loaded
[    1.308361] kvm: loading out-of-tree module taints kernel.
[    1.308972] kvm: module verification failed: signature and/or required key missing - tainting kernel
kvm(PATCHED): loaded
kvm-intel(PATCHED): loaded
L1_DEV_KVM_PRESENT
NESTED_X86_L2_PIN_CHECK_BEGIN
f06a34a79010a8f2cc8226dc629cc8fb049740016f035f53e3f2e53d9a30dd41  guest/build/bzImage
3c4a7f2f0db4b59aaf4dee55d43a42c57fc0d10ac25441de88128c61be0778c2  guest/build/initramfs-postgres.cpio.gz
NESTED_X86_L2_PIN_CHECK_END
NESTED_X86_GATE_BEGIN box_corpus c1_corpus_o1_o2_on_the_patched_backend

running 1 test
test c1_corpus_o1_o2_on_the_patched_backend ... [box-corpus] === sweep 1 ===
[box-corpus] insn-rdtsc     O1=PASS O2=PASS digest=1065ab4cf566433b2eec2b756810c4c5e75775012d63f46aafefc273bdb78ae3 identical; both halted at 1
[box-corpus] insn-rng       O1=PASS O2=PASS digest=0fe06bf4edf727fc1d200f810a307c30e65915b7c1ed230a5e513defbb2a3926 identical; both halted at 1
[box-corpus] insn-cpuid     O1=PASS O2=PASS digest=cd321ad6f98a9b33f1277a243b06ff5eb5390b652b31f74bb8c39a55f87282f5 identical; both halted at 1
[box-corpus] insn-rdpmc     O1=PASS O2=PASS digest=25222db6da48e96daf022a1141e288918db4024e8e0e35fc966d7c3021b76dc1 identical; both halted at 1
[vmm-core] msr-exit dir=RDMSR exit-reason=KVM_EXIT_X86_RDMSR index=0x17 data=n/a rip=0x100148 work=1498 disposition=AllowFixed(0)
[vmm-core] msr-exit dir=RDMSR exit-reason=KVM_EXIT_X86_RDMSR index=0x1b data=n/a rip=0x100148 work=1499 disposition=AllowFixed(4276095232)
[vmm-core] msr-exit dir=RDMSR exit-reason=KVM_EXIT_X86_RDMSR index=0x35 data=n/a rip=0x100148 work=1500 disposition=AllowFixed(65537)
[vmm-core] msr-exit dir=RDMSR exit-reason=KVM_EXIT_X86_RDMSR index=0x3a data=n/a rip=0x100148 work=1501 disposition=AllowFixed(1)
[vmm-core] msr-exit dir=RDMSR exit-reason=KVM_EXIT_X86_RDMSR index=0x8b data=n/a rip=0x100148 work=1502 disposition=AllowFixed(4294967296)
[vmm-core] msr-exit dir=RDMSR exit-reason=KVM_EXIT_X86_RDMSR index=0xce data=n/a rip=0x100148 work=1503 disposition=AllowFixed(5120)
[vmm-core] msr-exit dir=RDMSR exit-reason=KVM_EXIT_X86_RDMSR index=0xfe data=n/a rip=0x100148 work=1504 disposition=AllowFixed(1288)
[vmm-core] msr-exit dir=RDMSR exit-reason=KVM_EXIT_X86_RDMSR index=0x10a data=n/a rip=0x100148 work=1505 disposition=AllowFixed(167775241)
[vmm-core] msr-exit dir=RDMSR exit-reason=KVM_EXIT_X86_RDMSR index=0x1a0 data=n/a rip=0x100148 work=1506 disposition=AllowFixed(6145)
[vmm-core] msr-exit dir=RDMSR exit-reason=KVM_EXIT_X86_RDMSR index=0x17 data=n/a rip=0x100148 work=1498 disposition=AllowFixed(0)
[vmm-core] msr-exit dir=RDMSR exit-reason=KVM_EXIT_X86_RDMSR index=0x1b data=n/a rip=0x100148 work=1499 disposition=AllowFixed(4276095232)
[vmm-core] msr-exit dir=RDMSR exit-reason=KVM_EXIT_X86_RDMSR index=0x35 data=n/a rip=0x100148 work=1500 disposition=AllowFixed(65537)
[vmm-core] msr-exit dir=RDMSR exit-reason=KVM_EXIT_X86_RDMSR index=0x3a data=n/a rip=0x100148 work=1501 disposition=AllowFixed(1)
[vmm-core] msr-exit dir=RDMSR exit-reason=KVM_EXIT_X86_RDMSR index=0x8b data=n/a rip=0x100148 work=1502 disposition=AllowFixed(4294967296)
[vmm-core] msr-exit dir=RDMSR exit-reason=KVM_EXIT_X86_RDMSR index=0xce data=n/a rip=0x100148 work=1503 disposition=AllowFixed(5120)
[vmm-core] msr-exit dir=RDMSR exit-reason=KVM_EXIT_X86_RDMSR index=0xfe data=n/a rip=0x100148 work=1504 disposition=AllowFixed(1288)
[vmm-core] msr-exit dir=RDMSR exit-reason=KVM_EXIT_X86_RDMSR index=0x10a data=n/a rip=0x100148 work=1505 disposition=AllowFixed(167775241)
[vmm-core] msr-exit dir=RDMSR exit-reason=KVM_EXIT_X86_RDMSR index=0x1a0 data=n/a rip=0x100148 work=1506 disposition=AllowFixed(6145)
[vmm-core] msr-exit dir=RDMSR exit-reason=KVM_EXIT_X86_RDMSR index=0x17 data=n/a rip=0x100148 work=1498 disposition=AllowFixed(0)
[vmm-core] msr-exit dir=RDMSR exit-reason=KVM_EXIT_X86_RDMSR index=0x1b data=n/a rip=0x100148 work=1499 disposition=AllowFixed(4276095232)
[vmm-core] msr-exit dir=RDMSR exit-reason=KVM_EXIT_X86_RDMSR index=0x35 data=n/a rip=0x100148 work=1500 disposition=AllowFixed(65537)
[vmm-core] msr-exit dir=RDMSR exit-reason=KVM_EXIT_X86_RDMSR index=0x3a data=n/a rip=0x100148 work=1501 disposition=AllowFixed(1)
[vmm-core] msr-exit dir=RDMSR exit-reason=KVM_EXIT_X86_RDMSR index=0x8b data=n/a rip=0x100148 work=1502 disposition=AllowFixed(4294967296)
[vmm-core] msr-exit dir=RDMSR exit-reason=KVM_EXIT_X86_RDMSR index=0xce data=n/a rip=0x100148 work=1503 disposition=AllowFixed(5120)
[vmm-core] msr-exit dir=RDMSR exit-reason=KVM_EXIT_X86_RDMSR index=0xfe data=n/a rip=0x100148 work=1504 disposition=AllowFixed(1288)
[vmm-core] msr-exit dir=RDMSR exit-reason=KVM_EXIT_X86_RDMSR index=0x10a data=n/a rip=0x100148 work=1505 disposition=AllowFixed(167775241)
[vmm-core] msr-exit dir=RDMSR exit-reason=KVM_EXIT_X86_RDMSR index=0x1a0 data=n/a rip=0x100148 work=1506 disposition=AllowFixed(6145)
[box-corpus] msr-allowed    O1=PASS O2=PASS digest=c1ebdcd7089394d73b3570007c6d27ba66c2a199eb32724dbb32558a4c906dde identical; both halted at 1
[vmm-core] msr-exit dir=RDMSR exit-reason=KVM_EXIT_X86_RDMSR index=0x0 data=n/a rip=0x100117 work=1092 disposition=DenyGp
[vmm-core] msr-exit dir=WRMSR exit-reason=KVM_EXIT_X86_WRMSR index=0x0 data=0x0 rip=0x100140 work=1092 disposition=DenyGp
[vmm-core] msr-exit dir=RDMSR exit-reason=KVM_EXIT_X86_RDMSR index=0x13 data=n/a rip=0x100117 work=1093 disposition=DenyGp
[vmm-core] msr-exit dir=WRMSR exit-reason=KVM_EXIT_X86_WRMSR index=0x13 data=0x0 rip=0x100140 work=1093 disposition=DenyGp
[vmm-core] msr-exit dir=RDMSR exit-reason=KVM_EXIT_X86_RDMSR index=0x39 data=n/a rip=0x100117 work=1094 disposition=DenyGp
[vmm-core] msr-exit dir=WRMSR exit-reason=KVM_EXIT_X86_WRMSR index=0x39 data=0x0 rip=0x100140 work=1094 disposition=DenyGp
[vmm-core] msr-exit dir=RDMSR exit-reason=KVM_EXIT_X86_RDMSR index=0x150 data=n/a rip=0x100117 work=1095 disposition=DenyGp
[vmm-core] msr-exit dir=WRMSR exit-reason=KVM_EXIT_X86_WRMSR index=0x150 data=0x0 rip=0x100140 work=1095 disposition=DenyGp
[vmm-core] msr-exit dir=RDMSR exit-reason=KVM_EXIT_X86_RDMSR index=0xfff data=n/a rip=0x100117 work=1096 disposition=DenyGp
[vmm-core] msr-exit dir=WRMSR exit-reason=KVM_EXIT_X86_WRMSR index=0xfff data=0x0 rip=0x100140 work=1096 disposition=DenyGp
[vmm-core] msr-exit dir=RDMSR exit-reason=KVM_EXIT_X86_RDMSR index=0x2000 data=n/a rip=0x100117 work=1097 disposition=DenyGp
[vmm-core] msr-exit dir=WRMSR exit-reason=KVM_EXIT_X86_WRMSR index=0x2000 data=0x0 rip=0x100140 work=1097 disposition=DenyGp
[vmm-core] msr-exit dir=RDMSR exit-reason=KVM_EXIT_X86_RDMSR index=0x10000 data=n/a rip=0x100117 work=1098 disposition=DenyGp
[vmm-core] msr-exit dir=WRMSR exit-reason=KVM_EXIT_X86_WRMSR index=0x10000 data=0x0 rip=0x100140 work=1098 disposition=DenyGp
[vmm-core] msr-exit dir=RDMSR exit-reason=KVM_EXIT_X86_RDMSR index=0x40000fff data=n/a rip=0x100117 work=1099 disposition=DenyGp
[vmm-core] msr-exit dir=WRMSR exit-reason=KVM_EXIT_X86_WRMSR index=0x40000fff data=0x0 rip=0x100140 work=1099 disposition=DenyGp
[vmm-core] msr-exit dir=RDMSR exit-reason=KVM_EXIT_X86_RDMSR index=0xc0000200 data=n/a rip=0x100117 work=1100 disposition=DenyGp
[vmm-core] msr-exit dir=WRMSR exit-reason=KVM_EXIT_X86_WRMSR index=0xc0000200 data=0x0 rip=0x100140 work=1100 disposition=DenyGp
[vmm-core] msr-exit dir=RDMSR exit-reason=KVM_EXIT_X86_RDMSR index=0xdeadbeef data=n/a rip=0x100117 work=1101 disposition=DenyGp
[vmm-core] msr-exit dir=WRMSR exit-reason=KVM_EXIT_X86_WRMSR index=0xdeadbeef data=0x0 rip=0x100140 work=1101 disposition=DenyGp
[vmm-core] msr-exit dir=RDMSR exit-reason=KVM_EXIT_X86_RDMSR index=0xffffffff data=n/a rip=0x100117 work=1102 disposition=DenyGp
[vmm-core] msr-exit dir=WRMSR exit-reason=KVM_EXIT_X86_WRMSR index=0xffffffff data=0x0 rip=0x100140 work=1102 disposition=DenyGp
[vmm-core] msr-exit dir=RDMSR exit-reason=KVM_EXIT_X86_RDMSR index=0x0 data=n/a rip=0x100117 work=1092 disposition=DenyGp
[vmm-core] msr-exit dir=WRMSR exit-reason=KVM_EXIT_X86_WRMSR index=0x0 data=0x0 rip=0x100140 work=1092 disposition=DenyGp
[vmm-core] msr-exit dir=RDMSR exit-reason=KVM_EXIT_X86_RDMSR index=0x13 data=n/a rip=0x100117 work=1093 disposition=DenyGp
[vmm-core] msr-exit dir=WRMSR exit-reason=KVM_EXIT_X86_WRMSR index=0x13 data=0x0 rip=0x100140 work=1093 disposition=DenyGp
[vmm-core] msr-exit dir=RDMSR exit-reason=KVM_EXIT_X86_RDMSR index=0x39 data=n/a rip=0x100117 work=1094 disposition=DenyGp
[vmm-core] msr-exit dir=WRMSR exit-reason=KVM_EXIT_X86_WRMSR index=0x39 data=0x0 rip=0x100140 work=1094 disposition=DenyGp
[vmm-core] msr-exit dir=RDMSR exit-reason=KVM_EXIT_X86_RDMSR index=0x150 data=n/a rip=0x100117 work=1095 disposition=DenyGp
[vmm-core] msr-exit dir=WRMSR exit-reason=KVM_EXIT_X86_WRMSR index=0x150 data=0x0 rip=0x100140 work=1095 disposition=DenyGp
[vmm-core] msr-exit dir=RDMSR exit-reason=KVM_EXIT_X86_RDMSR index=0xfff data=n/a rip=0x100117 work=1096 disposition=DenyGp
[vmm-core] msr-exit dir=WRMSR exit-reason=KVM_EXIT_X86_WRMSR index=0xfff data=0x0 rip=0x100140 work=1096 disposition=DenyGp
[vmm-core] msr-exit dir=RDMSR exit-reason=KVM_EXIT_X86_RDMSR index=0x2000 data=n/a rip=0x100117 work=1097 disposition=DenyGp
[vmm-core] msr-exit dir=WRMSR exit-reason=KVM_EXIT_X86_WRMSR index=0x2000 data=0x0 rip=0x100140 work=1097 disposition=DenyGp
[vmm-core] msr-exit dir=RDMSR exit-reason=KVM_EXIT_X86_RDMSR index=0x10000 data=n/a rip=0x100117 work=1098 disposition=DenyGp
[vmm-core] msr-exit dir=WRMSR exit-reason=KVM_EXIT_X86_WRMSR index=0x10000 data=0x0 rip=0x100140 work=1098 disposition=DenyGp
[vmm-core] msr-exit dir=RDMSR exit-reason=KVM_EXIT_X86_RDMSR index=0x40000fff data=n/a rip=0x100117 work=1099 disposition=DenyGp
[vmm-core] msr-exit dir=WRMSR exit-reason=KVM_EXIT_X86_WRMSR index=0x40000fff data=0x0 rip=0x100140 work=1099 disposition=DenyGp
[vmm-core] msr-exit dir=RDMSR exit-reason=KVM_EXIT_X86_RDMSR index=0xc0000200 data=n/a rip=0x100117 work=1100 disposition=DenyGp
[vmm-core] msr-exit dir=WRMSR exit-reason=KVM_EXIT_X86_WRMSR index=0xc0000200 data=0x0 rip=0x100140 work=1100 disposition=DenyGp
[vmm-core] msr-exit dir=RDMSR exit-reason=KVM_EXIT_X86_RDMSR index=0xdeadbeef data=n/a rip=0x100117 work=1101 disposition=DenyGp
[vmm-core] msr-exit dir=WRMSR exit-reason=KVM_EXIT_X86_WRMSR index=0xdeadbeef data=0x0 rip=0x100140 work=1101 disposition=DenyGp
[vmm-core] msr-exit dir=RDMSR exit-reason=KVM_EXIT_X86_RDMSR index=0xffffffff data=n/a rip=0x100117 work=1102 disposition=DenyGp
[vmm-core] msr-exit dir=WRMSR exit-reason=KVM_EXIT_X86_WRMSR index=0xffffffff data=0x0 rip=0x100140 work=1102 disposition=DenyGp
[vmm-core] msr-exit dir=RDMSR exit-reason=KVM_EXIT_X86_RDMSR index=0x0 data=n/a rip=0x100117 work=1092 disposition=DenyGp
[vmm-core] msr-exit dir=WRMSR exit-reason=KVM_EXIT_X86_WRMSR index=0x0 data=0x0 rip=0x100140 work=1092 disposition=DenyGp
[vmm-core] msr-exit dir=RDMSR exit-reason=KVM_EXIT_X86_RDMSR index=0x13 data=n/a rip=0x100117 work=1093 disposition=DenyGp
[vmm-core] msr-exit dir=WRMSR exit-reason=KVM_EXIT_X86_WRMSR index=0x13 data=0x0 rip=0x100140 work=1093 disposition=DenyGp
[vmm-core] msr-exit dir=RDMSR exit-reason=KVM_EXIT_X86_RDMSR index=0x39 data=n/a rip=0x100117 work=1094 disposition=DenyGp
[vmm-core] msr-exit dir=WRMSR exit-reason=KVM_EXIT_X86_WRMSR index=0x39 data=0x0 rip=0x100140 work=1094 disposition=DenyGp
[vmm-core] msr-exit dir=RDMSR exit-reason=KVM_EXIT_X86_RDMSR index=0x150 data=n/a rip=0x100117 work=1095 disposition=DenyGp
[vmm-core] msr-exit dir=WRMSR exit-reason=KVM_EXIT_X86_WRMSR index=0x150 data=0x0 rip=0x100140 work=1095 disposition=DenyGp
[vmm-core] msr-exit dir=RDMSR exit-reason=KVM_EXIT_X86_RDMSR index=0xfff data=n/a rip=0x100117 work=1096 disposition=DenyGp
[vmm-core] msr-exit dir=WRMSR exit-reason=KVM_EXIT_X86_WRMSR index=0xfff data=0x0 rip=0x100140 work=1096 disposition=DenyGp
[vmm-core] msr-exit dir=RDMSR exit-reason=KVM_EXIT_X86_RDMSR index=0x2000 data=n/a rip=0x100117 work=1097 disposition=DenyGp
[vmm-core] msr-exit dir=WRMSR exit-reason=KVM_EXIT_X86_WRMSR index=0x2000 data=0x0 rip=0x100140 work=1097 disposition=DenyGp
[vmm-core] msr-exit dir=RDMSR exit-reason=KVM_EXIT_X86_RDMSR index=0x10000 data=n/a rip=0x100117 work=1098 disposition=DenyGp
[vmm-core] msr-exit dir=WRMSR exit-reason=KVM_EXIT_X86_WRMSR index=0x10000 data=0x0 rip=0x100140 work=1098 disposition=DenyGp
[vmm-core] msr-exit dir=RDMSR exit-reason=KVM_EXIT_X86_RDMSR index=0x40000fff data=n/a rip=0x100117 work=1099 disposition=DenyGp
[vmm-core] msr-exit dir=WRMSR exit-reason=KVM_EXIT_X86_WRMSR index=0x40000fff data=0x0 rip=0x100140 work=1099 disposition=DenyGp
[vmm-core] msr-exit dir=RDMSR exit-reason=KVM_EXIT_X86_RDMSR index=0xc0000200 data=n/a rip=0x100117 work=1100 disposition=DenyGp
[vmm-core] msr-exit dir=WRMSR exit-reason=KVM_EXIT_X86_WRMSR index=0xc0000200 data=0x0 rip=0x100140 work=1100 disposition=DenyGp
[vmm-core] msr-exit dir=RDMSR exit-reason=KVM_EXIT_X86_RDMSR index=0xdeadbeef data=n/a rip=0x100117 work=1101 disposition=DenyGp
[vmm-core] msr-exit dir=WRMSR exit-reason=KVM_EXIT_X86_WRMSR index=0xdeadbeef data=0x0 rip=0x100140 work=1101 disposition=DenyGp
[vmm-core] msr-exit dir=RDMSR exit-reason=KVM_EXIT_X86_RDMSR index=0xffffffff data=n/a rip=0x100117 work=1102 disposition=DenyGp
[vmm-core] msr-exit dir=WRMSR exit-reason=KVM_EXIT_X86_WRMSR index=0xffffffff data=0x0 rip=0x100140 work=1102 disposition=DenyGp
[box-corpus] msr-denied     O1=PASS O2=PASS digest=b29a3e8591e1c03062f3efc905888425eeaa8df455ecb612a2ab499f0b9fbc60 identical; both halted at 1
[box-corpus] insn-hlt       O2-deferred (timer/IRQ payload — needs vmm-core LAPIC/PIT/IRQ modeling, a later phase); not box-gated
[box-corpus] insn-mwait     O2-deferred (timer/IRQ payload — needs vmm-core LAPIC/PIT/IRQ modeling, a later phase); not box-gated
[box-corpus] irq-landing    O2-deferred (timer/IRQ payload — needs vmm-core LAPIC/PIT/IRQ modeling, a later phase); not box-gated
[box-corpus] pit-pic-stub   O2-deferred (timer/IRQ payload — needs vmm-core LAPIC/PIT/IRQ modeling, a later phase); not box-gated
[box-corpus] === sweep 2 ===
[box-corpus] insn-rdtsc     O1=PASS O2=PASS digest=1065ab4cf566433b2eec2b756810c4c5e75775012d63f46aafefc273bdb78ae3 identical; both halted at 1
[box-corpus] insn-rng       O1=PASS O2=PASS digest=0fe06bf4edf727fc1d200f810a307c30e65915b7c1ed230a5e513defbb2a3926 identical; both halted at 1
[box-corpus] insn-cpuid     O1=PASS O2=PASS digest=cd321ad6f98a9b33f1277a243b06ff5eb5390b652b31f74bb8c39a55f87282f5 identical; both halted at 1
[box-corpus] insn-rdpmc     O1=PASS O2=PASS digest=25222db6da48e96daf022a1141e288918db4024e8e0e35fc966d7c3021b76dc1 identical; both halted at 1
[vmm-core] msr-exit dir=RDMSR exit-reason=KVM_EXIT_X86_RDMSR index=0x17 data=n/a rip=0x100148 work=1498 disposition=AllowFixed(0)
[vmm-core] msr-exit dir=RDMSR exit-reason=KVM_EXIT_X86_RDMSR index=0x1b data=n/a rip=0x100148 work=1499 disposition=AllowFixed(4276095232)
[vmm-core] msr-exit dir=RDMSR exit-reason=KVM_EXIT_X86_RDMSR index=0x35 data=n/a rip=0x100148 work=1500 disposition=AllowFixed(65537)
[vmm-core] msr-exit dir=RDMSR exit-reason=KVM_EXIT_X86_RDMSR index=0x3a data=n/a rip=0x100148 work=1501 disposition=AllowFixed(1)
[vmm-core] msr-exit dir=RDMSR exit-reason=KVM_EXIT_X86_RDMSR index=0x8b data=n/a rip=0x100148 work=1502 disposition=AllowFixed(4294967296)
[vmm-core] msr-exit dir=RDMSR exit-reason=KVM_EXIT_X86_RDMSR index=0xce data=n/a rip=0x100148 work=1503 disposition=AllowFixed(5120)
[vmm-core] msr-exit dir=RDMSR exit-reason=KVM_EXIT_X86_RDMSR index=0xfe data=n/a rip=0x100148 work=1504 disposition=AllowFixed(1288)
[vmm-core] msr-exit dir=RDMSR exit-reason=KVM_EXIT_X86_RDMSR index=0x10a data=n/a rip=0x100148 work=1505 disposition=AllowFixed(167775241)
[vmm-core] msr-exit dir=RDMSR exit-reason=KVM_EXIT_X86_RDMSR index=0x1a0 data=n/a rip=0x100148 work=1506 disposition=AllowFixed(6145)
[vmm-core] msr-exit dir=RDMSR exit-reason=KVM_EXIT_X86_RDMSR index=0x17 data=n/a rip=0x100148 work=1498 disposition=AllowFixed(0)
[vmm-core] msr-exit dir=RDMSR exit-reason=KVM_EXIT_X86_RDMSR index=0x1b data=n/a rip=0x100148 work=1499 disposition=AllowFixed(4276095232)
[vmm-core] msr-exit dir=RDMSR exit-reason=KVM_EXIT_X86_RDMSR index=0x35 data=n/a rip=0x100148 work=1500 disposition=AllowFixed(65537)
[vmm-core] msr-exit dir=RDMSR exit-reason=KVM_EXIT_X86_RDMSR index=0x3a data=n/a rip=0x100148 work=1501 disposition=AllowFixed(1)
[vmm-core] msr-exit dir=RDMSR exit-reason=KVM_EXIT_X86_RDMSR index=0x8b data=n/a rip=0x100148 work=1502 disposition=AllowFixed(4294967296)
[vmm-core] msr-exit dir=RDMSR exit-reason=KVM_EXIT_X86_RDMSR index=0xce data=n/a rip=0x100148 work=1503 disposition=AllowFixed(5120)
[vmm-core] msr-exit dir=RDMSR exit-reason=KVM_EXIT_X86_RDMSR index=0xfe data=n/a rip=0x100148 work=1504 disposition=AllowFixed(1288)
[vmm-core] msr-exit dir=RDMSR exit-reason=KVM_EXIT_X86_RDMSR index=0x10a data=n/a rip=0x100148 work=1505 disposition=AllowFixed(167775241)
[vmm-core] msr-exit dir=RDMSR exit-reason=KVM_EXIT_X86_RDMSR index=0x1a0 data=n/a rip=0x100148 work=1506 disposition=AllowFixed(6145)
[vmm-core] msr-exit dir=RDMSR exit-reason=KVM_EXIT_X86_RDMSR index=0x17 data=n/a rip=0x100148 work=1498 disposition=AllowFixed(0)
[vmm-core] msr-exit dir=RDMSR exit-reason=KVM_EXIT_X86_RDMSR index=0x1b data=n/a rip=0x100148 work=1499 disposition=AllowFixed(4276095232)
[vmm-core] msr-exit dir=RDMSR exit-reason=KVM_EXIT_X86_RDMSR index=0x35 data=n/a rip=0x100148 work=1500 disposition=AllowFixed(65537)
[vmm-core] msr-exit dir=RDMSR exit-reason=KVM_EXIT_X86_RDMSR index=0x3a data=n/a rip=0x100148 work=1501 disposition=AllowFixed(1)
[vmm-core] msr-exit dir=RDMSR exit-reason=KVM_EXIT_X86_RDMSR index=0x8b data=n/a rip=0x100148 work=1502 disposition=AllowFixed(4294967296)
[vmm-core] msr-exit dir=RDMSR exit-reason=KVM_EXIT_X86_RDMSR index=0xce data=n/a rip=0x100148 work=1503 disposition=AllowFixed(5120)
[vmm-core] msr-exit dir=RDMSR exit-reason=KVM_EXIT_X86_RDMSR index=0xfe data=n/a rip=0x100148 work=1504 disposition=AllowFixed(1288)
[vmm-core] msr-exit dir=RDMSR exit-reason=KVM_EXIT_X86_RDMSR index=0x10a data=n/a rip=0x100148 work=1505 disposition=AllowFixed(167775241)
[vmm-core] msr-exit dir=RDMSR exit-reason=KVM_EXIT_X86_RDMSR index=0x1a0 data=n/a rip=0x100148 work=1506 disposition=AllowFixed(6145)
[box-corpus] msr-allowed    O1=PASS O2=PASS digest=c1ebdcd7089394d73b3570007c6d27ba66c2a199eb32724dbb32558a4c906dde identical; both halted at 1
[vmm-core] msr-exit dir=RDMSR exit-reason=KVM_EXIT_X86_RDMSR index=0x0 data=n/a rip=0x100117 work=1092 disposition=DenyGp
[vmm-core] msr-exit dir=WRMSR exit-reason=KVM_EXIT_X86_WRMSR index=0x0 data=0x0 rip=0x100140 work=1092 disposition=DenyGp
[vmm-core] msr-exit dir=RDMSR exit-reason=KVM_EXIT_X86_RDMSR index=0x13 data=n/a rip=0x100117 work=1093 disposition=DenyGp
[vmm-core] msr-exit dir=WRMSR exit-reason=KVM_EXIT_X86_WRMSR index=0x13 data=0x0 rip=0x100140 work=1093 disposition=DenyGp
[vmm-core] msr-exit dir=RDMSR exit-reason=KVM_EXIT_X86_RDMSR index=0x39 data=n/a rip=0x100117 work=1094 disposition=DenyGp
[vmm-core] msr-exit dir=WRMSR exit-reason=KVM_EXIT_X86_WRMSR index=0x39 data=0x0 rip=0x100140 work=1094 disposition=DenyGp
[vmm-core] msr-exit dir=RDMSR exit-reason=KVM_EXIT_X86_RDMSR index=0x150 data=n/a rip=0x100117 work=1095 disposition=DenyGp
[vmm-core] msr-exit dir=WRMSR exit-reason=KVM_EXIT_X86_WRMSR index=0x150 data=0x0 rip=0x100140 work=1095 disposition=DenyGp
[vmm-core] msr-exit dir=RDMSR exit-reason=KVM_EXIT_X86_RDMSR index=0xfff data=n/a rip=0x100117 work=1096 disposition=DenyGp
[vmm-core] msr-exit dir=WRMSR exit-reason=KVM_EXIT_X86_WRMSR index=0xfff data=0x0 rip=0x100140 work=1096 disposition=DenyGp
[vmm-core] msr-exit dir=RDMSR exit-reason=KVM_EXIT_X86_RDMSR index=0x2000 data=n/a rip=0x100117 work=1097 disposition=DenyGp
[vmm-core] msr-exit dir=WRMSR exit-reason=KVM_EXIT_X86_WRMSR index=0x2000 data=0x0 rip=0x100140 work=1097 disposition=DenyGp
[vmm-core] msr-exit dir=RDMSR exit-reason=KVM_EXIT_X86_RDMSR index=0x10000 data=n/a rip=0x100117 work=1098 disposition=DenyGp
[vmm-core] msr-exit dir=WRMSR exit-reason=KVM_EXIT_X86_WRMSR index=0x10000 data=0x0 rip=0x100140 work=1098 disposition=DenyGp
[vmm-core] msr-exit dir=RDMSR exit-reason=KVM_EXIT_X86_RDMSR index=0x40000fff data=n/a rip=0x100117 work=1099 disposition=DenyGp
[vmm-core] msr-exit dir=WRMSR exit-reason=KVM_EXIT_X86_WRMSR index=0x40000fff data=0x0 rip=0x100140 work=1099 disposition=DenyGp
[vmm-core] msr-exit dir=RDMSR exit-reason=KVM_EXIT_X86_RDMSR index=0xc0000200 data=n/a rip=0x100117 work=1100 disposition=DenyGp
[vmm-core] msr-exit dir=WRMSR exit-reason=KVM_EXIT_X86_WRMSR index=0xc0000200 data=0x0 rip=0x100140 work=1100 disposition=DenyGp
[vmm-core] msr-exit dir=RDMSR exit-reason=KVM_EXIT_X86_RDMSR index=0xdeadbeef data=n/a rip=0x100117 work=1101 disposition=DenyGp
[vmm-core] msr-exit dir=WRMSR exit-reason=KVM_EXIT_X86_WRMSR index=0xdeadbeef data=0x0 rip=0x100140 work=1101 disposition=DenyGp
[vmm-core] msr-exit dir=RDMSR exit-reason=KVM_EXIT_X86_RDMSR index=0xffffffff data=n/a rip=0x100117 work=1102 disposition=DenyGp
[vmm-core] msr-exit dir=WRMSR exit-reason=KVM_EXIT_X86_WRMSR index=0xffffffff data=0x0 rip=0x100140 work=1102 disposition=DenyGp
[vmm-core] msr-exit dir=RDMSR exit-reason=KVM_EXIT_X86_RDMSR index=0x0 data=n/a rip=0x100117 work=1092 disposition=DenyGp
[vmm-core] msr-exit dir=WRMSR exit-reason=KVM_EXIT_X86_WRMSR index=0x0 data=0x0 rip=0x100140 work=1092 disposition=DenyGp
[vmm-core] msr-exit dir=RDMSR exit-reason=KVM_EXIT_X86_RDMSR index=0x13 data=n/a rip=0x100117 work=1093 disposition=DenyGp
[vmm-core] msr-exit dir=WRMSR exit-reason=KVM_EXIT_X86_WRMSR index=0x13 data=0x0 rip=0x100140 work=1093 disposition=DenyGp
[vmm-core] msr-exit dir=RDMSR exit-reason=KVM_EXIT_X86_RDMSR index=0x39 data=n/a rip=0x100117 work=1094 disposition=DenyGp
[vmm-core] msr-exit dir=WRMSR exit-reason=KVM_EXIT_X86_WRMSR index=0x39 data=0x0 rip=0x100140 work=1094 disposition=DenyGp
[vmm-core] msr-exit dir=RDMSR exit-reason=KVM_EXIT_X86_RDMSR index=0x150 data=n/a rip=0x100117 work=1095 disposition=DenyGp
[vmm-core] msr-exit dir=WRMSR exit-reason=KVM_EXIT_X86_WRMSR index=0x150 data=0x0 rip=0x100140 work=1095 disposition=DenyGp
[vmm-core] msr-exit dir=RDMSR exit-reason=KVM_EXIT_X86_RDMSR index=0xfff data=n/a rip=0x100117 work=1096 disposition=DenyGp
[vmm-core] msr-exit dir=WRMSR exit-reason=KVM_EXIT_X86_WRMSR index=0xfff data=0x0 rip=0x100140 work=1096 disposition=DenyGp
[vmm-core] msr-exit dir=RDMSR exit-reason=KVM_EXIT_X86_RDMSR index=0x2000 data=n/a rip=0x100117 work=1097 disposition=DenyGp
[vmm-core] msr-exit dir=WRMSR exit-reason=KVM_EXIT_X86_WRMSR index=0x2000 data=0x0 rip=0x100140 work=1097 disposition=DenyGp
[vmm-core] msr-exit dir=RDMSR exit-reason=KVM_EXIT_X86_RDMSR index=0x10000 data=n/a rip=0x100117 work=1098 disposition=DenyGp
[vmm-core] msr-exit dir=WRMSR exit-reason=KVM_EXIT_X86_WRMSR index=0x10000 data=0x0 rip=0x100140 work=1098 disposition=DenyGp
[vmm-core] msr-exit dir=RDMSR exit-reason=KVM_EXIT_X86_RDMSR index=0x40000fff data=n/a rip=0x100117 work=1099 disposition=DenyGp
[vmm-core] msr-exit dir=WRMSR exit-reason=KVM_EXIT_X86_WRMSR index=0x40000fff data=0x0 rip=0x100140 work=1099 disposition=DenyGp
[vmm-core] msr-exit dir=RDMSR exit-reason=KVM_EXIT_X86_RDMSR index=0xc0000200 data=n/a rip=0x100117 work=1100 disposition=DenyGp
[vmm-core] msr-exit dir=WRMSR exit-reason=KVM_EXIT_X86_WRMSR index=0xc0000200 data=0x0 rip=0x100140 work=1100 disposition=DenyGp
[vmm-core] msr-exit dir=RDMSR exit-reason=KVM_EXIT_X86_RDMSR index=0xdeadbeef data=n/a rip=0x100117 work=1101 disposition=DenyGp
[vmm-core] msr-exit dir=WRMSR exit-reason=KVM_EXIT_X86_WRMSR index=0xdeadbeef data=0x0 rip=0x100140 work=1101 disposition=DenyGp
[vmm-core] msr-exit dir=RDMSR exit-reason=KVM_EXIT_X86_RDMSR index=0xffffffff data=n/a rip=0x100117 work=1102 disposition=DenyGp
[vmm-core] msr-exit dir=WRMSR exit-reason=KVM_EXIT_X86_WRMSR index=0xffffffff data=0x0 rip=0x100140 work=1102 disposition=DenyGp
[vmm-core] msr-exit dir=RDMSR exit-reason=KVM_EXIT_X86_RDMSR index=0x0 data=n/a rip=0x100117 work=1092 disposition=DenyGp
[vmm-core] msr-exit dir=WRMSR exit-reason=KVM_EXIT_X86_WRMSR index=0x0 data=0x0 rip=0x100140 work=1092 disposition=DenyGp
[vmm-core] msr-exit dir=RDMSR exit-reason=KVM_EXIT_X86_RDMSR index=0x13 data=n/a rip=0x100117 work=1093 disposition=DenyGp
[vmm-core] msr-exit dir=WRMSR exit-reason=KVM_EXIT_X86_WRMSR index=0x13 data=0x0 rip=0x100140 work=1093 disposition=DenyGp
[vmm-core] msr-exit dir=RDMSR exit-reason=KVM_EXIT_X86_RDMSR index=0x39 data=n/a rip=0x100117 work=1094 disposition=DenyGp
[vmm-core] msr-exit dir=WRMSR exit-reason=KVM_EXIT_X86_WRMSR index=0x39 data=0x0 rip=0x100140 work=1094 disposition=DenyGp
[vmm-core] msr-exit dir=RDMSR exit-reason=KVM_EXIT_X86_RDMSR index=0x150 data=n/a rip=0x100117 work=1095 disposition=DenyGp
[vmm-core] msr-exit dir=WRMSR exit-reason=KVM_EXIT_X86_WRMSR index=0x150 data=0x0 rip=0x100140 work=1095 disposition=DenyGp
[vmm-core] msr-exit dir=RDMSR exit-reason=KVM_EXIT_X86_RDMSR index=0xfff data=n/a rip=0x100117 work=1096 disposition=DenyGp
[vmm-core] msr-exit dir=WRMSR exit-reason=KVM_EXIT_X86_WRMSR index=0xfff data=0x0 rip=0x100140 work=1096 disposition=DenyGp
[vmm-core] msr-exit dir=RDMSR exit-reason=KVM_EXIT_X86_RDMSR index=0x2000 data=n/a rip=0x100117 work=1097 disposition=DenyGp
[vmm-core] msr-exit dir=WRMSR exit-reason=KVM_EXIT_X86_WRMSR index=0x2000 data=0x0 rip=0x100140 work=1097 disposition=DenyGp
[vmm-core] msr-exit dir=RDMSR exit-reason=KVM_EXIT_X86_RDMSR index=0x10000 data=n/a rip=0x100117 work=1098 disposition=DenyGp
[vmm-core] msr-exit dir=WRMSR exit-reason=KVM_EXIT_X86_WRMSR index=0x10000 data=0x0 rip=0x100140 work=1098 disposition=DenyGp
[vmm-core] msr-exit dir=RDMSR exit-reason=KVM_EXIT_X86_RDMSR index=0x40000fff data=n/a rip=0x100117 work=1099 disposition=DenyGp
[vmm-core] msr-exit dir=WRMSR exit-reason=KVM_EXIT_X86_WRMSR index=0x40000fff data=0x0 rip=0x100140 work=1099 disposition=DenyGp
[vmm-core] msr-exit dir=RDMSR exit-reason=KVM_EXIT_X86_RDMSR index=0xc0000200 data=n/a rip=0x100117 work=1100 disposition=DenyGp
[vmm-core] msr-exit dir=WRMSR exit-reason=KVM_EXIT_X86_WRMSR index=0xc0000200 data=0x0 rip=0x100140 work=1100 disposition=DenyGp
[vmm-core] msr-exit dir=RDMSR exit-reason=KVM_EXIT_X86_RDMSR index=0xdeadbeef data=n/a rip=0x100117 work=1101 disposition=DenyGp
[vmm-core] msr-exit dir=WRMSR exit-reason=KVM_EXIT_X86_WRMSR index=0xdeadbeef data=0x0 rip=0x100140 work=1101 disposition=DenyGp
[vmm-core] msr-exit dir=RDMSR exit-reason=KVM_EXIT_X86_RDMSR index=0xffffffff data=n/a rip=0x100117 work=1102 disposition=DenyGp
[vmm-core] msr-exit dir=WRMSR exit-reason=KVM_EXIT_X86_WRMSR index=0xffffffff data=0x0 rip=0x100140 work=1102 disposition=DenyGp
[box-corpus] msr-denied     O1=PASS O2=PASS digest=b29a3e8591e1c03062f3efc905888425eeaa8df455ecb612a2ab499f0b9fbc60 identical; both halted at 1
[box-corpus] insn-hlt       O2-deferred (timer/IRQ payload — needs vmm-core LAPIC/PIT/IRQ modeling, a later phase); not box-gated
[box-corpus] insn-mwait     O2-deferred (timer/IRQ payload — needs vmm-core LAPIC/PIT/IRQ modeling, a later phase); not box-gated
[box-corpus] irq-landing    O2-deferred (timer/IRQ payload — needs vmm-core LAPIC/PIT/IRQ modeling, a later phase); not box-gated
[box-corpus] pit-pic-stub   O2-deferred (timer/IRQ payload — needs vmm-core LAPIC/PIT/IRQ modeling, a later phase); not box-gated
[box-corpus] aggregate sweep 1 = e5c7432a6ebf674d8bf842fab54922939c176d034457a3c552fccb20bf3333dc
[box-corpus] aggregate sweep 2 = e5c7432a6ebf674d8bf842fab54922939c176d034457a3c552fccb20bf3333dc
[box-corpus] PASS: 6 conformance item(s) O1+O2 green, deterministic twice; 4 item(s) O2-deferred (aggregate e5c7432a6ebf674d8bf842fab54922939c176d034457a3c552fccb20bf3333dc)
ok

test result: ok. 1 passed; 0 failed; 0 ignored; 0 measured; 2 filtered out; finished in 287.07s

NESTED_X86_GATE_RC box_corpus rc=0
NESTED_X86_GATE_END box_corpus
--- L1 dmesg tail (kvm/vmx/pmu/perf) ---
[    0.000000] Hypervisor detected: KVM
[    0.000000] kvm-clock: Using msrs 4b564d01 and 4b564d00
[    0.000000] kvm-clock: using sched offset of 161160120 cycles
[    0.000002] clocksource: kvm-clock: mask: 0xffffffffffffffff max_cycles: 0x1cd42e4dffb, max_idle_ns: 881590591483 ns
[    0.010553] kvm-guest: APIC: eoi() replaced with kvm_guest_apic_eoi_write()
[    0.010573] Booting paravirtualized kernel on KVM
[    0.014190] kvm-guest: PV spinlocks disabled, single CPU
[    0.243060] Performance Events: Skylake events, full-width counters, Intel PMU driver.
[    0.482286] clocksource: Switched to clocksource kvm-clock
[    1.308361] kvm: loading out-of-tree module taints kernel.
[    1.308972] kvm: module verification failed: signature and/or required key missing - tainting kernel
NESTED_X86_L1_DONE
[  288.629854] ACPI: PM: Preparing to enter system sleep state S5
[  288.630573] kvm: exiting hardware virtualization
[  288.631108] reboot: Power down
