[    0.000000] Linux version 6.12.90+deb13.1-amd64 (debian-kernel@lists.debian.org) (x86_64-linux-gnu-gcc-14 (Debian 14.2.0-19) 14.2.0, GNU ld (GNU Binutils for Debian) 2.44) #1 SMP PREEMPT_DYNAMIC Debian 6.12.90-2 (2026-05-27)
[    0.000000] Command line: console=ttyS0 rdinit=/init panic=-1 harmony.gates=n2_nested_hammer harmony.env=N2_DEADLINES=85000,N2_SEED=2600002012,N2_PROGRESS=25000
[    0.000000] BIOS-provided physical RAM map:
[    0.000000] BIOS-e820: [mem 0x0000000000000000-0x000000000009fbff] usable
[    0.000000] BIOS-e820: [mem 0x000000000009fc00-0x000000000009ffff] reserved
[    0.000000] BIOS-e820: [mem 0x00000000000f0000-0x00000000000fffff] reserved
[    0.000000] BIOS-e820: [mem 0x0000000000100000-0x000000007ffdefff] usable
[    0.000000] BIOS-e820: [mem 0x000000007ffdf000-0x000000007fffffff] reserved
[    0.000000] BIOS-e820: [mem 0x00000000b0000000-0x00000000bfffffff] reserved
[    0.000000] BIOS-e820: [mem 0x00000000fed1c000-0x00000000fed1ffff] reserved
[    0.000000] BIOS-e820: [mem 0x00000000feffc000-0x00000000feffffff] reserved
[    0.000000] BIOS-e820: [mem 0x00000000fffc0000-0x00000000ffffffff] reserved
[    0.000000] BIOS-e820: [mem 0x0000000100000000-0x000000027fffffff] usable
[    0.000000] NX (Execute Disable) protection: active
[    0.000000] APIC: Static calls initialized
[    0.000000] SMBIOS 2.8 present.
[    0.000000] DMI: QEMU Standard PC (Q35 + ICH9, 2009), BIOS 1.16.3-debian-1.16.3-2 04/01/2014
[    0.000000] DMI: Memory slots populated: 1/1
[    0.000000] Hypervisor detected: KVM
[    0.000000] last_pfn = 0x7ffdf max_arch_pfn = 0x400000000
[    0.000000] kvm-clock: Using msrs 4b564d01 and 4b564d00
[    0.000000] kvm-clock: using sched offset of 163315683 cycles
[    0.000001] clocksource: kvm-clock: mask: 0xffffffffffffffff max_cycles: 0x1cd42e4dffb, max_idle_ns: 881590591483 ns
[    0.000004] tsc: Detected 3599.998 MHz processor
[    0.000776] last_pfn = 0x280000 max_arch_pfn = 0x400000000
[    0.000799] MTRR map: 4 entries (3 fixed + 1 variable; max 19), built from 8 variable MTRRs
[    0.000801] x86/PAT: Configuration [0-7]: WB  WC  UC- UC  WB  WP  UC- WT  
[    0.000832] last_pfn = 0x7ffdf max_arch_pfn = 0x400000000
[    0.006123] found SMP MP-table at [mem 0x000f5480-0x000f548f]
[    0.006136] Using GB pages for direct mapping
[    0.006232] RAMDISK: [mem 0x7b44e000-0x7ffcffff]
[    0.006237] ACPI: Early table checksum verification disabled
[    0.006239] ACPI: RSDP 0x00000000000F52A0 000014 (v00 BOCHS )
[    0.006242] ACPI: RSDT 0x000000007FFE2351 000038 (v01 BOCHS  BXPC     00000001 BXPC 00000001)
[    0.006246] ACPI: FACP 0x000000007FFE2149 0000F4 (v03 BOCHS  BXPC     00000001 BXPC 00000001)
[    0.006249] ACPI: DSDT 0x000000007FFE0040 002109 (v01 BOCHS  BXPC     00000001 BXPC 00000001)
[    0.006252] ACPI: FACS 0x000000007FFE0000 000040
[    0.006254] ACPI: APIC 0x000000007FFE223D 000078 (v03 BOCHS  BXPC     00000001 BXPC 00000001)
[    0.006256] ACPI: HPET 0x000000007FFE22B5 000038 (v01 BOCHS  BXPC     00000001 BXPC 00000001)
[    0.006258] ACPI: MCFG 0x000000007FFE22ED 00003C (v01 BOCHS  BXPC     00000001 BXPC 00000001)
[    0.006260] ACPI: WAET 0x000000007FFE2329 000028 (v01 BOCHS  BXPC     00000001 BXPC 00000001)
[    0.006262] ACPI: Reserving FACP table memory at [mem 0x7ffe2149-0x7ffe223c]
[    0.006263] ACPI: Reserving DSDT table memory at [mem 0x7ffe0040-0x7ffe2148]
[    0.006263] ACPI: Reserving FACS table memory at [mem 0x7ffe0000-0x7ffe003f]
[    0.006264] ACPI: Reserving APIC table memory at [mem 0x7ffe223d-0x7ffe22b4]
[    0.006264] ACPI: Reserving HPET table memory at [mem 0x7ffe22b5-0x7ffe22ec]
[    0.006265] ACPI: Reserving MCFG table memory at [mem 0x7ffe22ed-0x7ffe2328]
[    0.006265] ACPI: Reserving WAET table memory at [mem 0x7ffe2329-0x7ffe2350]
[    0.006591] No NUMA configuration found
[    0.006592] Faking a node at [mem 0x0000000000000000-0x000000027fffffff]
[    0.006597] NODE_DATA(0) allocated [mem 0x27ffd5680-0x27fffffff]
[    0.006865] Zone ranges:
[    0.006866]   DMA      [mem 0x0000000000001000-0x0000000000ffffff]
[    0.006867]   DMA32    [mem 0x0000000001000000-0x00000000ffffffff]
[    0.006868]   Normal   [mem 0x0000000100000000-0x000000027fffffff]
[    0.006869]   Device   empty
[    0.006869] Movable zone start for each node
[    0.006871] Early memory node ranges
[    0.006871]   node   0: [mem 0x0000000000001000-0x000000000009efff]
[    0.006872]   node   0: [mem 0x0000000000100000-0x000000007ffdefff]
[    0.006873]   node   0: [mem 0x0000000100000000-0x000000027fffffff]
[    0.006875] Initmem setup node 0 [mem 0x0000000000001000-0x000000027fffffff]
[    0.007006] On node 0, zone DMA: 1 pages in unavailable ranges
[    0.007018] On node 0, zone DMA: 97 pages in unavailable ranges
[    0.010515] On node 0, zone Normal: 33 pages in unavailable ranges
[    0.010938] ACPI: PM-Timer IO Port: 0x608
[    0.010950] ACPI: LAPIC_NMI (acpi_id[0xff] dfl dfl lint[0x1])
[    0.010975] IOAPIC[0]: apic_id 0, version 17, address 0xfec00000, GSI 0-23
[    0.010977] ACPI: INT_SRC_OVR (bus 0 bus_irq 0 global_irq 2 dfl dfl)
[    0.010978] ACPI: INT_SRC_OVR (bus 0 bus_irq 5 global_irq 5 high level)
[    0.010979] ACPI: INT_SRC_OVR (bus 0 bus_irq 9 global_irq 9 high level)
[    0.010980] ACPI: INT_SRC_OVR (bus 0 bus_irq 10 global_irq 10 high level)
[    0.010981] ACPI: INT_SRC_OVR (bus 0 bus_irq 11 global_irq 11 high level)
[    0.010983] ACPI: Using ACPI (MADT) for SMP configuration information
[    0.010984] ACPI: HPET id: 0x8086a201 base: 0xfed00000
[    0.010988] TSC deadline timer available
[    0.010991] CPU topo: Max. logical packages:   1
[    0.010992] CPU topo: Max. logical dies:       1
[    0.010992] CPU topo: Max. dies per package:   1
[    0.010995] CPU topo: Max. threads per core:   1
[    0.010995] CPU topo: Num. cores per package:     1
[    0.010995] CPU topo: Num. threads per package:   1
[    0.010996] CPU topo: Allowing 1 present CPUs plus 0 hotplug CPUs
[    0.011010] kvm-guest: APIC: eoi() replaced with kvm_guest_apic_eoi_write()
[    0.011027] PM: hibernation: Registered nosave memory: [mem 0x00000000-0x00000fff]
[    0.011028] PM: hibernation: Registered nosave memory: [mem 0x0009f000-0x000fffff]
[    0.011029] PM: hibernation: Registered nosave memory: [mem 0x7ffdf000-0xffffffff]
[    0.011031] [mem 0xc0000000-0xfed1bfff] available for PCI devices
[    0.011031] Booting paravirtualized kernel on KVM
[    0.011033] clocksource: refined-jiffies: mask: 0xffffffff max_cycles: 0xffffffff, max_idle_ns: 7645519600211568 ns
[    0.014582] setup_percpu: NR_CPUS:8192 nr_cpumask_bits:1 nr_cpu_ids:1 nr_node_ids:1
[    0.014808] percpu: Embedded 66 pages/cpu s233472 r8192 d28672 u2097152
[    0.014836] kvm-guest: PV spinlocks disabled, single CPU
[    0.014837] Kernel command line: console=ttyS0 rdinit=/init panic=-1 harmony.gates=n2_nested_hammer harmony.env=N2_DEADLINES=85000,N2_SEED=2600002012,N2_PROGRESS=25000
[    0.014893] random: crng init done
[    0.015734] Dentry cache hash table entries: 1048576 (order: 11, 8388608 bytes, linear)
[    0.016127] Inode-cache hash table entries: 524288 (order: 10, 4194304 bytes, linear)
[    0.016161] Fallback order for Node 0: 0 
[    0.016163] Built 1 zonelists, mobility grouping on.  Total pages: 2097021
[    0.016164] Policy zone: Normal
[    0.016170] mem auto-init: stack:all(zero), heap alloc:on, heap free:off
[    0.016174] software IO TLB: area num 1.
[    0.032265] SLUB: HWalign=64, Order=0-3, MinObjects=0, CPUs=1, Nodes=1
[    0.032286] ftrace: allocating 45769 entries in 179 pages
[    0.037650] ftrace: allocated 179 pages with 5 groups
[    0.038145] Dynamic Preempt: voluntary
[    0.038299] rcu: Preemptible hierarchical RCU implementation.
[    0.038300] rcu: 	RCU restricting CPUs from NR_CPUS=8192 to nr_cpu_ids=1.
[    0.038300] 	Trampoline variant of Tasks RCU enabled.
[    0.038301] 	Rude variant of Tasks RCU enabled.
[    0.038301] 	Tracing variant of Tasks RCU enabled.
[    0.038301] rcu: RCU calculated value of scheduler-enlistment delay is 25 jiffies.
[    0.038302] rcu: Adjusting geometry for rcu_fanout_leaf=16, nr_cpu_ids=1
[    0.038306] RCU Tasks: Setting shift to 0 and lim to 1 rcu_task_cb_adjust=1 rcu_task_cpu_ids=1.
[    0.038308] RCU Tasks Rude: Setting shift to 0 and lim to 1 rcu_task_cb_adjust=1 rcu_task_cpu_ids=1.
[    0.038308] RCU Tasks Trace: Setting shift to 0 and lim to 1 rcu_task_cb_adjust=1 rcu_task_cpu_ids=1.
[    0.041658] NR_IRQS: 524544, nr_irqs: 256, preallocated irqs: 16
[    0.041837] rcu: srcu_init: Setting srcu_struct sizes based on contention.
[    0.054174] Console: colour VGA+ 80x25
[    0.054224] printk: legacy console [ttyS0] enabled
[    0.178187] ACPI: Core revision 20240827
[    0.178968] clocksource: hpet: mask: 0xffffffff max_cycles: 0xffffffff, max_idle_ns: 19112604467 ns
[    0.180641] APIC: Switch to symmetric I/O mode setup
[    0.181661] x2apic enabled
[    0.182271] APIC: Switched APIC routing to: physical x2apic
[    0.183861] ..TIMER: vector=0x30 apic1=0 pin1=2 apic2=-1 pin2=-1
[    0.184908] clocksource: tsc-early: mask: 0xffffffffffffffff max_cycles: 0x33e451ab1a6, max_idle_ns: 440795278720 ns
[    0.186603] Calibrating delay loop (skipped) preset value.. 7199.99 BogoMIPS (lpj=14399992)
[    0.188068] x86/cpu: User Mode Instruction Prevention (UMIP) activated
[    0.190667] Last level iTLB entries: 4KB 0, 2MB 0, 4MB 0
[    0.191495] Last level dTLB entries: 4KB 0, 2MB 0, 4MB 0, 1GB 0
[    0.192421] Spectre V1 : Mitigation: usercopy/swapgs barriers and __user pointer sanitization
[    0.193786] Spectre V2 : Spectre BHI mitigation: SW BHB clearing on syscall and VM exit
[    0.194600] Spectre V2 : Mitigation: IBRS
[    0.195231] Spectre V2 : Spectre v2 / SpectreRSB: Filling RSB on context switch and VMEXIT
[    0.196537] RETBleed: Mitigation: IBRS
[    0.197174] Spectre V2 : mitigation: Enabling conditional Indirect Branch Prediction Barrier
[    0.198601] Speculative Store Bypass: Mitigation: Speculative Store Bypass disabled via prctl
[    0.199919] MDS: Mitigation: Clear CPU buffers
[    0.200617] MMIO Stale Data: Mitigation: Clear CPU buffers
[    0.201507] SRBDS: Unknown: Dependent on hypervisor status
[    0.202600] active return thunk: its_return_thunk
[    0.203335] ITS: Mitigation: Aligned branch/return thunks
[    0.204186] x86/fpu: Supporting XSAVE feature 0x001: 'x87 floating point registers'
[    0.205426] x86/fpu: Supporting XSAVE feature 0x002: 'SSE registers'
[    0.206600] x86/fpu: Supporting XSAVE feature 0x004: 'AVX registers'
[    0.207582] x86/fpu: Supporting XSAVE feature 0x008: 'MPX bounds registers'
[    0.208661] x86/fpu: Supporting XSAVE feature 0x010: 'MPX CSR'
[    0.209629] x86/fpu: xstate_offset[2]:  576, xstate_sizes[2]:  256
[    0.210600] x86/fpu: xstate_offset[3]:  832, xstate_sizes[3]:   64
[    0.211554] x86/fpu: xstate_offset[4]:  896, xstate_sizes[4]:   64
[    0.212517] x86/fpu: Enabled xstate features 0x1f, context size is 960 bytes, using 'compacted' format.
[    0.246740] Freeing SMP alternatives memory: 40K
[    0.247490] pid_max: default: 32768 minimum: 301
[    0.248248] LSM: initializing lsm=lockdown,capability,landlock,yama,apparmor,tomoyo,bpf,ipe,ima,evm
[    0.249748] landlock: Up and running.
[    0.250325] Yama: disabled by default; enable with sysctl kernel.yama.*
[    0.250676] AppArmor: AppArmor initialized
[    0.251337] TOMOYO Linux initialized
[    0.252040] LSM support for eBPF active
[    0.252710] Mount-cache hash table entries: 16384 (order: 5, 131072 bytes, linear)
[    0.254604] Mountpoint-cache hash table entries: 16384 (order: 5, 131072 bytes, linear)
[    0.256069] smpboot: CPU0: Intel(R) Core(TM) i9-9900K CPU @ 3.60GHz (family: 0x6, model: 0x9e, stepping: 0xc)
[    0.257800] Performance Events: Skylake events, full-width counters, Intel PMU driver.
[    0.258596] ... version:                2
[    0.258596] ... bit width:              48
[    0.258600] ... generic registers:      4
[    0.259225] ... value mask:             0000ffffffffffff
[    0.260098] ... max period:             00007fffffffffff
[    0.260932] ... fixed-purpose events:   3
[    0.261563] ... event mask:             000000070000000f
[    0.262457] signal: max sigframe size: 2032
[    0.262630] rcu: Hierarchical SRCU implementation.
[    0.263411] rcu: 	Max phase no-delay instances is 1000.
[    0.267032] smp: Bringing up secondary CPUs ...
[    0.267803] smp: Brought up 1 node, 1 CPU
[    0.268444] smpboot: Total of 1 processors activated (7199.99 BogoMIPS)
[    0.282776] node 0 deferred pages initialised in 16ms
[    0.283660] Memory: 8051072K/8388084K available (16384K kernel code, 2497K rwdata, 11808K rodata, 4164K init, 4916K bss, 333208K reserved, 0K cma-reserved)
[    0.286121] devtmpfs: initialized
[    0.286630] x86/mm: Memory block size: 128MB
[    0.287946] clocksource: jiffies: mask: 0xffffffff max_cycles: 0xffffffff, max_idle_ns: 7645041785100000 ns
[    0.289476] futex hash table entries: 256 (order: 2, 16384 bytes, linear)
[    0.290573] pinctrl core: initialized pinctrl subsystem
[    0.290998] NET: Registered PF_NETLINK/PF_ROUTE protocol family
[    0.292047] DMA: preallocated 1024 KiB GFP_KERNEL pool for atomic allocations
[    0.293202] DMA: preallocated 1024 KiB GFP_KERNEL|GFP_DMA pool for atomic allocations
[    0.294769] DMA: preallocated 1024 KiB GFP_KERNEL|GFP_DMA32 pool for atomic allocations
[    0.296049] audit: initializing netlink subsys (disabled)
[    0.296935] audit: type=2000 audit(1784173993.261:1): state=initialized audit_enabled=0 res=1
[    0.298396] thermal_sys: Registered thermal governor 'fair_share'
[    0.298398] thermal_sys: Registered thermal governor 'bang_bang'
[    0.298604] thermal_sys: Registered thermal governor 'step_wise'
[    0.299541] thermal_sys: Registered thermal governor 'user_space'
[    0.300474] thermal_sys: Registered thermal governor 'power_allocator'
[    0.301491] cpuidle: using governor ladder
[    0.302607] cpuidle: using governor menu
[    0.303276] acpiphp: ACPI Hot Plug PCI Controller Driver version: 0.5
[    0.304407] PCI: ECAM [mem 0xb0000000-0xbfffffff] (base 0xb0000000) for domain 0000 [bus 00-ff]
[    0.305817] PCI: ECAM [mem 0xb0000000-0xbfffffff] reserved as E820 entry
[    0.306615] PCI: Using configuration type 1 for base access
[    0.307600] kprobes: kprobe jump-optimization is enabled. All kprobes are optimized if possible.
[    0.330667] HugeTLB: registered 1.00 GiB page size, pre-allocated 0 pages
[    0.331747] HugeTLB: 16380 KiB vmemmap can be freed for a 1.00 GiB page
[    0.332836] HugeTLB: registered 2.00 MiB page size, pre-allocated 0 pages
[    0.333967] HugeTLB: 28 KiB vmemmap can be freed for a 2.00 MiB page
[    0.338919] ACPI: Added _OSI(Module Device)
[    0.339586] ACPI: Added _OSI(Processor Device)
[    0.340335] ACPI: Added _OSI(Processor Aggregator Device)
[    0.341907] ACPI: 1 ACPI AML tables successfully acquired and loaded
[    0.343384] ACPI: Interpreter enabled
[    0.344026] ACPI: PM: (supports S0 S3 S4 S5)
[    0.344744] ACPI: Using IOAPIC for interrupt routing
[    0.345541] PCI: Using host bridge windows from ACPI; if necessary, use "pci=nocrs" and report a bug
[    0.346600] PCI: Using E820 reservations for host bridge windows
[    0.347673] ACPI: Enabled 2 GPEs in block 00 to 3F
[    0.349989] ACPI: PCI Root Bridge [PCI0] (domain 0000 [bus 00-ff])
[    0.350602] acpi PNP0A08:00: _OSC: OS supports [ExtendedConfig ASPM ClockPM Segments MSI HPX-Type3]
[    0.352117] acpi PNP0A08:00: _OSC: platform does not support [PCIeHotplug LTR]
[    0.353282] acpi PNP0A08:00: _OSC: OS now controls [SHPCHotplug PME AER PCIeCapability]
[    0.354649] PCI host bridge to bus 0000:00
[    0.355352] pci_bus 0000:00: root bus resource [io  0x0000-0x0cf7 window]
[    0.356417] pci_bus 0000:00: root bus resource [io  0x0d00-0xffff window]
[    0.357474] pci_bus 0000:00: root bus resource [mem 0x000a0000-0x000bffff window]
[    0.358599] pci_bus 0000:00: root bus resource [mem 0x80000000-0xafffffff window]
[    0.360031] pci_bus 0000:00: root bus resource [mem 0xc0000000-0xfebfffff window]
[    0.361191] pci_bus 0000:00: root bus resource [mem 0x280000000-0xa7fffffff window]
[    0.362379] pci_bus 0000:00: root bus resource [bus 00-ff]
[    0.362656] pci 0000:00:00.0: [8086:29c0] type 00 class 0x060000 conventional PCI endpoint
[    0.364473] pci 0000:00:01.0: [1234:1111] type 00 class 0x030000 conventional PCI endpoint
[    0.367177] pci 0000:00:01.0: BAR 0 [mem 0xfd000000-0xfdffffff pref]
[    0.370301] pci 0000:00:01.0: BAR 2 [mem 0xfebd4000-0xfebd4fff]
[    0.374177] pci 0000:00:01.0: ROM [mem 0xfebc0000-0xfebcffff pref]
[    0.374727] pci 0000:00:01.0: Video device with shadowed ROM at [mem 0x000c0000-0x000dffff]
[    0.376500] pci 0000:00:02.0: [8086:10d3] type 00 class 0x020000 PCIe Root Complex Integrated Endpoint
[    0.379078] pci 0000:00:02.0: BAR 0 [mem 0xfeb80000-0xfeb9ffff]
[    0.381144] pci 0000:00:02.0: BAR 1 [mem 0xfeba0000-0xfebbffff]
[    0.382860] pci 0000:00:02.0: BAR 2 [io  0xc040-0xc05f]
[    0.384191] pci 0000:00:02.0: BAR 3 [mem 0xfebd0000-0xfebd3fff]
[    0.387102] pci 0000:00:02.0: ROM [mem 0xfeb40000-0xfeb7ffff pref]
[    0.388183] pci 0000:00:02.0: enabling Extended Tags
[    0.390148] pci 0000:00:1f.0: [8086:2918] type 00 class 0x060100 conventional PCI endpoint
[    0.391150] pci 0000:00:1f.0: quirk: [io  0x0600-0x067f] claimed by ICH6 ACPI/GPIO/TCO
[    0.392751] pci 0000:00:1f.2: [8086:2922] type 00 class 0x010601 conventional PCI endpoint
[    0.395701] pci 0000:00:1f.2: BAR 4 [io  0xc060-0xc07f]
[    0.396859] pci 0000:00:1f.2: BAR 5 [mem 0xfebd5000-0xfebd5fff]
[    0.398610] pci 0000:00:1f.3: [8086:2930] type 00 class 0x0c0500 conventional PCI endpoint
[    0.401513] pci 0000:00:1f.3: BAR 4 [io  0x0700-0x073f]
[    0.404203] ACPI: PCI: Interrupt link LNKA configured for IRQ 10
[    0.405216] ACPI: PCI: Interrupt link LNKB configured for IRQ 10
[    0.406289] ACPI: PCI: Interrupt link LNKC configured for IRQ 11
[    0.406675] ACPI: PCI: Interrupt link LNKD configured for IRQ 11
[    0.407682] ACPI: PCI: Interrupt link LNKE configured for IRQ 10
[    0.408690] ACPI: PCI: Interrupt link LNKF configured for IRQ 10
[    0.409763] ACPI: PCI: Interrupt link LNKG configured for IRQ 11
[    0.410676] ACPI: PCI: Interrupt link LNKH configured for IRQ 11
[    0.411744] ACPI: PCI: Interrupt link GSIA configured for IRQ 16
[    0.412942] ACPI: PCI: Interrupt link GSIB configured for IRQ 17
[    0.414076] ACPI: PCI: Interrupt link GSIC configured for IRQ 18
[    0.414614] ACPI: PCI: Interrupt link GSID configured for IRQ 19
[    0.415551] ACPI: PCI: Interrupt link GSIE configured for IRQ 20
[    0.416600] ACPI: PCI: Interrupt link GSIF configured for IRQ 21
[    0.417556] ACPI: PCI: Interrupt link GSIG configured for IRQ 22
[    0.418496] ACPI: PCI: Interrupt link GSIH configured for IRQ 23
[    0.419052] iommu: Default domain type: Translated
[    0.419804] iommu: DMA domain TLB invalidation policy: lazy mode
[    0.420912] pps_core: LinuxPPS API ver. 1 registered
[    0.421686] pps_core: Software ver. 5.3.6 - Copyright 2005-2007 Rodolfo Giometti <giometti@linux.it>
[    0.422602] PTP clock support registered
[    0.423228] EDAC MC: Ver: 3.0.0
[    0.424192] NetLabel: Initializing
[    0.424730] NetLabel:  domain hash size = 128
[    0.425407] NetLabel:  protocols = UNLABELED CIPSOv4 CALIPSO
[    0.426302] NetLabel:  unlabeled traffic allowed by default
[    0.426599] PCI: Using ACPI for IRQ routing
[    0.497808] pci 0000:00:01.0: vgaarb: setting as boot VGA device
[    0.498596] pci 0000:00:01.0: vgaarb: bridge control possible
[    0.498596] pci 0000:00:01.0: vgaarb: VGA device added: decodes=io+mem,owns=io+mem,locks=none
[    0.498602] vgaarb: loaded
[    0.499079] hpet0: at MMIO 0xfed00000, IRQs 2, 8, 0
[    0.499893] hpet0: 3 comparators, 64-bit 100.000000 MHz counter
[    0.503664] clocksource: Switched to clocksource kvm-clock
[    0.505123] VFS: Disk quotas dquot_6.6.0
[    0.505748] VFS: Dquot-cache hash table entries: 512 (order 0, 4096 bytes)
[    0.506596] AppArmor: AppArmor Filesystem Enabled
[    0.506718] pnp: PnP ACPI init
[    0.507365] system 00:05: [mem 0xb0000000-0xbfffffff window] has been reserved
[    0.508703] pnp: PnP ACPI: found 6 devices
[    0.514834] clocksource: acpi_pm: mask: 0xffffff max_cycles: 0xffffff, max_idle_ns: 2085701024 ns
[    0.516280] NET: Registered PF_INET protocol family
[    0.517236] IP idents hash table entries: 131072 (order: 8, 1048576 bytes, linear)
[    0.527545] tcp_listen_portaddr_hash hash table entries: 4096 (order: 4, 65536 bytes, linear)
[    0.528883] Table-perturb hash table entries: 65536 (order: 6, 262144 bytes, linear)
[    0.530131] TCP established hash table entries: 65536 (order: 7, 524288 bytes, linear)
[    0.531580] TCP bind hash table entries: 65536 (order: 9, 2097152 bytes, linear)
[    0.532870] TCP: Hash tables configured (established 65536 bind 65536)
[    0.533958] MPTCP token hash table entries: 8192 (order: 6, 196608 bytes, linear)
[    0.535151] UDP hash table entries: 4096 (order: 5, 131072 bytes, linear)
[    0.536212] UDP-Lite hash table entries: 4096 (order: 5, 131072 bytes, linear)
[    0.537378] NET: Registered PF_UNIX/PF_LOCAL protocol family
[    0.538308] NET: Registered PF_XDP protocol family
[    0.539086] pci_bus 0000:00: resource 4 [io  0x0000-0x0cf7 window]
[    0.540043] pci_bus 0000:00: resource 5 [io  0x0d00-0xffff window]
[    0.541008] pci_bus 0000:00: resource 6 [mem 0x000a0000-0x000bffff window]
[    0.542142] pci_bus 0000:00: resource 7 [mem 0x80000000-0xafffffff window]
[    0.543225] pci_bus 0000:00: resource 8 [mem 0xc0000000-0xfebfffff window]
[    0.544293] pci_bus 0000:00: resource 9 [mem 0x280000000-0xa7fffffff window]
[    0.545475] PCI: CLS 0 bytes, default 64
[    0.546228] Trying to unpack rootfs image as initramfs...
[    0.548800] PCI-DMA: Using software bounce buffering for IO (SWIOTLB)
[    0.549807] software IO TLB: mapped [mem 0x000000007744e000-0x000000007b44e000] (64MB)
[    0.551133] clocksource: tsc: mask: 0xffffffffffffffff max_cycles: 0x33e451ab1a6, max_idle_ns: 440795278720 ns
[    0.557043] Initialise system trusted keyrings
[    0.557756] Key type blacklist registered
[    0.560844] workingset: timestamp_bits=36 max_order=21 bucket_order=0
[    0.561877] zbud: loaded
[    0.564864] fuse: init (API version 7.41)
[    0.565596] integrity: Platform Keyring initialized
[    0.566404] integrity: Machine keyring initialized
[    0.588775] Key type asymmetric registered
[    0.589418] Asymmetric key parser 'x509' registered
[    0.944254] Freeing initrd memory: 77320K
[    0.946041] Block layer SCSI generic (bsg) driver version 0.4 loaded (major 246)
[    0.947585] io scheduler mq-deadline registered
[    0.949627] ledtrig-cpu: registered to indicate activity on CPUs
[    0.950990] shpchp: Standard Hot Plug PCI Controller Driver version: 0.4
[    0.952561] Serial: 8250/16550 driver, 4 ports, IRQ sharing enabled
[    0.954384] 00:03: ttyS0 at I/O 0x3f8 (irq = 4, base_baud = 115200) is a 16550A
[    0.956387] Linux agpgart interface v0.103
[    0.957471] i8042: PNP: PS/2 Controller [PNP0303:KBD,PNP0f13:MOU] at 0x60,0x64 irq 1,12
[    0.959929] serio: i8042 KBD port at 0x60,0x64 irq 1
[    0.960915] serio: i8042 AUX port at 0x60,0x64 irq 12
[    0.962067] mousedev: PS/2 mouse device common for all mice
[    0.963509] input: AT Translated Set 2 keyboard as /devices/platform/i8042/serio0/input/input0
[    0.965514] rtc_cmos 00:04: RTC can wake from S4
[    0.967132] rtc_cmos 00:04: registered as rtc0
[    0.968130] rtc_cmos 00:04: setting system clock to 2026-07-16T03:53:13 UTC (1784173993)
[    0.969782] rtc_cmos 00:04: alarms up to one day, y3k, 242 bytes nvram, hpet irqs
[    0.971329] intel_pstate: CPU model not supported
[    0.972976] NET: Registered PF_INET6 protocol family
[    0.974998] Segment Routing with IPv6
[    0.975741] In-situ OAM (IOAM) with IPv6
[    0.976543] mip6: Mobile IPv6
[    0.977227] NET: Registered PF_PACKET protocol family
[    0.978333] mpls_gso: MPLS GSO support
[    0.979242] IPI shorthand broadcast: enabled
[    0.981958] sched_clock: Marking stable (840007060, 140754487)->(998428230, -17666683)
[    0.983739] registered taskstats version 1
[    0.984694] Loading compiled-in X.509 certificates
[    1.006310] Loaded X.509 cert 'Build time autogenerated kernel key: e87b99600394fc77ba6018a2cc6a68db4bb86ee6'
[    1.010175] Demotion targets for Node 0: null
[    1.011132] Key type .fscrypt registered
[    1.011918] Key type fscrypt-provisioning registered
[    1.013686] Key type encrypted registered
[    1.014533] AppArmor: AppArmor sha256 policy hashing enabled
[    1.015691] ima: No TPM chip found, activating TPM-bypass!
[    1.016794] ima: Allocated hash algorithm: sha256
[    1.017748] ima: No architecture policies found
[    1.018707] evm: Initialising EVM extended attributes:
[    1.019753] evm: security.selinux
[    1.020419] evm: security.SMACK64 (disabled)
[    1.021294] evm: security.SMACK64EXEC (disabled)
[    1.022293] evm: security.SMACK64TRANSMUTE (disabled)
[    1.023335] evm: security.SMACK64MMAP (disabled)
[    1.024250] evm: security.apparmor
[    1.024949] evm: security.ima
[    1.025547] evm: security.capability
[    1.026308] evm: HMAC attrs: 0x1
[    1.062250] RAS: Correctable Errors collector initialized.
[    1.077894] clk: Disabling unused clocks
[    1.078728] PM: genpd: Disabling unused power domains
[    1.089076] Freeing unused decrypted memory: 2028K
[    1.090180] Freeing unused kernel image (initmem) memory: 4164K
[    1.091077] Write protecting the kernel read-only data: 28672k
[    1.092179] Freeing unused kernel image (rodata/data gap) memory: 480K
[    1.138321] x86/mm: Checked W+X mappings: passed, no W+X pages found.
[    1.172771] Run /init as init process
NESTED_X86_L1_BOOT_OK
Linux (none) 6.12.90+deb13.1-amd64 #1 SMP PREEMPT_DYNAMIC Debian 6.12.90-2 (2026-05-27) x86_64 GNU/Linux
              total        used        free      shared  buff/cache   available
Mem:           7948          54        7750         143         144        7613
console=ttyS0 rdinit=/init panic=-1 harmony.gates=n2_nested_hammer harmony.env=N2_DEADLINES=85000,N2_SEED=2600002012,N2_PROGRESS=25000
msr: loaded
irqbypass: loaded
[    1.223824] kvm: loading out-of-tree module taints kernel.
[    1.224699] kvm: module verification failed: signature and/or required key missing - tainting kernel
kvm(PATCHED): loaded
kvm-intel(PATCHED): loaded
L1_DEV_KVM_PRESENT
NESTED_X86_L2_PIN_CHECK_BEGIN
f06a34a79010a8f2cc8226dc629cc8fb049740016f035f53e3f2e53d9a30dd41  guest/build/bzImage
3c4a7f2f0db4b59aaf4dee55d43a42c57fc0d10ac25441de88128c61be0778c2  guest/build/initramfs-postgres.cpio.gz
NESTED_X86_L2_PIN_CHECK_END
ENV N2_DEADLINES=85000
ENV N2_SEED=2600002012
ENV N2_PROGRESS=25000
NESTED_X86_GATE_BEGIN n2_nested_hammer 

running 1 test
test n2_deadline_hammer ... N2JSON {"event":"start","total":85000,"seed":2600002012,"backend":"PatchedKvmBackend","pid":148}
[    2.400335] perf: interrupt took too long (2537 > 2500), lowering kernel.perf_event_max_sample_rate to 78750
[    2.618686] perf: interrupt took too long (3192 > 3171), lowering kernel.perf_event_max_sample_rate to 62500
[    2.919019] perf: interrupt took too long (4171 > 3990), lowering kernel.perf_event_max_sample_rate to 47750
[    3.463792] perf: interrupt took too long (5217 > 5213), lowering kernel.perf_event_max_sample_rate to 38250
[    4.162921] perf: interrupt took too long (6544 > 6521), lowering kernel.perf_event_max_sample_rate to 30500
[    5.632705] perf: interrupt took too long (8197 > 8180), lowering kernel.perf_event_max_sample_rate to 24250
[    9.287903] perf: interrupt took too long (10264 > 10246), lowering kernel.perf_event_max_sample_rate to 19250
[  178.002533] perf: interrupt took too long (12871 > 12830), lowering kernel.perf_event_max_sample_rate to 15500
N2JSON {"event":"progress","deadlines":25000,"armed_pmi":13873,"mtf_only":11127,"exact":25000,"oracle_ok":25000,"mismatches":0,"record_violations":0,"records":{"samples":13873,"lost":0,"throttle":0,"other":0}}
N2JSON {"event":"progress","deadlines":50000,"armed_pmi":27740,"mtf_only":22260,"exact":50000,"oracle_ok":50000,"mismatches":0,"record_violations":0,"records":{"samples":27740,"lost":0,"throttle":0,"other":0}}
[  891.224488] INFO: NMI handler (perf_event_nmi_handler) took too long to run: 1.176 msecs
[  891.224508] perf: interrupt took too long (20004 > 16088), lowering kernel.perf_event_max_sample_rate to 9750
N2JSON {"event":"progress","deadlines":75000,"armed_pmi":41591,"mtf_only":33409,"exact":75000,"oracle_ok":75000,"mismatches":0,"record_violations":0,"records":{"samples":41591,"lost":0,"throttle":0,"other":0}}
N2JSON {"event":"summary","deadlines":85000,"armed_pmi":47178,"mtf_only":37822,"exact":85000,"oracle_ok":85000,"mismatches":0,"record_violations":0,"final_work":1485285418,"records":{"samples":47178,"lost":0,"throttle":0,"other":0}}
ok

test result: ok. 1 passed; 0 failed; 0 ignored; 0 measured; 1 filtered out; finished in 1159.76s

NESTED_X86_GATE_RC n2_nested_hammer rc=0
NESTED_X86_GATE_END n2_nested_hammer
--- L1 dmesg tail (kvm/vmx/pmu/perf) ---
[    0.000000] Hypervisor detected: KVM
[    0.000000] kvm-clock: Using msrs 4b564d01 and 4b564d00
[    0.000000] kvm-clock: using sched offset of 163315683 cycles
[    0.000001] clocksource: kvm-clock: mask: 0xffffffffffffffff max_cycles: 0x1cd42e4dffb, max_idle_ns: 881590591483 ns
[    0.011010] kvm-guest: APIC: eoi() replaced with kvm_guest_apic_eoi_write()
[    0.011031] Booting paravirtualized kernel on KVM
[    0.014836] kvm-guest: PV spinlocks disabled, single CPU
[    0.257800] Performance Events: Skylake events, full-width counters, Intel PMU driver.
[    0.503664] clocksource: Switched to clocksource kvm-clock
[    1.223824] kvm: loading out-of-tree module taints kernel.
[    1.224699] kvm: module verification failed: signature and/or required key missing - tainting kernel
[    2.400335] perf: interrupt took too long (2537 > 2500), lowering kernel.perf_event_max_sample_rate to 78750
[    2.618686] perf: interrupt took too long (3192 > 3171), lowering kernel.perf_event_max_sample_rate to 62500
[    2.919019] perf: interrupt took too long (4171 > 3990), lowering kernel.perf_event_max_sample_rate to 47750
[    3.463792] perf: interrupt took too long (5217 > 5213), lowering kernel.perf_event_max_sample_rate to 38250
[    4.162921] perf: interrupt took too long (6544 > 6521), lowering kernel.perf_event_max_sample_rate to 30500
[    5.632705] perf: interrupt took too long (8197 > 8180), lowering kernel.perf_event_max_sample_rate to 24250
[    9.287903] perf: interrupt took too long (10264 > 10246), lowering kernel.perf_event_max_sample_rate to 19250
[  178.002533] perf: interrupt took too long (12871 > 12830), lowering kernel.perf_event_max_sample_rate to 15500
[  891.224488] INFO: NMI handler (perf_event_nmi_handler) took too long to run: 1.176 msecs
[  891.224508] perf: interrupt took too long (20004 > 16088), lowering kernel.perf_event_max_sample_rate to 9750
NESTED_X86_GATES_FAILED 0
NESTED_X86_L1_DONE
[ 1161.345321] ACPI: PM: Preparing to enter system sleep state S5
[ 1161.346112] kvm: exiting hardware virtualization
[ 1161.346761] reboot: Power down
