[    0.000000] Linux version 6.12.90+deb13.1-amd64 (debian-kernel@lists.debian.org) (x86_64-linux-gnu-gcc-14 (Debian 14.2.0-19) 14.2.0, GNU ld (GNU Binutils for Debian) 2.44) #1 SMP PREEMPT_DYNAMIC Debian 6.12.90-2 (2026-05-27)
[    0.000000] Command line: console=ttyS0 rdinit=/init panic=-1 harmony.gates=n2_nested_hammer,box_corpus harmony.env=N2_DEADLINES=2000,N2_PROGRESS=500
[    0.000000] BIOS-provided physical RAM map:
[    0.000000] BIOS-e820: [mem 0x0000000000000000-0x000000000009fbff] usable
[    0.000000] BIOS-e820: [mem 0x000000000009fc00-0x000000000009ffff] reserved
[    0.000000] BIOS-e820: [mem 0x00000000000f0000-0x00000000000fffff] reserved
[    0.000000] BIOS-e820: [mem 0x0000000000100000-0x000000007ffdefff] usable
[    0.000000] BIOS-e820: [mem 0x000000007ffdf000-0x000000007fffffff] reserved
[    0.000000] BIOS-e820: [mem 0x00000000b0000000-0x00000000bfffffff] reserved
[    0.000000] BIOS-e820: [mem 0x00000000fed1c000-0x00000000fed1ffff] reserved
[    0.000000] BIOS-e820: [mem 0x00000000feffc000-0x00000000feffffff] reserved
[    0.000000] BIOS-e820: [mem 0x00000000fffc0000-0x00000000ffffffff] reserved
[    0.000000] BIOS-e820: [mem 0x0000000100000000-0x000000027fffffff] usable
[    0.000000] NX (Execute Disable) protection: active
[    0.000000] APIC: Static calls initialized
[    0.000000] SMBIOS 2.8 present.
[    0.000000] DMI: QEMU Standard PC (Q35 + ICH9, 2009), BIOS 1.16.3-debian-1.16.3-2 04/01/2014
[    0.000000] DMI: Memory slots populated: 1/1
[    0.000000] Hypervisor detected: KVM
[    0.000000] last_pfn = 0x7ffdf max_arch_pfn = 0x400000000
[    0.000000] kvm-clock: Using msrs 4b564d01 and 4b564d00
[    0.000000] kvm-clock: using sched offset of 160942229 cycles
[    0.000001] clocksource: kvm-clock: mask: 0xffffffffffffffff max_cycles: 0x1cd42e4dffb, max_idle_ns: 881590591483 ns
[    0.000003] tsc: Detected 3599.998 MHz processor
[    0.000739] last_pfn = 0x280000 max_arch_pfn = 0x400000000
[    0.000760] MTRR map: 4 entries (3 fixed + 1 variable; max 19), built from 8 variable MTRRs
[    0.000762] x86/PAT: Configuration [0-7]: WB  WC  UC- UC  WB  WP  UC- WT  
[    0.000791] last_pfn = 0x7ffdf max_arch_pfn = 0x400000000
[    0.005839] found SMP MP-table at [mem 0x000f5480-0x000f548f]
[    0.005849] Using GB pages for direct mapping
[    0.006071] RAMDISK: [mem 0x7a392000-0x7ffcffff]
[    0.006076] ACPI: Early table checksum verification disabled
[    0.006077] ACPI: RSDP 0x00000000000F52A0 000014 (v00 BOCHS )
[    0.006080] ACPI: RSDT 0x000000007FFE2351 000038 (v01 BOCHS  BXPC     00000001 BXPC 00000001)
[    0.006084] ACPI: FACP 0x000000007FFE2149 0000F4 (v03 BOCHS  BXPC     00000001 BXPC 00000001)
[    0.006088] ACPI: DSDT 0x000000007FFE0040 002109 (v01 BOCHS  BXPC     00000001 BXPC 00000001)
[    0.006090] ACPI: FACS 0x000000007FFE0000 000040
[    0.006092] ACPI: APIC 0x000000007FFE223D 000078 (v03 BOCHS  BXPC     00000001 BXPC 00000001)
[    0.006094] ACPI: HPET 0x000000007FFE22B5 000038 (v01 BOCHS  BXPC     00000001 BXPC 00000001)
[    0.006096] ACPI: MCFG 0x000000007FFE22ED 00003C (v01 BOCHS  BXPC     00000001 BXPC 00000001)
[    0.006098] ACPI: WAET 0x000000007FFE2329 000028 (v01 BOCHS  BXPC     00000001 BXPC 00000001)
[    0.006100] ACPI: Reserving FACP table memory at [mem 0x7ffe2149-0x7ffe223c]
[    0.006100] ACPI: Reserving DSDT table memory at [mem 0x7ffe0040-0x7ffe2148]
[    0.006101] ACPI: Reserving FACS table memory at [mem 0x7ffe0000-0x7ffe003f]
[    0.006101] ACPI: Reserving APIC table memory at [mem 0x7ffe223d-0x7ffe22b4]
[    0.006102] ACPI: Reserving HPET table memory at [mem 0x7ffe22b5-0x7ffe22ec]
[    0.006102] ACPI: Reserving MCFG table memory at [mem 0x7ffe22ed-0x7ffe2328]
[    0.006103] ACPI: Reserving WAET table memory at [mem 0x7ffe2329-0x7ffe2350]
[    0.006426] No NUMA configuration found
[    0.006427] Faking a node at [mem 0x0000000000000000-0x000000027fffffff]
[    0.006434] NODE_DATA(0) allocated [mem 0x27ffd3680-0x27fffdfff]
[    0.006574] Zone ranges:
[    0.006574]   DMA      [mem 0x0000000000001000-0x0000000000ffffff]
[    0.006576]   DMA32    [mem 0x0000000001000000-0x00000000ffffffff]
[    0.006577]   Normal   [mem 0x0000000100000000-0x000000027fffffff]
[    0.006577]   Device   empty
[    0.006578] Movable zone start for each node
[    0.006579] Early memory node ranges
[    0.006580]   node   0: [mem 0x0000000000001000-0x000000000009efff]
[    0.006580]   node   0: [mem 0x0000000000100000-0x000000007ffdefff]
[    0.006581]   node   0: [mem 0x0000000100000000-0x000000027fffffff]
[    0.006583] Initmem setup node 0 [mem 0x0000000000001000-0x000000027fffffff]
[    0.006714] On node 0, zone DMA: 1 pages in unavailable ranges
[    0.006726] On node 0, zone DMA: 97 pages in unavailable ranges
[    0.010086] On node 0, zone Normal: 33 pages in unavailable ranges
[    0.010496] ACPI: PM-Timer IO Port: 0x608
[    0.010510] ACPI: LAPIC_NMI (acpi_id[0xff] dfl dfl lint[0x1])
[    0.010536] IOAPIC[0]: apic_id 0, version 17, address 0xfec00000, GSI 0-23
[    0.010539] ACPI: INT_SRC_OVR (bus 0 bus_irq 0 global_irq 2 dfl dfl)
[    0.010540] ACPI: INT_SRC_OVR (bus 0 bus_irq 5 global_irq 5 high level)
[    0.010540] ACPI: INT_SRC_OVR (bus 0 bus_irq 9 global_irq 9 high level)
[    0.010541] ACPI: INT_SRC_OVR (bus 0 bus_irq 10 global_irq 10 high level)
[    0.010542] ACPI: INT_SRC_OVR (bus 0 bus_irq 11 global_irq 11 high level)
[    0.010544] ACPI: Using ACPI (MADT) for SMP configuration information
[    0.010545] ACPI: HPET id: 0x8086a201 base: 0xfed00000
[    0.010549] TSC deadline timer available
[    0.010552] CPU topo: Max. logical packages:   1
[    0.010552] CPU topo: Max. logical dies:       1
[    0.010553] CPU topo: Max. dies per package:   1
[    0.010555] CPU topo: Max. threads per core:   1
[    0.010556] CPU topo: Num. cores per package:     1
[    0.010556] CPU topo: Num. threads per package:   1
[    0.010556] CPU topo: Allowing 1 present CPUs plus 0 hotplug CPUs
[    0.010570] kvm-guest: APIC: eoi() replaced with kvm_guest_apic_eoi_write()
[    0.010587] PM: hibernation: Registered nosave memory: [mem 0x00000000-0x00000fff]
[    0.010588] PM: hibernation: Registered nosave memory: [mem 0x0009f000-0x000fffff]
[    0.010589] PM: hibernation: Registered nosave memory: [mem 0x7ffdf000-0xffffffff]
[    0.010590] [mem 0xc0000000-0xfed1bfff] available for PCI devices
[    0.010591] Booting paravirtualized kernel on KVM
[    0.010592] clocksource: refined-jiffies: mask: 0xffffffff max_cycles: 0xffffffff, max_idle_ns: 7645519600211568 ns
[    0.013961] setup_percpu: NR_CPUS:8192 nr_cpumask_bits:1 nr_cpu_ids:1 nr_node_ids:1
[    0.014174] percpu: Embedded 66 pages/cpu s233472 r8192 d28672 u2097152
[    0.014200] kvm-guest: PV spinlocks disabled, single CPU
[    0.014201] Kernel command line: console=ttyS0 rdinit=/init panic=-1 harmony.gates=n2_nested_hammer,box_corpus harmony.env=N2_DEADLINES=2000,N2_PROGRESS=500
[    0.014255] random: crng init done
[    0.015013] Dentry cache hash table entries: 1048576 (order: 11, 8388608 bytes, linear)
[    0.015388] Inode-cache hash table entries: 524288 (order: 10, 4194304 bytes, linear)
[    0.015420] Fallback order for Node 0: 0 
[    0.015422] Built 1 zonelists, mobility grouping on.  Total pages: 2097021
[    0.015423] Policy zone: Normal
[    0.015429] mem auto-init: stack:all(zero), heap alloc:on, heap free:off
[    0.015433] software IO TLB: area num 1.
[    0.030287] SLUB: HWalign=64, Order=0-3, MinObjects=0, CPUs=1, Nodes=1
[    0.030308] ftrace: allocating 45769 entries in 179 pages
[    0.035510] ftrace: allocated 179 pages with 5 groups
[    0.036003] Dynamic Preempt: voluntary
[    0.036147] rcu: Preemptible hierarchical RCU implementation.
[    0.036147] rcu: 	RCU restricting CPUs from NR_CPUS=8192 to nr_cpu_ids=1.
[    0.036148] 	Trampoline variant of Tasks RCU enabled.
[    0.036148] 	Rude variant of Tasks RCU enabled.
[    0.036149] 	Tracing variant of Tasks RCU enabled.
[    0.036150] rcu: RCU calculated value of scheduler-enlistment delay is 25 jiffies.
[    0.036150] rcu: Adjusting geometry for rcu_fanout_leaf=16, nr_cpu_ids=1
[    0.036154] RCU Tasks: Setting shift to 0 and lim to 1 rcu_task_cb_adjust=1 rcu_task_cpu_ids=1.
[    0.036155] RCU Tasks Rude: Setting shift to 0 and lim to 1 rcu_task_cb_adjust=1 rcu_task_cpu_ids=1.
[    0.036156] RCU Tasks Trace: Setting shift to 0 and lim to 1 rcu_task_cb_adjust=1 rcu_task_cpu_ids=1.
[    0.039321] NR_IRQS: 524544, nr_irqs: 256, preallocated irqs: 16
[    0.039490] rcu: srcu_init: Setting srcu_struct sizes based on contention.
[    0.051289] Console: colour VGA+ 80x25
[    0.051330] printk: legacy console [ttyS0] enabled
[    0.168248] ACPI: Core revision 20240827
[    0.169018] clocksource: hpet: mask: 0xffffffff max_cycles: 0xffffffff, max_idle_ns: 19112604467 ns
[    0.170527] APIC: Switch to symmetric I/O mode setup
[    0.171418] x2apic enabled
[    0.172014] APIC: Switched APIC routing to: physical x2apic
[    0.173520] ..TIMER: vector=0x30 apic1=0 pin1=2 apic2=-1 pin2=-1
[    0.174440] clocksource: tsc-early: mask: 0xffffffffffffffff max_cycles: 0x33e451ab1a6, max_idle_ns: 440795278720 ns
[    0.176044] Calibrating delay loop (skipped) preset value.. 7199.99 BogoMIPS (lpj=14399992)
[    0.177374] x86/cpu: User Mode Instruction Prevention (UMIP) activated
[    0.178407] Last level iTLB entries: 4KB 0, 2MB 0, 4MB 0
[    0.180044] Last level dTLB entries: 4KB 0, 2MB 0, 4MB 0, 1GB 0
[    0.180945] Spectre V1 : Mitigation: usercopy/swapgs barriers and __user pointer sanitization
[    0.182216] Spectre V2 : Spectre BHI mitigation: SW BHB clearing on syscall and VM exit
[    0.184045] Spectre V2 : Mitigation: IBRS
[    0.184650] Spectre V2 : Spectre v2 / SpectreRSB: Filling RSB on context switch and VMEXIT
[    0.185884] RETBleed: Mitigation: IBRS
[    0.186451] Spectre V2 : mitigation: Enabling conditional Indirect Branch Prediction Barrier
[    0.187705] Speculative Store Bypass: Mitigation: Speculative Store Bypass disabled via prctl
[    0.188048] MDS: Mitigation: Clear CPU buffers
[    0.188722] MMIO Stale Data: Mitigation: Clear CPU buffers
[    0.189542] SRBDS: Unknown: Dependent on hypervisor status
[    0.190362] active return thunk: its_return_thunk
[    0.192044] ITS: Mitigation: Aligned branch/return thunks
[    0.192865] x86/fpu: Supporting XSAVE feature 0x001: 'x87 floating point registers'
[    0.194012] x86/fpu: Supporting XSAVE feature 0x002: 'SSE registers'
[    0.194961] x86/fpu: Supporting XSAVE feature 0x004: 'AVX registers'
[    0.195911] x86/fpu: Supporting XSAVE feature 0x008: 'MPX bounds registers'
[    0.196045] x86/fpu: Supporting XSAVE feature 0x010: 'MPX CSR'
[    0.196958] x86/fpu: xstate_offset[2]:  576, xstate_sizes[2]:  256
[    0.197884] x86/fpu: xstate_offset[3]:  832, xstate_sizes[3]:   64
[    0.198807] x86/fpu: xstate_offset[4]:  896, xstate_sizes[4]:   64
[    0.200045] x86/fpu: Enabled xstate features 0x1f, context size is 960 bytes, using 'compacted' format.
[    0.232077] Freeing SMP alternatives memory: 40K
[    0.232777] pid_max: default: 32768 minimum: 301
[    0.233631] LSM: initializing lsm=lockdown,capability,landlock,yama,apparmor,tomoyo,bpf,ipe,ima,evm
[    0.235023] landlock: Up and running.
[    0.235579] Yama: disabled by default; enable with sysctl kernel.yama.*
[    0.236098] AppArmor: AppArmor initialized
[    0.236735] TOMOYO Linux initialized
[    0.237404] LSM support for eBPF active
[    0.238027] Mount-cache hash table entries: 16384 (order: 5, 131072 bytes, linear)
[    0.239159] Mountpoint-cache hash table entries: 16384 (order: 5, 131072 bytes, linear)
[    0.240262] smpboot: CPU0: Intel(R) Core(TM) i9-9900K CPU @ 3.60GHz (family: 0x6, model: 0x9e, stepping: 0xc)
[    0.241871] Performance Events: Skylake events, full-width counters, Intel PMU driver.
[    0.243073] ... version:                2
[    0.243692] ... bit width:              48
[    0.244046] ... generic registers:      4
[    0.244656] ... value mask:             0000ffffffffffff
[    0.245448] ... max period:             00007fffffffffff
[    0.246241] ... fixed-purpose events:   3
[    0.246843] ... event mask:             000000070000000f
[    0.247717] signal: max sigframe size: 2032
[    0.248066] rcu: Hierarchical SRCU implementation.
[    0.248788] rcu: 	Max phase no-delay instances is 1000.
[    0.252209] smp: Bringing up secondary CPUs ...
[    0.252905] smp: Brought up 1 node, 1 CPU
[    0.253514] smpboot: Total of 1 processors activated (7199.99 BogoMIPS)
[    0.267232] node 0 deferred pages initialised in 12ms
[    0.268049] Memory: 8034020K/8388084K available (16384K kernel code, 2497K rwdata, 11808K rodata, 4164K init, 4916K bss, 350348K reserved, 0K cma-reserved)
[    0.270387] devtmpfs: initialized
[    0.270943] x86/mm: Memory block size: 128MB
[    0.272186] clocksource: jiffies: mask: 0xffffffff max_cycles: 0xffffffff, max_idle_ns: 7645041785100000 ns
[    0.273647] futex hash table entries: 256 (order: 2, 16384 bytes, linear)
[    0.274716] pinctrl core: initialized pinctrl subsystem
[    0.275992] NET: Registered PF_NETLINK/PF_ROUTE protocol family
[    0.276135] DMA: preallocated 1024 KiB GFP_KERNEL pool for atomic allocations
[    0.277248] DMA: preallocated 1024 KiB GFP_KERNEL|GFP_DMA pool for atomic allocations
[    0.278584] DMA: preallocated 1024 KiB GFP_KERNEL|GFP_DMA32 pool for atomic allocations
[    0.279795] audit: initializing netlink subsys (disabled)
[    0.280070] audit: type=2000 audit(1783655394.235:1): state=initialized audit_enabled=0 res=1
[    0.281433] thermal_sys: Registered thermal governor 'fair_share'
[    0.281434] thermal_sys: Registered thermal governor 'bang_bang'
[    0.282349] thermal_sys: Registered thermal governor 'step_wise'
[    0.283253] thermal_sys: Registered thermal governor 'user_space'
[    0.284049] thermal_sys: Registered thermal governor 'power_allocator'
[    0.284987] cpuidle: using governor ladder
[    0.286596] cpuidle: using governor menu
[    0.287231] acpiphp: ACPI Hot Plug PCI Controller Driver version: 0.5
[    0.288163] PCI: ECAM [mem 0xb0000000-0xbfffffff] (base 0xb0000000) for domain 0000 [bus 00-ff]
[    0.289475] PCI: ECAM [mem 0xb0000000-0xbfffffff] reserved as E820 entry
[    0.290491] PCI: Using configuration type 1 for base access
[    0.291418] kprobes: kprobe jump-optimization is enabled. All kprobes are optimized if possible.
[    0.312141] HugeTLB: registered 1.00 GiB page size, pre-allocated 0 pages
[    0.313164] HugeTLB: 16380 KiB vmemmap can be freed for a 1.00 GiB page
[    0.314158] HugeTLB: registered 2.00 MiB page size, pre-allocated 0 pages
[    0.315174] HugeTLB: 28 KiB vmemmap can be freed for a 2.00 MiB page
[    0.320818] ACPI: Added _OSI(Module Device)
[    0.321463] ACPI: Added _OSI(Processor Device)
[    0.322134] ACPI: Added _OSI(Processor Aggregator Device)
[    0.323624] ACPI: 1 ACPI AML tables successfully acquired and loaded
[    0.326196] ACPI: Interpreter enabled
[    0.326766] ACPI: PM: (supports S0 S3 S4 S5)
[    0.327428] ACPI: Using IOAPIC for interrupt routing
[    0.328059] PCI: Using host bridge windows from ACPI; if necessary, use "pci=nocrs" and report a bug
[    0.329427] PCI: Using E820 reservations for host bridge windows
[    0.330392] ACPI: Enabled 2 GPEs in block 00 to 3F
[    0.332618] ACPI: PCI Root Bridge [PCI0] (domain 0000 [bus 00-ff])
[    0.333552] acpi PNP0A08:00: _OSC: OS supports [ExtendedConfig ASPM ClockPM Segments MSI HPX-Type3]
[    0.334933] acpi PNP0A08:00: _OSC: platform does not support [PCIeHotplug LTR]
[    0.336081] acpi PNP0A08:00: _OSC: OS now controls [SHPCHotplug PME AER PCIeCapability]
[    0.337403] PCI host bridge to bus 0000:00
[    0.338028] pci_bus 0000:00: root bus resource [io  0x0000-0x0cf7 window]
[    0.339050] pci_bus 0000:00: root bus resource [io  0x0d00-0xffff window]
[    0.340046] pci_bus 0000:00: root bus resource [mem 0x000a0000-0x000bffff window]
[    0.341174] pci_bus 0000:00: root bus resource [mem 0x80000000-0xafffffff window]
[    0.342292] pci_bus 0000:00: root bus resource [mem 0xc0000000-0xfebfffff window]
[    0.343426] pci_bus 0000:00: root bus resource [mem 0x280000000-0xa7fffffff window]
[    0.344046] pci_bus 0000:00: root bus resource [bus 00-ff]
[    0.344922] pci 0000:00:00.0: [8086:29c0] type 00 class 0x060000 conventional PCI endpoint
[    0.346661] pci 0000:00:01.0: [1234:1111] type 00 class 0x030000 conventional PCI endpoint
[    0.348446] pci 0000:00:01.0: BAR 0 [mem 0xfd000000-0xfdffffff pref]
[    0.351147] pci 0000:00:01.0: BAR 2 [mem 0xfebd4000-0xfebd4fff]
[    0.355668] pci 0000:00:01.0: ROM [mem 0xfebc0000-0xfebcffff pref]
[    0.356162] pci 0000:00:01.0: Video device with shadowed ROM at [mem 0x000c0000-0x000dffff]
[    0.357764] pci 0000:00:02.0: [8086:10d3] type 00 class 0x020000 PCIe Root Complex Integrated Endpoint
[    0.359832] pci 0000:00:02.0: BAR 0 [mem 0xfeb80000-0xfeb9ffff]
[    0.360644] pci 0000:00:02.0: BAR 1 [mem 0xfeba0000-0xfebbffff]
[    0.362293] pci 0000:00:02.0: BAR 2 [io  0xc040-0xc05f]
[    0.364046] pci 0000:00:02.0: BAR 3 [mem 0xfebd0000-0xfebd3fff]
[    0.366296] pci 0000:00:02.0: ROM [mem 0xfeb40000-0xfeb7ffff pref]
[    0.367280] pci 0000:00:02.0: enabling Extended Tags
[    0.369100] pci 0000:00:1f.0: [8086:2918] type 00 class 0x060100 conventional PCI endpoint
[    0.370881] pci 0000:00:1f.0: quirk: [io  0x0600-0x067f] claimed by ICH6 ACPI/GPIO/TCO
[    0.372318] pci 0000:00:1f.2: [8086:2922] type 00 class 0x010601 conventional PCI endpoint
[    0.375403] pci 0000:00:1f.2: BAR 4 [io  0xc060-0xc07f]
[    0.376306] pci 0000:00:1f.2: BAR 5 [mem 0xfebd5000-0xfebd5fff]
[    0.377835] pci 0000:00:1f.3: [8086:2930] type 00 class 0x0c0500 conventional PCI endpoint
[    0.380312] pci 0000:00:1f.3: BAR 4 [io  0x0700-0x073f]
[    0.383090] ACPI: PCI: Interrupt link LNKA configured for IRQ 10
[    0.384091] ACPI: PCI: Interrupt link LNKB configured for IRQ 10
[    0.385401] ACPI: PCI: Interrupt link LNKC configured for IRQ 11
[    0.386378] ACPI: PCI: Interrupt link LNKD configured for IRQ 11
[    0.387349] ACPI: PCI: Interrupt link LNKE configured for IRQ 10
[    0.388116] ACPI: PCI: Interrupt link LNKF configured for IRQ 10
[    0.389097] ACPI: PCI: Interrupt link LNKG configured for IRQ 11
[    0.390070] ACPI: PCI: Interrupt link LNKH configured for IRQ 11
[    0.391005] ACPI: PCI: Interrupt link GSIA configured for IRQ 16
[    0.391928] ACPI: PCI: Interrupt link GSIB configured for IRQ 17
[    0.392051] ACPI: PCI: Interrupt link GSIC configured for IRQ 18
[    0.392967] ACPI: PCI: Interrupt link GSID configured for IRQ 19
[    0.393879] ACPI: PCI: Interrupt link GSIE configured for IRQ 20
[    0.395276] ACPI: PCI: Interrupt link GSIF configured for IRQ 21
[    0.396054] ACPI: PCI: Interrupt link GSIG configured for IRQ 22
[    0.396966] ACPI: PCI: Interrupt link GSIH configured for IRQ 23
[    0.398205] iommu: Default domain type: Translated
[    0.398950] iommu: DMA domain TLB invalidation policy: lazy mode
[    0.399970] pps_core: LinuxPPS API ver. 1 registered
[    0.400045] pps_core: Software ver. 5.3.6 - Copyright 2005-2007 Rodolfo Giometti <giometti@linux.it>
[    0.401412] PTP clock support registered
[    0.402030] EDAC MC: Ver: 3.0.0
[    0.403069] NetLabel: Initializing
[    0.403597] NetLabel:  domain hash size = 128
[    0.404045] NetLabel:  protocols = UNLABELED CIPSOv4 CALIPSO
[    0.404918] NetLabel:  unlabeled traffic allowed by default
[    0.405773] PCI: Using ACPI for IRQ routing
[    0.475353] pci 0000:00:01.0: vgaarb: setting as boot VGA device
[    0.476043] pci 0000:00:01.0: vgaarb: bridge control possible
[    0.476043] pci 0000:00:01.0: vgaarb: VGA device added: decodes=io+mem,owns=io+mem,locks=none
[    0.476045] vgaarb: loaded
[    0.476495] hpet0: at MMIO 0xfed00000, IRQs 2, 8, 0
[    0.477237] hpet0: 3 comparators, 64-bit 100.000000 MHz counter
[    0.481094] clocksource: Switched to clocksource kvm-clock
[    0.482579] VFS: Disk quotas dquot_6.6.0
[    0.483202] VFS: Dquot-cache hash table entries: 512 (order 0, 4096 bytes)
[    0.484043] AppArmor: AppArmor Filesystem Enabled
[    0.484065] pnp: PnP ACPI init
[    0.484673] system 00:05: [mem 0xb0000000-0xbfffffff window] has been reserved
[    0.485974] pnp: PnP ACPI: found 6 devices
[    0.491997] clocksource: acpi_pm: mask: 0xffffff max_cycles: 0xffffff, max_idle_ns: 2085701024 ns
[    0.493383] NET: Registered PF_INET protocol family
[    0.494183] IP idents hash table entries: 131072 (order: 8, 1048576 bytes, linear)
[    0.504036] tcp_listen_portaddr_hash hash table entries: 4096 (order: 4, 65536 bytes, linear)
[    0.505330] Table-perturb hash table entries: 65536 (order: 6, 262144 bytes, linear)
[    0.506515] TCP established hash table entries: 65536 (order: 7, 524288 bytes, linear)
[    0.507902] TCP bind hash table entries: 65536 (order: 9, 2097152 bytes, linear)
[    0.509149] TCP: Hash tables configured (established 65536 bind 65536)
[    0.510177] MPTCP token hash table entries: 8192 (order: 6, 196608 bytes, linear)
[    0.511318] UDP hash table entries: 4096 (order: 5, 131072 bytes, linear)
[    0.512471] UDP-Lite hash table entries: 4096 (order: 5, 131072 bytes, linear)
[    0.513597] NET: Registered PF_UNIX/PF_LOCAL protocol family
[    0.514475] NET: Registered PF_XDP protocol family
[    0.515213] pci_bus 0000:00: resource 4 [io  0x0000-0x0cf7 window]
[    0.516149] pci_bus 0000:00: resource 5 [io  0x0d00-0xffff window]
[    0.517083] pci_bus 0000:00: resource 6 [mem 0x000a0000-0x000bffff window]
[    0.518130] pci_bus 0000:00: resource 7 [mem 0x80000000-0xafffffff window]
[    0.519159] pci_bus 0000:00: resource 8 [mem 0xc0000000-0xfebfffff window]
[    0.520193] pci_bus 0000:00: resource 9 [mem 0x280000000-0xa7fffffff window]
[    0.521327] PCI: CLS 0 bytes, default 64
[    0.522028] Trying to unpack rootfs image as initramfs...
[    0.524634] PCI-DMA: Using software bounce buffering for IO (SWIOTLB)
[    0.525614] software IO TLB: mapped [mem 0x0000000076392000-0x000000007a392000] (64MB)
[    0.526846] clocksource: tsc: mask: 0xffffffffffffffff max_cycles: 0x33e451ab1a6, max_idle_ns: 440795278720 ns
[    0.532745] Initialise system trusted keyrings
[    0.533438] Key type blacklist registered
[    0.534107] workingset: timestamp_bits=36 max_order=21 bucket_order=0
[    0.535116] zbud: loaded
[    0.540577] fuse: init (API version 7.41)
[    0.541288] integrity: Platform Keyring initialized
[    0.542043] integrity: Machine keyring initialized
[    0.564605] Key type asymmetric registered
[    0.565238] Asymmetric key parser 'x509' registered
[    1.046186] Freeing initrd memory: 94456K
[    1.047346] Block layer SCSI generic (bsg) driver version 0.4 loaded (major 246)
[    1.048486] io scheduler mq-deadline registered
[    1.050011] ledtrig-cpu: registered to indicate activity on CPUs
[    1.050943] shpchp: Standard Hot Plug PCI Controller Driver version: 0.4
[    1.052109] Serial: 8250/16550 driver, 4 ports, IRQ sharing enabled
[    1.053443] 00:03: ttyS0 at I/O 0x3f8 (irq = 4, base_baud = 115200) is a 16550A
[    1.054937] Linux agpgart interface v0.103
[    1.055751] i8042: PNP: PS/2 Controller [PNP0303:KBD,PNP0f13:MOU] at 0x60,0x64 irq 1,12
[    1.057641] serio: i8042 KBD port at 0x60,0x64 irq 1
[    1.058414] serio: i8042 AUX port at 0x60,0x64 irq 12
[    1.059244] mousedev: PS/2 mouse device common for all mice
[    1.060346] input: AT Translated Set 2 keyboard as /devices/platform/i8042/serio0/input/input0
[    1.061856] rtc_cmos 00:04: RTC can wake from S4
[    1.063036] rtc_cmos 00:04: registered as rtc0
[    1.063781] rtc_cmos 00:04: setting system clock to 2026-07-10T03:49:54 UTC (1783655394)
[    1.065069] rtc_cmos 00:04: alarms up to one day, y3k, 242 bytes nvram, hpet irqs
[    1.066213] intel_pstate: CPU model not supported
[    1.067430] NET: Registered PF_INET6 protocol family
[    1.068607] Segment Routing with IPv6
[    1.069173] In-situ OAM (IOAM) with IPv6
[    1.069782] mip6: Mobile IPv6
[    1.070263] NET: Registered PF_PACKET protocol family
[    1.071042] mpls_gso: MPLS GSO support
[    1.071703] IPI shorthand broadcast: enabled
[    1.073506] sched_clock: Marking stable (944001871, 128546922)->(1085151046, -12602253)
[    1.074781] registered taskstats version 1
[    1.075491] Loading compiled-in X.509 certificates
[    1.087449] Loaded X.509 cert 'Build time autogenerated kernel key: e87b99600394fc77ba6018a2cc6a68db4bb86ee6'
[    1.090160] Demotion targets for Node 0: null
[    1.090852] Key type .fscrypt registered
[    1.091455] Key type fscrypt-provisioning registered
[    1.092690] Key type encrypted registered
[    1.093303] AppArmor: AppArmor sha256 policy hashing enabled
[    1.094189] ima: No TPM chip found, activating TPM-bypass!
[    1.095016] ima: Allocated hash algorithm: sha256
[    1.095745] ima: No architecture policies found
[    1.096442] evm: Initialising EVM extended attributes:
[    1.097226] evm: security.selinux
[    1.097732] evm: security.SMACK64 (disabled)
[    1.098394] evm: security.SMACK64EXEC (disabled)
[    1.099088] evm: security.SMACK64TRANSMUTE (disabled)
[    1.099866] evm: security.SMACK64MMAP (disabled)
[    1.100567] evm: security.apparmor
[    1.101084] evm: security.ima
[    1.101539] evm: security.capability
[    1.102095] evm: HMAC attrs: 0x1
[    1.124578] RAS: Correctable Errors collector initialized.
[    1.136560] clk: Disabling unused clocks
[    1.137166] PM: genpd: Disabling unused power domains
[    1.144738] Freeing unused decrypted memory: 2028K
[    1.145603] Freeing unused kernel image (initmem) memory: 4164K
[    1.146260] Write protecting the kernel read-only data: 28672k
[    1.147032] Freeing unused kernel image (rodata/data gap) memory: 480K
[    1.178780] x86/mm: Checked W+X mappings: passed, no W+X pages found.
[    1.208557] Run /init as init process
NESTED_X86_L1_BOOT_OK
Linux (none) 6.12.90+deb13.1-amd64 #1 SMP PREEMPT_DYNAMIC Debian 6.12.90-2 (2026-05-27) x86_64 GNU/Linux
              total        used        free      shared  buff/cache   available
Mem:           7948          41        7708         198         199        7571
console=ttyS0 rdinit=/init panic=-1 harmony.gates=n2_nested_hammer,box_corpus harmony.env=N2_DEADLINES=2000,N2_PROGRESS=500
msr: loaded
irqbypass: loaded
[    1.240627] kvm: loading out-of-tree module taints kernel.
[    1.241237] kvm: module verification failed: signature and/or required key missing - tainting kernel
kvm(PATCHED): loaded
kvm-intel(PATCHED): loaded
L1_DEV_KVM_PRESENT
NESTED_X86_L2_PIN_CHECK_BEGIN
f06a34a79010a8f2cc8226dc629cc8fb049740016f035f53e3f2e53d9a30dd41  guest/build/bzImage
3c4a7f2f0db4b59aaf4dee55d43a42c57fc0d10ac25441de88128c61be0778c2  guest/build/initramfs-postgres.cpio.gz
NESTED_X86_L2_PIN_CHECK_END
ENV N2_DEADLINES=2000
ENV N2_PROGRESS=500
NESTED_X86_GATE_BEGIN n2_nested_hammer

running 1 test
test n2_deadline_hammer ... N2JSON {"event":"start","total":2000,"seed":1592598566,"pid":146}
[    2.136111] perf: interrupt took too long (2529 > 2500), lowering kernel.perf_event_max_sample_rate to 79000
[    2.372740] perf: interrupt took too long (3188 > 3161), lowering kernel.perf_event_max_sample_rate to 62500
[    2.670104] perf: interrupt took too long (4002 > 3985), lowering kernel.perf_event_max_sample_rate to 49750
[    3.215452] perf: interrupt took too long (5013 > 5002), lowering kernel.perf_event_max_sample_rate to 39750
[    4.198064] perf: interrupt took too long (6272 > 6266), lowering kernel.perf_event_max_sample_rate to 31750
N2JSON {"event":"progress","armed":500,"exact":500,"mismatches":0}
[    7.618082] perf: interrupt took too long (7841 > 7840), lowering kernel.perf_event_max_sample_rate to 25500
N2JSON {"event":"progress","armed":1000,"exact":1000,"mismatches":0}
N2JSON {"event":"progress","armed":1500,"exact":1500,"mismatches":0}
N2JSON {"event":"progress","armed":2000,"exact":2000,"mismatches":0}
N2JSON {"event":"summary","armed":2000,"exact":2000,"mismatches":0,"final_work":34426209}
ok

test result: ok. 1 passed; 0 failed; 0 ignored; 0 measured; 0 filtered out; finished in 15.07s

NESTED_X86_GATE_RC n2_nested_hammer rc=0
NESTED_X86_GATE_END n2_nested_hammer
NESTED_X86_GATE_BEGIN box_corpus

running 3 tests
test c1_corpus_o1_diagnostic ... [diag] insn-rdtsc     state_hash=MATCH   observable_digest=MATCH    terminal A=Some(DebugExit { code: 0 }) B=Some(DebugExit { code: 0 })  err A=None B=None
[diag]   state_hash         A=bfd8a4b3d60c8205529d03f036c2eb411f4d7500f8f089b54659c05ee1296c47 B=bfd8a4b3d60c8205529d03f036c2eb411f4d7500f8f089b54659c05ee1296c47
[diag]   observable_digest  A=1065ab4cf566433b2eec2b756810c4c5e75775012d63f46aafefc273bdb78ae3 B=1065ab4cf566433b2eec2b756810c4c5e75775012d63f46aafefc273bdb78ae3
[diag] insn-rng       state_hash=MATCH   observable_digest=MATCH    terminal A=Some(DebugExit { code: 0 }) B=Some(DebugExit { code: 0 })  err A=None B=None
[diag]   state_hash         A=ceb2bcdbd089128148d53ae1cf00c3482ef9eda6ab87aa96574086181c3fbed2 B=ceb2bcdbd089128148d53ae1cf00c3482ef9eda6ab87aa96574086181c3fbed2
[diag]   observable_digest  A=0fe06bf4edf727fc1d200f810a307c30e65915b7c1ed230a5e513defbb2a3926 B=0fe06bf4edf727fc1d200f810a307c30e65915b7c1ed230a5e513defbb2a3926
[diag] insn-cpuid     state_hash=MATCH   observable_digest=MATCH    terminal A=Some(DebugExit { code: 0 }) B=Some(DebugExit { code: 0 })  err A=None B=None
[diag]   state_hash         A=bcc74a9f34801cea65770459376016aa0bb351838d711a3b7ea216b4ed386664 B=bcc74a9f34801cea65770459376016aa0bb351838d711a3b7ea216b4ed386664
[diag]   observable_digest  A=cd321ad6f98a9b33f1277a243b06ff5eb5390b652b31f74bb8c39a55f87282f5 B=cd321ad6f98a9b33f1277a243b06ff5eb5390b652b31f74bb8c39a55f87282f5
[diag] insn-rdpmc     state_hash=MATCH   observable_digest=MATCH    terminal A=Some(DebugExit { code: 0 }) B=Some(DebugExit { code: 0 })  err A=None B=None
[diag]   state_hash         A=cd673fb34843fce73c107000e165fe76752d88a62bf9554d642f7901aeb1f4c6 B=cd673fb34843fce73c107000e165fe76752d88a62bf9554d642f7901aeb1f4c6
[diag]   observable_digest  A=25222db6da48e96daf022a1141e288918db4024e8e0e35fc966d7c3021b76dc1 B=25222db6da48e96daf022a1141e288918db4024e8e0e35fc966d7c3021b76dc1
[vmm-core] msr-exit dir=RDMSR exit-reason=KVM_EXIT_X86_RDMSR index=0x17 data=n/a rip=0x100148 work=1498 disposition=AllowFixed(0)
[vmm-core] msr-exit dir=RDMSR exit-reason=KVM_EXIT_X86_RDMSR index=0x1b data=n/a rip=0x100148 work=1499 disposition=AllowFixed(4276095232)
[vmm-core] msr-exit dir=RDMSR exit-reason=KVM_EXIT_X86_RDMSR index=0x35 data=n/a rip=0x100148 work=1500 disposition=AllowFixed(65537)
[vmm-core] msr-exit dir=RDMSR exit-reason=KVM_EXIT_X86_RDMSR index=0x3a data=n/a rip=0x100148 work=1501 disposition=AllowFixed(1)
[vmm-core] msr-exit dir=RDMSR exit-reason=KVM_EXIT_X86_RDMSR index=0x8b data=n/a rip=0x100148 work=1502 disposition=AllowFixed(4294967296)
[vmm-core] msr-exit dir=RDMSR exit-reason=KVM_EXIT_X86_RDMSR index=0xce data=n/a rip=0x100148 work=1503 disposition=AllowFixed(5120)
[vmm-core] msr-exit dir=RDMSR exit-reason=KVM_EXIT_X86_RDMSR index=0xfe data=n/a rip=0x100148 work=1504 disposition=AllowFixed(1288)
[vmm-core] msr-exit dir=RDMSR exit-reason=KVM_EXIT_X86_RDMSR index=0x10a data=n/a rip=0x100148 work=1505 disposition=AllowFixed(167775241)
[vmm-core] msr-exit dir=RDMSR exit-reason=KVM_EXIT_X86_RDMSR index=0x1a0 data=n/a rip=0x100148 work=1506 disposition=AllowFixed(6145)
[vmm-core] msr-exit dir=RDMSR exit-reason=KVM_EXIT_X86_RDMSR index=0x17 data=n/a rip=0x100148 work=1498 disposition=AllowFixed(0)
[vmm-core] msr-exit dir=RDMSR exit-reason=KVM_EXIT_X86_RDMSR index=0x1b data=n/a rip=0x100148 work=1499 disposition=AllowFixed(4276095232)
[vmm-core] msr-exit dir=RDMSR exit-reason=KVM_EXIT_X86_RDMSR index=0x35 data=n/a rip=0x100148 work=1500 disposition=AllowFixed(65537)
[vmm-core] msr-exit dir=RDMSR exit-reason=KVM_EXIT_X86_RDMSR index=0x3a data=n/a rip=0x100148 work=1501 disposition=AllowFixed(1)
[vmm-core] msr-exit dir=RDMSR exit-reason=KVM_EXIT_X86_RDMSR index=0x8b data=n/a rip=0x100148 work=1502 disposition=AllowFixed(4294967296)
[vmm-core] msr-exit dir=RDMSR exit-reason=KVM_EXIT_X86_RDMSR index=0xce data=n/a rip=0x100148 work=1503 disposition=AllowFixed(5120)
[vmm-core] msr-exit dir=RDMSR exit-reason=KVM_EXIT_X86_RDMSR index=0xfe data=n/a rip=0x100148 work=1504 disposition=AllowFixed(1288)
[vmm-core] msr-exit dir=RDMSR exit-reason=KVM_EXIT_X86_RDMSR index=0x10a data=n/a rip=0x100148 work=1505 disposition=AllowFixed(167775241)
[vmm-core] msr-exit dir=RDMSR exit-reason=KVM_EXIT_X86_RDMSR index=0x1a0 data=n/a rip=0x100148 work=1506 disposition=AllowFixed(6145)
[diag] msr-allowed    state_hash=MATCH   observable_digest=MATCH    terminal A=Some(DebugExit { code: 0 }) B=Some(DebugExit { code: 0 })  err A=None B=None
[diag]   state_hash         A=ccf5b09f890f6803c4787e63539ed7cb0e1817dd20f121c982f08f83a0e3cd27 B=ccf5b09f890f6803c4787e63539ed7cb0e1817dd20f121c982f08f83a0e3cd27
[diag]   observable_digest  A=c1ebdcd7089394d73b3570007c6d27ba66c2a199eb32724dbb32558a4c906dde B=c1ebdcd7089394d73b3570007c6d27ba66c2a199eb32724dbb32558a4c906dde
[vmm-core] msr-exit dir=RDMSR exit-reason=KVM_EXIT_X86_RDMSR index=0x0 data=n/a rip=0x100117 work=1092 disposition=DenyGp
[vmm-core] msr-exit dir=WRMSR exit-reason=KVM_EXIT_X86_WRMSR index=0x0 data=0x0 rip=0x100140 work=1092 disposition=DenyGp
[vmm-core] msr-exit dir=RDMSR exit-reason=KVM_EXIT_X86_RDMSR index=0x13 data=n/a rip=0x100117 work=1093 disposition=DenyGp
[vmm-core] msr-exit dir=WRMSR exit-reason=KVM_EXIT_X86_WRMSR index=0x13 data=0x0 rip=0x100140 work=1093 disposition=DenyGp
[vmm-core] msr-exit dir=RDMSR exit-reason=KVM_EXIT_X86_RDMSR index=0x39 data=n/a rip=0x100117 work=1094 disposition=DenyGp
[vmm-core] msr-exit dir=WRMSR exit-reason=KVM_EXIT_X86_WRMSR index=0x39 data=0x0 rip=0x100140 work=1094 disposition=DenyGp
[vmm-core] msr-exit dir=RDMSR exit-reason=KVM_EXIT_X86_RDMSR index=0x150 data=n/a rip=0x100117 work=1095 disposition=DenyGp
[vmm-core] msr-exit dir=WRMSR exit-reason=KVM_EXIT_X86_WRMSR index=0x150 data=0x0 rip=0x100140 work=1095 disposition=DenyGp
[vmm-core] msr-exit dir=RDMSR exit-reason=KVM_EXIT_X86_RDMSR index=0xfff data=n/a rip=0x100117 work=1096 disposition=DenyGp
[vmm-core] msr-exit dir=WRMSR exit-reason=KVM_EXIT_X86_WRMSR index=0xfff data=0x0 rip=0x100140 work=1096 disposition=DenyGp
[vmm-core] msr-exit dir=RDMSR exit-reason=KVM_EXIT_X86_RDMSR index=0x2000 data=n/a rip=0x100117 work=1097 disposition=DenyGp
[vmm-core] msr-exit dir=WRMSR exit-reason=KVM_EXIT_X86_WRMSR index=0x2000 data=0x0 rip=0x100140 work=1097 disposition=DenyGp
[vmm-core] msr-exit dir=RDMSR exit-reason=KVM_EXIT_X86_RDMSR index=0x10000 data=n/a rip=0x100117 work=1098 disposition=DenyGp
[vmm-core] msr-exit dir=WRMSR exit-reason=KVM_EXIT_X86_WRMSR index=0x10000 data=0x0 rip=0x100140 work=1098 disposition=DenyGp
[vmm-core] msr-exit dir=RDMSR exit-reason=KVM_EXIT_X86_RDMSR index=0x40000fff data=n/a rip=0x100117 work=1099 disposition=DenyGp
[vmm-core] msr-exit dir=WRMSR exit-reason=KVM_EXIT_X86_WRMSR index=0x40000fff data=0x0 rip=0x100140 work=1099 disposition=DenyGp
[vmm-core] msr-exit dir=RDMSR exit-reason=KVM_EXIT_X86_RDMSR index=0xc0000200 data=n/a rip=0x100117 work=1100 disposition=DenyGp
[vmm-core] msr-exit dir=WRMSR exit-reason=KVM_EXIT_X86_WRMSR index=0xc0000200 data=0x0 rip=0x100140 work=1100 disposition=DenyGp
[vmm-core] msr-exit dir=RDMSR exit-reason=KVM_EXIT_X86_RDMSR index=0xdeadbeef data=n/a rip=0x100117 work=1101 disposition=DenyGp
[vmm-core] msr-exit dir=WRMSR exit-reason=KVM_EXIT_X86_WRMSR index=0xdeadbeef data=0x0 rip=0x100140 work=1101 disposition=DenyGp
[vmm-core] msr-exit dir=RDMSR exit-reason=KVM_EXIT_X86_RDMSR index=0xffffffff data=n/a rip=0x100117 work=1102 disposition=DenyGp
[vmm-core] msr-exit dir=WRMSR exit-reason=KVM_EXIT_X86_WRMSR index=0xffffffff data=0x0 rip=0x100140 work=1102 disposition=DenyGp
[vmm-core] msr-exit dir=RDMSR exit-reason=KVM_EXIT_X86_RDMSR index=0x0 data=n/a rip=0x100117 work=1092 disposition=DenyGp
[vmm-core] msr-exit dir=WRMSR exit-reason=KVM_EXIT_X86_WRMSR index=0x0 data=0x0 rip=0x100140 work=1092 disposition=DenyGp
[vmm-core] msr-exit dir=RDMSR exit-reason=KVM_EXIT_X86_RDMSR index=0x13 data=n/a rip=0x100117 work=1093 disposition=DenyGp
[vmm-core] msr-exit dir=WRMSR exit-reason=KVM_EXIT_X86_WRMSR index=0x13 data=0x0 rip=0x100140 work=1093 disposition=DenyGp
[vmm-core] msr-exit dir=RDMSR exit-reason=KVM_EXIT_X86_RDMSR index=0x39 data=n/a rip=0x100117 work=1094 disposition=DenyGp
[vmm-core] msr-exit dir=WRMSR exit-reason=KVM_EXIT_X86_WRMSR index=0x39 data=0x0 rip=0x100140 work=1094 disposition=DenyGp
[vmm-core] msr-exit dir=RDMSR exit-reason=KVM_EXIT_X86_RDMSR index=0x150 data=n/a rip=0x100117 work=1095 disposition=DenyGp
[vmm-core] msr-exit dir=WRMSR exit-reason=KVM_EXIT_X86_WRMSR index=0x150 data=0x0 rip=0x100140 work=1095 disposition=DenyGp
[vmm-core] msr-exit dir=RDMSR exit-reason=KVM_EXIT_X86_RDMSR index=0xfff data=n/a rip=0x100117 work=1096 disposition=DenyGp
[vmm-core] msr-exit dir=WRMSR exit-reason=KVM_EXIT_X86_WRMSR index=0xfff data=0x0 rip=0x100140 work=1096 disposition=DenyGp
[vmm-core] msr-exit dir=RDMSR exit-reason=KVM_EXIT_X86_RDMSR index=0x2000 data=n/a rip=0x100117 work=1097 disposition=DenyGp
[vmm-core] msr-exit dir=WRMSR exit-reason=KVM_EXIT_X86_WRMSR index=0x2000 data=0x0 rip=0x100140 work=1097 disposition=DenyGp
[vmm-core] msr-exit dir=RDMSR exit-reason=KVM_EXIT_X86_RDMSR index=0x10000 data=n/a rip=0x100117 work=1098 disposition=DenyGp
[vmm-core] msr-exit dir=WRMSR exit-reason=KVM_EXIT_X86_WRMSR index=0x10000 data=0x0 rip=0x100140 work=1098 disposition=DenyGp
[vmm-core] msr-exit dir=RDMSR exit-reason=KVM_EXIT_X86_RDMSR index=0x40000fff data=n/a rip=0x100117 work=1099 disposition=DenyGp
[vmm-core] msr-exit dir=WRMSR exit-reason=KVM_EXIT_X86_WRMSR index=0x40000fff data=0x0 rip=0x100140 work=1099 disposition=DenyGp
[vmm-core] msr-exit dir=RDMSR exit-reason=KVM_EXIT_X86_RDMSR index=0xc0000200 data=n/a rip=0x100117 work=1100 disposition=DenyGp
[vmm-core] msr-exit dir=WRMSR exit-reason=KVM_EXIT_X86_WRMSR index=0xc0000200 data=0x0 rip=0x100140 work=1100 disposition=DenyGp
[vmm-core] msr-exit dir=RDMSR exit-reason=KVM_EXIT_X86_RDMSR index=0xdeadbeef data=n/a rip=0x100117 work=1101 disposition=DenyGp
[vmm-core] msr-exit dir=WRMSR exit-reason=KVM_EXIT_X86_WRMSR index=0xdeadbeef data=0x0 rip=0x100140 work=1101 disposition=DenyGp
[vmm-core] msr-exit dir=RDMSR exit-reason=KVM_EXIT_X86_RDMSR index=0xffffffff data=n/a rip=0x100117 work=1102 disposition=DenyGp
[vmm-core] msr-exit dir=WRMSR exit-reason=KVM_EXIT_X86_WRMSR index=0xffffffff data=0x0 rip=0x100140 work=1102 disposition=DenyGp
[diag] msr-denied     state_hash=MATCH   observable_digest=MATCH    terminal A=Some(DebugExit { code: 0 }) B=Some(DebugExit { code: 0 })  err A=None B=None
[diag]   state_hash         A=09f3bea0f54e72fb46bc70d2397e355aa5958307d8459a5a9c9e44d6df96e8c1 B=09f3bea0f54e72fb46bc70d2397e355aa5958307d8459a5a9c9e44d6df96e8c1
[diag]   observable_digest  A=b29a3e8591e1c03062f3efc905888425eeaa8df455ecb612a2ab499f0b9fbc60 B=b29a3e8591e1c03062f3efc905888425eeaa8df455ecb612a2ab499f0b9fbc60
[diag] done. state_hash DIVERGE ⇒ architectural divergence (the `component DIVERGE` lines say which field group: vtim:eff-vns ⇒ the hashed effective V-time; xsave-* ⇒ FPU host-leak; RAM:* ⇒ guest scratch; vtim:work-raw / vtim:last-intercept are diagnostic-only and NOT in the hash); observable_digest DIVERGE only ⇒ report-stream (V-time TSC) divergence. Re-run a few times — the divergence is intermittent (see c1_corpus_o1_repeat_diagnostic for the N-run localizer on insn-rdtsc / insn-rng).
ok
test c1_corpus_o1_o2_on_the_patched_backend ... [box-corpus] === sweep 1 ===
[box-corpus] insn-rdtsc     O1=PASS O2=PASS digest=1065ab4cf566433b2eec2b756810c4c5e75775012d63f46aafefc273bdb78ae3 identical; both halted at 1
[box-corpus] insn-rng       O1=PASS O2=PASS digest=0fe06bf4edf727fc1d200f810a307c30e65915b7c1ed230a5e513defbb2a3926 identical; both halted at 1
[box-corpus] insn-cpuid     O1=PASS O2=FAIL digest=cd321ad6f98a9b33f1277a243b06ff5eb5390b652b31f74bb8c39a55f87282f5 identical; both halted at 1

thread 'c1_corpus_o1_o2_on_the_patched_backend' (163) panicked at consonance/vmm-core/tests/box_corpus.rs:294:13:
O2 (conformance) FAILED for `insn-cpuid` (digest != golden)
stack backtrace:
   0: __rustc::rust_begin_unwind
             at /rustc/31fca3adb283cc9dfd56b49cdee9a96eb9c96ffd/library/std/src/panicking.rs:689:5
   1: core::panicking::panic_fmt
             at /rustc/31fca3adb283cc9dfd56b49cdee9a96eb9c96ffd/library/core/src/panicking.rs:80:14
   2: box_corpus::sweep
             at ./consonance/vmm-core/tests/box_corpus.rs:294:13
   3: box_corpus::c1_corpus_o1_o2_on_the_patched_backend
             at ./consonance/vmm-core/tests/box_corpus.rs:340:16
   4: box_corpus::c1_corpus_o1_o2_on_the_patched_backend::{{closure}}
             at ./consonance/vmm-core/tests/box_corpus.rs:320:44
   5: core::ops::function::FnOnce::call_once
             at /rustc/31fca3adb283cc9dfd56b49cdee9a96eb9c96ffd/library/core/src/ops/function.rs:250:5
   6: <fn() -> core::result::Result<(), alloc::string::String> as core::ops::function::FnOnce<()>>::call_once
             at /rustc/31fca3adb283cc9dfd56b49cdee9a96eb9c96ffd/library/core/src/ops/function.rs:250:5
note: Some details are omitted, run with `RUST_BACKTRACE=full` for a verbose backtrace.
FAILED
test c1_corpus_o1_repeat_diagnostic ... [repeat] ===== insn-rdtsc: 20 O1 comparisons at seed 0x0028c0ffee5eedc0 =====
[repeat] insn-rdtsc run  0: outcome A=Halted B=Halted  work A=1 B=1 [MATCH  ]  machine.state_hash=[MATCH  ]  vmm.state_hash=[MATCH  ]  observable_digest=[MATCH  ]
[repeat]   machine.state_hash A=11a9af1832ea26ea7f33a801ea2fc210af0c7ca56af0239ed0729d42380001fe B=11a9af1832ea26ea7f33a801ea2fc210af0c7ca56af0239ed0729d42380001fe
[repeat]   check_determinism: PASS — identical; both halted at 1
[repeat] insn-rdtsc run  1: outcome A=Halted B=Halted  work A=1 B=1 [MATCH  ]  machine.state_hash=[MATCH  ]  vmm.state_hash=[MATCH  ]  observable_digest=[MATCH  ]
[repeat]   machine.state_hash A=11a9af1832ea26ea7f33a801ea2fc210af0c7ca56af0239ed0729d42380001fe B=11a9af1832ea26ea7f33a801ea2fc210af0c7ca56af0239ed0729d42380001fe
[repeat]   check_determinism: PASS — identical; both halted at 1
[repeat] insn-rdtsc run  2: outcome A=Halted B=Halted  work A=1 B=1 [MATCH  ]  machine.state_hash=[MATCH  ]  vmm.state_hash=[MATCH  ]  observable_digest=[MATCH  ]
[repeat]   machine.state_hash A=11a9af1832ea26ea7f33a801ea2fc210af0c7ca56af0239ed0729d42380001fe B=11a9af1832ea26ea7f33a801ea2fc210af0c7ca56af0239ed0729d42380001fe
[repeat]   check_determinism: PASS — identical; both halted at 1
[repeat] insn-rdtsc run  3: outcome A=Halted B=Halted  work A=1 B=1 [MATCH  ]  machine.state_hash=[MATCH  ]  vmm.state_hash=[MATCH  ]  observable_digest=[MATCH  ]
[repeat]   machine.state_hash A=11a9af1832ea26ea7f33a801ea2fc210af0c7ca56af0239ed0729d42380001fe B=11a9af1832ea26ea7f33a801ea2fc210af0c7ca56af0239ed0729d42380001fe
[repeat]   check_determinism: PASS — identical; both halted at 1
[repeat] insn-rdtsc run  4: outcome A=Halted B=Halted  work A=1 B=1 [MATCH  ]  machine.state_hash=[MATCH  ]  vmm.state_hash=[MATCH  ]  observable_digest=[MATCH  ]
[repeat]   machine.state_hash A=11a9af1832ea26ea7f33a801ea2fc210af0c7ca56af0239ed0729d42380001fe B=11a9af1832ea26ea7f33a801ea2fc210af0c7ca56af0239ed0729d42380001fe
[repeat]   check_determinism: PASS — identical; both halted at 1
[repeat] insn-rdtsc run  5: outcome A=Halted B=Halted  work A=1 B=1 [MATCH  ]  machine.state_hash=[MATCH  ]  vmm.state_hash=[MATCH  ]  observable_digest=[MATCH  ]
[repeat]   machine.state_hash A=11a9af1832ea26ea7f33a801ea2fc210af0c7ca56af0239ed0729d42380001fe B=11a9af1832ea26ea7f33a801ea2fc210af0c7ca56af0239ed0729d42380001fe
[repeat]   check_determinism: PASS — identical; both halted at 1
[repeat] insn-rdtsc run  6: outcome A=Halted B=Halted  work A=1 B=1 [MATCH  ]  machine.state_hash=[MATCH  ]  vmm.state_hash=[MATCH  ]  observable_digest=[MATCH  ]
[repeat]   machine.state_hash A=11a9af1832ea26ea7f33a801ea2fc210af0c7ca56af0239ed0729d42380001fe B=11a9af1832ea26ea7f33a801ea2fc210af0c7ca56af0239ed0729d42380001fe
[repeat]   check_determinism: PASS — identical; both halted at 1
[repeat] insn-rdtsc run  7: outcome A=Halted B=Halted  work A=1 B=1 [MATCH  ]  machine.state_hash=[MATCH  ]  vmm.state_hash=[MATCH  ]  observable_digest=[MATCH  ]
[repeat]   machine.state_hash A=11a9af1832ea26ea7f33a801ea2fc210af0c7ca56af0239ed0729d42380001fe B=11a9af1832ea26ea7f33a801ea2fc210af0c7ca56af0239ed0729d42380001fe
[repeat]   check_determinism: PASS — identical; both halted at 1
[repeat] insn-rdtsc run  8: outcome A=Halted B=Halted  work A=1 B=1 [MATCH  ]  machine.state_hash=[MATCH  ]  vmm.state_hash=[MATCH  ]  observable_digest=[MATCH  ]
[repeat]   machine.state_hash A=11a9af1832ea26ea7f33a801ea2fc210af0c7ca56af0239ed0729d42380001fe B=11a9af1832ea26ea7f33a801ea2fc210af0c7ca56af0239ed0729d42380001fe
[repeat]   check_determinism: PASS — identical; both halted at 1
[repeat] insn-rdtsc run  9: outcome A=Halted B=Halted  work A=1 B=1 [MATCH  ]  machine.state_hash=[MATCH  ]  vmm.state_hash=[MATCH  ]  observable_digest=[MATCH  ]
[repeat]   machine.state_hash A=11a9af1832ea26ea7f33a801ea2fc210af0c7ca56af0239ed0729d42380001fe B=11a9af1832ea26ea7f33a801ea2fc210af0c7ca56af0239ed0729d42380001fe
[repeat]   check_determinism: PASS — identical; both halted at 1
[repeat] insn-rdtsc run 10: outcome A=Halted B=Halted  work A=1 B=1 [MATCH  ]  machine.state_hash=[MATCH  ]  vmm.state_hash=[MATCH  ]  observable_digest=[MATCH  ]
[repeat]   machine.state_hash A=11a9af1832ea26ea7f33a801ea2fc210af0c7ca56af0239ed0729d42380001fe B=11a9af1832ea26ea7f33a801ea2fc210af0c7ca56af0239ed0729d42380001fe
[repeat]   check_determinism: PASS — identical; both halted at 1
[repeat] insn-rdtsc run 11: outcome A=Halted B=Halted  work A=1 B=1 [MATCH  ]  machine.state_hash=[MATCH  ]  vmm.state_hash=[MATCH  ]  observable_digest=[MATCH  ]
[repeat]   machine.state_hash A=11a9af1832ea26ea7f33a801ea2fc210af0c7ca56af0239ed0729d42380001fe B=11a9af1832ea26ea7f33a801ea2fc210af0c7ca56af0239ed0729d42380001fe
[repeat]   check_determinism: PASS — identical; both halted at 1
[repeat] insn-rdtsc run 12: outcome A=Halted B=Halted  work A=1 B=1 [MATCH  ]  machine.state_hash=[MATCH  ]  vmm.state_hash=[MATCH  ]  observable_digest=[MATCH  ]
[repeat]   machine.state_hash A=11a9af1832ea26ea7f33a801ea2fc210af0c7ca56af0239ed0729d42380001fe B=11a9af1832ea26ea7f33a801ea2fc210af0c7ca56af0239ed0729d42380001fe
[repeat]   check_determinism: PASS — identical; both halted at 1
[repeat] insn-rdtsc run 13: outcome A=Halted B=Halted  work A=1 B=1 [MATCH  ]  machine.state_hash=[MATCH  ]  vmm.state_hash=[MATCH  ]  observable_digest=[MATCH  ]
[repeat]   machine.state_hash A=11a9af1832ea26ea7f33a801ea2fc210af0c7ca56af0239ed0729d42380001fe B=11a9af1832ea26ea7f33a801ea2fc210af0c7ca56af0239ed0729d42380001fe
