=== METAL_GATE_BEGIN n3_repeat_gate 19:01:25

running 1 test
test n3_repeat_gate ... N3JSON {"event":"start","item":"insn-rng","reps":100,"seed":11471204516818368}
N3JSON {"event":"progress","attempted":100,"identical":100,"mismatches":0}
N3JSON {"event":"summary","item":"insn-rng","attempted":100,"identical":100,"mismatches":0,"state_hash":"6163f1109b5677de0ff924f7932e7ade007434c99c24bc9a7e11beac27f5bbb4","observable_digest":"0fe06bf4edf727fc1d200f810a307c30e65915b7c1ed230a5e513defbb2a3926"}
ok

test result: ok. 1 passed; 0 failed; 0 ignored; 0 measured; 0 filtered out; finished in 1157.18s

=== METAL_GATE_RC n3_repeat_gate rc=0 19:20:42
=== METAL_GATE_BEGIN n2_hammer 19:20:42

running 1 test
test n2_deadline_hammer ... N2JSON {"event":"start","total":10000,"seed":1592598566,"pid":1833847}
N2JSON {"event":"progress","armed":10000,"exact":10000,"mismatches":0}
N2JSON {"event":"summary","armed":10000,"exact":10000,"mismatches":0,"final_work":175286435}
ok

test result: ok. 1 passed; 0 failed; 0 ignored; 0 measured; 0 filtered out; finished in 14.36s

=== METAL_GATE_RC n2_hammer rc=0 19:20:56
=== METAL_GATE_BEGIN live_determinism 19:20:56

running 2 tests
test p6_rdtsc_rng_are_deterministic_and_vtime_backed ... [p6] tsc reads = [0, 2, 4, 6]  aux = 0x0
[p6] rdrand = 0x9f72a62a  rdseed = 0x42b87398
ok
test p6_snapshot_restore_resumes_both_clocks_exactly ... [p6] snapshot/restore transparent: results = Results { tsc: [0, 2, 4, 6], aux: 0, rdrand: 2675090986, rdseed: 1119384472 }
ok

test result: ok. 2 passed; 0 failed; 0 ignored; 0 measured; 0 filtered out; finished in 0.74s

=== METAL_GATE_RC live_determinism rc=0 19:20:57
=== METAL_GATE_BEGIN live_preemption 19:20:57

running 2 tests
test busy_spin_guest_is_preempted_and_timer_lands_deterministic_twice ... [gate2] seed A: irq-landing PASS — busy-spin preempted, all 8 timer deadlines landed.
[gate2]   state_hash = 1b9f87a505035429e0d0678b3dda7e49d3c03b311cd7d0ff6707a8a2e03608cd
[gate2]   landings (measured) = [2667, 7959, 13293, 18668, 29335, 72002, 242669, 925336]
[gate2]   reports (programmed ICRs) = [64, 0, 127, 0, 128, 0, 129, 0, 256, 0, 1024, 0, 4096, 0, 16384, 0]
[gate2] deterministic-twice CONFIRMED at seed 0x00005eedd31e2026: state_hash 1b9f87a505035429e0d0678b3dda7e49d3c03b311cd7d0ff6707a8a2e03608cd == 1b9f87a505035429e0d0678b3dda7e49d3c03b311cd7d0ff6707a8a2e03608cd
[gate2] seed B 0x00000badc0de1234: PASS, landings == seed A (MEASURED preemption work is seed-pure for a pure guest); state_hash = 8d9801ce4dfd002dfe16660d94b818f6910f529ee3c320515a86b678e3f50cc7 != seed A (seed keys the entropy state)
ok
test preemption_instant_is_a_pure_function_of_the_seed ... [gate2] irq-landing-rng deterministic-twice CONFIRMED at seed 0x00005eedd31e2026: landings [410851, 963853, 1410689, 1553858] repeat, state_hash a83868217927ece4f1734c3f1084a51bca08fe435dee2216656ef3a41e1a59b3 == a83868217927ece4f1734c3f1084a51bca08fe435dee2216656ef3a41e1a59b3
[gate2] irq-landing-rng seed B 0x00000badc0de1234: PASS, MEASURED landings [304560, 707520, 1022938, 1358481] != seed A [410851, 963853, 1410689, 1553858] (run_until preempted at DIFFERENT retired-branch counts — seed-dependent preemption); state_hash = 0031fecd89d482719d1d25bacd402691495293c2e30d3ed0a34af7af829e6ec3
ok

test result: ok. 2 passed; 0 failed; 0 ignored; 0 measured; 0 filtered out; finished in 69.41s

=== METAL_GATE_RC live_preemption rc=0 19:22:07
=== METAL_GATE_BEGIN live_postgres 19:22:07

running 3 tests
test p1_postgres_runs_and_streams_patched ... [host-assert] CPU-MSR-CONTRACT §1.1 baseline:
[host-assert]   PASS  family-model-stepping: expected 06_9e_0c, observed 06_9e_0c
[host-assert]   PASS  host-microcode-rev: expected 0x00000000000000f8, observed 0x00000000000000f8
[host-assert]   PASS  mxcsr-mask: expected 0xffff, observed 0xffff
[host-assert]   PASS  maxphyaddr-min: expected >= 39, observed 39
[host-assert]   PASS  rtm-disabled: expected rtm physically absent (the IA32_TSX_CTRL pin is not installed by this skeleton), observed rtm-absent (XBEGIN #UDs; already non-usable)
[host-assert]   PASS  host-absent HRESET: expected absent, observed absent
[host-assert]   PASS  host-absent PCONFIG: expected absent, observed absent
[host-assert]   PASS  host-absent RDPID: expected absent, observed absent
[host-assert]   PASS  host-absent SERIALIZE: expected absent, observed absent
[host-assert]   PASS  host-absent SHA: expected absent, observed absent
[host-assert]   PASS  host-absent TPAUSE: expected absent, observed absent
[host-assert]   PASS  host-absent UMONITOR: expected absent, observed absent
[host-assert]   PASS  host-absent UMWAIT: expected absent, observed absent
[pg] cmdline: console=ttyS0 panic=-1 reboot=t,force tsc=reliable no_timer_check lpj=4000000 nokaslr nosmp maxcpus=1 nox2apic hpet=disable

thread 'p1_postgres_runs_and_streams_patched' (1834032) panicked at consonance/vmm-core/tests/live_postgres.rs:148:5:
guest artifact `bzImage` not found in guest/build or guest/linux — build it first on the box: `make -C guest fetch && make -C guest/linux postgres-image`.
note: run with `RUST_BACKTRACE=1` environment variable to display a backtrace
FAILED
test p2_postgres_deterministic_twice_patched ... [host-assert] CPU-MSR-CONTRACT §1.1 baseline:
[host-assert]   PASS  family-model-stepping: expected 06_9e_0c, observed 06_9e_0c
[host-assert]   PASS  host-microcode-rev: expected 0x00000000000000f8, observed 0x00000000000000f8
[host-assert]   PASS  mxcsr-mask: expected 0xffff, observed 0xffff
[host-assert]   PASS  maxphyaddr-min: expected >= 39, observed 39
[host-assert]   PASS  rtm-disabled: expected rtm physically absent (the IA32_TSX_CTRL pin is not installed by this skeleton), observed rtm-absent (XBEGIN #UDs; already non-usable)
[host-assert]   PASS  host-absent HRESET: expected absent, observed absent
[host-assert]   PASS  host-absent PCONFIG: expected absent, observed absent
[host-assert]   PASS  host-absent RDPID: expected absent, observed absent
[host-assert]   PASS  host-absent SERIALIZE: expected absent, observed absent
[host-assert]   PASS  host-absent SHA: expected absent, observed absent
[host-assert]   PASS  host-absent TPAUSE: expected absent, observed absent
[host-assert]   PASS  host-absent UMONITOR: expected absent, observed absent
[host-assert]   PASS  host-absent UMWAIT: expected absent, observed absent

thread 'p2_postgres_deterministic_twice_patched' (1834033) panicked at consonance/vmm-core/tests/live_postgres.rs:148:5:
guest artifact `bzImage` not found in guest/build or guest/linux — build it first on the box: `make -C guest fetch && make -C guest/linux postgres-image`.
FAILED
test p3_postgres_seed_sensitivity_patched ... [host-assert] CPU-MSR-CONTRACT §1.1 baseline:
[host-assert]   PASS  family-model-stepping: expected 06_9e_0c, observed 06_9e_0c
[host-assert]   PASS  host-microcode-rev: expected 0x00000000000000f8, observed 0x00000000000000f8
[host-assert]   PASS  mxcsr-mask: expected 0xffff, observed 0xffff
[host-assert]   PASS  maxphyaddr-min: expected >= 39, observed 39
[host-assert]   PASS  rtm-disabled: expected rtm physically absent (the IA32_TSX_CTRL pin is not installed by this skeleton), observed rtm-absent (XBEGIN #UDs; already non-usable)
[host-assert]   PASS  host-absent HRESET: expected absent, observed absent
[host-assert]   PASS  host-absent PCONFIG: expected absent, observed absent
[host-assert]   PASS  host-absent RDPID: expected absent, observed absent
[host-assert]   PASS  host-absent SERIALIZE: expected absent, observed absent
[host-assert]   PASS  host-absent SHA: expected absent, observed absent
[host-assert]   PASS  host-absent TPAUSE: expected absent, observed absent
[host-assert]   PASS  host-absent UMONITOR: expected absent, observed absent
[host-assert]   PASS  host-absent UMWAIT: expected absent, observed absent

thread 'p3_postgres_seed_sensitivity_patched' (1834034) panicked at consonance/vmm-core/tests/live_postgres.rs:148:5:
guest artifact `bzImage` not found in guest/build or guest/linux — build it first on the box: `make -C guest fetch && make -C guest/linux postgres-image`.
FAILED

failures:

failures:
    p1_postgres_runs_and_streams_patched
    p2_postgres_deterministic_twice_patched
    p3_postgres_seed_sensitivity_patched

test result: FAILED. 0 passed; 3 failed; 0 ignored; 0 measured; 0 filtered out; finished in 0.01s

=== METAL_GATE_RC live_postgres rc=101 19:22:07
=== METAL_GATE_BEGIN live_postgres_rerun 19:23:34

running 3 tests
test p1_postgres_runs_and_streams_patched ... [host-assert] CPU-MSR-CONTRACT §1.1 baseline:
[host-assert]   PASS  family-model-stepping: expected 06_9e_0c, observed 06_9e_0c
[host-assert]   PASS  host-microcode-rev: expected 0x00000000000000f8, observed 0x00000000000000f8
[host-assert]   PASS  mxcsr-mask: expected 0xffff, observed 0xffff
[host-assert]   PASS  maxphyaddr-min: expected >= 39, observed 39
[host-assert]   PASS  rtm-disabled: expected rtm physically absent (the IA32_TSX_CTRL pin is not installed by this skeleton), observed rtm-absent (XBEGIN #UDs; already non-usable)
[host-assert]   PASS  host-absent HRESET: expected absent, observed absent
[host-assert]   PASS  host-absent PCONFIG: expected absent, observed absent
[host-assert]   PASS  host-absent RDPID: expected absent, observed absent
[host-assert]   PASS  host-absent SERIALIZE: expected absent, observed absent
[host-assert]   PASS  host-absent SHA: expected absent, observed absent
[host-assert]   PASS  host-absent TPAUSE: expected absent, observed absent
[host-assert]   PASS  host-absent UMONITOR: expected absent, observed absent
[host-assert]   PASS  host-absent UMWAIT: expected absent, observed absent
[pg] cmdline: console=ttyS0 panic=-1 reboot=t,force tsc=reliable no_timer_check lpj=4000000 nokaslr nosmp maxcpus=1 nox2apic hpet=disable
[vmm-core] msr-exit dir=RDMSR exit-reason=KVM_EXIT_X86_RDMSR index=0x1a0 data=n/a rip=0x1272418 work=73630982 disposition=AllowFixed(6145)
[vmm-core] msr-exit dir=WRMSR exit-reason=KVM_EXIT_X86_WRMSR index=0x8b data=0x0 rip=0xffffffff8128cdf8 work=73632602 disposition=DenyIgnoreWrite
[vmm-core] msr-exit dir=RDMSR exit-reason=KVM_EXIT_X86_RDMSR index=0x8b data=n/a rip=0xffffffff8128ce03 work=73632602 disposition=AllowFixed(4294967296)
[vmm-core] msr-exit dir=RDMSR exit-reason=KVM_EXIT_X86_RDMSR index=0x17 data=n/a rip=0xffffffff8128ce35 work=73632605 disposition=AllowFixed(0)
[vmm-core] msr-exit dir=RDMSR exit-reason=KVM_EXIT_X86_RDMSR index=0x1a0 data=n/a rip=0xffffffff818810c2 work=73635427 disposition=AllowFixed(6145)
[vmm-core] msr-exit dir=WRMSR exit-reason=KVM_EXIT_X86_WRMSR index=0x8b data=0x0 rip=0xffffffff81287e39 work=73638802 disposition=DenyIgnoreWrite
[vmm-core] msr-exit dir=RDMSR exit-reason=KVM_EXIT_X86_RDMSR index=0x8b data=n/a rip=0xffffffff81287e46 work=73638802 disposition=AllowFixed(4294967296)
[vmm-core] msr-exit dir=RDMSR exit-reason=KVM_EXIT_X86_RDMSR index=0x1a0 data=n/a rip=0xffffffff81287d1c work=73638813 disposition=AllowFixed(6145)
[vmm-core] msr-exit dir=RDMSR exit-reason=KVM_EXIT_X86_RDMSR index=0x10a data=n/a rip=0xffffffff8128444b work=73638985 disposition=AllowFixed(167775241)
[vmm-core] msr-exit dir=RDMSR exit-reason=KVM_EXIT_X86_RDMSR index=0x3b data=n/a rip=0xffffffff81296dc7 work=74060614 disposition=EmulateVtime
[vmm-core] msr-exit dir=RDMSR exit-reason=KVM_EXIT_X86_RDMSR index=0xfe data=n/a rip=0xffffffff82ba3479 work=74065364 disposition=AllowFixed(1288)
[vmm-core] msr-exit dir=RDMSR exit-reason=KVM_EXIT_X86_RDMSR index=0xfe data=n/a rip=0xffffffff8128b422 work=74065374 disposition=AllowFixed(1288)
[vmm-core] msr-exit dir=RDMSR exit-reason=KVM_EXIT_X86_RDMSR index=0x1b data=n/a rip=0xffffffff82ba2b76 work=77485987 disposition=AllowFixed(4276095232)
[vmm-core] msr-exit dir=RDMSR exit-reason=KVM_EXIT_X86_RDMSR index=0x10a data=n/a rip=0xffffffff8128444b work=80220026 disposition=AllowFixed(167775241)
[vmm-core] msr-exit dir=RDMSR exit-reason=KVM_EXIT_X86_RDMSR index=0x1b data=n/a rip=0xffffffff81297a36 work=80220029 disposition=AllowFixed(4276095232)
[    0.000000] Linux version 6.18.35 (hypervizor@hypervizor) (gcc (Debian 14.2.0-19) 14.2.0, GNU ld (GNU Binutils for Debian) 2.44) #1 SMP Thu Jan  1 00:00:00 UTC 1970
[    0.000000] Command line: console=ttyS0 panic=-1 reboot=t,force tsc=reliable no_timer_check lpj=4000000 nokaslr nosmp maxcpus=1 nox2apic hpet=disable
[    0.000000] x86/CPU: Running old microcode
[    0.000000] BIOS-provided physical RAM map:
[    0.000000] BIOS-e820: [mem 0x0000000000000000-0x000000000000dfff] usable
[    0.000000] BIOS-e820: [mem 0x000000000000e000-0x000000000000ffff] reserved
[    0.000000] BIOS-e820: [mem 0x0000000000010000-0x000000000009ffff] usable
[    0.000000] BIOS-e820: [mem 0x0000000000100000-0x000000007fffffff] usable
[    0.000000] NX (Execute Disable) protection: active
[    0.000000] APIC: Static calls initialized
[    0.000000] DMI not present or invalid.
[    0.000000] tsc: Detected 2000.000 MHz processor
[    0.000004] last_pfn = 0x80000 max_arch_pfn = 0x400000000
[    0.000004] MTRRs disabled by BIOS
[    0.000005] x86/PAT: Configuration [0-7]: WB  WC  UC- UC  WB  WP  UC- WT  
[    0.000594] Using GB pages for direct mapping
[    0.000774] RAMDISK: [mem 0x7daa1000-0x7fffffff]
[    0.000775] ACPI: Early table checksum verification disabled
[    0.000775] ACPI: RSDP 0x00000000000E0000 000024 (v02 HARMNY)
[    0.000777] ACPI: XSDT 0x00000000000E0040 00002C (v01 HARMNY HARMONYT 00000001 HARM 00000001)
[    0.000779] ACPI: APIC 0x00000000000E0080 000034 (v05 HARMNY HARMONYT 00000001 HARM 00000001)
[    0.000781] ACPI: Reserving APIC table memory at [mem 0xe0080-0xe00b3]
[    0.000784] Zone ranges:
[    0.000785]   DMA      [mem 0x0000000000001000-0x0000000000ffffff]
[    0.000786]   DMA32    [mem 0x0000000001000000-0x000000007fffffff]
[    0.000786]   Normal   empty
[    0.000787]   Device   empty
[    0.000787] Movable zone start for each node
[    0.000788] Early memory node ranges
[    0.000788]   node   0: [mem 0x0000000000001000-0x000000000000dfff]
[    0.000789]   node   0: [mem 0x0000000000010000-0x000000000009ffff]
[    0.000789]   node   0: [mem 0x0000000000100000-0x000000007fffffff]
[    0.000790] Initmem setup node 0 [mem 0x0000000000001000-0x000000007fffffff]
[    0.000792] On node 0, zone DMA: 1 pages in unavailable ranges
[    0.000793] On node 0, zone DMA: 2 pages in unavailable ranges
[    0.000813] On node 0, zone DMA: 96 pages in unavailable ranges
[    0.003425] ACPI: Skipping IOAPIC probe due to 'noapic' option.
[    0.003426] ACPI: Using ACPI for processor (LAPIC) configuration information
[    0.003427] CPU topo: Max. logical packages:   1
[    0.003428] CPU topo: Max. logical dies:       1
[    0.003428] CPU topo: Max. dies per package:   1
[    0.003430] CPU topo: Max. threads per core:   1
[    0.003430] CPU topo: Num. cores per package:     1
[    0.003431] CPU topo: Num. threads per package:   1
[    0.003431] CPU topo: Allowing 1 present CPUs plus 0 hotplug CPUs
[    0.003433] [mem 0x80000000-0xffffffff] available for PCI devices
[    0.003433] Booting paravirtualized kernel on bare hardware
[    0.003434] clocksource: refined-jiffies: mask: 0xffffffff max_cycles: 0xffffffff, max_idle_ns: 19112604462750000 ns
[    0.006017] setup_percpu: NR_CPUS:240 nr_cpumask_bits:1 nr_cpu_ids:1 nr_node_ids:1
[    0.006052] percpu: Embedded 39 pages/cpu s127000 r0 d32744 u2097152
[    0.006059] Kernel command line: console=ttyS0 panic=-1 reboot=t,force tsc=reliable no_timer_check lpj=4000000 nokaslr nosmp maxcpus=1 nox2apic hpet=disable
[    0.006102] Unknown kernel command line parameters "nokaslr", will be passed to user space.
[    0.006103] random: crng init done
[    0.006104] printk: log buffer data + meta data: 131072 + 458752 = 589824 bytes
[    0.006138] Dentry cache hash table entries: 262144 (order: 9, 2097152 bytes, linear)
[    0.006156] Inode-cache hash table entries: 131072 (order: 8, 1048576 bytes, linear)
[    0.006159] Built 1 zonelists, mobility grouping on.  Total pages: 524189
[    0.006160] mem auto-init: stack:all(zero), heap alloc:off, heap free:off
[    0.007791] SLUB: HWalign=64, Order=0-3, MinObjects=0, CPUs=1, Nodes=1
[    0.007807] rcu: Hierarchical RCU implementation.
[    0.007807] rcu: 	RCU event tracing is enabled.
[    0.007807] rcu: 	RCU restricting CPUs from NR_CPUS=240 to nr_cpu_ids=1.
[    0.007808] 	Tracing variant of Tasks RCU enabled.
[    0.007808] rcu: RCU calculated value of scheduler-enlistment delay is 10 jiffies.
[    0.007809] rcu: Adjusting geometry for rcu_fanout_leaf=16, nr_cpu_ids=1
[    0.007810] RCU Tasks Trace: Setting shift to 0 and lim to 1 rcu_task_cb_adjust=1 rcu_task_cpu_ids=1.
[    0.007812] NR_IRQS: 15616, nr_irqs: 32, preallocated irqs: 16
[    0.007945] rcu: srcu_init: Setting srcu_struct sizes based on contention.
[    0.007957] Console: colour dummy device 80x25
[    0.007959] printk: legacy console [ttyS0] enabled
[    0.008013] ACPI: Core revision 20250807
[    0.008018] ACPI: setting ELCR to 0001 (from 0000)
[    0.008020] APIC: Switch to symmetric I/O mode setup
[    0.008021] Not enabling interrupt remapping due to skipped IO-APIC setup
[    0.008022] clocksource: tsc-early: mask: 0xffffffffffffffff max_cycles: 0x39a85c9bff6, max_idle_ns: 881590591483 ns
[vmm-core] msr-exit dir=RDMSR exit-reason=KVM_EXIT_X86_RDMSR index=0x3b data=n/a rip=0xffffffff82b9d57f work=82085643 disposition=EmulateVtime
[    0.008025] Calibrating delay loop (skipped) preset value.. 800.00 BogoMIPS (lpj=4000000)
[vmm-core] msr-exit dir=RDMSR exit-reason=KVM_EXIT_X86_RDMSR index=0x1a0 data=n/a rip=0xffffffff818810c2 work=82087978 disposition=AllowFixed(6145)
[vmm-core] msr-exit dir=WRMSR exit-reason=KVM_EXIT_X86_WRMSR index=0x8b data=0x0 rip=0xffffffff81287e39 work=82088308 disposition=DenyIgnoreWrite
[vmm-core] msr-exit dir=RDMSR exit-reason=KVM_EXIT_X86_RDMSR index=0x8b data=n/a rip=0xffffffff81287e46 work=82088308 disposition=AllowFixed(4294967296)
[vmm-core] msr-exit dir=RDMSR exit-reason=KVM_EXIT_X86_RDMSR index=0x1a0 data=n/a rip=0xffffffff81287d1c work=82088319 disposition=AllowFixed(6145)
[vmm-core] msr-exit dir=RDMSR exit-reason=KVM_EXIT_X86_RDMSR index=0x3a data=n/a rip=0xffffffff812874ee work=82088422 disposition=AllowFixed(1)
[vmm-core] msr-exit dir=RDMSR exit-reason=KVM_EXIT_X86_RDMSR index=0x140 data=n/a rip=0xffffffff81287f65 work=82088726 disposition=DenyGp
[    0.008028] Last level iTLB entries: 4KB 0, 2MB 0, 4MB 0
[    0.008030] Last level dTLB entries: 4KB 0, 2MB 0, 4MB 0, 1GB 0
[vmm-core] msr-exit dir=RDMSR exit-reason=KVM_EXIT_X86_RDMSR index=0x10a data=n/a rip=0xffffffff8128444b work=82092546 disposition=AllowFixed(167775241)
[vmm-core] msr-exit dir=RDMSR exit-reason=KVM_EXIT_X86_RDMSR index=0x10a data=n/a rip=0xffffffff8128444b work=82092618 disposition=AllowFixed(167775241)
[    0.008032] mitigations: Enabled attack vectors: user_kernel, user_user, SMT mitigations: auto
[    0.008034] Speculative Store Bypass: Vulnerable
[    0.008035] SRBDS: Vulnerable: No microcode
[vmm-core] msr-exit dir=RDMSR exit-reason=KVM_EXIT_X86_RDMSR index=0x123 data=n/a rip=0xffffffff81284be2 work=82097366 disposition=DenyGp
[    0.008036] unchecked MSR access error: RDMSR from 0x123 at rIP: 0xffffffff81284be2 (native_read_msr+0x2/0x10)
[    0.008039] Call Trace:
[    0.008040]  <TASK>
[    0.008041]  cpu_select_mitigations+0x969/0x1e40
[    0.008043]  arch_cpu_finalize_init+0xbe/0x140
[    0.008046]  start_kernel+0x54b/0x5d0
[    0.008048]  x86_64_start_reservations+0x20/0x20
[    0.008051]  x86_64_start_kernel+0xc0/0xc0
[    0.008054]  common_startup_64+0x13b/0x148
[    0.008056]  </TASK>
[    0.008057] Spectre V2 : Mitigation: Retpolines
[    0.008058] RETBleed: Vulnerable
[    0.008059] MDS: Vulnerable: Clear CPU buffers attempted, no microcode
[    0.008060] MMIO Stale Data: Vulnerable: Clear CPU buffers attempted, no microcode
[    0.008062] VMSCAPE: Vulnerable
[    0.008063] Spectre V1 : Mitigation: usercopy/swapgs barriers and __user pointer sanitization
[    0.008065] Spectre V2 : Spectre v2 / SpectreRSB: Filling RSB on context switch and VMEXIT
[vmm-core] msr-exit dir=RDMSR exit-reason=KVM_EXIT_X86_RDMSR index=0x123 data=n/a rip=0xffffffff81284e7e work=82128067 disposition=DenyGp
[vmm-core] msr-exit dir=WRMSR exit-reason=KVM_EXIT_X86_WRMSR index=0x123 data=0x0 rip=0xffffffff81284e9c work=82128128 disposition=DenyGp
[    0.008067] unchecked MSR access error: WRMSR to 0x123 (tried to write 0x0000000000000000) at rIP: 0xffffffff81284e9c (update_gds_msr+0x3c/0x80)
[    0.008070] Call Trace:
[    0.008071]  <TASK>
[    0.008072]  cpu_select_mitigations+0x1ae6/0x1e40
[    0.008074]  arch_cpu_finalize_init+0xbe/0x140
[    0.008077]  start_kernel+0x54b/0x5d0
[    0.008080]  x86_64_start_reservations+0x20/0x20
[    0.008083]  x86_64_start_kernel+0xc0/0xc0
[    0.008085]  common_startup_64+0x13b/0x148
[    0.008087]  </TASK>
[vmm-core] msr-exit dir=RDMSR exit-reason=KVM_EXIT_X86_RDMSR index=0x123 data=n/a rip=0xffffffff81284e9e work=82149353 disposition=DenyGp
[    0.008088] GDS: Mitigation: Microcode
[    0.008089] x86/fpu: Supporting XSAVE feature 0x001: 'x87 floating point registers'
[    0.008091] x86/fpu: Supporting XSAVE feature 0x002: 'SSE registers'
[    0.008093] x86/fpu: Supporting XSAVE feature 0x004: 'AVX registers'
[    0.008094] x86/fpu: xstate_offset[2]:  576, xstate_sizes[2]:  256
[    0.008096] x86/fpu: Enabled xstate features 0x7, context size is 832 bytes, using 'standard' format.
[    0.013926] Freeing SMP alternatives memory: 48K
[    0.013927] pid_max: default: 32768 minimum: 301
[    0.013933] LSM: initializing lsm=capability,landlock
[    0.013944] landlock: Up and running.
[    0.013948] Mount-cache hash table entries: 4096 (order: 3, 32768 bytes, linear)
[    0.013950] Mountpoint-cache hash table entries: 4096 (order: 3, 32768 bytes, linear)
[    0.013988] ACPI Warning: AcpiEnable failed (20250807/utxfinit-147)
[    0.013990] ACPI: Unable to enable ACPI
[    0.013995] smpboot: CPU0: Intel Deterministic vCPU (CFL-class) @ 2.00GHz (family: 0x6, model: 0x9e, stepping: 0xc)
[    0.014041] Performance Events: unsupported CPU family 6 model 158 no PMU driver, software events only.
[    0.014046] signal: max sigframe size: 1360
[    0.014052] rcu: Hierarchical SRCU implementation.
[    0.014053] rcu: 	Max phase no-delay instances is 1000.
[    0.014075] smp: Bringing up secondary CPUs ...
[    0.014076] smp: Brought up 1 node, 1 CPU
[    0.014077] smpboot: Total of 1 processors activated (800.00 BogoMIPS)
[    0.014085] Memory: 1986112K/2096756K available (15511K kernel code, 1167K rwdata, 4332K rodata, 2112K init, 2396K bss, 107696K reserved, 0K cma-reserved)
[    0.014123] devtmpfs: initialized
[    0.014133] x86/mm: Memory block size: 128MB
[    0.014250] clocksource: jiffies: mask: 0xffffffff max_cycles: 0xffffffff, max_idle_ns: 19112604462750000 ns
[    0.014252] posixtimers hash table entries: 512 (order: 1, 8192 bytes, linear)
[    0.014255] futex hash table entries: 256 (16384 bytes on 1 NUMA nodes, total 16 KiB, linear).
[    0.014286] NET: Registered PF_NETLINK/PF_ROUTE protocol family
[    0.014320] audit: initializing netlink subsys (disabled)
[    0.014339] thermal_sys: Registered thermal governor 'step_wise'
[    0.014341] audit: type=2000 audit(943920000.000:1): state=initialized audit_enabled=0 res=1
[    0.014344] cpuidle: using governor menu
[    0.014367] PCI: Fatal: No config space access function found
[    0.014405] HugeTLB: registered 1.00 GiB page size, pre-allocated 0 pages
[    0.014407] HugeTLB: 16380 KiB vmemmap can be freed for a 1.00 GiB page
[    0.014409] HugeTLB: registered 2.00 MiB page size, pre-allocated 0 pages
[    0.014410] HugeTLB: 28 KiB vmemmap can be freed for a 2.00 MiB page
[    0.014444] ACPI: Interpreter disabled.
[    0.014447] iommu: Default domain type: Translated
[    0.014449] iommu: DMA domain TLB invalidation policy: lazy mode
[    0.014479] SCSI subsystem initialized
[    0.014482] pps_core: LinuxPPS API ver. 1 registered
[    0.014483] pps_core: Software ver. 5.3.6 - Copyright 2005-2007 Rodolfo Giometti <giometti@linux.it>
[    0.014486] PTP clock support registered
[    0.014560] PCI: System does not support PCI
[    0.014565] vgaarb: loaded
[    0.014578] clocksource: Switched to clocksource tsc-early
[    0.014608] pnp: PnP ACPI: disabled
[    0.014952] NET: Registered PF_INET protocol family
[    0.014959] IP idents hash table entries: 32768 (order: 6, 262144 bytes, linear)
[    0.015052] tcp_listen_portaddr_hash hash table entries: 1024 (order: 2, 16384 bytes, linear)
[    0.015055] Table-perturb hash table entries: 65536 (order: 6, 262144 bytes, linear)
[    0.015058] TCP established hash table entries: 16384 (order: 5, 131072 bytes, linear)
[    0.015076] TCP bind hash table entries: 16384 (order: 7, 524288 bytes, linear)
[    0.015095] TCP: Hash tables configured (established 16384 bind 16384)
[    0.015097] UDP hash table entries: 1024 (order: 4, 65536 bytes, linear)
[    0.015102] UDP-Lite hash table entries: 1024 (order: 4, 65536 bytes, linear)
[    0.015111] NET: Registered PF_UNIX/PF_LOCAL protocol family
[    0.015114] PCI: CLS 0 bytes, default 64
[vmm-core] msr-exit dir=RDMSR exit-reason=KVM_EXIT_X86_RDMSR index=0x606 data=n/a rip=0xffffffff82b91ab4 work=89186923 disposition=DenyGp
[vmm-core] msr-exit dir=RDMSR exit-reason=KVM_EXIT_X86_RDMSR index=0x64e data=n/a rip=0xffffffff81252803 work=89187057 disposition=DenyGp
[vmm-core] msr-exit dir=RDMSR exit-reason=KVM_EXIT_X86_RDMSR index=0x34 data=n/a rip=0xffffffff81252803 work=89187129 disposition=DenyGp
[    0.015142] Trying to unpack rootfs image as initramfs...
[vmm-core] msr-exit dir=RDMSR exit-reason=KVM_EXIT_X86_RDMSR index=0x3fc data=n/a rip=0xffffffff81252803 work=98562447 disposition=DenyGp
[vmm-core] msr-exit dir=RDMSR exit-reason=KVM_EXIT_X86_RDMSR index=0x3fd data=n/a rip=0xffffffff81252803 work=98562515 disposition=DenyGp
[vmm-core] msr-exit dir=RDMSR exit-reason=KVM_EXIT_X86_RDMSR index=0x3fe data=n/a rip=0xffffffff81252803 work=98562583 disposition=DenyGp
[vmm-core] msr-exit dir=RDMSR exit-reason=KVM_EXIT_X86_RDMSR index=0x60d data=n/a rip=0xffffffff81252803 work=98562653 disposition=DenyGp
[vmm-core] msr-exit dir=RDMSR exit-reason=KVM_EXIT_X86_RDMSR index=0x3f8 data=n/a rip=0xffffffff81252803 work=98562721 disposition=DenyGp
[vmm-core] msr-exit dir=RDMSR exit-reason=KVM_EXIT_X86_RDMSR index=0x3f9 data=n/a rip=0xffffffff81252803 work=98562789 disposition=DenyGp
[vmm-core] msr-exit dir=RDMSR exit-reason=KVM_EXIT_X86_RDMSR index=0x3fa data=n/a rip=0xffffffff81252803 work=98562857 disposition=DenyGp
[vmm-core] msr-exit dir=RDMSR exit-reason=KVM_EXIT_X86_RDMSR index=0x630 data=n/a rip=0xffffffff81252803 work=98562925 disposition=DenyGp
[vmm-core] msr-exit dir=RDMSR exit-reason=KVM_EXIT_X86_RDMSR index=0x631 data=n/a rip=0xffffffff81252803 work=98562993 disposition=DenyGp
[vmm-core] msr-exit dir=RDMSR exit-reason=KVM_EXIT_X86_RDMSR index=0x632 data=n/a rip=0xffffffff81252803 work=98563061 disposition=DenyGp
[    0.018025] clocksource: tsc: mask: 0xffffffffffffffff max_cycles: 0x39a85c9bff6, max_idle_ns: 881590591483 ns
[    0.018025] clocksource: Switched to clocksource tsc
[    0.018025] platform rtc_cmos: registered platform RTC device (no PNP device found)
[    0.018025] workingset: timestamp_bits=46 max_order=19 bucket_order=0
[    0.018077] Key type cifs.spnego registered
[    0.018079] Key type cifs.idmap registered
[    0.018085] fuse: init (API version 7.45)
[    0.018140] SGI XFS with security attributes, scrub, repair, no debug enabled
[    0.018164] 9p: Installing v9fs 9p2000 file system support
[    0.020280] NET: Registered PF_ALG protocol family
[    0.020283] Block layer SCSI generic (bsg) driver version 0.4 loaded (major 249)
[    0.028346] Serial: 8250/16550 driver, 4 ports, IRQ sharing disabled
[    0.028360] serial8250: ttyS0 at I/O 0x3f8 (irq = 4, base_baud = 115200) is a 16450
[    0.028796] brd: module loaded
[    0.029057] loop: module loaded
[    0.029078] tun: Universal TUN/TAP device driver, 1.6
[    0.029105] VFIO - User Level meta-driver version: 0.3
[    0.029267] xt_time: kernel timezone is -0000
[    0.029271] IPVS: Registered protocols (TCP, UDP, SCTP, AH, ESP)
[    0.029274] IPVS: Connection hash table configured (size=4096, memory=32Kbytes)
[    0.029291] IPVS: ipvs loaded.
[    0.029292] IPVS: [rr] scheduler registered.
[    0.029293] IPVS: [wrr] scheduler registered.
[    0.029294] IPVS: [lc] scheduler registered.
[    0.029296] IPVS: [wlc] scheduler registered.
[    0.029297] IPVS: [fo] scheduler registered.
[    0.029298] IPVS: [ovf] scheduler registered.
[    0.029299] IPVS: [lblc] scheduler registered.
[    0.029301] IPVS: [lblcr] scheduler registered.
[    0.029302] IPVS: [dh] scheduler registered.
[    0.029303] IPVS: [sh] scheduler registered.
[    0.029304] IPVS: [sed] scheduler registered.
[    0.029305] IPVS: [nq] scheduler registered.
[    0.029307] IPVS: [sip] pe registered.
[    0.029342] Initializing XFRM netlink socket
[    0.029356] NET: Registered PF_INET6 protocol family
[    0.029429] Segment Routing with IPv6
[    0.029432] In-situ OAM (IOAM) with IPv6
[    0.029446] sit: IPv6, IPv4 and MPLS over IPv4 tunneling driver
[    0.029490] NET: Registered PF_PACKET protocol family
[    0.029499] Bridge firewalling registered
[    0.029506] 9pnet: Installing 9P2000 support
[    0.029508] Key type dns_resolver registered
[    0.029520] NET: Registered PF_VSOCK protocol family
[    0.029534] microcode: Current revision: 0x00000001
[vmm-core] msr-exit dir=WRMSR exit-reason=KVM_EXIT_X86_WRMSR index=0x8b data=0x0 rip=0xffffffff8128cdf8 work=110153125 disposition=DenyIgnoreWrite
[vmm-core] msr-exit dir=RDMSR exit-reason=KVM_EXIT_X86_RDMSR index=0x8b data=n/a rip=0xffffffff8128ce03 work=110153125 disposition=AllowFixed(4294967296)
[vmm-core] msr-exit dir=RDMSR exit-reason=KVM_EXIT_X86_RDMSR index=0x17 data=n/a rip=0xffffffff8128ce35 work=110153128 disposition=AllowFixed(0)
[    0.029540] IPI shorthand broadcast: enabled
[    0.030227] sched_clock: Marking stable (28197096, 78531)->(34829050, -6553423)
[    0.030243] registered taskstats version 1
[    0.038833] alg: No test for fips(ansi_cprng) (fips_ansi_cprng)
[    0.341416] Freeing initrd memory: 38268K
[    0.341588] Freeing unused kernel image (initmem) memory: 2112K
[    0.341598] Write protecting the kernel read-only data: 22528k
[    0.341717] Freeing unused kernel image (text/rodata gap) memory: 872K
[    0.341802] Freeing unused kernel image (rodata/data gap) memory: 1812K
[    0.341805] Run /init as init process
PG37: mounting baked ext4 PGDATA (loop, RAM-backed)
[    0.343091] loop0: detected capacity change from 0 to 196608
[    0.343297] EXT4-fs (loop0): mounted filesystem deadbeef-0000-0000-0000-000000000037 r/w with ordered data mode. Quota mode: disabled.
PG37: starting postgres
[pg 108] LOG:  starting PostgreSQL 17.10 (Debian 17.10-0+deb13u1) on x86_64-pc-linux-gnu, compiled by gcc (Debian 14.2.0-19) 14.2.0, 64-bit
[pg 108] LOG:  listening on Unix socket "/tmp/.s.PGSQL.5432"
[pg 116] LOG:  database system was shut down at 2026-06-26 14:37:57 UTC
[pg 108] LOG:  database system is ready to accept connections
PG37: workload begin
row|1|1|1|646ac5fa-ce3a-4049-97b0-42fb548f33ef|1999-11-30 00:00:00.360083+00
row|2|2|3|4e10a782-08f9-49ef-a487-7772c91d0f7d|1999-11-30 00:00:00.360347+00
row|3|3|6|8f91e7c3-85be-4422-af0c-2557bd18932d|1999-11-30 00:00:00.360412+00
row|4|4|10|84f4cabb-29a9-4bdb-aa4d-5cb9a7959e19|1999-11-30 00:00:00.360474+00
row|5|5|15|5c1e5d9b-3c03-45f6-b6e7-4c61463f5c51|1999-11-30 00:00:00.360536+00
row|6|6|21|ea677a41-118c-45d6-9782-17f98edd8e6a|1999-11-30 00:00:00.360599+00
row|7|7|28|8fdedd44-3912-485c-968b-b203dee755c5|1999-11-30 00:00:00.360661+00
row|8|8|36|06547420-fb15-4979-9093-c3eb72940604|1999-11-30 00:00:00.360724+00
row|9|9|45|e9b8449f-6cd2-4fb7-a9c2-8ec7660f934c|1999-11-30 00:00:00.360787+00
row|10|10|55|39f5399f-5440-4b7c-b3e9-2e9b7cece8fe|1999-11-30 00:00:00.36085+00
row|11|11|66|da79ed32-ddf9-4712-b127-94e7cce717ef|1999-11-30 00:00:00.360914+00
row|12|12|78|25a42845-dcfd-4425-b56c-8b0c8be87840|1999-11-30 00:00:00.360977+00
row|13|13|91|685a8be8-f03b-4b29-b0a7-30cd8a1d17de|1999-11-30 00:00:00.361041+00
row|14|14|105|d04b367d-1b46-4d02-a4e2-72b64430fc28|1999-11-30 00:00:00.361105+00
row|15|15|120|e88cc4a5-8374-4227-89ac-4d40976f093d|1999-11-30 00:00:00.36117+00
row|16|16|136|0698399b-4ceb-4993-a1d0-348a8c01db3b|1999-11-30 00:00:00.361234+00
row|17|17|153|1dbfa55e-8a45-491f-a6ed-9d80afa6bdaa|1999-11-30 00:00:00.361298+00
row|18|18|171|96d47bda-7b7c-463a-aa57-6e7ac80bdb00|1999-11-30 00:00:00.361363+00
row|19|19|190|9398f090-5d6b-4734-a5d9-c9a546be0639|1999-11-30 00:00:00.361428+00
row|20|20|210|988f04ec-9b20-466e-bc90-2d122cca55f5|1999-11-30 00:00:00.361494+00
PG37: workload end
server shutting down
[pg 108] LOG:  received fast shutdown request
[pg 108] LOG:  aborting any active transactions
[pg 108] LOG:  background worker "logical replication launcher" (PID 119) exited with exit code 1
[pg 114] LOG:  shutting down
[pg 114] LOG:  checkpoint starting: shutdown immediate
[pg 114] LOG:  checkpoint complete: wrote 47 buffers (1.1%); 0 WAL file(s) added, 0 removed, 0 recycled; write=0.001 s, sync=0.001 s, total=0.001 s; sync files=36, longest=0.001 s, average=0.001 s; distance=145 kB, estimate=145 kB; lsn=0/15112D0, redo lsn=0/15112D0
[pg 108] LOG:  database system is shut down
GUEST_READY
[    0.375392] EXT4-fs (loop0): unmounting filesystem deadbeef-0000-0000-0000-000000000037.
[    0.382473] reboot: Restarting system
[    0.382474] reboot: machine restart

[p1] steps=112633 terminal=Some(Shutdown) pg_ready=true workload_done=true final_row=true uuids=20 GUEST_READY=true step_error=None
[p1] final-row sample: uuid=988f04ec-9b20-466e-bc90-2d122cca55f5 t=1999-11-30 00:00:00.361494+00
[p1] sample UUID (seed 0x0028c0ffee5eedc0): 988f04ec-9b20-466e-bc90-2d122cca55f5
ok
test p2_postgres_deterministic_twice_patched ... [host-assert] CPU-MSR-CONTRACT §1.1 baseline:
[host-assert]   PASS  family-model-stepping: expected 06_9e_0c, observed 06_9e_0c
[host-assert]   PASS  host-microcode-rev: expected 0x00000000000000f8, observed 0x00000000000000f8
[host-assert]   PASS  mxcsr-mask: expected 0xffff, observed 0xffff
[host-assert]   PASS  maxphyaddr-min: expected >= 39, observed 39
[host-assert]   PASS  rtm-disabled: expected rtm physically absent (the IA32_TSX_CTRL pin is not installed by this skeleton), observed rtm-absent (XBEGIN #UDs; already non-usable)
[host-assert]   PASS  host-absent HRESET: expected absent, observed absent
[host-assert]   PASS  host-absent PCONFIG: expected absent, observed absent
[host-assert]   PASS  host-absent RDPID: expected absent, observed absent
[host-assert]   PASS  host-absent SERIALIZE: expected absent, observed absent
[host-assert]   PASS  host-absent SHA: expected absent, observed absent
[host-assert]   PASS  host-absent TPAUSE: expected absent, observed absent
[host-assert]   PASS  host-absent UMONITOR: expected absent, observed absent
[host-assert]   PASS  host-absent UMWAIT: expected absent, observed absent
[vmm-core] msr-exit dir=RDMSR exit-reason=KVM_EXIT_X86_RDMSR index=0x1a0 data=n/a rip=0x1272418 work=73630982 disposition=AllowFixed(6145)
[vmm-core] msr-exit dir=WRMSR exit-reason=KVM_EXIT_X86_WRMSR index=0x8b data=0x0 rip=0xffffffff8128cdf8 work=73632602 disposition=DenyIgnoreWrite
[vmm-core] msr-exit dir=RDMSR exit-reason=KVM_EXIT_X86_RDMSR index=0x8b data=n/a rip=0xffffffff8128ce03 work=73632602 disposition=AllowFixed(4294967296)
[vmm-core] msr-exit dir=RDMSR exit-reason=KVM_EXIT_X86_RDMSR index=0x17 data=n/a rip=0xffffffff8128ce35 work=73632605 disposition=AllowFixed(0)
[vmm-core] msr-exit dir=RDMSR exit-reason=KVM_EXIT_X86_RDMSR index=0x1a0 data=n/a rip=0xffffffff818810c2 work=73635427 disposition=AllowFixed(6145)
[vmm-core] msr-exit dir=WRMSR exit-reason=KVM_EXIT_X86_WRMSR index=0x8b data=0x0 rip=0xffffffff81287e39 work=73638802 disposition=DenyIgnoreWrite
[vmm-core] msr-exit dir=RDMSR exit-reason=KVM_EXIT_X86_RDMSR index=0x8b data=n/a rip=0xffffffff81287e46 work=73638802 disposition=AllowFixed(4294967296)
[vmm-core] msr-exit dir=RDMSR exit-reason=KVM_EXIT_X86_RDMSR index=0x1a0 data=n/a rip=0xffffffff81287d1c work=73638813 disposition=AllowFixed(6145)
[vmm-core] msr-exit dir=RDMSR exit-reason=KVM_EXIT_X86_RDMSR index=0x10a data=n/a rip=0xffffffff8128444b work=73638985 disposition=AllowFixed(167775241)
[vmm-core] msr-exit dir=RDMSR exit-reason=KVM_EXIT_X86_RDMSR index=0x3b data=n/a rip=0xffffffff81296dc7 work=74060614 disposition=EmulateVtime
[vmm-core] msr-exit dir=RDMSR exit-reason=KVM_EXIT_X86_RDMSR index=0xfe data=n/a rip=0xffffffff82ba3479 work=74065364 disposition=AllowFixed(1288)
[vmm-core] msr-exit dir=RDMSR exit-reason=KVM_EXIT_X86_RDMSR index=0xfe data=n/a rip=0xffffffff8128b422 work=74065374 disposition=AllowFixed(1288)
[vmm-core] msr-exit dir=RDMSR exit-reason=KVM_EXIT_X86_RDMSR index=0x1b data=n/a rip=0xffffffff82ba2b76 work=77485987 disposition=AllowFixed(4276095232)
[vmm-core] msr-exit dir=RDMSR exit-reason=KVM_EXIT_X86_RDMSR index=0x10a data=n/a rip=0xffffffff8128444b work=80220026 disposition=AllowFixed(167775241)
[vmm-core] msr-exit dir=RDMSR exit-reason=KVM_EXIT_X86_RDMSR index=0x1b data=n/a rip=0xffffffff81297a36 work=80220029 disposition=AllowFixed(4276095232)
[    0.000000] Linux version 6.18.35 (hypervizor@hypervizor) (gcc (Debian 14.2.0-19) 14.2.0, GNU ld (GNU Binutils for Debian) 2.44) #1 SMP Thu Jan  1 00:00:00 UTC 1970
[    0.000000] Command line: console=ttyS0 panic=-1 reboot=t,force tsc=reliable no_timer_check lpj=4000000 nokaslr nosmp maxcpus=1 nox2apic hpet=disable
[    0.000000] x86/CPU: Running old microcode
[    0.000000] BIOS-provided physical RAM map:
[    0.000000] BIOS-e820: [mem 0x0000000000000000-0x000000000000dfff] usable
[    0.000000] BIOS-e820: [mem 0x000000000000e000-0x000000000000ffff] reserved
[    0.000000] BIOS-e820: [mem 0x0000000000010000-0x000000000009ffff] usable
[    0.000000] BIOS-e820: [mem 0x0000000000100000-0x000000007fffffff] usable
[    0.000000] NX (Execute Disable) protection: active
[    0.000000] APIC: Static calls initialized
[    0.000000] DMI not present or invalid.
[    0.000000] tsc: Detected 2000.000 MHz processor
[    0.000004] last_pfn = 0x80000 max_arch_pfn = 0x400000000
[    0.000004] MTRRs disabled by BIOS
[    0.000005] x86/PAT: Configuration [0-7]: WB  WC  UC- UC  WB  WP  UC- WT  
[    0.000594] Using GB pages for direct mapping
[    0.000774] RAMDISK: [mem 0x7daa1000-0x7fffffff]
[    0.000775] ACPI: Early table checksum verification disabled
[    0.000775] ACPI: RSDP 0x00000000000E0000 000024 (v02 HARMNY)
[    0.000777] ACPI: XSDT 0x00000000000E0040 00002C (v01 HARMNY HARMONYT 00000001 HARM 00000001)
[    0.000779] ACPI: APIC 0x00000000000E0080 000034 (v05 HARMNY HARMONYT 00000001 HARM 00000001)
[    0.000781] ACPI: Reserving APIC table memory at [mem 0xe0080-0xe00b3]
[    0.000784] Zone ranges:
[    0.000785]   DMA      [mem 0x0000000000001000-0x0000000000ffffff]
[    0.000786]   DMA32    [mem 0x0000000001000000-0x000000007fffffff]
[    0.000786]   Normal   empty
[    0.000787]   Device   empty
[    0.000787] Movable zone start for each node
[    0.000788] Early memory node ranges
[    0.000788]   node   0: [mem 0x0000000000001000-0x000000000000dfff]
[    0.000789]   node   0: [mem 0x0000000000010000-0x000000000009ffff]
[    0.000789]   node   0: [mem 0x0000000000100000-0x000000007fffffff]
[    0.000790] Initmem setup node 0 [mem 0x0000000000001000-0x000000007fffffff]
[    0.000792] On node 0, zone DMA: 1 pages in unavailable ranges
[    0.000793] On node 0, zone DMA: 2 pages in unavailable ranges
[    0.000813] On node 0, zone DMA: 96 pages in unavailable ranges
[    0.003425] ACPI: Skipping IOAPIC probe due to 'noapic' option.
[    0.003426] ACPI: Using ACPI for processor (LAPIC) configuration information
[    0.003427] CPU topo: Max. logical packages:   1
[    0.003428] CPU topo: Max. logical dies:       1
[    0.003428] CPU topo: Max. dies per package:   1
[    0.003430] CPU topo: Max. threads per core:   1
[    0.003430] CPU topo: Num. cores per package:     1
[    0.003431] CPU topo: Num. threads per package:   1
[    0.003431] CPU topo: Allowing 1 present CPUs plus 0 hotplug CPUs
[    0.003433] [mem 0x80000000-0xffffffff] available for PCI devices
[    0.003433] Booting paravirtualized kernel on bare hardware
[    0.003434] clocksource: refined-jiffies: mask: 0xffffffff max_cycles: 0xffffffff, max_idle_ns: 19112604462750000 ns
[    0.006017] setup_percpu: NR_CPUS:240 nr_cpumask_bits:1 nr_cpu_ids:1 nr_node_ids:1
[    0.006052] percpu: Embedded 39 pages/cpu s127000 r0 d32744 u2097152
[    0.006059] Kernel command line: console=ttyS0 panic=-1 reboot=t,force tsc=reliable no_timer_check lpj=4000000 nokaslr nosmp maxcpus=1 nox2apic hpet=disable
[    0.006102] Unknown kernel command line parameters "nokaslr", will be passed to user space.
[    0.006103] random: crng init done
[    0.006104] printk: log buffer data + meta data: 131072 + 458752 = 589824 bytes
[    0.006138] Dentry cache hash table entries: 262144 (order: 9, 2097152 bytes, linear)
[    0.006156] Inode-cache hash table entries: 131072 (order: 8, 1048576 bytes, linear)
[    0.006159] Built 1 zonelists, mobility grouping on.  Total pages: 524189
[    0.006160] mem auto-init: stack:all(zero), heap alloc:off, heap free:off
[    0.007791] SLUB: HWalign=64, Order=0-3, MinObjects=0, CPUs=1, Nodes=1
[    0.007807] rcu: Hierarchical RCU implementation.
[    0.007807] rcu: 	RCU event tracing is enabled.
[    0.007807] rcu: 	RCU restricting CPUs from NR_CPUS=240 to nr_cpu_ids=1.
[    0.007808] 	Tracing variant of Tasks RCU enabled.
[    0.007808] rcu: RCU calculated value of scheduler-enlistment delay is 10 jiffies.
[    0.007809] rcu: Adjusting geometry for rcu_fanout_leaf=16, nr_cpu_ids=1
[    0.007810] RCU Tasks Trace: Setting shift to 0 and lim to 1 rcu_task_cb_adjust=1 rcu_task_cpu_ids=1.
[    0.007812] NR_IRQS: 15616, nr_irqs: 32, preallocated irqs: 16
[    0.007945] rcu: srcu_init: Setting srcu_struct sizes based on contention.
[    0.007957] Console: colour dummy device 80x25
[    0.007959] printk: legacy console [ttyS0] enabled
[    0.008013] ACPI: Core revision 20250807
[    0.008018] ACPI: setting ELCR to 0001 (from 0000)
[    0.008020] APIC: Switch to symmetric I/O mode setup
[    0.008021] Not enabling interrupt remapping due to skipped IO-APIC setup
[    0.008022] clocksource: tsc-early: mask: 0xffffffffffffffff max_cycles: 0x39a85c9bff6, max_idle_ns: 881590591483 ns
[vmm-core] msr-exit dir=RDMSR exit-reason=KVM_EXIT_X86_RDMSR index=0x3b data=n/a rip=0xffffffff82b9d57f work=82085643 disposition=EmulateVtime
[    0.008025] Calibrating delay loop (skipped) preset value.. 800.00 BogoMIPS (lpj=4000000)
[vmm-core] msr-exit dir=RDMSR exit-reason=KVM_EXIT_X86_RDMSR index=0x1a0 data=n/a rip=0xffffffff818810c2 work=82087978 disposition=AllowFixed(6145)
[vmm-core] msr-exit dir=WRMSR exit-reason=KVM_EXIT_X86_WRMSR index=0x8b data=0x0 rip=0xffffffff81287e39 work=82088308 disposition=DenyIgnoreWrite
[vmm-core] msr-exit dir=RDMSR exit-reason=KVM_EXIT_X86_RDMSR index=0x8b data=n/a rip=0xffffffff81287e46 work=82088308 disposition=AllowFixed(4294967296)
[vmm-core] msr-exit dir=RDMSR exit-reason=KVM_EXIT_X86_RDMSR index=0x1a0 data=n/a rip=0xffffffff81287d1c work=82088319 disposition=AllowFixed(6145)
[vmm-core] msr-exit dir=RDMSR exit-reason=KVM_EXIT_X86_RDMSR index=0x3a data=n/a rip=0xffffffff812874ee work=82088422 disposition=AllowFixed(1)
[vmm-core] msr-exit dir=RDMSR exit-reason=KVM_EXIT_X86_RDMSR index=0x140 data=n/a rip=0xffffffff81287f65 work=82088726 disposition=DenyGp
[    0.008028] Last level iTLB entries: 4KB 0, 2MB 0, 4MB 0
[    0.008030] Last level dTLB entries: 4KB 0, 2MB 0, 4MB 0, 1GB 0
[vmm-core] msr-exit dir=RDMSR exit-reason=KVM_EXIT_X86_RDMSR index=0x10a data=n/a rip=0xffffffff8128444b work=82092546 disposition=AllowFixed(167775241)
[vmm-core] msr-exit dir=RDMSR exit-reason=KVM_EXIT_X86_RDMSR index=0x10a data=n/a rip=0xffffffff8128444b work=82092618 disposition=AllowFixed(167775241)
[    0.008032] mitigations: Enabled attack vectors: user_kernel, user_user, SMT mitigations: auto
[    0.008034] Speculative Store Bypass: Vulnerable
[    0.008035] SRBDS: Vulnerable: No microcode
[vmm-core] msr-exit dir=RDMSR exit-reason=KVM_EXIT_X86_RDMSR index=0x123 data=n/a rip=0xffffffff81284be2 work=82097366 disposition=DenyGp
[    0.008036] unchecked MSR access error: RDMSR from 0x123 at rIP: 0xffffffff81284be2 (native_read_msr+0x2/0x10)
[    0.008039] Call Trace:
[    0.008040]  <TASK>
[    0.008041]  cpu_select_mitigations+0x969/0x1e40
[    0.008043]  arch_cpu_finalize_init+0xbe/0x140
[    0.008046]  start_kernel+0x54b/0x5d0
[    0.008048]  x86_64_start_reservations+0x20/0x20
[    0.008051]  x86_64_start_kernel+0xc0/0xc0
[    0.008054]  common_startup_64+0x13b/0x148
[    0.008056]  </TASK>
[    0.008057] Spectre V2 : Mitigation: Retpolines
[    0.008058] RETBleed: Vulnerable
[    0.008059] MDS: Vulnerable: Clear CPU buffers attempted, no microcode
[    0.008060] MMIO Stale Data: Vulnerable: Clear CPU buffers attempted, no microcode
[    0.008062] VMSCAPE: Vulnerable
[    0.008063] Spectre V1 : Mitigation: usercopy/swapgs barriers and __user pointer sanitization
[    0.008065] Spectre V2 : Spectre v2 / SpectreRSB: Filling RSB on context switch and VMEXIT
[vmm-core] msr-exit dir=RDMSR exit-reason=KVM_EXIT_X86_RDMSR index=0x123 data=n/a rip=0xffffffff81284e7e work=82128067 disposition=DenyGp
[vmm-core] msr-exit dir=WRMSR exit-reason=KVM_EXIT_X86_WRMSR index=0x123 data=0x0 rip=0xffffffff81284e9c work=82128128 disposition=DenyGp
[    0.008067] unchecked MSR access error: WRMSR to 0x123 (tried to write 0x0000000000000000) at rIP: 0xffffffff81284e9c (update_gds_msr+0x3c/0x80)
[    0.008070] Call Trace:
[    0.008071]  <TASK>
[    0.008072]  cpu_select_mitigations+0x1ae6/0x1e40
[    0.008074]  arch_cpu_finalize_init+0xbe/0x140
[    0.008077]  start_kernel+0x54b/0x5d0
[    0.008080]  x86_64_start_reservations+0x20/0x20
[    0.008083]  x86_64_start_kernel+0xc0/0xc0
[    0.008085]  common_startup_64+0x13b/0x148
[    0.008087]  </TASK>
[vmm-core] msr-exit dir=RDMSR exit-reason=KVM_EXIT_X86_RDMSR index=0x123 data=n/a rip=0xffffffff81284e9e work=82149353 disposition=DenyGp
[    0.008088] GDS: Mitigation: Microcode
[    0.008089] x86/fpu: Supporting XSAVE feature 0x001: 'x87 floating point registers'
[    0.008091] x86/fpu: Supporting XSAVE feature 0x002: 'SSE registers'
[    0.008093] x86/fpu: Supporting XSAVE feature 0x004: 'AVX registers'
[    0.008094] x86/fpu: xstate_offset[2]:  576, xstate_sizes[2]:  256
[    0.008096] x86/fpu: Enabled xstate features 0x7, context size is 832 bytes, using 'standard' format.
[    0.013926] Freeing SMP alternatives memory: 48K
[    0.013927] pid_max: default: 32768 minimum: 301
[    0.013933] LSM: initializing lsm=capability,landlock
[    0.013944] landlock: Up and running.
[    0.013948] Mount-cache hash table entries: 4096 (order: 3, 32768 bytes, linear)
[    0.013950] Mountpoint-cache hash table entries: 4096 (order: 3, 32768 bytes, linear)
[    0.013988] ACPI Warning: AcpiEnable failed (20250807/utxfinit-147)
[    0.013990] ACPI: Unable to enable ACPI
[    0.013995] smpboot: CPU0: Intel Deterministic vCPU (CFL-class) @ 2.00GHz (family: 0x6, model: 0x9e, stepping: 0xc)
[    0.014041] Performance Events: unsupported CPU family 6 model 158 no PMU driver, software events only.
[    0.014046] signal: max sigframe size: 1360
[    0.014052] rcu: Hierarchical SRCU implementation.
[    0.014053] rcu: 	Max phase no-delay instances is 1000.
[    0.014075] smp: Bringing up secondary CPUs ...
[    0.014076] smp: Brought up 1 node, 1 CPU
[    0.014077] smpboot: Total of 1 processors activated (800.00 BogoMIPS)
[    0.014085] Memory: 1986112K/2096756K available (15511K kernel code, 1167K rwdata, 4332K rodata, 2112K init, 2396K bss, 107696K reserved, 0K cma-reserved)
[    0.014123] devtmpfs: initialized
[    0.014133] x86/mm: Memory block size: 128MB
[    0.014250] clocksource: jiffies: mask: 0xffffffff max_cycles: 0xffffffff, max_idle_ns: 19112604462750000 ns
[    0.014252] posixtimers hash table entries: 512 (order: 1, 8192 bytes, linear)
[    0.014255] futex hash table entries: 256 (16384 bytes on 1 NUMA nodes, total 16 KiB, linear).
[    0.014286] NET: Registered PF_NETLINK/PF_ROUTE protocol family
[    0.014320] audit: initializing netlink subsys (disabled)
[    0.014339] thermal_sys: Registered thermal governor 'step_wise'
[    0.014341] audit: type=2000 audit(943920000.000:1): state=initialized audit_enabled=0 res=1
[    0.014344] cpuidle: using governor menu
[    0.014367] PCI: Fatal: No config space access function found
[    0.014405] HugeTLB: registered 1.00 GiB page size, pre-allocated 0 pages
[    0.014407] HugeTLB: 16380 KiB vmemmap can be freed for a 1.00 GiB page
[    0.014409] HugeTLB: registered 2.00 MiB page size, pre-allocated 0 pages
[    0.014410] HugeTLB: 28 KiB vmemmap can be freed for a 2.00 MiB page
[    0.014444] ACPI: Interpreter disabled.
[    0.014447] iommu: Default domain type: Translated
[    0.014449] iommu: DMA domain TLB invalidation policy: lazy mode
[    0.014479] SCSI subsystem initialized
[    0.014482] pps_core: LinuxPPS API ver. 1 registered
[    0.014483] pps_core: Software ver. 5.3.6 - Copyright 2005-2007 Rodolfo Giometti <giometti@linux.it>
[    0.014486] PTP clock support registered
[    0.014560] PCI: System does not support PCI
[    0.014565] vgaarb: loaded
[    0.014578] clocksource: Switched to clocksource tsc-early
[    0.014608] pnp: PnP ACPI: disabled
[    0.014952] NET: Registered PF_INET protocol family
[    0.014959] IP idents hash table entries: 32768 (order: 6, 262144 bytes, linear)
[    0.015052] tcp_listen_portaddr_hash hash table entries: 1024 (order: 2, 16384 bytes, linear)
[    0.015055] Table-perturb hash table entries: 65536 (order: 6, 262144 bytes, linear)
[    0.015058] TCP established hash table entries: 16384 (order: 5, 131072 bytes, linear)
[    0.015076] TCP bind hash table entries: 16384 (order: 7, 524288 bytes, linear)
[    0.015095] TCP: Hash tables configured (established 16384 bind 16384)
[    0.015097] UDP hash table entries: 1024 (order: 4, 65536 bytes, linear)
[    0.015102] UDP-Lite hash table entries: 1024 (order: 4, 65536 bytes, linear)
[    0.015111] NET: Registered PF_UNIX/PF_LOCAL protocol family
[    0.015114] PCI: CLS 0 bytes, default 64
[vmm-core] msr-exit dir=RDMSR exit-reason=KVM_EXIT_X86_RDMSR index=0x606 data=n/a rip=0xffffffff82b91ab4 work=89186923 disposition=DenyGp
[vmm-core] msr-exit dir=RDMSR exit-reason=KVM_EXIT_X86_RDMSR index=0x64e data=n/a rip=0xffffffff81252803 work=89187057 disposition=DenyGp
[vmm-core] msr-exit dir=RDMSR exit-reason=KVM_EXIT_X86_RDMSR index=0x34 data=n/a rip=0xffffffff81252803 work=89187129 disposition=DenyGp
[    0.015142] Trying to unpack rootfs image as initramfs...
[vmm-core] msr-exit dir=RDMSR exit-reason=KVM_EXIT_X86_RDMSR index=0x3fc data=n/a rip=0xffffffff81252803 work=98562447 disposition=DenyGp
[vmm-core] msr-exit dir=RDMSR exit-reason=KVM_EXIT_X86_RDMSR index=0x3fd data=n/a rip=0xffffffff81252803 work=98562515 disposition=DenyGp
[vmm-core] msr-exit dir=RDMSR exit-reason=KVM_EXIT_X86_RDMSR index=0x3fe data=n/a rip=0xffffffff81252803 work=98562583 disposition=DenyGp
[vmm-core] msr-exit dir=RDMSR exit-reason=KVM_EXIT_X86_RDMSR index=0x60d data=n/a rip=0xffffffff81252803 work=98562653 disposition=DenyGp
[vmm-core] msr-exit dir=RDMSR exit-reason=KVM_EXIT_X86_RDMSR index=0x3f8 data=n/a rip=0xffffffff81252803 work=98562721 disposition=DenyGp
[vmm-core] msr-exit dir=RDMSR exit-reason=KVM_EXIT_X86_RDMSR index=0x3f9 data=n/a rip=0xffffffff81252803 work=98562789 disposition=DenyGp
[vmm-core] msr-exit dir=RDMSR exit-reason=KVM_EXIT_X86_RDMSR index=0x3fa data=n/a rip=0xffffffff81252803 work=98562857 disposition=DenyGp
[vmm-core] msr-exit dir=RDMSR exit-reason=KVM_EXIT_X86_RDMSR index=0x630 data=n/a rip=0xffffffff81252803 work=98562925 disposition=DenyGp
[vmm-core] msr-exit dir=RDMSR exit-reason=KVM_EXIT_X86_RDMSR index=0x631 data=n/a rip=0xffffffff81252803 work=98562993 disposition=DenyGp
[vmm-core] msr-exit dir=RDMSR exit-reason=KVM_EXIT_X86_RDMSR index=0x632 data=n/a rip=0xffffffff81252803 work=98563061 disposition=DenyGp
[    0.018025] clocksource: tsc: mask: 0xffffffffffffffff max_cycles: 0x39a85c9bff6, max_idle_ns: 881590591483 ns
[    0.018025] clocksource: Switched to clocksource tsc
[    0.018025] platform rtc_cmos: registered platform RTC device (no PNP device found)
[    0.018025] workingset: timestamp_bits=46 max_order=19 bucket_order=0
[    0.018077] Key type cifs.spnego registered
[    0.018079] Key type cifs.idmap registered
[    0.018085] fuse: init (API version 7.45)
[    0.018140] SGI XFS with security attributes, scrub, repair, no debug enabled
[    0.018164] 9p: Installing v9fs 9p2000 file system support
[    0.020280] NET: Registered PF_ALG protocol family
[    0.020283] Block layer SCSI generic (bsg) driver version 0.4 loaded (major 249)
[    0.028346] Serial: 8250/16550 driver, 4 ports, IRQ sharing disabled
[    0.028360] serial8250: ttyS0 at I/O 0x3f8 (irq = 4, base_baud = 115200) is a 16450
[    0.028796] brd: module loaded
[    0.029057] loop: module loaded
[    0.029078] tun: Universal TUN/TAP device driver, 1.6
[    0.029105] VFIO - User Level meta-driver version: 0.3
[    0.029267] xt_time: kernel timezone is -0000
[    0.029271] IPVS: Registered protocols (TCP, UDP, SCTP, AH, ESP)
[    0.029274] IPVS: Connection hash table configured (size=4096, memory=32Kbytes)
[    0.029291] IPVS: ipvs loaded.
[    0.029292] IPVS: [rr] scheduler registered.
[    0.029293] IPVS: [wrr] scheduler registered.
[    0.029294] IPVS: [lc] scheduler registered.
[    0.029296] IPVS: [wlc] scheduler registered.
[    0.029297] IPVS: [fo] scheduler registered.
[    0.029298] IPVS: [ovf] scheduler registered.
[    0.029299] IPVS: [lblc] scheduler registered.
[    0.029301] IPVS: [lblcr] scheduler registered.
[    0.029302] IPVS: [dh] scheduler registered.
[    0.029303] IPVS: [sh] scheduler registered.
[    0.029304] IPVS: [sed] scheduler registered.
[    0.029305] IPVS: [nq] scheduler registered.
[    0.029307] IPVS: [sip] pe registered.
[    0.029342] Initializing XFRM netlink socket
[    0.029356] NET: Registered PF_INET6 protocol family
[    0.029429] Segment Routing with IPv6
[    0.029432] In-situ OAM (IOAM) with IPv6
[    0.029446] sit: IPv6, IPv4 and MPLS over IPv4 tunneling driver
[    0.029490] NET: Registered PF_PACKET protocol family
[    0.029499] Bridge firewalling registered
[    0.029506] 9pnet: Installing 9P2000 support
[    0.029508] Key type dns_resolver registered
[    0.029520] NET: Registered PF_VSOCK protocol family
[    0.029534] microcode: Current revision: 0x00000001
[vmm-core] msr-exit dir=WRMSR exit-reason=KVM_EXIT_X86_WRMSR index=0x8b data=0x0 rip=0xffffffff8128cdf8 work=110153125 disposition=DenyIgnoreWrite
[vmm-core] msr-exit dir=RDMSR exit-reason=KVM_EXIT_X86_RDMSR index=0x8b data=n/a rip=0xffffffff8128ce03 work=110153125 disposition=AllowFixed(4294967296)
[vmm-core] msr-exit dir=RDMSR exit-reason=KVM_EXIT_X86_RDMSR index=0x17 data=n/a rip=0xffffffff8128ce35 work=110153128 disposition=AllowFixed(0)
[    0.029540] IPI shorthand broadcast: enabled
[    0.030227] sched_clock: Marking stable (28197096, 78531)->(34829050, -6553423)
[    0.030243] registered taskstats version 1
[    0.038833] alg: No test for fips(ansi_cprng) (fips_ansi_cprng)
[    0.341416] Freeing initrd memory: 38268K
[    0.341588] Freeing unused kernel image (initmem) memory: 2112K
[    0.341598] Write protecting the kernel read-only data: 22528k
[    0.341717] Freeing unused kernel image (text/rodata gap) memory: 872K
[    0.341802] Freeing unused kernel image (rodata/data gap) memory: 1812K
[    0.341805] Run /init as init process
PG37: mounting baked ext4 PGDATA (loop, RAM-backed)
[    0.343091] loop0: detected capacity change from 0 to 196608
[    0.343297] EXT4-fs (loop0): mounted filesystem deadbeef-0000-0000-0000-000000000037 r/w with ordered data mode. Quota mode: disabled.
PG37: starting postgres
[pg 108] LOG:  starting PostgreSQL 17.10 (Debian 17.10-0+deb13u1) on x86_64-pc-linux-gnu, compiled by gcc (Debian 14.2.0-19) 14.2.0, 64-bit
[pg 108] LOG:  listening on Unix socket "/tmp/.s.PGSQL.5432"
[pg 116] LOG:  database system was shut down at 2026-06-26 14:37:57 UTC
[pg 108] LOG:  database system is ready to accept connections
PG37: workload begin
row|1|1|1|646ac5fa-ce3a-4049-97b0-42fb548f33ef|1999-11-30 00:00:00.360083+00
row|2|2|3|4e10a782-08f9-49ef-a487-7772c91d0f7d|1999-11-30 00:00:00.360347+00
row|3|3|6|8f91e7c3-85be-4422-af0c-2557bd18932d|1999-11-30 00:00:00.360412+00
row|4|4|10|84f4cabb-29a9-4bdb-aa4d-5cb9a7959e19|1999-11-30 00:00:00.360474+00
row|5|5|15|5c1e5d9b-3c03-45f6-b6e7-4c61463f5c51|1999-11-30 00:00:00.360536+00
row|6|6|21|ea677a41-118c-45d6-9782-17f98edd8e6a|1999-11-30 00:00:00.360599+00
row|7|7|28|8fdedd44-3912-485c-968b-b203dee755c5|1999-11-30 00:00:00.360661+00
row|8|8|36|06547420-fb15-4979-9093-c3eb72940604|1999-11-30 00:00:00.360724+00
row|9|9|45|e9b8449f-6cd2-4fb7-a9c2-8ec7660f934c|1999-11-30 00:00:00.360787+00
row|10|10|55|39f5399f-5440-4b7c-b3e9-2e9b7cece8fe|1999-11-30 00:00:00.36085+00
row|11|11|66|da79ed32-ddf9-4712-b127-94e7cce717ef|1999-11-30 00:00:00.360914+00
row|12|12|78|25a42845-dcfd-4425-b56c-8b0c8be87840|1999-11-30 00:00:00.360977+00
row|13|13|91|685a8be8-f03b-4b29-b0a7-30cd8a1d17de|1999-11-30 00:00:00.361041+00
row|14|14|105|d04b367d-1b46-4d02-a4e2-72b64430fc28|1999-11-30 00:00:00.361105+00
row|15|15|120|e88cc4a5-8374-4227-89ac-4d40976f093d|1999-11-30 00:00:00.36117+00
row|16|16|136|0698399b-4ceb-4993-a1d0-348a8c01db3b|1999-11-30 00:00:00.361234+00
row|17|17|153|1dbfa55e-8a45-491f-a6ed-9d80afa6bdaa|1999-11-30 00:00:00.361298+00
row|18|18|171|96d47bda-7b7c-463a-aa57-6e7ac80bdb00|1999-11-30 00:00:00.361363+00
row|19|19|190|9398f090-5d6b-4734-a5d9-c9a546be0639|1999-11-30 00:00:00.361428+00
row|20|20|210|988f04ec-9b20-466e-bc90-2d122cca55f5|1999-11-30 00:00:00.361494+00
PG37: workload end
server shutting down
[pg 108] LOG:  received fast shutdown request
[pg 108] LOG:  aborting any active transactions
[pg 108] LOG:  background worker "logical replication launcher" (PID 119) exited with exit code 1
[pg 114] LOG:  shutting down
[pg 114] LOG:  checkpoint starting: shutdown immediate
[pg 114] LOG:  checkpoint complete: wrote 47 buffers (1.1%); 0 WAL file(s) added, 0 removed, 0 recycled; write=0.001 s, sync=0.001 s, total=0.001 s; sync files=36, longest=0.001 s, average=0.001 s; distance=145 kB, estimate=145 kB; lsn=0/15112D0, redo lsn=0/15112D0
[pg 108] LOG:  database system is shut down
GUEST_READY
[    0.375392] EXT4-fs (loop0): unmounting filesystem deadbeef-0000-0000-0000-000000000037.
[    0.382473] reboot: Restarting system
[    0.382474] reboot: machine restart

[p2 run A] steps=112633 terminal=Some(Shutdown) pg_ready=true workload_done=true final_row=true uuids=20 GUEST_READY=true step_error=None
[p2 run A] final-row sample: uuid=988f04ec-9b20-466e-bc90-2d122cca55f5 t=1999-11-30 00:00:00.361494+00
[vmm-core] msr-exit dir=RDMSR exit-reason=KVM_EXIT_X86_RDMSR index=0x1a0 data=n/a rip=0x1272418 work=73630982 disposition=AllowFixed(6145)
[vmm-core] msr-exit dir=WRMSR exit-reason=KVM_EXIT_X86_WRMSR index=0x8b data=0x0 rip=0xffffffff8128cdf8 work=73632602 disposition=DenyIgnoreWrite
[vmm-core] msr-exit dir=RDMSR exit-reason=KVM_EXIT_X86_RDMSR index=0x8b data=n/a rip=0xffffffff8128ce03 work=73632602 disposition=AllowFixed(4294967296)
[vmm-core] msr-exit dir=RDMSR exit-reason=KVM_EXIT_X86_RDMSR index=0x17 data=n/a rip=0xffffffff8128ce35 work=73632605 disposition=AllowFixed(0)
[vmm-core] msr-exit dir=RDMSR exit-reason=KVM_EXIT_X86_RDMSR index=0x1a0 data=n/a rip=0xffffffff818810c2 work=73635427 disposition=AllowFixed(6145)
[vmm-core] msr-exit dir=WRMSR exit-reason=KVM_EXIT_X86_WRMSR index=0x8b data=0x0 rip=0xffffffff81287e39 work=73638802 disposition=DenyIgnoreWrite
[vmm-core] msr-exit dir=RDMSR exit-reason=KVM_EXIT_X86_RDMSR index=0x8b data=n/a rip=0xffffffff81287e46 work=73638802 disposition=AllowFixed(4294967296)
[vmm-core] msr-exit dir=RDMSR exit-reason=KVM_EXIT_X86_RDMSR index=0x1a0 data=n/a rip=0xffffffff81287d1c work=73638813 disposition=AllowFixed(6145)
[vmm-core] msr-exit dir=RDMSR exit-reason=KVM_EXIT_X86_RDMSR index=0x10a data=n/a rip=0xffffffff8128444b work=73638985 disposition=AllowFixed(167775241)
[vmm-core] msr-exit dir=RDMSR exit-reason=KVM_EXIT_X86_RDMSR index=0x3b data=n/a rip=0xffffffff81296dc7 work=74060614 disposition=EmulateVtime
[vmm-core] msr-exit dir=RDMSR exit-reason=KVM_EXIT_X86_RDMSR index=0xfe data=n/a rip=0xffffffff82ba3479 work=74065364 disposition=AllowFixed(1288)
[vmm-core] msr-exit dir=RDMSR exit-reason=KVM_EXIT_X86_RDMSR index=0xfe data=n/a rip=0xffffffff8128b422 work=74065374 disposition=AllowFixed(1288)
[vmm-core] msr-exit dir=RDMSR exit-reason=KVM_EXIT_X86_RDMSR index=0x1b data=n/a rip=0xffffffff82ba2b76 work=77485987 disposition=AllowFixed(4276095232)
[vmm-core] msr-exit dir=RDMSR exit-reason=KVM_EXIT_X86_RDMSR index=0x10a data=n/a rip=0xffffffff8128444b work=80220026 disposition=AllowFixed(167775241)
[vmm-core] msr-exit dir=RDMSR exit-reason=KVM_EXIT_X86_RDMSR index=0x1b data=n/a rip=0xffffffff81297a36 work=80220029 disposition=AllowFixed(4276095232)
[    0.000000] Linux version 6.18.35 (hypervizor@hypervizor) (gcc (Debian 14.2.0-19) 14.2.0, GNU ld (GNU Binutils for Debian) 2.44) #1 SMP Thu Jan  1 00:00:00 UTC 1970
[    0.000000] Command line: console=ttyS0 panic=-1 reboot=t,force tsc=reliable no_timer_check lpj=4000000 nokaslr nosmp maxcpus=1 nox2apic hpet=disable
[    0.000000] x86/CPU: Running old microcode
[    0.000000] BIOS-provided physical RAM map:
[    0.000000] BIOS-e820: [mem 0x0000000000000000-0x000000000000dfff] usable
[    0.000000] BIOS-e820: [mem 0x000000000000e000-0x000000000000ffff] reserved
[    0.000000] BIOS-e820: [mem 0x0000000000010000-0x000000000009ffff] usable
[    0.000000] BIOS-e820: [mem 0x0000000000100000-0x000000007fffffff] usable
[    0.000000] NX (Execute Disable) protection: active
[    0.000000] APIC: Static calls initialized
[    0.000000] DMI not present or invalid.
[    0.000000] tsc: Detected 2000.000 MHz processor
[    0.000004] last_pfn = 0x80000 max_arch_pfn = 0x400000000
[    0.000004] MTRRs disabled by BIOS
[    0.000005] x86/PAT: Configuration [0-7]: WB  WC  UC- UC  WB  WP  UC- WT  
[    0.000594] Using GB pages for direct mapping
[    0.000774] RAMDISK: [mem 0x7daa1000-0x7fffffff]
[    0.000775] ACPI: Early table checksum verification disabled
[    0.000775] ACPI: RSDP 0x00000000000E0000 000024 (v02 HARMNY)
[    0.000777] ACPI: XSDT 0x00000000000E0040 00002C (v01 HARMNY HARMONYT 00000001 HARM 00000001)
[    0.000779] ACPI: APIC 0x00000000000E0080 000034 (v05 HARMNY HARMONYT 00000001 HARM 00000001)
[    0.000781] ACPI: Reserving APIC table memory at [mem 0xe0080-0xe00b3]
[    0.000784] Zone ranges:
[    0.000785]   DMA      [mem 0x0000000000001000-0x0000000000ffffff]
[    0.000786]   DMA32    [mem 0x0000000001000000-0x000000007fffffff]
[    0.000786]   Normal   empty
[    0.000787]   Device   empty
[    0.000787] Movable zone start for each node
[    0.000788] Early memory node ranges
[    0.000788]   node   0: [mem 0x0000000000001000-0x000000000000dfff]
[    0.000789]   node   0: [mem 0x0000000000010000-0x000000000009ffff]
[    0.000789]   node   0: [mem 0x0000000000100000-0x000000007fffffff]
[    0.000790] Initmem setup node 0 [mem 0x0000000000001000-0x000000007fffffff]
[    0.000792] On node 0, zone DMA: 1 pages in unavailable ranges
[    0.000793] On node 0, zone DMA: 2 pages in unavailable ranges
[    0.000813] On node 0, zone DMA: 96 pages in unavailable ranges
[    0.003425] ACPI: Skipping IOAPIC probe due to 'noapic' option.
[    0.003426] ACPI: Using ACPI for processor (LAPIC) configuration information
[    0.003427] CPU topo: Max. logical packages:   1
[    0.003428] CPU topo: Max. logical dies:       1
[    0.003428] CPU topo: Max. dies per package:   1
[    0.003430] CPU topo: Max. threads per core:   1
[    0.003430] CPU topo: Num. cores per package:     1
[    0.003431] CPU topo: Num. threads per package:   1
[    0.003431] CPU topo: Allowing 1 present CPUs plus 0 hotplug CPUs
[    0.003433] [mem 0x80000000-0xffffffff] available for PCI devices
[    0.003433] Booting paravirtualized kernel on bare hardware
[    0.003434] clocksource: refined-jiffies: mask: 0xffffffff max_cycles: 0xffffffff, max_idle_ns: 19112604462750000 ns
[    0.006017] setup_percpu: NR_CPUS:240 nr_cpumask_bits:1 nr_cpu_ids:1 nr_node_ids:1
[    0.006052] percpu: Embedded 39 pages/cpu s127000 r0 d32744 u2097152
[    0.006059] Kernel command line: console=ttyS0 panic=-1 reboot=t,force tsc=reliable no_timer_check lpj=4000000 nokaslr nosmp maxcpus=1 nox2apic hpet=disable
[    0.006102] Unknown kernel command line parameters "nokaslr", will be passed to user space.
[    0.006103] random: crng init done
[    0.006104] printk: log buffer data + meta data: 131072 + 458752 = 589824 bytes
[    0.006138] Dentry cache hash table entries: 262144 (order: 9, 2097152 bytes, linear)
[    0.006156] Inode-cache hash table entries: 131072 (order: 8, 1048576 bytes, linear)
[    0.006159] Built 1 zonelists, mobility grouping on.  Total pages: 524189
[    0.006160] mem auto-init: stack:all(zero), heap alloc:off, heap free:off
[    0.007791] SLUB: HWalign=64, Order=0-3, MinObjects=0, CPUs=1, Nodes=1
[    0.007807] rcu: Hierarchical RCU implementation.
[    0.007807] rcu: 	RCU event tracing is enabled.
[    0.007807] rcu: 	RCU restricting CPUs from NR_CPUS=240 to nr_cpu_ids=1.
[    0.007808] 	Tracing variant of Tasks RCU enabled.
[    0.007808] rcu: RCU calculated value of scheduler-enlistment delay is 10 jiffies.
[    0.007809] rcu: Adjusting geometry for rcu_fanout_leaf=16, nr_cpu_ids=1
[    0.007810] RCU Tasks Trace: Setting shift to 0 and lim to 1 rcu_task_cb_adjust=1 rcu_task_cpu_ids=1.
[    0.007812] NR_IRQS: 15616, nr_irqs: 32, preallocated irqs: 16
[    0.007945] rcu: srcu_init: Setting srcu_struct sizes based on contention.
[    0.007957] Console: colour dummy device 80x25
[    0.007959] printk: legacy console [ttyS0] enabled
[    0.008013] ACPI: Core revision 20250807
[    0.008018] ACPI: setting ELCR to 0001 (from 0000)
[    0.008020] APIC: Switch to symmetric I/O mode setup
[    0.008021] Not enabling interrupt remapping due to skipped IO-APIC setup
[    0.008022] clocksource: tsc-early: mask: 0xffffffffffffffff max_cycles: 0x39a85c9bff6, max_idle_ns: 881590591483 ns
[vmm-core] msr-exit dir=RDMSR exit-reason=KVM_EXIT_X86_RDMSR index=0x3b data=n/a rip=0xffffffff82b9d57f work=82085643 disposition=EmulateVtime
[    0.008025] Calibrating delay loop (skipped) preset value.. 800.00 BogoMIPS (lpj=4000000)
[vmm-core] msr-exit dir=RDMSR exit-reason=KVM_EXIT_X86_RDMSR index=0x1a0 data=n/a rip=0xffffffff818810c2 work=82087978 disposition=AllowFixed(6145)
[vmm-core] msr-exit dir=WRMSR exit-reason=KVM_EXIT_X86_WRMSR index=0x8b data=0x0 rip=0xffffffff81287e39 work=82088308 disposition=DenyIgnoreWrite
[vmm-core] msr-exit dir=RDMSR exit-reason=KVM_EXIT_X86_RDMSR index=0x8b data=n/a rip=0xffffffff81287e46 work=82088308 disposition=AllowFixed(4294967296)
[vmm-core] msr-exit dir=RDMSR exit-reason=KVM_EXIT_X86_RDMSR index=0x1a0 data=n/a rip=0xffffffff81287d1c work=82088319 disposition=AllowFixed(6145)
[vmm-core] msr-exit dir=RDMSR exit-reason=KVM_EXIT_X86_RDMSR index=0x3a data=n/a rip=0xffffffff812874ee work=82088422 disposition=AllowFixed(1)
[vmm-core] msr-exit dir=RDMSR exit-reason=KVM_EXIT_X86_RDMSR index=0x140 data=n/a rip=0xffffffff81287f65 work=82088726 disposition=DenyGp
[    0.008028] Last level iTLB entries: 4KB 0, 2MB 0, 4MB 0
[    0.008030] Last level dTLB entries: 4KB 0, 2MB 0, 4MB 0, 1GB 0
[vmm-core] msr-exit dir=RDMSR exit-reason=KVM_EXIT_X86_RDMSR index=0x10a data=n/a rip=0xffffffff8128444b work=82092546 disposition=AllowFixed(167775241)
[vmm-core] msr-exit dir=RDMSR exit-reason=KVM_EXIT_X86_RDMSR index=0x10a data=n/a rip=0xffffffff8128444b work=82092618 disposition=AllowFixed(167775241)
[    0.008032] mitigations: Enabled attack vectors: user_kernel, user_user, SMT mitigations: auto
[    0.008034] Speculative Store Bypass: Vulnerable
[    0.008035] SRBDS: Vulnerable: No microcode
[vmm-core] msr-exit dir=RDMSR exit-reason=KVM_EXIT_X86_RDMSR index=0x123 data=n/a rip=0xffffffff81284be2 work=82097366 disposition=DenyGp
[    0.008036] unchecked MSR access error: RDMSR from 0x123 at rIP: 0xffffffff81284be2 (native_read_msr+0x2/0x10)
[    0.008039] Call Trace:
[    0.008040]  <TASK>
[    0.008041]  cpu_select_mitigations+0x969/0x1e40
[    0.008043]  arch_cpu_finalize_init+0xbe/0x140
[    0.008046]  start_kernel+0x54b/0x5d0
[    0.008048]  x86_64_start_reservations+0x20/0x20
[    0.008051]  x86_64_start_kernel+0xc0/0xc0
[    0.008054]  common_startup_64+0x13b/0x148
[    0.008056]  </TASK>
[    0.008057] Spectre V2 : Mitigation: Retpolines
[    0.008058] RETBleed: Vulnerable
[    0.008059] MDS: Vulnerable: Clear CPU buffers attempted, no microcode
[    0.008060] MMIO Stale Data: Vulnerable: Clear CPU buffers attempted, no microcode
[    0.008062] VMSCAPE: Vulnerable
[    0.008063] Spectre V1 : Mitigation: usercopy/swapgs barriers and __user pointer sanitization
[    0.008065] Spectre V2 : Spectre v2 / SpectreRSB: Filling RSB on context switch and VMEXIT
[vmm-core] msr-exit dir=RDMSR exit-reason=KVM_EXIT_X86_RDMSR index=0x123 data=n/a rip=0xffffffff81284e7e work=82128067 disposition=DenyGp
[vmm-core] msr-exit dir=WRMSR exit-reason=KVM_EXIT_X86_WRMSR index=0x123 data=0x0 rip=0xffffffff81284e9c work=82128128 disposition=DenyGp
[    0.008067] unchecked MSR access error: WRMSR to 0x123 (tried to write 0x0000000000000000) at rIP: 0xffffffff81284e9c (update_gds_msr+0x3c/0x80)
[    0.008070] Call Trace:
[    0.008071]  <TASK>
[    0.008072]  cpu_select_mitigations+0x1ae6/0x1e40
[    0.008074]  arch_cpu_finalize_init+0xbe/0x140
[    0.008077]  start_kernel+0x54b/0x5d0
[    0.008080]  x86_64_start_reservations+0x20/0x20
[    0.008083]  x86_64_start_kernel+0xc0/0xc0
[    0.008085]  common_startup_64+0x13b/0x148
[    0.008087]  </TASK>
[vmm-core] msr-exit dir=RDMSR exit-reason=KVM_EXIT_X86_RDMSR index=0x123 data=n/a rip=0xffffffff81284e9e work=82149353 disposition=DenyGp
[    0.008088] GDS: Mitigation: Microcode
[    0.008089] x86/fpu: Supporting XSAVE feature 0x001: 'x87 floating point registers'
[    0.008091] x86/fpu: Supporting XSAVE feature 0x002: 'SSE registers'
[    0.008093] x86/fpu: Supporting XSAVE feature 0x004: 'AVX registers'
[    0.008094] x86/fpu: xstate_offset[2]:  576, xstate_sizes[2]:  256
[    0.008096] x86/fpu: Enabled xstate features 0x7, context size is 832 bytes, using 'standard' format.
[    0.013926] Freeing SMP alternatives memory: 48K
[    0.013927] pid_max: default: 32768 minimum: 301
[    0.013933] LSM: initializing lsm=capability,landlock
[    0.013944] landlock: Up and running.
[    0.013948] Mount-cache hash table entries: 4096 (order: 3, 32768 bytes, linear)
[    0.013950] Mountpoint-cache hash table entries: 4096 (order: 3, 32768 bytes, linear)
[    0.013988] ACPI Warning: AcpiEnable failed (20250807/utxfinit-147)
[    0.013990] ACPI: Unable to enable ACPI
[    0.013995] smpboot: CPU0: Intel Deterministic vCPU (CFL-class) @ 2.00GHz (family: 0x6, model: 0x9e, stepping: 0xc)
[    0.014041] Performance Events: unsupported CPU family 6 model 158 no PMU driver, software events only.
[    0.014046] signal: max sigframe size: 1360
[    0.014052] rcu: Hierarchical SRCU implementation.
[    0.014053] rcu: 	Max phase no-delay instances is 1000.
[    0.014075] smp: Bringing up secondary CPUs ...
[    0.014076] smp: Brought up 1 node, 1 CPU
[    0.014077] smpboot: Total of 1 processors activated (800.00 BogoMIPS)
[    0.014085] Memory: 1986112K/2096756K available (15511K kernel code, 1167K rwdata, 4332K rodata, 2112K init, 2396K bss, 107696K reserved, 0K cma-reserved)
[    0.014123] devtmpfs: initialized
[    0.014133] x86/mm: Memory block size: 128MB
[    0.014250] clocksource: jiffies: mask: 0xffffffff max_cycles: 0xffffffff, max_idle_ns: 19112604462750000 ns
[    0.014252] posixtimers hash table entries: 512 (order: 1, 8192 bytes, linear)
[    0.014255] futex hash table entries: 256 (16384 bytes on 1 NUMA nodes, total 16 KiB, linear).
[    0.014286] NET: Registered PF_NETLINK/PF_ROUTE protocol family
[    0.014320] audit: initializing netlink subsys (disabled)
[    0.014339] thermal_sys: Registered thermal governor 'step_wise'
[    0.014341] audit: type=2000 audit(943920000.000:1): state=initialized audit_enabled=0 res=1
[    0.014344] cpuidle: using governor menu
[    0.014367] PCI: Fatal: No config space access function found
[    0.014405] HugeTLB: registered 1.00 GiB page size, pre-allocated 0 pages
[    0.014407] HugeTLB: 16380 KiB vmemmap can be freed for a 1.00 GiB page
[    0.014409] HugeTLB: registered 2.00 MiB page size, pre-allocated 0 pages
[    0.014410] HugeTLB: 28 KiB vmemmap can be freed for a 2.00 MiB page
[    0.014444] ACPI: Interpreter disabled.
[    0.014447] iommu: Default domain type: Translated
[    0.014449] iommu: DMA domain TLB invalidation policy: lazy mode
[    0.014479] SCSI subsystem initialized
[    0.014482] pps_core: LinuxPPS API ver. 1 registered
[    0.014483] pps_core: Software ver. 5.3.6 - Copyright 2005-2007 Rodolfo Giometti <giometti@linux.it>
[    0.014486] PTP clock support registered
[    0.014560] PCI: System does not support PCI
[    0.014565] vgaarb: loaded
[    0.014578] clocksource: Switched to clocksource tsc-early
[    0.014608] pnp: PnP ACPI: disabled
[    0.014952] NET: Registered PF_INET protocol family
[    0.014959] IP idents hash table entries: 32768 (order: 6, 262144 bytes, linear)
[    0.015052] tcp_listen_portaddr_hash hash table entries: 1024 (order: 2, 16384 bytes, linear)
[    0.015055] Table-perturb hash table entries: 65536 (order: 6, 262144 bytes, linear)
[    0.015058] TCP established hash table entries: 16384 (order: 5, 131072 bytes, linear)
[    0.015076] TCP bind hash table entries: 16384 (order: 7, 524288 bytes, linear)
[    0.015095] TCP: Hash tables configured (established 16384 bind 16384)
[    0.015097] UDP hash table entries: 1024 (order: 4, 65536 bytes, linear)
[    0.015102] UDP-Lite hash table entries: 1024 (order: 4, 65536 bytes, linear)
[    0.015111] NET: Registered PF_UNIX/PF_LOCAL protocol family
[    0.015114] PCI: CLS 0 bytes, default 64
[vmm-core] msr-exit dir=RDMSR exit-reason=KVM_EXIT_X86_RDMSR index=0x606 data=n/a rip=0xffffffff82b91ab4 work=89186923 disposition=DenyGp
[vmm-core] msr-exit dir=RDMSR exit-reason=KVM_EXIT_X86_RDMSR index=0x64e data=n/a rip=0xffffffff81252803 work=89187057 disposition=DenyGp
[vmm-core] msr-exit dir=RDMSR exit-reason=KVM_EXIT_X86_RDMSR index=0x34 data=n/a rip=0xffffffff81252803 work=89187129 disposition=DenyGp
[    0.015142] Trying to unpack rootfs image as initramfs...
[vmm-core] msr-exit dir=RDMSR exit-reason=KVM_EXIT_X86_RDMSR index=0x3fc data=n/a rip=0xffffffff81252803 work=98562447 disposition=DenyGp
[vmm-core] msr-exit dir=RDMSR exit-reason=KVM_EXIT_X86_RDMSR index=0x3fd data=n/a rip=0xffffffff81252803 work=98562515 disposition=DenyGp
[vmm-core] msr-exit dir=RDMSR exit-reason=KVM_EXIT_X86_RDMSR index=0x3fe data=n/a rip=0xffffffff81252803 work=98562583 disposition=DenyGp
[vmm-core] msr-exit dir=RDMSR exit-reason=KVM_EXIT_X86_RDMSR index=0x60d data=n/a rip=0xffffffff81252803 work=98562653 disposition=DenyGp
[vmm-core] msr-exit dir=RDMSR exit-reason=KVM_EXIT_X86_RDMSR index=0x3f8 data=n/a rip=0xffffffff81252803 work=98562721 disposition=DenyGp
[vmm-core] msr-exit dir=RDMSR exit-reason=KVM_EXIT_X86_RDMSR index=0x3f9 data=n/a rip=0xffffffff81252803 work=98562789 disposition=DenyGp
[vmm-core] msr-exit dir=RDMSR exit-reason=KVM_EXIT_X86_RDMSR index=0x3fa data=n/a rip=0xffffffff81252803 work=98562857 disposition=DenyGp
[vmm-core] msr-exit dir=RDMSR exit-reason=KVM_EXIT_X86_RDMSR index=0x630 data=n/a rip=0xffffffff81252803 work=98562925 disposition=DenyGp
[vmm-core] msr-exit dir=RDMSR exit-reason=KVM_EXIT_X86_RDMSR index=0x631 data=n/a rip=0xffffffff81252803 work=98562993 disposition=DenyGp
[vmm-core] msr-exit dir=RDMSR exit-reason=KVM_EXIT_X86_RDMSR index=0x632 data=n/a rip=0xffffffff81252803 work=98563061 disposition=DenyGp
[    0.018025] clocksource: tsc: mask: 0xffffffffffffffff max_cycles: 0x39a85c9bff6, max_idle_ns: 881590591483 ns
[    0.018025] clocksource: Switched to clocksource tsc
[    0.018025] platform rtc_cmos: registered platform RTC device (no PNP device found)
[    0.018025] workingset: timestamp_bits=46 max_order=19 bucket_order=0
[    0.018077] Key type cifs.spnego registered
[    0.018079] Key type cifs.idmap registered
[    0.018085] fuse: init (API version 7.45)
[    0.018140] SGI XFS with security attributes, scrub, repair, no debug enabled
[    0.018164] 9p: Installing v9fs 9p2000 file system support
[    0.020280] NET: Registered PF_ALG protocol family
[    0.020283] Block layer SCSI generic (bsg) driver version 0.4 loaded (major 249)
[    0.028346] Serial: 8250/16550 driver, 4 ports, IRQ sharing disabled
[    0.028360] serial8250: ttyS0 at I/O 0x3f8 (irq = 4, base_baud = 115200) is a 16450
[    0.028796] brd: module loaded
[    0.029057] loop: module loaded
[    0.029078] tun: Universal TUN/TAP device driver, 1.6
[    0.029105] VFIO - User Level meta-driver version: 0.3
[    0.029267] xt_time: kernel timezone is -0000
[    0.029271] IPVS: Registered protocols (TCP, UDP, SCTP, AH, ESP)
[    0.029274] IPVS: Connection hash table configured (size=4096, memory=32Kbytes)
[    0.029291] IPVS: ipvs loaded.
[    0.029292] IPVS: [rr] scheduler registered.
[    0.029293] IPVS: [wrr] scheduler registered.
[    0.029294] IPVS: [lc] scheduler registered.
[    0.029296] IPVS: [wlc] scheduler registered.
[    0.029297] IPVS: [fo] scheduler registered.
[    0.029298] IPVS: [ovf] scheduler registered.
[    0.029299] IPVS: [lblc] scheduler registered.
[    0.029301] IPVS: [lblcr] scheduler registered.
[    0.029302] IPVS: [dh] scheduler registered.
[    0.029303] IPVS: [sh] scheduler registered.
[    0.029304] IPVS: [sed] scheduler registered.
[    0.029305] IPVS: [nq] scheduler registered.
[    0.029307] IPVS: [sip] pe registered.
[    0.029342] Initializing XFRM netlink socket
[    0.029356] NET: Registered PF_INET6 protocol family
[    0.029429] Segment Routing with IPv6
[    0.029432] In-situ OAM (IOAM) with IPv6
[    0.029446] sit: IPv6, IPv4 and MPLS over IPv4 tunneling driver
[    0.029490] NET: Registered PF_PACKET protocol family
[    0.029499] Bridge firewalling registered
[    0.029506] 9pnet: Installing 9P2000 support
[    0.029508] Key type dns_resolver registered
[    0.029520] NET: Registered PF_VSOCK protocol family
[    0.029534] microcode: Current revision: 0x00000001
[vmm-core] msr-exit dir=WRMSR exit-reason=KVM_EXIT_X86_WRMSR index=0x8b data=0x0 rip=0xffffffff8128cdf8 work=110153125 disposition=DenyIgnoreWrite
[vmm-core] msr-exit dir=RDMSR exit-reason=KVM_EXIT_X86_RDMSR index=0x8b data=n/a rip=0xffffffff8128ce03 work=110153125 disposition=AllowFixed(4294967296)
[vmm-core] msr-exit dir=RDMSR exit-reason=KVM_EXIT_X86_RDMSR index=0x17 data=n/a rip=0xffffffff8128ce35 work=110153128 disposition=AllowFixed(0)
[    0.029540] IPI shorthand broadcast: enabled
[    0.030227] sched_clock: Marking stable (28197096, 78531)->(34829050, -6553423)
[    0.030243] registered taskstats version 1
[    0.038833] alg: No test for fips(ansi_cprng) (fips_ansi_cprng)
[    0.341416] Freeing initrd memory: 38268K
[    0.341588] Freeing unused kernel image (initmem) memory: 2112K
[    0.341598] Write protecting the kernel read-only data: 22528k
[    0.341717] Freeing unused kernel image (text/rodata gap) memory: 872K
[    0.341802] Freeing unused kernel image (rodata/data gap) memory: 1812K
[    0.341805] Run /init as init process
PG37: mounting baked ext4 PGDATA (loop, RAM-backed)
[    0.343091] loop0: detected capacity change from 0 to 196608
[    0.343297] EXT4-fs (loop0): mounted filesystem deadbeef-0000-0000-0000-000000000037 r/w with ordered data mode. Quota mode: disabled.
PG37: starting postgres
[pg 108] LOG:  starting PostgreSQL 17.10 (Debian 17.10-0+deb13u1) on x86_64-pc-linux-gnu, compiled by gcc (Debian 14.2.0-19) 14.2.0, 64-bit
[pg 108] LOG:  listening on Unix socket "/tmp/.s.PGSQL.5432"
[pg 116] LOG:  database system was shut down at 2026-06-26 14:37:57 UTC
[pg 108] LOG:  database system is ready to accept connections
PG37: workload begin
row|1|1|1|646ac5fa-ce3a-4049-97b0-42fb548f33ef|1999-11-30 00:00:00.360083+00
row|2|2|3|4e10a782-08f9-49ef-a487-7772c91d0f7d|1999-11-30 00:00:00.360347+00
row|3|3|6|8f91e7c3-85be-4422-af0c-2557bd18932d|1999-11-30 00:00:00.360412+00
row|4|4|10|84f4cabb-29a9-4bdb-aa4d-5cb9a7959e19|1999-11-30 00:00:00.360474+00
row|5|5|15|5c1e5d9b-3c03-45f6-b6e7-4c61463f5c51|1999-11-30 00:00:00.360536+00
row|6|6|21|ea677a41-118c-45d6-9782-17f98edd8e6a|1999-11-30 00:00:00.360599+00
row|7|7|28|8fdedd44-3912-485c-968b-b203dee755c5|1999-11-30 00:00:00.360661+00
row|8|8|36|06547420-fb15-4979-9093-c3eb72940604|1999-11-30 00:00:00.360724+00
row|9|9|45|e9b8449f-6cd2-4fb7-a9c2-8ec7660f934c|1999-11-30 00:00:00.360787+00
row|10|10|55|39f5399f-5440-4b7c-b3e9-2e9b7cece8fe|1999-11-30 00:00:00.36085+00
row|11|11|66|da79ed32-ddf9-4712-b127-94e7cce717ef|1999-11-30 00:00:00.360914+00
row|12|12|78|25a42845-dcfd-4425-b56c-8b0c8be87840|1999-11-30 00:00:00.360977+00
row|13|13|91|685a8be8-f03b-4b29-b0a7-30cd8a1d17de|1999-11-30 00:00:00.361041+00
row|14|14|105|d04b367d-1b46-4d02-a4e2-72b64430fc28|1999-11-30 00:00:00.361105+00
row|15|15|120|e88cc4a5-8374-4227-89ac-4d40976f093d|1999-11-30 00:00:00.36117+00
row|16|16|136|0698399b-4ceb-4993-a1d0-348a8c01db3b|1999-11-30 00:00:00.361234+00
row|17|17|153|1dbfa55e-8a45-491f-a6ed-9d80afa6bdaa|1999-11-30 00:00:00.361298+00
row|18|18|171|96d47bda-7b7c-463a-aa57-6e7ac80bdb00|1999-11-30 00:00:00.361363+00
row|19|19|190|9398f090-5d6b-4734-a5d9-c9a546be0639|1999-11-30 00:00:00.361428+00
row|20|20|210|988f04ec-9b20-466e-bc90-2d122cca55f5|1999-11-30 00:00:00.361494+00
PG37: workload end
server shutting down
[pg 108] LOG:  received fast shutdown request
[pg 108] LOG:  aborting any active transactions
[pg 108] LOG:  background worker "logical replication launcher" (PID 119) exited with exit code 1
[pg 114] LOG:  shutting down
[pg 114] LOG:  checkpoint starting: shutdown immediate
[pg 114] LOG:  checkpoint complete: wrote 47 buffers (1.1%); 0 WAL file(s) added, 0 removed, 0 recycled; write=0.001 s, sync=0.001 s, total=0.001 s; sync files=36, longest=0.001 s, average=0.001 s; distance=145 kB, estimate=145 kB; lsn=0/15112D0, redo lsn=0/15112D0
[pg 108] LOG:  database system is shut down
GUEST_READY
[    0.375392] EXT4-fs (loop0): unmounting filesystem deadbeef-0000-0000-0000-000000000037.
[    0.382473] reboot: Restarting system
[    0.382474] reboot: machine restart

[p2 run B] steps=112633 terminal=Some(Shutdown) pg_ready=true workload_done=true final_row=true uuids=20 GUEST_READY=true step_error=None
[p2 run B] final-row sample: uuid=988f04ec-9b20-466e-bc90-2d122cca55f5 t=1999-11-30 00:00:00.361494+00
[pg] determinism: serial_len A/B = 17748/17748
  state_hash A = 73e38ded063e548c939113374989a2b439a86b84136aca56e3afe042be417b20
  state_hash B = 73e38ded063e548c939113374989a2b439a86b84136aca56e3afe042be417b20
[pg] deterministic-twice witness (seed 0x0028c0ffee5eedc0): the random-looking UUID + wall-clock timestamp are bit-identical in run A and run B —
  uuid = 988f04ec-9b20-466e-bc90-2d122cca55f5
  t    = 1999-11-30 00:00:00.361494+00
ok
test p3_postgres_seed_sensitivity_patched ... [host-assert] CPU-MSR-CONTRACT §1.1 baseline:
[host-assert]   PASS  family-model-stepping: expected 06_9e_0c, observed 06_9e_0c
[host-assert]   PASS  host-microcode-rev: expected 0x00000000000000f8, observed 0x00000000000000f8
[host-assert]   PASS  mxcsr-mask: expected 0xffff, observed 0xffff
[host-assert]   PASS  maxphyaddr-min: expected >= 39, observed 39
[host-assert]   PASS  rtm-disabled: expected rtm physically absent (the IA32_TSX_CTRL pin is not installed by this skeleton), observed rtm-absent (XBEGIN #UDs; already non-usable)
[host-assert]   PASS  host-absent HRESET: expected absent, observed absent
[host-assert]   PASS  host-absent PCONFIG: expected absent, observed absent
[host-assert]   PASS  host-absent RDPID: expected absent, observed absent
[host-assert]   PASS  host-absent SERIALIZE: expected absent, observed absent
[host-assert]   PASS  host-absent SHA: expected absent, observed absent
[host-assert]   PASS  host-absent TPAUSE: expected absent, observed absent
[host-assert]   PASS  host-absent UMONITOR: expected absent, observed absent
[host-assert]   PASS  host-absent UMWAIT: expected absent, observed absent
[vmm-core] msr-exit dir=RDMSR exit-reason=KVM_EXIT_X86_RDMSR index=0x1a0 data=n/a rip=0x1272418 work=73630982 disposition=AllowFixed(6145)
[vmm-core] msr-exit dir=WRMSR exit-reason=KVM_EXIT_X86_WRMSR index=0x8b data=0x0 rip=0xffffffff8128cdf8 work=73632602 disposition=DenyIgnoreWrite
[vmm-core] msr-exit dir=RDMSR exit-reason=KVM_EXIT_X86_RDMSR index=0x8b data=n/a rip=0xffffffff8128ce03 work=73632602 disposition=AllowFixed(4294967296)
[vmm-core] msr-exit dir=RDMSR exit-reason=KVM_EXIT_X86_RDMSR index=0x17 data=n/a rip=0xffffffff8128ce35 work=73632605 disposition=AllowFixed(0)
[vmm-core] msr-exit dir=RDMSR exit-reason=KVM_EXIT_X86_RDMSR index=0x1a0 data=n/a rip=0xffffffff818810c2 work=73635427 disposition=AllowFixed(6145)
[vmm-core] msr-exit dir=WRMSR exit-reason=KVM_EXIT_X86_WRMSR index=0x8b data=0x0 rip=0xffffffff81287e39 work=73638802 disposition=DenyIgnoreWrite
[vmm-core] msr-exit dir=RDMSR exit-reason=KVM_EXIT_X86_RDMSR index=0x8b data=n/a rip=0xffffffff81287e46 work=73638802 disposition=AllowFixed(4294967296)
[vmm-core] msr-exit dir=RDMSR exit-reason=KVM_EXIT_X86_RDMSR index=0x1a0 data=n/a rip=0xffffffff81287d1c work=73638813 disposition=AllowFixed(6145)
[vmm-core] msr-exit dir=RDMSR exit-reason=KVM_EXIT_X86_RDMSR index=0x10a data=n/a rip=0xffffffff8128444b work=73638985 disposition=AllowFixed(167775241)
[vmm-core] msr-exit dir=RDMSR exit-reason=KVM_EXIT_X86_RDMSR index=0x3b data=n/a rip=0xffffffff81296dc7 work=74060614 disposition=EmulateVtime
[vmm-core] msr-exit dir=RDMSR exit-reason=KVM_EXIT_X86_RDMSR index=0xfe data=n/a rip=0xffffffff82ba3479 work=74065364 disposition=AllowFixed(1288)
[vmm-core] msr-exit dir=RDMSR exit-reason=KVM_EXIT_X86_RDMSR index=0xfe data=n/a rip=0xffffffff8128b422 work=74065374 disposition=AllowFixed(1288)
[vmm-core] msr-exit dir=RDMSR exit-reason=KVM_EXIT_X86_RDMSR index=0x1b data=n/a rip=0xffffffff82ba2b76 work=77485987 disposition=AllowFixed(4276095232)
[vmm-core] msr-exit dir=RDMSR exit-reason=KVM_EXIT_X86_RDMSR index=0x10a data=n/a rip=0xffffffff8128444b work=80220026 disposition=AllowFixed(167775241)
[vmm-core] msr-exit dir=RDMSR exit-reason=KVM_EXIT_X86_RDMSR index=0x1b data=n/a rip=0xffffffff81297a36 work=80220029 disposition=AllowFixed(4276095232)
[    0.000000] Linux version 6.18.35 (hypervizor@hypervizor) (gcc (Debian 14.2.0-19) 14.2.0, GNU ld (GNU Binutils for Debian) 2.44) #1 SMP Thu Jan  1 00:00:00 UTC 1970
[    0.000000] Command line: console=ttyS0 panic=-1 reboot=t,force tsc=reliable no_timer_check lpj=4000000 nokaslr nosmp maxcpus=1 nox2apic hpet=disable
[    0.000000] x86/CPU: Running old microcode
[    0.000000] BIOS-provided physical RAM map:
[    0.000000] BIOS-e820: [mem 0x0000000000000000-0x000000000000dfff] usable
[    0.000000] BIOS-e820: [mem 0x000000000000e000-0x000000000000ffff] reserved
[    0.000000] BIOS-e820: [mem 0x0000000000010000-0x000000000009ffff] usable
[    0.000000] BIOS-e820: [mem 0x0000000000100000-0x000000007fffffff] usable
[    0.000000] NX (Execute Disable) protection: active
[    0.000000] APIC: Static calls initialized
[    0.000000] DMI not present or invalid.
[    0.000000] tsc: Detected 2000.000 MHz processor
[    0.000004] last_pfn = 0x80000 max_arch_pfn = 0x400000000
[    0.000004] MTRRs disabled by BIOS
[    0.000005] x86/PAT: Configuration [0-7]: WB  WC  UC- UC  WB  WP  UC- WT  
[    0.000594] Using GB pages for direct mapping
[    0.000774] RAMDISK: [mem 0x7daa1000-0x7fffffff]
[    0.000775] ACPI: Early table checksum verification disabled
[    0.000775] ACPI: RSDP 0x00000000000E0000 000024 (v02 HARMNY)
[    0.000777] ACPI: XSDT 0x00000000000E0040 00002C (v01 HARMNY HARMONYT 00000001 HARM 00000001)
[    0.000779] ACPI: APIC 0x00000000000E0080 000034 (v05 HARMNY HARMONYT 00000001 HARM 00000001)
[    0.000781] ACPI: Reserving APIC table memory at [mem 0xe0080-0xe00b3]
[    0.000784] Zone ranges:
[    0.000785]   DMA      [mem 0x0000000000001000-0x0000000000ffffff]
[    0.000786]   DMA32    [mem 0x0000000001000000-0x000000007fffffff]
[    0.000786]   Normal   empty
[    0.000787]   Device   empty
[    0.000787] Movable zone start for each node
[    0.000788] Early memory node ranges
[    0.000788]   node   0: [mem 0x0000000000001000-0x000000000000dfff]
[    0.000789]   node   0: [mem 0x0000000000010000-0x000000000009ffff]
[    0.000789]   node   0: [mem 0x0000000000100000-0x000000007fffffff]
[    0.000790] Initmem setup node 0 [mem 0x0000000000001000-0x000000007fffffff]
[    0.000792] On node 0, zone DMA: 1 pages in unavailable ranges
[    0.000793] On node 0, zone DMA: 2 pages in unavailable ranges
[    0.000813] On node 0, zone DMA: 96 pages in unavailable ranges
[    0.003425] ACPI: Skipping IOAPIC probe due to 'noapic' option.
[    0.003426] ACPI: Using ACPI for processor (LAPIC) configuration information
[    0.003427] CPU topo: Max. logical packages:   1
[    0.003428] CPU topo: Max. logical dies:       1
[    0.003428] CPU topo: Max. dies per package:   1
[    0.003430] CPU topo: Max. threads per core:   1
[    0.003430] CPU topo: Num. cores per package:     1
[    0.003431] CPU topo: Num. threads per package:   1
[    0.003431] CPU topo: Allowing 1 present CPUs plus 0 hotplug CPUs
[    0.003433] [mem 0x80000000-0xffffffff] available for PCI devices
[    0.003433] Booting paravirtualized kernel on bare hardware
[    0.003434] clocksource: refined-jiffies: mask: 0xffffffff max_cycles: 0xffffffff, max_idle_ns: 19112604462750000 ns
[    0.006017] setup_percpu: NR_CPUS:240 nr_cpumask_bits:1 nr_cpu_ids:1 nr_node_ids:1
[    0.006052] percpu: Embedded 39 pages/cpu s127000 r0 d32744 u2097152
[    0.006059] Kernel command line: console=ttyS0 panic=-1 reboot=t,force tsc=reliable no_timer_check lpj=4000000 nokaslr nosmp maxcpus=1 nox2apic hpet=disable
[    0.006102] Unknown kernel command line parameters "nokaslr", will be passed to user space.
[    0.006103] random: crng init done
[    0.006104] printk: log buffer data + meta data: 131072 + 458752 = 589824 bytes
[    0.006138] Dentry cache hash table entries: 262144 (order: 9, 2097152 bytes, linear)
[    0.006156] Inode-cache hash table entries: 131072 (order: 8, 1048576 bytes, linear)
[    0.006159] Built 1 zonelists, mobility grouping on.  Total pages: 524189
[    0.006160] mem auto-init: stack:all(zero), heap alloc:off, heap free:off
[    0.007791] SLUB: HWalign=64, Order=0-3, MinObjects=0, CPUs=1, Nodes=1
[    0.007807] rcu: Hierarchical RCU implementation.
[    0.007807] rcu: 	RCU event tracing is enabled.
[    0.007807] rcu: 	RCU restricting CPUs from NR_CPUS=240 to nr_cpu_ids=1.
[    0.007808] 	Tracing variant of Tasks RCU enabled.
[    0.007808] rcu: RCU calculated value of scheduler-enlistment delay is 10 jiffies.
[    0.007809] rcu: Adjusting geometry for rcu_fanout_leaf=16, nr_cpu_ids=1
[    0.007810] RCU Tasks Trace: Setting shift to 0 and lim to 1 rcu_task_cb_adjust=1 rcu_task_cpu_ids=1.
[    0.007812] NR_IRQS: 15616, nr_irqs: 32, preallocated irqs: 16
[    0.007945] rcu: srcu_init: Setting srcu_struct sizes based on contention.
[    0.007957] Console: colour dummy device 80x25
[    0.007959] printk: legacy console [ttyS0] enabled
[    0.008013] ACPI: Core revision 20250807
[    0.008018] ACPI: setting ELCR to 0001 (from 0000)
[    0.008020] APIC: Switch to symmetric I/O mode setup
[    0.008021] Not enabling interrupt remapping due to skipped IO-APIC setup
[    0.008022] clocksource: tsc-early: mask: 0xffffffffffffffff max_cycles: 0x39a85c9bff6, max_idle_ns: 881590591483 ns
[vmm-core] msr-exit dir=RDMSR exit-reason=KVM_EXIT_X86_RDMSR index=0x3b data=n/a rip=0xffffffff82b9d57f work=82085643 disposition=EmulateVtime
[    0.008025] Calibrating delay loop (skipped) preset value.. 800.00 BogoMIPS (lpj=4000000)
[vmm-core] msr-exit dir=RDMSR exit-reason=KVM_EXIT_X86_RDMSR index=0x1a0 data=n/a rip=0xffffffff818810c2 work=82087978 disposition=AllowFixed(6145)
[vmm-core] msr-exit dir=WRMSR exit-reason=KVM_EXIT_X86_WRMSR index=0x8b data=0x0 rip=0xffffffff81287e39 work=82088308 disposition=DenyIgnoreWrite
[vmm-core] msr-exit dir=RDMSR exit-reason=KVM_EXIT_X86_RDMSR index=0x8b data=n/a rip=0xffffffff81287e46 work=82088308 disposition=AllowFixed(4294967296)
[vmm-core] msr-exit dir=RDMSR exit-reason=KVM_EXIT_X86_RDMSR index=0x1a0 data=n/a rip=0xffffffff81287d1c work=82088319 disposition=AllowFixed(6145)
[vmm-core] msr-exit dir=RDMSR exit-reason=KVM_EXIT_X86_RDMSR index=0x3a data=n/a rip=0xffffffff812874ee work=82088422 disposition=AllowFixed(1)
[vmm-core] msr-exit dir=RDMSR exit-reason=KVM_EXIT_X86_RDMSR index=0x140 data=n/a rip=0xffffffff81287f65 work=82088726 disposition=DenyGp
[    0.008028] Last level iTLB entries: 4KB 0, 2MB 0, 4MB 0
[    0.008030] Last level dTLB entries: 4KB 0, 2MB 0, 4MB 0, 1GB 0
[vmm-core] msr-exit dir=RDMSR exit-reason=KVM_EXIT_X86_RDMSR index=0x10a data=n/a rip=0xffffffff8128444b work=82092546 disposition=AllowFixed(167775241)
[vmm-core] msr-exit dir=RDMSR exit-reason=KVM_EXIT_X86_RDMSR index=0x10a data=n/a rip=0xffffffff8128444b work=82092618 disposition=AllowFixed(167775241)
[    0.008032] mitigations: Enabled attack vectors: user_kernel, user_user, SMT mitigations: auto
[    0.008034] Speculative Store Bypass: Vulnerable
[    0.008035] SRBDS: Vulnerable: No microcode
[vmm-core] msr-exit dir=RDMSR exit-reason=KVM_EXIT_X86_RDMSR index=0x123 data=n/a rip=0xffffffff81284be2 work=82097366 disposition=DenyGp
[    0.008036] unchecked MSR access error: RDMSR from 0x123 at rIP: 0xffffffff81284be2 (native_read_msr+0x2/0x10)
[    0.008039] Call Trace:
[    0.008040]  <TASK>
[    0.008041]  cpu_select_mitigations+0x969/0x1e40
[    0.008043]  arch_cpu_finalize_init+0xbe/0x140
[    0.008046]  start_kernel+0x54b/0x5d0
[    0.008048]  x86_64_start_reservations+0x20/0x20
[    0.008051]  x86_64_start_kernel+0xc0/0xc0
[    0.008054]  common_startup_64+0x13b/0x148
[    0.008056]  </TASK>
[    0.008057] Spectre V2 : Mitigation: Retpolines
[    0.008058] RETBleed: Vulnerable
[    0.008059] MDS: Vulnerable: Clear CPU buffers attempted, no microcode
[    0.008060] MMIO Stale Data: Vulnerable: Clear CPU buffers attempted, no microcode
[    0.008062] VMSCAPE: Vulnerable
[    0.008063] Spectre V1 : Mitigation: usercopy/swapgs barriers and __user pointer sanitization
[    0.008065] Spectre V2 : Spectre v2 / SpectreRSB: Filling RSB on context switch and VMEXIT
[vmm-core] msr-exit dir=RDMSR exit-reason=KVM_EXIT_X86_RDMSR index=0x123 data=n/a rip=0xffffffff81284e7e work=82128067 disposition=DenyGp
[vmm-core] msr-exit dir=WRMSR exit-reason=KVM_EXIT_X86_WRMSR index=0x123 data=0x0 rip=0xffffffff81284e9c work=82128128 disposition=DenyGp
[    0.008067] unchecked MSR access error: WRMSR to 0x123 (tried to write 0x0000000000000000) at rIP: 0xffffffff81284e9c (update_gds_msr+0x3c/0x80)
[    0.008070] Call Trace:
[    0.008071]  <TASK>
[    0.008072]  cpu_select_mitigations+0x1ae6/0x1e40
[    0.008074]  arch_cpu_finalize_init+0xbe/0x140
[    0.008077]  start_kernel+0x54b/0x5d0
[    0.008080]  x86_64_start_reservations+0x20/0x20
[    0.008083]  x86_64_start_kernel+0xc0/0xc0
[    0.008085]  common_startup_64+0x13b/0x148
[    0.008087]  </TASK>
[vmm-core] msr-exit dir=RDMSR exit-reason=KVM_EXIT_X86_RDMSR index=0x123 data=n/a rip=0xffffffff81284e9e work=82149353 disposition=DenyGp
[    0.008088] GDS: Mitigation: Microcode
[    0.008089] x86/fpu: Supporting XSAVE feature 0x001: 'x87 floating point registers'
[    0.008091] x86/fpu: Supporting XSAVE feature 0x002: 'SSE registers'
[    0.008093] x86/fpu: Supporting XSAVE feature 0x004: 'AVX registers'
[    0.008094] x86/fpu: xstate_offset[2]:  576, xstate_sizes[2]:  256
[    0.008096] x86/fpu: Enabled xstate features 0x7, context size is 832 bytes, using 'standard' format.
[    0.013926] Freeing SMP alternatives memory: 48K
[    0.013927] pid_max: default: 32768 minimum: 301
[    0.013933] LSM: initializing lsm=capability,landlock
[    0.013944] landlock: Up and running.
[    0.013948] Mount-cache hash table entries: 4096 (order: 3, 32768 bytes, linear)
[    0.013950] Mountpoint-cache hash table entries: 4096 (order: 3, 32768 bytes, linear)
[    0.013988] ACPI Warning: AcpiEnable failed (20250807/utxfinit-147)
[    0.013990] ACPI: Unable to enable ACPI
[    0.013995] smpboot: CPU0: Intel Deterministic vCPU (CFL-class) @ 2.00GHz (family: 0x6, model: 0x9e, stepping: 0xc)
[    0.014041] Performance Events: unsupported CPU family 6 model 158 no PMU driver, software events only.
[    0.014046] signal: max sigframe size: 1360
[    0.014052] rcu: Hierarchical SRCU implementation.
[    0.014053] rcu: 	Max phase no-delay instances is 1000.
[    0.014075] smp: Bringing up secondary CPUs ...
[    0.014076] smp: Brought up 1 node, 1 CPU
[    0.014077] smpboot: Total of 1 processors activated (800.00 BogoMIPS)
[    0.014085] Memory: 1986112K/2096756K available (15511K kernel code, 1167K rwdata, 4332K rodata, 2112K init, 2396K bss, 107696K reserved, 0K cma-reserved)
[    0.014123] devtmpfs: initialized
[    0.014133] x86/mm: Memory block size: 128MB
[    0.014250] clocksource: jiffies: mask: 0xffffffff max_cycles: 0xffffffff, max_idle_ns: 19112604462750000 ns
[    0.014252] posixtimers hash table entries: 512 (order: 1, 8192 bytes, linear)
[    0.014255] futex hash table entries: 256 (16384 bytes on 1 NUMA nodes, total 16 KiB, linear).
[    0.014286] NET: Registered PF_NETLINK/PF_ROUTE protocol family
[    0.014320] audit: initializing netlink subsys (disabled)
[    0.014339] thermal_sys: Registered thermal governor 'step_wise'
[    0.014341] audit: type=2000 audit(943920000.000:1): state=initialized audit_enabled=0 res=1
[    0.014344] cpuidle: using governor menu
[    0.014367] PCI: Fatal: No config space access function found
[    0.014405] HugeTLB: registered 1.00 GiB page size, pre-allocated 0 pages
[    0.014407] HugeTLB: 16380 KiB vmemmap can be freed for a 1.00 GiB page
[    0.014409] HugeTLB: registered 2.00 MiB page size, pre-allocated 0 pages
[    0.014410] HugeTLB: 28 KiB vmemmap can be freed for a 2.00 MiB page
[    0.014444] ACPI: Interpreter disabled.
[    0.014447] iommu: Default domain type: Translated
[    0.014449] iommu: DMA domain TLB invalidation policy: lazy mode
[    0.014479] SCSI subsystem initialized
