[    0.000000] Linux version 6.12.90+deb13.1-amd64 (debian-kernel@lists.debian.org) (x86_64-linux-gnu-gcc-14 (Debian 14.2.0-19) 14.2.0, GNU ld (GNU Binutils for Debian) 2.44) #1 SMP PREEMPT_DYNAMIC Debian 6.12.90-2 (2026-05-27)
[    0.000000] Command line: console=ttyS0 rdinit=/init panic=-1 harmony.gates=n2_nested_hammer harmony.env=N2_DEADLINES=100000,N2_SEED=1600065578,N2_PROGRESS=25000
[    0.000000] BIOS-provided physical RAM map:
[    0.000000] BIOS-e820: [mem 0x0000000000000000-0x000000000009fbff] usable
[    0.000000] BIOS-e820: [mem 0x000000000009fc00-0x000000000009ffff] reserved
[    0.000000] BIOS-e820: [mem 0x00000000000f0000-0x00000000000fffff] reserved
[    0.000000] BIOS-e820: [mem 0x0000000000100000-0x000000007ffdefff] usable
[    0.000000] BIOS-e820: [mem 0x000000007ffdf000-0x000000007fffffff] reserved
[    0.000000] BIOS-e820: [mem 0x00000000b0000000-0x00000000bfffffff] reserved
[    0.000000] BIOS-e820: [mem 0x00000000fed1c000-0x00000000fed1ffff] reserved
[    0.000000] BIOS-e820: [mem 0x00000000feffc000-0x00000000feffffff] reserved
[    0.000000] BIOS-e820: [mem 0x00000000fffc0000-0x00000000ffffffff] reserved
[    0.000000] BIOS-e820: [mem 0x0000000100000000-0x000000027fffffff] usable
[    0.000000] NX (Execute Disable) protection: active
[    0.000000] APIC: Static calls initialized
[    0.000000] SMBIOS 2.8 present.
[    0.000000] DMI: QEMU Standard PC (Q35 + ICH9, 2009), BIOS 1.16.3-debian-1.16.3-2 04/01/2014
[    0.000000] DMI: Memory slots populated: 1/1
[    0.000000] Hypervisor detected: KVM
[    0.000000] last_pfn = 0x7ffdf max_arch_pfn = 0x400000000
[    0.000000] kvm-clock: Using msrs 4b564d01 and 4b564d00
[    0.000000] kvm-clock: using sched offset of 221201315 cycles
[    0.000002] clocksource: kvm-clock: mask: 0xffffffffffffffff max_cycles: 0x1cd42e4dffb, max_idle_ns: 881590591483 ns
[    0.000006] tsc: Detected 3599.998 MHz processor
[    0.001581] last_pfn = 0x280000 max_arch_pfn = 0x400000000
[    0.001607] MTRR map: 4 entries (3 fixed + 1 variable; max 19), built from 8 variable MTRRs
[    0.001611] x86/PAT: Configuration [0-7]: WB  WC  UC- UC  WB  WP  UC- WT  
[    0.001649] last_pfn = 0x7ffdf max_arch_pfn = 0x400000000
[    0.008475] found SMP MP-table at [mem 0x000f5480-0x000f548f]
[    0.008493] Using GB pages for direct mapping
[    0.008670] RAMDISK: [mem 0x79c87000-0x7ffcffff]
[    0.008676] ACPI: Early table checksum verification disabled
[    0.008677] ACPI: RSDP 0x00000000000F52A0 000014 (v00 BOCHS )
[    0.008681] ACPI: RSDT 0x000000007FFE2351 000038 (v01 BOCHS  BXPC     00000001 BXPC 00000001)
[    0.008685] ACPI: FACP 0x000000007FFE2149 0000F4 (v03 BOCHS  BXPC     00000001 BXPC 00000001)
[    0.008692] ACPI: DSDT 0x000000007FFE0040 002109 (v01 BOCHS  BXPC     00000001 BXPC 00000001)
[    0.008695] ACPI: FACS 0x000000007FFE0000 000040
[    0.008699] ACPI: APIC 0x000000007FFE223D 000078 (v03 BOCHS  BXPC     00000001 BXPC 00000001)
[    0.008704] ACPI: HPET 0x000000007FFE22B5 000038 (v01 BOCHS  BXPC     00000001 BXPC 00000001)
[    0.008708] ACPI: MCFG 0x000000007FFE22ED 00003C (v01 BOCHS  BXPC     00000001 BXPC 00000001)
[    0.008712] ACPI: WAET 0x000000007FFE2329 000028 (v01 BOCHS  BXPC     00000001 BXPC 00000001)
[    0.008715] ACPI: Reserving FACP table memory at [mem 0x7ffe2149-0x7ffe223c]
[    0.008716] ACPI: Reserving DSDT table memory at [mem 0x7ffe0040-0x7ffe2148]
[    0.008717] ACPI: Reserving FACS table memory at [mem 0x7ffe0000-0x7ffe003f]
[    0.008717] ACPI: Reserving APIC table memory at [mem 0x7ffe223d-0x7ffe22b4]
[    0.008718] ACPI: Reserving HPET table memory at [mem 0x7ffe22b5-0x7ffe22ec]
[    0.008718] ACPI: Reserving MCFG table memory at [mem 0x7ffe22ed-0x7ffe2328]
[    0.008719] ACPI: Reserving WAET table memory at [mem 0x7ffe2329-0x7ffe2350]
[    0.009132] No NUMA configuration found
[    0.009134] Faking a node at [mem 0x0000000000000000-0x000000027fffffff]
[    0.009140] NODE_DATA(0) allocated [mem 0x27ffd5680-0x27fffffff]
[    0.009591] Zone ranges:
[    0.009592]   DMA      [mem 0x0000000000001000-0x0000000000ffffff]
[    0.009595]   DMA32    [mem 0x0000000001000000-0x00000000ffffffff]
[    0.009597]   Normal   [mem 0x0000000100000000-0x000000027fffffff]
[    0.009598]   Device   empty
[    0.009599] Movable zone start for each node
[    0.009601] Early memory node ranges
[    0.009602]   node   0: [mem 0x0000000000001000-0x000000000009efff]
[    0.009604]   node   0: [mem 0x0000000000100000-0x000000007ffdefff]
[    0.009605]   node   0: [mem 0x0000000100000000-0x000000027fffffff]
[    0.009608] Initmem setup node 0 [mem 0x0000000000001000-0x000000027fffffff]
[    0.009792] On node 0, zone DMA: 1 pages in unavailable ranges
[    0.009813] On node 0, zone DMA: 97 pages in unavailable ranges
[    0.014785] On node 0, zone Normal: 33 pages in unavailable ranges
[    0.015327] ACPI: PM-Timer IO Port: 0x608
[    0.015345] ACPI: LAPIC_NMI (acpi_id[0xff] dfl dfl lint[0x1])
[    0.015381] IOAPIC[0]: apic_id 0, version 17, address 0xfec00000, GSI 0-23
[    0.015385] ACPI: INT_SRC_OVR (bus 0 bus_irq 0 global_irq 2 dfl dfl)
[    0.015386] ACPI: INT_SRC_OVR (bus 0 bus_irq 5 global_irq 5 high level)
[    0.015387] ACPI: INT_SRC_OVR (bus 0 bus_irq 9 global_irq 9 high level)
[    0.015388] ACPI: INT_SRC_OVR (bus 0 bus_irq 10 global_irq 10 high level)
[    0.015389] ACPI: INT_SRC_OVR (bus 0 bus_irq 11 global_irq 11 high level)
[    0.015392] ACPI: Using ACPI (MADT) for SMP configuration information
[    0.015394] ACPI: HPET id: 0x8086a201 base: 0xfed00000
[    0.015399] TSC deadline timer available
[    0.015404] CPU topo: Max. logical packages:   1
[    0.015405] CPU topo: Max. logical dies:       1
[    0.015406] CPU topo: Max. dies per package:   1
[    0.015412] CPU topo: Max. threads per core:   1
[    0.015413] CPU topo: Num. cores per package:     1
[    0.015413] CPU topo: Num. threads per package:   1
[    0.015414] CPU topo: Allowing 1 present CPUs plus 0 hotplug CPUs
[    0.015434] kvm-guest: APIC: eoi() replaced with kvm_guest_apic_eoi_write()
[    0.015457] PM: hibernation: Registered nosave memory: [mem 0x00000000-0x00000fff]
[    0.015459] PM: hibernation: Registered nosave memory: [mem 0x0009f000-0x000fffff]
[    0.015461] PM: hibernation: Registered nosave memory: [mem 0x7ffdf000-0xffffffff]
[    0.015463] [mem 0xc0000000-0xfed1bfff] available for PCI devices
[    0.015464] Booting paravirtualized kernel on KVM
[    0.015466] clocksource: refined-jiffies: mask: 0xffffffff max_cycles: 0xffffffff, max_idle_ns: 7645519600211568 ns
[    0.019783] setup_percpu: NR_CPUS:8192 nr_cpumask_bits:1 nr_cpu_ids:1 nr_node_ids:1
[    0.020074] percpu: Embedded 66 pages/cpu s233472 r8192 d28672 u2097152
[    0.020113] kvm-guest: PV spinlocks disabled, single CPU
[    0.020114] Kernel command line: console=ttyS0 rdinit=/init panic=-1 harmony.gates=n2_nested_hammer harmony.env=N2_DEADLINES=100000,N2_SEED=1600065578,N2_PROGRESS=25000
[    0.020194] random: crng init done
[    0.021216] Dentry cache hash table entries: 1048576 (order: 11, 8388608 bytes, linear)
[    0.021724] Inode-cache hash table entries: 524288 (order: 10, 4194304 bytes, linear)
[    0.021766] Fallback order for Node 0: 0 
[    0.021769] Built 1 zonelists, mobility grouping on.  Total pages: 2097021
[    0.021770] Policy zone: Normal
[    0.021779] mem auto-init: stack:all(zero), heap alloc:on, heap free:off
[    0.021785] software IO TLB: area num 1.
[    0.041488] SLUB: HWalign=64, Order=0-3, MinObjects=0, CPUs=1, Nodes=1
[    0.041523] ftrace: allocating 45769 entries in 179 pages
[    0.048331] ftrace: allocated 179 pages with 5 groups
[    0.048995] Dynamic Preempt: voluntary
[    0.049197] rcu: Preemptible hierarchical RCU implementation.
[    0.049198] rcu: 	RCU restricting CPUs from NR_CPUS=8192 to nr_cpu_ids=1.
[    0.049199] 	Trampoline variant of Tasks RCU enabled.
[    0.049199] 	Rude variant of Tasks RCU enabled.
[    0.049200] 	Tracing variant of Tasks RCU enabled.
[    0.049201] rcu: RCU calculated value of scheduler-enlistment delay is 25 jiffies.
[    0.049203] rcu: Adjusting geometry for rcu_fanout_leaf=16, nr_cpu_ids=1
[    0.049209] RCU Tasks: Setting shift to 0 and lim to 1 rcu_task_cb_adjust=1 rcu_task_cpu_ids=1.
[    0.049211] RCU Tasks Rude: Setting shift to 0 and lim to 1 rcu_task_cb_adjust=1 rcu_task_cpu_ids=1.
[    0.049212] RCU Tasks Trace: Setting shift to 0 and lim to 1 rcu_task_cb_adjust=1 rcu_task_cpu_ids=1.
[    0.054694] NR_IRQS: 524544, nr_irqs: 256, preallocated irqs: 16
[    0.054903] rcu: srcu_init: Setting srcu_struct sizes based on contention.
[    0.071827] Console: colour VGA+ 80x25
[    0.071885] printk: legacy console [ttyS0] enabled
[    0.234457] ACPI: Core revision 20240827
[    0.235525] clocksource: hpet: mask: 0xffffffff max_cycles: 0xffffffff, max_idle_ns: 19112604467 ns
[    0.237647] APIC: Switch to symmetric I/O mode setup
[    0.238875] x2apic enabled
[    0.239702] APIC: Switched APIC routing to: physical x2apic
[    0.241898] ..TIMER: vector=0x30 apic1=0 pin1=2 apic2=-1 pin2=-1
[    0.243170] clocksource: tsc-early: mask: 0xffffffffffffffff max_cycles: 0x33e451ab1a6, max_idle_ns: 440795278720 ns
[    0.245344] Calibrating delay loop (skipped) preset value.. 7199.99 BogoMIPS (lpj=14399992)
[    0.249449] x86/cpu: User Mode Instruction Prevention (UMIP) activated
[    0.250917] Last level iTLB entries: 4KB 0, 2MB 0, 4MB 0
[    0.253344] Last level dTLB entries: 4KB 0, 2MB 0, 4MB 0, 1GB 0
[    0.254580] Spectre V1 : Mitigation: usercopy/swapgs barriers and __user pointer sanitization
[    0.256380] Spectre V2 : Spectre BHI mitigation: SW BHB clearing on syscall and VM exit
[    0.257341] Spectre V2 : Mitigation: IBRS
[    0.257341] Spectre V2 : Spectre v2 / SpectreRSB: Filling RSB on context switch and VMEXIT
[    0.257343] RETBleed: Mitigation: IBRS
[    0.261344] Spectre V2 : mitigation: Enabling conditional Indirect Branch Prediction Barrier
[    0.263077] Speculative Store Bypass: Mitigation: Speculative Store Bypass disabled via prctl
[    0.264840] MDS: Mitigation: Clear CPU buffers
[    0.265343] MMIO Stale Data: Mitigation: Clear CPU buffers
[    0.266480] SRBDS: Unknown: Dependent on hypervisor status
[    0.267656] active return thunk: its_return_thunk
[    0.269343] ITS: Mitigation: Aligned branch/return thunks
[    0.270483] x86/fpu: Supporting XSAVE feature 0x001: 'x87 floating point registers'
[    0.272060] x86/fpu: Supporting XSAVE feature 0x002: 'SSE registers'
[    0.273343] x86/fpu: Supporting XSAVE feature 0x004: 'AVX registers'
[    0.274657] x86/fpu: Supporting XSAVE feature 0x008: 'MPX bounds registers'
[    0.276134] x86/fpu: Supporting XSAVE feature 0x010: 'MPX CSR'
[    0.277344] x86/fpu: xstate_offset[2]:  576, xstate_sizes[2]:  256
[    0.278622] x86/fpu: xstate_offset[3]:  832, xstate_sizes[3]:   64
[    0.279898] x86/fpu: xstate_offset[4]:  896, xstate_sizes[4]:   64
[    0.281343] x86/fpu: Enabled xstate features 0x1f, context size is 960 bytes, using 'compacted' format.
[    0.322549] Freeing SMP alternatives memory: 40K
[    0.323514] pid_max: default: 32768 minimum: 301
[    0.324513] LSM: initializing lsm=lockdown,capability,landlock,yama,apparmor,tomoyo,bpf,ipe,ima,evm
[    0.325399] landlock: Up and running.
[    0.326167] Yama: disabled by default; enable with sysctl kernel.yama.*
[    0.327612] AppArmor: AppArmor initialized
[    0.329360] TOMOYO Linux initialized
[    0.330286] LSM support for eBPF active
[    0.331162] Mount-cache hash table entries: 16384 (order: 5, 131072 bytes, linear)
[    0.332763] Mountpoint-cache hash table entries: 16384 (order: 5, 131072 bytes, linear)
[    0.333628] smpboot: CPU0: Intel(R) Core(TM) i9-9900K CPU @ 3.60GHz (family: 0x6, model: 0x9e, stepping: 0xc)
[    0.335871] Performance Events: Skylake events, full-width counters, Intel PMU driver.
[    0.337341] ... version:                2
[    0.337345] ... bit width:              48
[    0.338204] ... generic registers:      4
[    0.339056] ... value mask:             0000ffffffffffff
[    0.340158] ... max period:             00007fffffffffff
[    0.341262] ... fixed-purpose events:   3
[    0.341345] ... event mask:             000000070000000f
[    0.342548] signal: max sigframe size: 2032
[    0.343451] rcu: Hierarchical SRCU implementation.
[    0.344448] rcu: 	Max phase no-delay instances is 1000.
[    0.348498] smp: Bringing up secondary CPUs ...
[    0.349357] smp: Brought up 1 node, 1 CPU
[    0.350221] smpboot: Total of 1 processors activated (7199.99 BogoMIPS)
[    0.369192] node 0 deferred pages initialised in 16ms
[    0.369372] Memory: 8026728K/8388084K available (16384K kernel code, 2497K rwdata, 11808K rodata, 4164K init, 4916K bss, 357552K reserved, 0K cma-reserved)
[    0.372687] devtmpfs: initialized
[    0.373382] x86/mm: Memory block size: 128MB
[    0.375054] clocksource: jiffies: mask: 0xffffffff max_cycles: 0xffffffff, max_idle_ns: 7645041785100000 ns
[    0.377101] futex hash table entries: 256 (order: 2, 16384 bytes, linear)
[    0.377393] pinctrl core: initialized pinctrl subsystem
[    0.378993] NET: Registered PF_NETLINK/PF_ROUTE protocol family
[    0.380389] DMA: preallocated 1024 KiB GFP_KERNEL pool for atomic allocations
[    0.381410] DMA: preallocated 1024 KiB GFP_KERNEL|GFP_DMA pool for atomic allocations
[    0.383254] DMA: preallocated 1024 KiB GFP_KERNEL|GFP_DMA32 pool for atomic allocations
[    0.384930] audit: initializing netlink subsys (disabled)
[    0.385379] audit: type=2000 audit(1783665672.346:1): state=initialized audit_enabled=0 res=1
[    0.387262] thermal_sys: Registered thermal governor 'fair_share'
[    0.387264] thermal_sys: Registered thermal governor 'bang_bang'
[    0.388532] thermal_sys: Registered thermal governor 'step_wise'
[    0.389351] thermal_sys: Registered thermal governor 'user_space'
[    0.390614] thermal_sys: Registered thermal governor 'power_allocator'
[    0.391891] cpuidle: using governor ladder
[    0.393351] cpuidle: using governor menu
[    0.394222] acpiphp: ACPI Hot Plug PCI Controller Driver version: 0.5
[    0.395716] PCI: ECAM [mem 0xb0000000-0xbfffffff] (base 0xb0000000) for domain 0000 [bus 00-ff]
[    0.397345] PCI: ECAM [mem 0xb0000000-0xbfffffff] reserved as E820 entry
[    0.398743] PCI: Using configuration type 1 for base access
[    0.400017] kprobes: kprobe jump-optimization is enabled. All kprobes are optimized if possible.
[    0.425520] HugeTLB: registered 1.00 GiB page size, pre-allocated 0 pages
[    0.426938] HugeTLB: 16380 KiB vmemmap can be freed for a 1.00 GiB page
[    0.428340] HugeTLB: registered 2.00 MiB page size, pre-allocated 0 pages
[    0.429345] HugeTLB: 28 KiB vmemmap can be freed for a 2.00 MiB page
[    0.438002] ACPI: Added _OSI(Module Device)
[    0.438900] ACPI: Added _OSI(Processor Device)
[    0.439855] ACPI: Added _OSI(Processor Aggregator Device)
[    0.442637] ACPI: 1 ACPI AML tables successfully acquired and loaded
[    0.445004] ACPI: Interpreter enabled
[    0.445354] ACPI: PM: (supports S0 S3 S4 S5)
[    0.446258] ACPI: Using IOAPIC for interrupt routing
[    0.447334] PCI: Using host bridge windows from ACPI; if necessary, use "pci=nocrs" and report a bug
[    0.449226] PCI: Using E820 reservations for host bridge windows
[    0.449428] ACPI: Enabled 2 GPEs in block 00 to 3F
[    0.452460] ACPI: PCI Root Bridge [PCI0] (domain 0000 [bus 00-ff])
[    0.453347] acpi PNP0A08:00: _OSC: OS supports [ExtendedConfig ASPM ClockPM Segments MSI HPX-Type3]
[    0.455277] acpi PNP0A08:00: _OSC: platform does not support [PCIeHotplug LTR]
[    0.456841] acpi PNP0A08:00: _OSC: OS now controls [SHPCHotplug PME AER PCIeCapability]
[    0.457502] PCI host bridge to bus 0000:00
[    0.458364] pci_bus 0000:00: root bus resource [io  0x0000-0x0cf7 window]
[    0.459785] pci_bus 0000:00: root bus resource [io  0x0d00-0xffff window]
[    0.461212] pci_bus 0000:00: root bus resource [mem 0x000a0000-0x000bffff window]
[    0.461346] pci_bus 0000:00: root bus resource [mem 0x80000000-0xafffffff window]
[    0.462901] pci_bus 0000:00: root bus resource [mem 0xc0000000-0xfebfffff window]
[    0.464471] pci_bus 0000:00: root bus resource [mem 0x280000000-0xa7fffffff window]
[    0.465346] pci_bus 0000:00: root bus resource [bus 00-ff]
[    0.466574] pci 0000:00:00.0: [8086:29c0] type 00 class 0x060000 conventional PCI endpoint
[    0.468927] pci 0000:00:01.0: [1234:1111] type 00 class 0x030000 conventional PCI endpoint
[    0.471271] pci 0000:00:01.0: BAR 0 [mem 0xfd000000-0xfdffffff pref]
[    0.475163] pci 0000:00:01.0: BAR 2 [mem 0xfebd4000-0xfebd4fff]
[    0.480791] pci 0000:00:01.0: ROM [mem 0xfebc0000-0xfebcffff pref]
[    0.481505] pci 0000:00:01.0: Video device with shadowed ROM at [mem 0x000c0000-0x000dffff]
[    0.483740] pci 0000:00:02.0: [8086:10d3] type 00 class 0x020000 PCIe Root Complex Integrated Endpoint
[    0.486503] pci 0000:00:02.0: BAR 0 [mem 0xfeb80000-0xfeb9ffff]
[    0.489011] pci 0000:00:02.0: BAR 1 [mem 0xfeba0000-0xfebbffff]
[    0.490169] pci 0000:00:02.0: BAR 2 [io  0xc040-0xc05f]
[    0.492570] pci 0000:00:02.0: BAR 3 [mem 0xfebd0000-0xfebd3fff]
[    0.497757] pci 0000:00:02.0: ROM [mem 0xfeb40000-0xfeb7ffff pref]
[    0.499145] pci 0000:00:02.0: enabling Extended Tags
[    0.501693] pci 0000:00:1f.0: [8086:2918] type 00 class 0x060100 conventional PCI endpoint
[    0.504121] pci 0000:00:1f.0: quirk: [io  0x0600-0x067f] claimed by ICH6 ACPI/GPIO/TCO
[    0.505692] pci 0000:00:1f.2: [8086:2922] type 00 class 0x010601 conventional PCI endpoint
[    0.509980] pci 0000:00:1f.2: BAR 4 [io  0xc060-0xc07f]
[    0.511666] pci 0000:00:1f.2: BAR 5 [mem 0xfebd5000-0xfebd5fff]
[    0.513853] pci 0000:00:1f.3: [8086:2930] type 00 class 0x0c0500 conventional PCI endpoint
[    0.518104] pci 0000:00:1f.3: BAR 4 [io  0x0700-0x073f]
[    0.521698] ACPI: PCI: Interrupt link LNKA configured for IRQ 10
[    0.523051] ACPI: PCI: Interrupt link LNKB configured for IRQ 10
[    0.524401] ACPI: PCI: Interrupt link LNKC configured for IRQ 11
[    0.525442] ACPI: PCI: Interrupt link LNKD configured for IRQ 11
[    0.527065] ACPI: PCI: Interrupt link LNKE configured for IRQ 10
[    0.528508] ACPI: PCI: Interrupt link LNKF configured for IRQ 10
[    0.529443] ACPI: PCI: Interrupt link LNKG configured for IRQ 11
[    0.530863] ACPI: PCI: Interrupt link LNKH configured for IRQ 11
[    0.532191] ACPI: PCI: Interrupt link GSIA configured for IRQ 16
[    0.533353] ACPI: PCI: Interrupt link GSIB configured for IRQ 17
[    0.534653] ACPI: PCI: Interrupt link GSIC configured for IRQ 18
[    0.535928] ACPI: PCI: Interrupt link GSID configured for IRQ 19
[    0.537355] ACPI: PCI: Interrupt link GSIE configured for IRQ 20
[    0.538706] ACPI: PCI: Interrupt link GSIF configured for IRQ 21
[    0.539980] ACPI: PCI: Interrupt link GSIG configured for IRQ 22
[    0.541237] ACPI: PCI: Interrupt link GSIH configured for IRQ 23
[    0.541864] iommu: Default domain type: Translated
[    0.542865] iommu: DMA domain TLB invalidation policy: lazy mode
[    0.544272] pps_core: LinuxPPS API ver. 1 registered
[    0.545345] pps_core: Software ver. 5.3.6 - Copyright 2005-2007 Rodolfo Giometti <giometti@linux.it>
[    0.547260] PTP clock support registered
[    0.548097] EDAC MC: Ver: 3.0.0
[    0.549404] NetLabel: Initializing
[    0.550160] NetLabel:  domain hash size = 128
[    0.551075] NetLabel:  protocols = UNLABELED CIPSOv4 CALIPSO
[    0.552277] NetLabel:  unlabeled traffic allowed by default
[    0.553344] PCI: Using ACPI for IRQ routing
[    0.646433] pci 0000:00:01.0: vgaarb: setting as boot VGA device
[    0.647709] pci 0000:00:01.0: vgaarb: bridge control possible
[    0.648935] pci 0000:00:01.0: vgaarb: VGA device added: decodes=io+mem,owns=io+mem,locks=none
[    0.649345] vgaarb: loaded
[    0.649975] hpet0: at MMIO 0xfed00000, IRQs 2, 8, 0
[    0.651012] hpet0: 3 comparators, 64-bit 100.000000 MHz counter
[    0.655431] clocksource: Switched to clocksource kvm-clock
[    0.657303] VFS: Disk quotas dquot_6.6.0
[    0.657341] VFS: Dquot-cache hash table entries: 512 (order 0, 4096 bytes)
[    0.657685] AppArmor: AppArmor Filesystem Enabled
[    0.658729] pnp: PnP ACPI init
[    0.659540] system 00:05: [mem 0xb0000000-0xbfffffff window] has been reserved
[    0.661315] pnp: PnP ACPI: found 6 devices
[    0.668040] clocksource: acpi_pm: mask: 0xffffff max_cycles: 0xffffff, max_idle_ns: 2085701024 ns
[    0.669968] NET: Registered PF_INET protocol family
[    0.671225] IP idents hash table entries: 131072 (order: 8, 1048576 bytes, linear)
[    0.684484] tcp_listen_portaddr_hash hash table entries: 4096 (order: 4, 65536 bytes, linear)
[    0.686323] Table-perturb hash table entries: 65536 (order: 6, 262144 bytes, linear)
[    0.687965] TCP established hash table entries: 65536 (order: 7, 524288 bytes, linear)
[    0.689900] TCP bind hash table entries: 65536 (order: 9, 2097152 bytes, linear)
[    0.691610] TCP: Hash tables configured (established 65536 bind 65536)
[    0.693020] MPTCP token hash table entries: 8192 (order: 6, 196608 bytes, linear)
[    0.694629] UDP hash table entries: 4096 (order: 5, 131072 bytes, linear)
[    0.696048] UDP-Lite hash table entries: 4096 (order: 5, 131072 bytes, linear)
[    0.697610] NET: Registered PF_UNIX/PF_LOCAL protocol family
[    0.698839] NET: Registered PF_XDP protocol family
[    0.699860] pci_bus 0000:00: resource 4 [io  0x0000-0x0cf7 window]
[    0.701154] pci_bus 0000:00: resource 5 [io  0x0d00-0xffff window]
[    0.702467] pci_bus 0000:00: resource 6 [mem 0x000a0000-0x000bffff window]
[    0.703895] pci_bus 0000:00: resource 7 [mem 0x80000000-0xafffffff window]
[    0.705344] pci_bus 0000:00: resource 8 [mem 0xc0000000-0xfebfffff window]
[    0.706815] pci_bus 0000:00: resource 9 [mem 0x280000000-0xa7fffffff window]
[    0.708406] PCI: CLS 0 bytes, default 64
[    0.709364] Trying to unpack rootfs image as initramfs...
[    0.710515] PCI-DMA: Using software bounce buffering for IO (SWIOTLB)
[    0.711857] software IO TLB: mapped [mem 0x0000000075c87000-0x0000000079c87000] (64MB)
[    0.713549] clocksource: tsc: mask: 0xffffffffffffffff max_cycles: 0x33e451ab1a6, max_idle_ns: 440795278720 ns
[    0.722725] Initialise system trusted keyrings
[    0.723696] Key type blacklist registered
[    0.724603] workingset: timestamp_bits=36 max_order=21 bucket_order=0
[    0.725996] zbud: loaded
[    0.730574] fuse: init (API version 7.41)
[    0.731546] integrity: Platform Keyring initialized
[    0.732569] integrity: Machine keyring initialized
[    0.762446] Key type asymmetric registered
[    0.763325] Asymmetric key parser 'x509' registered
[    1.508111] Freeing initrd memory: 101668K
[    1.509762] Block layer SCSI generic (bsg) driver version 0.4 loaded (major 246)
[    1.511381] io scheduler mq-deadline registered
[    1.513383] ledtrig-cpu: registered to indicate activity on CPUs
[    1.514748] shpchp: Standard Hot Plug PCI Controller Driver version: 0.4
[    1.516385] Serial: 8250/16550 driver, 4 ports, IRQ sharing enabled
[    1.518229] 00:03: ttyS0 at I/O 0x3f8 (irq = 4, base_baud = 115200) is a 16550A
[    1.520314] Linux agpgart interface v0.103
[    1.521444] i8042: PNP: PS/2 Controller [PNP0303:KBD,PNP0f13:MOU] at 0x60,0x64 irq 1,12
[    1.524004] serio: i8042 KBD port at 0x60,0x64 irq 1
[    1.525099] serio: i8042 AUX port at 0x60,0x64 irq 12
[    1.526266] mousedev: PS/2 mouse device common for all mice
[    1.527798] input: AT Translated Set 2 keyboard as /devices/platform/i8042/serio0/input/input0
[    1.529864] rtc_cmos 00:04: RTC can wake from S4
[    1.531497] rtc_cmos 00:04: registered as rtc0
[    1.532519] rtc_cmos 00:04: setting system clock to 2026-07-10T06:41:12 UTC (1783665672)
[    1.534332] rtc_cmos 00:04: alarms up to one day, y3k, 242 bytes nvram, hpet irqs
[    1.535914] intel_pstate: CPU model not supported
[    1.537664] NET: Registered PF_INET6 protocol family
[    1.539469] Segment Routing with IPv6
[    1.540248] In-situ OAM (IOAM) with IPv6
[    1.541098] mip6: Mobile IPv6
[    1.541737] NET: Registered PF_PACKET protocol family
[    1.542849] mpls_gso: MPLS GSO support
[    1.543744] IPI shorthand broadcast: enabled
[    1.546324] sched_clock: Marking stable (1356383902, 186432105)->(1566651737, -23835730)
[    1.548161] registered taskstats version 1
[    1.549123] Loading compiled-in X.509 certificates
[    1.567428] Loaded X.509 cert 'Build time autogenerated kernel key: e87b99600394fc77ba6018a2cc6a68db4bb86ee6'
[    1.571049] Demotion targets for Node 0: null
[    1.572010] Key type .fscrypt registered
[    1.572838] Key type fscrypt-provisioning registered
[    1.574578] Key type encrypted registered
[    1.575425] AppArmor: AppArmor sha256 policy hashing enabled
[    1.576611] ima: No TPM chip found, activating TPM-bypass!
[    1.577794] ima: Allocated hash algorithm: sha256
[    1.578824] ima: No architecture policies found
[    1.579790] evm: Initialising EVM extended attributes:
[    1.580870] evm: security.selinux
[    1.581566] evm: security.SMACK64 (disabled)
[    1.582507] evm: security.SMACK64EXEC (disabled)
[    1.583475] evm: security.SMACK64TRANSMUTE (disabled)
[    1.584531] evm: security.SMACK64MMAP (disabled)
[    1.585500] evm: security.apparmor
[    1.586233] evm: security.ima
[    1.586874] evm: security.capability
[    1.587623] evm: HMAC attrs: 0x1
[    1.618426] RAS: Correctable Errors collector initialized.
[    1.638227] clk: Disabling unused clocks
[    1.639089] PM: genpd: Disabling unused power domains
[    1.642703] Freeing unused decrypted memory: 2028K
[    1.643831] Freeing unused kernel image (initmem) memory: 4164K
[    1.644754] Write protecting the kernel read-only data: 28672k
[    1.645916] Freeing unused kernel image (rodata/data gap) memory: 480K
[    1.692307] x86/mm: Checked W+X mappings: passed, no W+X pages found.
[    1.730445] Run /init as init process
NESTED_X86_L1_BOOT_OK
Linux (none) 6.12.90+deb13.1-amd64 #1 SMP PREEMPT_DYNAMIC Debian 6.12.90-2 (2026-05-27) x86_64 GNU/Linux
              total        used        free      shared  buff/cache   available
Mem:           7948          51        7675         221         222        7539
console=ttyS0 rdinit=/init panic=-1 harmony.gates=n2_nested_hammer harmony.env=N2_DEADLINES=100000,N2_SEED=1600065578,N2_PROGRESS=25000
msr: loaded
irqbypass: loaded
[    1.772876] kvm: loading out-of-tree module taints kernel.
[    1.773723] kvm: module verification failed: signature and/or required key missing - tainting kernel
kvm(PATCHED): loaded
kvm-intel(PATCHED): loaded
L1_DEV_KVM_PRESENT
NESTED_X86_L2_PIN_CHECK_BEGIN
f06a34a79010a8f2cc8226dc629cc8fb049740016f035f53e3f2e53d9a30dd41  guest/build/bzImage
3c4a7f2f0db4b59aaf4dee55d43a42c57fc0d10ac25441de88128c61be0778c2  guest/build/initramfs-postgres.cpio.gz
NESTED_X86_L2_PIN_CHECK_END
ENV N2_DEADLINES=100000
ENV N2_SEED=1600065578
ENV N2_PROGRESS=25000
NESTED_X86_GATE_BEGIN n2_nested_hammer 

running 1 test
test n2_deadline_hammer ... N2JSON {"event":"start","total":100000,"seed":1600065578,"pid":147}
[    2.761447] perf: interrupt took too long (2531 > 2500), lowering kernel.perf_event_max_sample_rate to 79000
[    2.955750] perf: interrupt took too long (3177 > 3163), lowering kernel.perf_event_max_sample_rate to 62750
[    3.217748] perf: interrupt took too long (3995 > 3971), lowering kernel.perf_event_max_sample_rate to 50000
[    3.595388] perf: interrupt took too long (5030 > 4993), lowering kernel.perf_event_max_sample_rate to 39750
[    4.213487] perf: interrupt took too long (6317 > 6287), lowering kernel.perf_event_max_sample_rate to 31500
[    5.173294] perf: interrupt took too long (7915 > 7896), lowering kernel.perf_event_max_sample_rate to 25250
[    7.576098] perf: interrupt took too long (9904 > 9893), lowering kernel.perf_event_max_sample_rate to 20000
N2JSON {"event":"progress","armed":25000,"exact":25000,"mismatches":0}
N2JSON {"event":"progress","armed":50000,"exact":50000,"mismatches":0}
N2JSON {"event":"progress","armed":75000,"exact":75000,"mismatches":0}
N2JSON {"event":"progress","armed":100000,"exact":100000,"mismatches":0}
N2JSON {"event":"summary","armed":100000,"exact":100000,"mismatches":0,"final_work":1752162978}
ok

test result: ok. 1 passed; 0 failed; 0 ignored; 0 measured; 0 filtered out; finished in 1062.57s

NESTED_X86_GATE_RC n2_nested_hammer rc=0
NESTED_X86_GATE_END n2_nested_hammer
--- L1 dmesg tail (kvm/vmx/pmu/perf) ---
[    0.000000] Hypervisor detected: KVM
[    0.000000] kvm-clock: Using msrs 4b564d01 and 4b564d00
[    0.000000] kvm-clock: using sched offset of 221201315 cycles
[    0.000002] clocksource: kvm-clock: mask: 0xffffffffffffffff max_cycles: 0x1cd42e4dffb, max_idle_ns: 881590591483 ns
[    0.015434] kvm-guest: APIC: eoi() replaced with kvm_guest_apic_eoi_write()
[    0.015464] Booting paravirtualized kernel on KVM
[    0.020113] kvm-guest: PV spinlocks disabled, single CPU
[    0.335871] Performance Events: Skylake events, full-width counters, Intel PMU driver.
[    0.655431] clocksource: Switched to clocksource kvm-clock
[    1.772876] kvm: loading out-of-tree module taints kernel.
[    1.773723] kvm: module verification failed: signature and/or required key missing - tainting kernel
[    2.761447] perf: interrupt took too long (2531 > 2500), lowering kernel.perf_event_max_sample_rate to 79000
[    2.955750] perf: interrupt took too long (3177 > 3163), lowering kernel.perf_event_max_sample_rate to 62750
[    3.217748] perf: interrupt took too long (3995 > 3971), lowering kernel.perf_event_max_sample_rate to 50000
[    3.595388] perf: interrupt took too long (5030 > 4993), lowering kernel.perf_event_max_sample_rate to 39750
[    4.213487] perf: interrupt took too long (6317 > 6287), lowering kernel.perf_event_max_sample_rate to 31500
[    5.173294] perf: interrupt took too long (7915 > 7896), lowering kernel.perf_event_max_sample_rate to 25250
[    7.576098] perf: interrupt took too long (9904 > 9893), lowering kernel.perf_event_max_sample_rate to 20000
NESTED_X86_L1_DONE
[ 1064.720836] ACPI: PM: Preparing to enter system sleep state S5
[ 1064.721800] kvm: exiting hardware virtualization
[ 1064.722539] reboot: Power down
