[    0.000000] Linux version 6.12.90+deb13.1-amd64 (debian-kernel@lists.debian.org) (x86_64-linux-gnu-gcc-14 (Debian 14.2.0-19) 14.2.0, GNU ld (GNU Binutils for Debian) 2.44) #1 SMP PREEMPT_DYNAMIC Debian 6.12.90-2 (2026-05-27)
[    0.000000] Command line: console=ttyS0 rdinit=/init panic=-1 harmony.gates=n2_nested_hammer harmony.env=N2_DEADLINES=100000,N2_SEED=1600065577,N2_PROGRESS=25000
[    0.000000] BIOS-provided physical RAM map:
[    0.000000] BIOS-e820: [mem 0x0000000000000000-0x000000000009fbff] usable
[    0.000000] BIOS-e820: [mem 0x000000000009fc00-0x000000000009ffff] reserved
[    0.000000] BIOS-e820: [mem 0x00000000000f0000-0x00000000000fffff] reserved
[    0.000000] BIOS-e820: [mem 0x0000000000100000-0x000000007ffdefff] usable
[    0.000000] BIOS-e820: [mem 0x000000007ffdf000-0x000000007fffffff] reserved
[    0.000000] BIOS-e820: [mem 0x00000000b0000000-0x00000000bfffffff] reserved
[    0.000000] BIOS-e820: [mem 0x00000000fed1c000-0x00000000fed1ffff] reserved
[    0.000000] BIOS-e820: [mem 0x00000000feffc000-0x00000000feffffff] reserved
[    0.000000] BIOS-e820: [mem 0x00000000fffc0000-0x00000000ffffffff] reserved
[    0.000000] BIOS-e820: [mem 0x0000000100000000-0x000000027fffffff] usable
[    0.000000] NX (Execute Disable) protection: active
[    0.000000] APIC: Static calls initialized
[    0.000000] SMBIOS 2.8 present.
[    0.000000] DMI: QEMU Standard PC (Q35 + ICH9, 2009), BIOS 1.16.3-debian-1.16.3-2 04/01/2014
[    0.000000] DMI: Memory slots populated: 1/1
[    0.000000] Hypervisor detected: KVM
[    0.000000] last_pfn = 0x7ffdf max_arch_pfn = 0x400000000
[    0.000000] kvm-clock: Using msrs 4b564d01 and 4b564d00
[    0.000000] kvm-clock: using sched offset of 250940757 cycles
[    0.000002] clocksource: kvm-clock: mask: 0xffffffffffffffff max_cycles: 0x1cd42e4dffb, max_idle_ns: 881590591483 ns
[    0.000006] tsc: Detected 3599.998 MHz processor
[    0.000804] last_pfn = 0x280000 max_arch_pfn = 0x400000000
[    0.000828] MTRR map: 4 entries (3 fixed + 1 variable; max 19), built from 8 variable MTRRs
[    0.000831] x86/PAT: Configuration [0-7]: WB  WC  UC- UC  WB  WP  UC- WT  
[    0.000862] last_pfn = 0x7ffdf max_arch_pfn = 0x400000000
[    0.006201] found SMP MP-table at [mem 0x000f5480-0x000f548f]
[    0.006222] Using GB pages for direct mapping
[    0.006567] RAMDISK: [mem 0x79c87000-0x7ffcffff]
[    0.006574] ACPI: Early table checksum verification disabled
[    0.006577] ACPI: RSDP 0x00000000000F52A0 000014 (v00 BOCHS )
[    0.006581] ACPI: RSDT 0x000000007FFE2351 000038 (v01 BOCHS  BXPC     00000001 BXPC 00000001)
[    0.006586] ACPI: FACP 0x000000007FFE2149 0000F4 (v03 BOCHS  BXPC     00000001 BXPC 00000001)
[    0.006590] ACPI: DSDT 0x000000007FFE0040 002109 (v01 BOCHS  BXPC     00000001 BXPC 00000001)
[    0.006592] ACPI: FACS 0x000000007FFE0000 000040
[    0.006594] ACPI: APIC 0x000000007FFE223D 000078 (v03 BOCHS  BXPC     00000001 BXPC 00000001)
[    0.006596] ACPI: HPET 0x000000007FFE22B5 000038 (v01 BOCHS  BXPC     00000001 BXPC 00000001)
[    0.006599] ACPI: MCFG 0x000000007FFE22ED 00003C (v01 BOCHS  BXPC     00000001 BXPC 00000001)
[    0.006601] ACPI: WAET 0x000000007FFE2329 000028 (v01 BOCHS  BXPC     00000001 BXPC 00000001)
[    0.006602] ACPI: Reserving FACP table memory at [mem 0x7ffe2149-0x7ffe223c]
[    0.006603] ACPI: Reserving DSDT table memory at [mem 0x7ffe0040-0x7ffe2148]
[    0.006604] ACPI: Reserving FACS table memory at [mem 0x7ffe0000-0x7ffe003f]
[    0.006604] ACPI: Reserving APIC table memory at [mem 0x7ffe223d-0x7ffe22b4]
[    0.006605] ACPI: Reserving HPET table memory at [mem 0x7ffe22b5-0x7ffe22ec]
[    0.006605] ACPI: Reserving MCFG table memory at [mem 0x7ffe22ed-0x7ffe2328]
[    0.006605] ACPI: Reserving WAET table memory at [mem 0x7ffe2329-0x7ffe2350]
[    0.006973] No NUMA configuration found
[    0.006975] Faking a node at [mem 0x0000000000000000-0x000000027fffffff]
[    0.006981] NODE_DATA(0) allocated [mem 0x27ffd3680-0x27fffdfff]
[    0.007117] Zone ranges:
[    0.007118]   DMA      [mem 0x0000000000001000-0x0000000000ffffff]
[    0.007119]   DMA32    [mem 0x0000000001000000-0x00000000ffffffff]
[    0.007120]   Normal   [mem 0x0000000100000000-0x000000027fffffff]
[    0.007121]   Device   empty
[    0.007122] Movable zone start for each node
[    0.007123] Early memory node ranges
[    0.007123]   node   0: [mem 0x0000000000001000-0x000000000009efff]
[    0.007124]   node   0: [mem 0x0000000000100000-0x000000007ffdefff]
[    0.007125]   node   0: [mem 0x0000000100000000-0x000000027fffffff]
[    0.007126] Initmem setup node 0 [mem 0x0000000000001000-0x000000027fffffff]
[    0.007340] On node 0, zone DMA: 1 pages in unavailable ranges
[    0.007353] On node 0, zone DMA: 97 pages in unavailable ranges
[    0.011955] On node 0, zone Normal: 33 pages in unavailable ranges
[    0.012399] ACPI: PM-Timer IO Port: 0x608
[    0.012416] ACPI: LAPIC_NMI (acpi_id[0xff] dfl dfl lint[0x1])
[    0.012446] IOAPIC[0]: apic_id 0, version 17, address 0xfec00000, GSI 0-23
[    0.012448] ACPI: INT_SRC_OVR (bus 0 bus_irq 0 global_irq 2 dfl dfl)
[    0.012449] ACPI: INT_SRC_OVR (bus 0 bus_irq 5 global_irq 5 high level)
[    0.012450] ACPI: INT_SRC_OVR (bus 0 bus_irq 9 global_irq 9 high level)
[    0.012451] ACPI: INT_SRC_OVR (bus 0 bus_irq 10 global_irq 10 high level)
[    0.012452] ACPI: INT_SRC_OVR (bus 0 bus_irq 11 global_irq 11 high level)
[    0.012455] ACPI: Using ACPI (MADT) for SMP configuration information
[    0.012456] ACPI: HPET id: 0x8086a201 base: 0xfed00000
[    0.012461] TSC deadline timer available
[    0.012465] CPU topo: Max. logical packages:   1
[    0.012466] CPU topo: Max. logical dies:       1
[    0.012466] CPU topo: Max. dies per package:   1
[    0.012470] CPU topo: Max. threads per core:   1
[    0.012470] CPU topo: Num. cores per package:     1
[    0.012471] CPU topo: Num. threads per package:   1
[    0.012471] CPU topo: Allowing 1 present CPUs plus 0 hotplug CPUs
[    0.012490] kvm-guest: APIC: eoi() replaced with kvm_guest_apic_eoi_write()
[    0.012512] PM: hibernation: Registered nosave memory: [mem 0x00000000-0x00000fff]
[    0.012513] PM: hibernation: Registered nosave memory: [mem 0x0009f000-0x000fffff]
[    0.012514] PM: hibernation: Registered nosave memory: [mem 0x7ffdf000-0xffffffff]
[    0.012515] [mem 0xc0000000-0xfed1bfff] available for PCI devices
[    0.012516] Booting paravirtualized kernel on KVM
[    0.012518] clocksource: refined-jiffies: mask: 0xffffffff max_cycles: 0xffffffff, max_idle_ns: 7645519600211568 ns
[    0.016379] setup_percpu: NR_CPUS:8192 nr_cpumask_bits:1 nr_cpu_ids:1 nr_node_ids:1
[    0.016744] percpu: Embedded 66 pages/cpu s233472 r8192 d28672 u2097152
[    0.016785] kvm-guest: PV spinlocks disabled, single CPU
[    0.016786] Kernel command line: console=ttyS0 rdinit=/init panic=-1 harmony.gates=n2_nested_hammer harmony.env=N2_DEADLINES=100000,N2_SEED=1600065577,N2_PROGRESS=25000
[    0.016855] random: crng init done
[    0.017905] Dentry cache hash table entries: 1048576 (order: 11, 8388608 bytes, linear)
[    0.018444] Inode-cache hash table entries: 524288 (order: 10, 4194304 bytes, linear)
[    0.018491] Fallback order for Node 0: 0 
[    0.018495] Built 1 zonelists, mobility grouping on.  Total pages: 2097021
[    0.018496] Policy zone: Normal
[    0.018506] mem auto-init: stack:all(zero), heap alloc:on, heap free:off
[    0.018513] software IO TLB: area num 1.
[    0.044907] SLUB: HWalign=64, Order=0-3, MinObjects=0, CPUs=1, Nodes=1
[    0.044931] ftrace: allocating 45769 entries in 179 pages
[    0.052296] ftrace: allocated 179 pages with 5 groups
[    0.053053] Dynamic Preempt: voluntary
[    0.053286] rcu: Preemptible hierarchical RCU implementation.
[    0.053287] rcu: 	RCU restricting CPUs from NR_CPUS=8192 to nr_cpu_ids=1.
[    0.053288] 	Trampoline variant of Tasks RCU enabled.
[    0.053288] 	Rude variant of Tasks RCU enabled.
[    0.053289] 	Tracing variant of Tasks RCU enabled.
[    0.053289] rcu: RCU calculated value of scheduler-enlistment delay is 25 jiffies.
[    0.053290] rcu: Adjusting geometry for rcu_fanout_leaf=16, nr_cpu_ids=1
[    0.053296] RCU Tasks: Setting shift to 0 and lim to 1 rcu_task_cb_adjust=1 rcu_task_cpu_ids=1.
[    0.053297] RCU Tasks Rude: Setting shift to 0 and lim to 1 rcu_task_cb_adjust=1 rcu_task_cpu_ids=1.
[    0.053298] RCU Tasks Trace: Setting shift to 0 and lim to 1 rcu_task_cb_adjust=1 rcu_task_cpu_ids=1.
[    0.056941] NR_IRQS: 524544, nr_irqs: 256, preallocated irqs: 16
[    0.057164] rcu: srcu_init: Setting srcu_struct sizes based on contention.
[    0.069985] Console: colour VGA+ 80x25
[    0.070044] printk: legacy console [ttyS0] enabled
[    0.196272] ACPI: Core revision 20240827
[    0.197184] clocksource: hpet: mask: 0xffffffff max_cycles: 0xffffffff, max_idle_ns: 19112604467 ns
[    0.198793] APIC: Switch to symmetric I/O mode setup
[    0.199738] x2apic enabled
[    0.200371] APIC: Switched APIC routing to: physical x2apic
[    0.202004] ..TIMER: vector=0x30 apic1=0 pin1=2 apic2=-1 pin2=-1
[    0.203020] clocksource: tsc-early: mask: 0xffffffffffffffff max_cycles: 0x33e451ab1a6, max_idle_ns: 440795278720 ns
[    0.204716] Calibrating delay loop (skipped) preset value.. 7199.99 BogoMIPS (lpj=14399992)
[    0.206127] x86/cpu: User Mode Instruction Prevention (UMIP) activated
[    0.208792] Last level iTLB entries: 4KB 0, 2MB 0, 4MB 0
[    0.209630] Last level dTLB entries: 4KB 0, 2MB 0, 4MB 0, 1GB 0
[    0.210619] Spectre V1 : Mitigation: usercopy/swapgs barriers and __user pointer sanitization
[    0.211963] Spectre V2 : Spectre BHI mitigation: SW BHB clearing on syscall and VM exit
[    0.212716] Spectre V2 : Mitigation: IBRS
[    0.213349] Spectre V2 : Spectre v2 / SpectreRSB: Filling RSB on context switch and VMEXIT
[    0.214682] RETBleed: Mitigation: IBRS
[    0.215284] Spectre V2 : mitigation: Enabling conditional Indirect Branch Prediction Barrier
[    0.216717] Speculative Store Bypass: Mitigation: Speculative Store Bypass disabled via prctl
[    0.218094] MDS: Mitigation: Clear CPU buffers
[    0.218799] MMIO Stale Data: Mitigation: Clear CPU buffers
[    0.219664] SRBDS: Unknown: Dependent on hypervisor status
[    0.220717] active return thunk: its_return_thunk
[    0.221463] ITS: Mitigation: Aligned branch/return thunks
[    0.222375] x86/fpu: Supporting XSAVE feature 0x001: 'x87 floating point registers'
[    0.223578] x86/fpu: Supporting XSAVE feature 0x002: 'SSE registers'
[    0.224716] x86/fpu: Supporting XSAVE feature 0x004: 'AVX registers'
[    0.225714] x86/fpu: Supporting XSAVE feature 0x008: 'MPX bounds registers'
[    0.226884] x86/fpu: Supporting XSAVE feature 0x010: 'MPX CSR'
[    0.227809] x86/fpu: xstate_offset[2]:  576, xstate_sizes[2]:  256
[    0.228716] x86/fpu: xstate_offset[3]:  832, xstate_sizes[3]:   64
[    0.229729] x86/fpu: xstate_offset[4]:  896, xstate_sizes[4]:   64
[    0.230701] x86/fpu: Enabled xstate features 0x1f, context size is 960 bytes, using 'compacted' format.
[    0.268550] Freeing SMP alternatives memory: 40K
[    0.268721] pid_max: default: 32768 minimum: 301
[    0.269695] LSM: initializing lsm=lockdown,capability,landlock,yama,apparmor,tomoyo,bpf,ipe,ima,evm
[    0.271216] landlock: Up and running.
[    0.271798] Yama: disabled by default; enable with sysctl kernel.yama.*
[    0.272816] AppArmor: AppArmor initialized
[    0.273490] TOMOYO Linux initialized
[    0.274311] LSM support for eBPF active
[    0.275008] Mount-cache hash table entries: 16384 (order: 5, 131072 bytes, linear)
[    0.276722] Mountpoint-cache hash table entries: 16384 (order: 5, 131072 bytes, linear)
[    0.278374] smpboot: CPU0: Intel(R) Core(TM) i9-9900K CPU @ 3.60GHz (family: 0x6, model: 0x9e, stepping: 0xc)
[    0.280093] Performance Events: Skylake events, full-width counters, Intel PMU driver.
[    0.280711] ... version:                2
[    0.280711] ... bit width:              48
[    0.280719] ... generic registers:      4
[    0.281352] ... value mask:             0000ffffffffffff
[    0.282190] ... max period:             00007fffffffffff
[    0.283057] ... fixed-purpose events:   3
[    0.283697] ... event mask:             000000070000000f
[    0.284667] signal: max sigframe size: 2032
[    0.284779] rcu: Hierarchical SRCU implementation.
[    0.285533] rcu: 	Max phase no-delay instances is 1000.
[    0.289410] smp: Bringing up secondary CPUs ...
[    0.290242] smp: Brought up 1 node, 1 CPU
[    0.290880] smpboot: Total of 1 processors activated (7199.99 BogoMIPS)
[    0.309372] node 0 deferred pages initialised in 20ms
[    0.310224] Memory: 8026808K/8388084K available (16384K kernel code, 2497K rwdata, 11808K rodata, 4164K init, 4916K bss, 357560K reserved, 0K cma-reserved)
[    0.312830] devtmpfs: initialized
[    0.313398] x86/mm: Memory block size: 128MB
[    0.314824] clocksource: jiffies: mask: 0xffffffff max_cycles: 0xffffffff, max_idle_ns: 7645041785100000 ns
[    0.316351] futex hash table entries: 256 (order: 2, 16384 bytes, linear)
[    0.316796] pinctrl core: initialized pinctrl subsystem
[    0.318457] NET: Registered PF_NETLINK/PF_ROUTE protocol family
[    0.319513] DMA: preallocated 1024 KiB GFP_KERNEL pool for atomic allocations
[    0.320795] DMA: preallocated 1024 KiB GFP_KERNEL|GFP_DMA pool for atomic allocations
[    0.322367] DMA: preallocated 1024 KiB GFP_KERNEL|GFP_DMA32 pool for atomic allocations
[    0.323640] audit: initializing netlink subsys (disabled)
[    0.324603] audit: type=2000 audit(1783664847.328:1): state=initialized audit_enabled=0 res=1
[    0.324835] thermal_sys: Registered thermal governor 'fair_share'
[    0.324837] thermal_sys: Registered thermal governor 'bang_bang'
[    0.325793] thermal_sys: Registered thermal governor 'step_wise'
[    0.326732] thermal_sys: Registered thermal governor 'user_space'
[    0.327717] thermal_sys: Registered thermal governor 'power_allocator'
[    0.328753] cpuidle: using governor ladder
[    0.330433] cpuidle: using governor menu
[    0.331172] acpiphp: ACPI Hot Plug PCI Controller Driver version: 0.5
[    0.332337] PCI: ECAM [mem 0xb0000000-0xbfffffff] (base 0xb0000000) for domain 0000 [bus 00-ff]
[    0.332735] PCI: ECAM [mem 0xb0000000-0xbfffffff] reserved as E820 entry
[    0.333838] PCI: Using configuration type 1 for base access
[    0.334847] kprobes: kprobe jump-optimization is enabled. All kprobes are optimized if possible.
[    0.360869] HugeTLB: registered 1.00 GiB page size, pre-allocated 0 pages
[    0.362021] HugeTLB: 16380 KiB vmemmap can be freed for a 1.00 GiB page
[    0.363058] HugeTLB: registered 2.00 MiB page size, pre-allocated 0 pages
[    0.364174] HugeTLB: 28 KiB vmemmap can be freed for a 2.00 MiB page
[    0.367555] ACPI: Added _OSI(Module Device)
[    0.368258] ACPI: Added _OSI(Processor Device)
[    0.368726] ACPI: Added _OSI(Processor Aggregator Device)
[    0.370292] ACPI: 1 ACPI AML tables successfully acquired and loaded
[    0.372199] ACPI: Interpreter enabled
[    0.372728] ACPI: PM: (supports S0 S3 S4 S5)
[    0.373405] ACPI: Using IOAPIC for interrupt routing
[    0.374210] PCI: Using host bridge windows from ACPI; if necessary, use "pci=nocrs" and report a bug
[    0.375686] PCI: Using E820 reservations for host bridge windows
[    0.376767] ACPI: Enabled 2 GPEs in block 00 to 3F
[    0.379176] ACPI: PCI Root Bridge [PCI0] (domain 0000 [bus 00-ff])
[    0.380164] acpi PNP0A08:00: _OSC: OS supports [ExtendedConfig ASPM ClockPM Segments MSI HPX-Type3]
[    0.380761] acpi PNP0A08:00: _OSC: platform does not support [PCIeHotplug LTR]
[    0.381993] acpi PNP0A08:00: _OSC: OS now controls [SHPCHotplug PME AER PCIeCapability]
[    0.383404] PCI host bridge to bus 0000:00
[    0.384089] pci_bus 0000:00: root bus resource [io  0x0000-0x0cf7 window]
[    0.384722] pci_bus 0000:00: root bus resource [io  0x0d00-0xffff window]
[    0.385837] pci_bus 0000:00: root bus resource [mem 0x000a0000-0x000bffff window]
[    0.387008] pci_bus 0000:00: root bus resource [mem 0x80000000-0xafffffff window]
[    0.388227] pci_bus 0000:00: root bus resource [mem 0xc0000000-0xfebfffff window]
[    0.388720] pci_bus 0000:00: root bus resource [mem 0x280000000-0xa7fffffff window]
[    0.389951] pci_bus 0000:00: root bus resource [bus 00-ff]
[    0.390923] pci 0000:00:00.0: [8086:29c0] type 00 class 0x060000 conventional PCI endpoint
[    0.392814] pci 0000:00:01.0: [1234:1111] type 00 class 0x030000 conventional PCI endpoint
[    0.395457] pci 0000:00:01.0: BAR 0 [mem 0xfd000000-0xfdffffff pref]
[    0.397797] pci 0000:00:01.0: BAR 2 [mem 0xfebd4000-0xfebd4fff]
[    0.401653] pci 0000:00:01.0: ROM [mem 0xfebc0000-0xfebcffff pref]
[    0.402829] pci 0000:00:01.0: Video device with shadowed ROM at [mem 0x000c0000-0x000dffff]
[    0.404593] pci 0000:00:02.0: [8086:10d3] type 00 class 0x020000 PCIe Root Complex Integrated Endpoint
[    0.405621] pci 0000:00:02.0: BAR 0 [mem 0xfeb80000-0xfeb9ffff]
[    0.407643] pci 0000:00:02.0: BAR 1 [mem 0xfeba0000-0xfebbffff]
[    0.409292] pci 0000:00:02.0: BAR 2 [io  0xc040-0xc05f]
[    0.410733] pci 0000:00:02.0: BAR 3 [mem 0xfebd0000-0xfebd3fff]
[    0.413801] pci 0000:00:02.0: ROM [mem 0xfeb40000-0xfeb7ffff pref]
[    0.414853] pci 0000:00:02.0: enabling Extended Tags
[    0.416853] pci 0000:00:1f.0: [8086:2918] type 00 class 0x060100 conventional PCI endpoint
[    0.419399] pci 0000:00:1f.0: quirk: [io  0x0600-0x067f] claimed by ICH6 ACPI/GPIO/TCO
[    0.420980] pci 0000:00:1f.2: [8086:2922] type 00 class 0x010601 conventional PCI endpoint
[    0.424071] pci 0000:00:1f.2: BAR 4 [io  0xc060-0xc07f]
[    0.425081] pci 0000:00:1f.2: BAR 5 [mem 0xfebd5000-0xfebd5fff]
[    0.426867] pci 0000:00:1f.3: [8086:2930] type 00 class 0x0c0500 conventional PCI endpoint
[    0.429561] pci 0000:00:1f.3: BAR 4 [io  0x0700-0x073f]
[    0.432389] ACPI: PCI: Interrupt link LNKA configured for IRQ 10
[    0.432803] ACPI: PCI: Interrupt link LNKB configured for IRQ 10
[    0.433821] ACPI: PCI: Interrupt link LNKC configured for IRQ 11
[    0.434884] ACPI: PCI: Interrupt link LNKD configured for IRQ 11
[    0.435901] ACPI: PCI: Interrupt link LNKE configured for IRQ 10
[    0.436798] ACPI: PCI: Interrupt link LNKF configured for IRQ 10
[    0.438322] ACPI: PCI: Interrupt link LNKG configured for IRQ 11
[    0.439343] ACPI: PCI: Interrupt link LNKH configured for IRQ 11
[    0.440367] ACPI: PCI: Interrupt link GSIA configured for IRQ 16
[    0.440727] ACPI: PCI: Interrupt link GSIB configured for IRQ 17
[    0.441720] ACPI: PCI: Interrupt link GSIC configured for IRQ 18
[    0.442668] ACPI: PCI: Interrupt link GSID configured for IRQ 19
[    0.443664] ACPI: PCI: Interrupt link GSIE configured for IRQ 20
[    0.444612] ACPI: PCI: Interrupt link GSIF configured for IRQ 21
[    0.444728] ACPI: PCI: Interrupt link GSIG configured for IRQ 22
[    0.445717] ACPI: PCI: Interrupt link GSIH configured for IRQ 23
[    0.447560] iommu: Default domain type: Translated
[    0.448321] iommu: DMA domain TLB invalidation policy: lazy mode
[    0.448862] pps_core: LinuxPPS API ver. 1 registered
[    0.449645] pps_core: Software ver. 5.3.6 - Copyright 2005-2007 Rodolfo Giometti <giometti@linux.it>
[    0.451120] PTP clock support registered
[    0.451761] EDAC MC: Ver: 3.0.0
[    0.453026] NetLabel: Initializing
[    0.453573] NetLabel:  domain hash size = 128
[    0.454309] NetLabel:  protocols = UNLABELED CIPSOv4 CALIPSO
[    0.455223] NetLabel:  unlabeled traffic allowed by default
[    0.456150] PCI: Using ACPI for IRQ routing
[    0.530627] pci 0000:00:01.0: vgaarb: setting as boot VGA device
[    0.531642] pci 0000:00:01.0: vgaarb: bridge control possible
[    0.532541] pci 0000:00:01.0: vgaarb: VGA device added: decodes=io+mem,owns=io+mem,locks=none
[    0.532722] vgaarb: loaded
[    0.533223] hpet0: at MMIO 0xfed00000, IRQs 2, 8, 0
[    0.533995] hpet0: 3 comparators, 64-bit 100.000000 MHz counter
[    0.538839] clocksource: Switched to clocksource kvm-clock
[    0.540674] VFS: Disk quotas dquot_6.6.0
[    0.540711] VFS: Dquot-cache hash table entries: 512 (order 0, 4096 bytes)
[    0.540711] AppArmor: AppArmor Filesystem Enabled
[    0.541326] pnp: PnP ACPI init
[    0.542030] system 00:05: [mem 0xb0000000-0xbfffffff window] has been reserved
[    0.543210] pnp: PnP ACPI: found 6 devices
[    0.549597] clocksource: acpi_pm: mask: 0xffffff max_cycles: 0xffffff, max_idle_ns: 2085701024 ns
[    0.551147] NET: Registered PF_INET protocol family
[    0.552112] IP idents hash table entries: 131072 (order: 8, 1048576 bytes, linear)
[    0.563028] tcp_listen_portaddr_hash hash table entries: 4096 (order: 4, 65536 bytes, linear)
[    0.564497] Table-perturb hash table entries: 65536 (order: 6, 262144 bytes, linear)
[    0.565794] TCP established hash table entries: 65536 (order: 7, 524288 bytes, linear)
[    0.567384] TCP bind hash table entries: 65536 (order: 9, 2097152 bytes, linear)
[    0.568743] TCP: Hash tables configured (established 65536 bind 65536)
[    0.569918] MPTCP token hash table entries: 8192 (order: 6, 196608 bytes, linear)
[    0.571137] UDP hash table entries: 4096 (order: 5, 131072 bytes, linear)
[    0.572561] UDP-Lite hash table entries: 4096 (order: 5, 131072 bytes, linear)
[    0.573812] NET: Registered PF_UNIX/PF_LOCAL protocol family
[    0.574718] NET: Registered PF_XDP protocol family
[    0.575496] pci_bus 0000:00: resource 4 [io  0x0000-0x0cf7 window]
[    0.576573] pci_bus 0000:00: resource 5 [io  0x0d00-0xffff window]
[    0.577541] pci_bus 0000:00: resource 6 [mem 0x000a0000-0x000bffff window]
[    0.578660] pci_bus 0000:00: resource 7 [mem 0x80000000-0xafffffff window]
[    0.579763] pci_bus 0000:00: resource 8 [mem 0xc0000000-0xfebfffff window]
[    0.580874] pci_bus 0000:00: resource 9 [mem 0x280000000-0xa7fffffff window]
[    0.582128] PCI: CLS 0 bytes, default 64
[    0.582895] Trying to unpack rootfs image as initramfs...
[    0.583769] PCI-DMA: Using software bounce buffering for IO (SWIOTLB)
[    0.584815] software IO TLB: mapped [mem 0x0000000075c87000-0x0000000079c87000] (64MB)
[    0.586157] clocksource: tsc: mask: 0xffffffffffffffff max_cycles: 0x33e451ab1a6, max_idle_ns: 440795278720 ns
[    0.592085] Initialise system trusted keyrings
[    0.592832] Key type blacklist registered
[    0.595662] workingset: timestamp_bits=36 max_order=21 bucket_order=0
[    0.596766] zbud: loaded
[    0.599746] fuse: init (API version 7.41)
[    0.600599] integrity: Platform Keyring initialized
[    0.601377] integrity: Machine keyring initialized
[    0.623626] Key type asymmetric registered
[    0.624384] Asymmetric key parser 'x509' registered
[    1.234097] Freeing initrd memory: 101668K
[    1.235529] Block layer SCSI generic (bsg) driver version 0.4 loaded (major 246)
[    1.236792] io scheduler mq-deadline registered
[    1.238421] ledtrig-cpu: registered to indicate activity on CPUs
[    1.239438] shpchp: Standard Hot Plug PCI Controller Driver version: 0.4
[    1.240751] Serial: 8250/16550 driver, 4 ports, IRQ sharing enabled
[    1.242190] 00:03: ttyS0 at I/O 0x3f8 (irq = 4, base_baud = 115200) is a 16550A
[    1.243855] Linux agpgart interface v0.103
[    1.244749] i8042: PNP: PS/2 Controller [PNP0303:KBD,PNP0f13:MOU] at 0x60,0x64 irq 1,12
[    1.246771] serio: i8042 KBD port at 0x60,0x64 irq 1
[    1.247568] serio: i8042 AUX port at 0x60,0x64 irq 12
[    1.248464] mousedev: PS/2 mouse device common for all mice
[    1.249624] input: AT Translated Set 2 keyboard as /devices/platform/i8042/serio0/input/input0
[    1.251232] rtc_cmos 00:04: RTC can wake from S4
[    1.252503] rtc_cmos 00:04: registered as rtc0
[    1.253276] rtc_cmos 00:04: setting system clock to 2026-07-10T06:27:27 UTC (1783664847)
[    1.254649] rtc_cmos 00:04: alarms up to one day, y3k, 242 bytes nvram, hpet irqs
[    1.255850] intel_pstate: CPU model not supported
[    1.257583] NET: Registered PF_INET6 protocol family
[    1.258895] Segment Routing with IPv6
[    1.259484] In-situ OAM (IOAM) with IPv6
[    1.260157] mip6: Mobile IPv6
[    1.260640] NET: Registered PF_PACKET protocol family
[    1.261453] mpls_gso: MPLS GSO support
[    1.262206] IPI shorthand broadcast: enabled
[    1.264145] sched_clock: Marking stable (1120002285, 143537960)->(1282467233, -18926988)
[    1.265509] registered taskstats version 1
[    1.266287] Loading compiled-in X.509 certificates
[    1.278779] Loaded X.509 cert 'Build time autogenerated kernel key: e87b99600394fc77ba6018a2cc6a68db4bb86ee6'
[    1.281689] Demotion targets for Node 0: null
[    1.282418] Key type .fscrypt registered
[    1.283041] Key type fscrypt-provisioning registered
[    1.284409] Key type encrypted registered
[    1.285045] AppArmor: AppArmor sha256 policy hashing enabled
[    1.285975] ima: No TPM chip found, activating TPM-bypass!
[    1.286833] ima: Allocated hash algorithm: sha256
[    1.287601] ima: No architecture policies found
[    1.288346] evm: Initialising EVM extended attributes:
[    1.289150] evm: security.selinux
[    1.289711] evm: security.SMACK64 (disabled)
[    1.290382] evm: security.SMACK64EXEC (disabled)
[    1.291106] evm: security.SMACK64TRANSMUTE (disabled)
[    1.291930] evm: security.SMACK64MMAP (disabled)
[    1.292654] evm: security.apparmor
[    1.293190] evm: security.ima
[    1.293700] evm: security.capability
[    1.294262] evm: HMAC attrs: 0x1
[    1.316125] RAS: Correctable Errors collector initialized.
[    1.333183] clk: Disabling unused clocks
[    1.333855] PM: genpd: Disabling unused power domains
[    1.335815] Freeing unused decrypted memory: 2028K
[    1.336727] Freeing unused kernel image (initmem) memory: 4164K
[    1.337411] Write protecting the kernel read-only data: 28672k
[    1.338337] Freeing unused kernel image (rodata/data gap) memory: 480K
[    1.371376] x86/mm: Checked W+X mappings: passed, no W+X pages found.
[    1.411576] Run /init as init process
NESTED_X86_L1_BOOT_OK
Linux (none) 6.12.90+deb13.1-amd64 #1 SMP PREEMPT_DYNAMIC Debian 6.12.90-2 (2026-05-27) x86_64 GNU/Linux
              total        used        free      shared  buff/cache   available
Mem:           7948          41        7685         221         222        7548
console=ttyS0 rdinit=/init panic=-1 harmony.gates=n2_nested_hammer harmony.env=N2_DEADLINES=100000,N2_SEED=1600065577,N2_PROGRESS=25000
msr: loaded
irqbypass: loaded
[    1.442187] kvm: loading out-of-tree module taints kernel.
[    1.442839] kvm: module verification failed: signature and/or required key missing - tainting kernel
kvm(PATCHED): loaded
kvm-intel(PATCHED): loaded
L1_DEV_KVM_PRESENT
NESTED_X86_L2_PIN_CHECK_BEGIN
f06a34a79010a8f2cc8226dc629cc8fb049740016f035f53e3f2e53d9a30dd41  guest/build/bzImage
3c4a7f2f0db4b59aaf4dee55d43a42c57fc0d10ac25441de88128c61be0778c2  guest/build/initramfs-postgres.cpio.gz
NESTED_X86_L2_PIN_CHECK_END
ENV N2_DEADLINES=100000
ENV N2_SEED=1600065577
ENV N2_PROGRESS=25000
NESTED_X86_GATE_BEGIN n2_nested_hammer 

running 1 test
test n2_deadline_hammer ... N2JSON {"event":"start","total":100000,"seed":1600065577,"pid":147}
[    2.373408] perf: interrupt took too long (2529 > 2500), lowering kernel.perf_event_max_sample_rate to 79000
[    2.589177] perf: interrupt took too long (3186 > 3161), lowering kernel.perf_event_max_sample_rate to 62750
[    2.877862] perf: interrupt took too long (4018 > 3982), lowering kernel.perf_event_max_sample_rate to 49750
[    3.273595] perf: interrupt took too long (5023 > 5022), lowering kernel.perf_event_max_sample_rate to 39750
[    4.003059] perf: interrupt took too long (6286 > 6278), lowering kernel.perf_event_max_sample_rate to 31750
[    5.943268] perf: interrupt took too long (7861 > 7857), lowering kernel.perf_event_max_sample_rate to 25250
[   23.892667] perf: interrupt took too long (9827 > 9826), lowering kernel.perf_event_max_sample_rate to 20250
N2JSON {"event":"progress","armed":25000,"exact":25000,"mismatches":0}
[  213.464401] perf: interrupt took too long (12284 > 12283), lowering kernel.perf_event_max_sample_rate to 16250
N2JSON {"event":"progress","armed":50000,"exact":50000,"mismatches":0}
N2JSON {"event":"progress","armed":75000,"exact":75000,"mismatches":0}
N2JSON {"event":"progress","armed":100000,"exact":100000,"mismatches":0}
N2JSON {"event":"summary","armed":100000,"exact":100000,"mismatches":0,"final_work":1750562639}
ok

test result: ok. 1 passed; 0 failed; 0 ignored; 0 measured; 0 filtered out; finished in 787.62s

NESTED_X86_GATE_RC n2_nested_hammer rc=0
NESTED_X86_GATE_END n2_nested_hammer
--- L1 dmesg tail (kvm/vmx/pmu/perf) ---
[    0.000000] Hypervisor detected: KVM
[    0.000000] kvm-clock: Using msrs 4b564d01 and 4b564d00
[    0.000000] kvm-clock: using sched offset of 250940757 cycles
[    0.000002] clocksource: kvm-clock: mask: 0xffffffffffffffff max_cycles: 0x1cd42e4dffb, max_idle_ns: 881590591483 ns
[    0.012490] kvm-guest: APIC: eoi() replaced with kvm_guest_apic_eoi_write()
[    0.012516] Booting paravirtualized kernel on KVM
[    0.016785] kvm-guest: PV spinlocks disabled, single CPU
[    0.280093] Performance Events: Skylake events, full-width counters, Intel PMU driver.
[    0.538839] clocksource: Switched to clocksource kvm-clock
[    1.442187] kvm: loading out-of-tree module taints kernel.
[    1.442839] kvm: module verification failed: signature and/or required key missing - tainting kernel
[    2.373408] perf: interrupt took too long (2529 > 2500), lowering kernel.perf_event_max_sample_rate to 79000
[    2.589177] perf: interrupt took too long (3186 > 3161), lowering kernel.perf_event_max_sample_rate to 62750
[    2.877862] perf: interrupt took too long (4018 > 3982), lowering kernel.perf_event_max_sample_rate to 49750
[    3.273595] perf: interrupt took too long (5023 > 5022), lowering kernel.perf_event_max_sample_rate to 39750
[    4.003059] perf: interrupt took too long (6286 > 6278), lowering kernel.perf_event_max_sample_rate to 31750
[    5.943268] perf: interrupt took too long (7861 > 7857), lowering kernel.perf_event_max_sample_rate to 25250
[   23.892667] perf: interrupt took too long (9827 > 9826), lowering kernel.perf_event_max_sample_rate to 20250
[  213.464401] perf: interrupt took too long (12284 > 12283), lowering kernel.perf_event_max_sample_rate to 16250
NESTED_X86_L1_DONE
[  789.341763] ACPI: PM: Preparing to enter system sleep state S5
[  789.342492] kvm: exiting hardware virtualization
[  789.343019] reboot: Power down
