[    0.000000] Linux version 6.12.90+deb13.1-amd64 (debian-kernel@lists.debian.org) (x86_64-linux-gnu-gcc-14 (Debian 14.2.0-19) 14.2.0, GNU ld (GNU Binutils for Debian) 2.44) #1 SMP PREEMPT_DYNAMIC Debian 6.12.90-2 (2026-05-27)
[    0.000000] Command line: console=ttyS0 rdinit=/init panic=-1 harmony.gates=n2_nested_hammer harmony.env=N2_DEADLINES=100000,N2_SEED=2600001008,N2_PROGRESS=25000
[    0.000000] BIOS-provided physical RAM map:
[    0.000000] BIOS-e820: [mem 0x0000000000000000-0x000000000009fbff] usable
[    0.000000] BIOS-e820: [mem 0x000000000009fc00-0x000000000009ffff] reserved
[    0.000000] BIOS-e820: [mem 0x00000000000f0000-0x00000000000fffff] reserved
[    0.000000] BIOS-e820: [mem 0x0000000000100000-0x000000007ffdefff] usable
[    0.000000] BIOS-e820: [mem 0x000000007ffdf000-0x000000007fffffff] reserved
[    0.000000] BIOS-e820: [mem 0x00000000b0000000-0x00000000bfffffff] reserved
[    0.000000] BIOS-e820: [mem 0x00000000fed1c000-0x00000000fed1ffff] reserved
[    0.000000] BIOS-e820: [mem 0x00000000feffc000-0x00000000feffffff] reserved
[    0.000000] BIOS-e820: [mem 0x00000000fffc0000-0x00000000ffffffff] reserved
[    0.000000] BIOS-e820: [mem 0x0000000100000000-0x000000027fffffff] usable
[    0.000000] NX (Execute Disable) protection: active
[    0.000000] APIC: Static calls initialized
[    0.000000] SMBIOS 2.8 present.
[    0.000000] DMI: QEMU Standard PC (Q35 + ICH9, 2009), BIOS 1.16.3-debian-1.16.3-2 04/01/2014
[    0.000000] DMI: Memory slots populated: 1/1
[    0.000000] Hypervisor detected: KVM
[    0.000000] last_pfn = 0x7ffdf max_arch_pfn = 0x400000000
[    0.000000] kvm-clock: Using msrs 4b564d01 and 4b564d00
[    0.000001] kvm-clock: using sched offset of 248010396 cycles
[    0.000002] clocksource: kvm-clock: mask: 0xffffffffffffffff max_cycles: 0x1cd42e4dffb, max_idle_ns: 881590591483 ns
[    0.000006] tsc: Detected 3599.998 MHz processor
[    0.000793] last_pfn = 0x280000 max_arch_pfn = 0x400000000
[    0.000819] MTRR map: 4 entries (3 fixed + 1 variable; max 19), built from 8 variable MTRRs
[    0.000821] x86/PAT: Configuration [0-7]: WB  WC  UC- UC  WB  WP  UC- WT  
[    0.000854] last_pfn = 0x7ffdf max_arch_pfn = 0x400000000
[    0.006258] found SMP MP-table at [mem 0x000f5480-0x000f548f]
[    0.006291] Using GB pages for direct mapping
[    0.006610] RAMDISK: [mem 0x7b44c000-0x7ffcffff]
[    0.006618] ACPI: Early table checksum verification disabled
[    0.006623] ACPI: RSDP 0x00000000000F52A0 000014 (v00 BOCHS )
[    0.006628] ACPI: RSDT 0x000000007FFE2351 000038 (v01 BOCHS  BXPC     00000001 BXPC 00000001)
[    0.006634] ACPI: FACP 0x000000007FFE2149 0000F4 (v03 BOCHS  BXPC     00000001 BXPC 00000001)
[    0.006639] ACPI: DSDT 0x000000007FFE0040 002109 (v01 BOCHS  BXPC     00000001 BXPC 00000001)
[    0.006641] ACPI: FACS 0x000000007FFE0000 000040
[    0.006643] ACPI: APIC 0x000000007FFE223D 000078 (v03 BOCHS  BXPC     00000001 BXPC 00000001)
[    0.006645] ACPI: HPET 0x000000007FFE22B5 000038 (v01 BOCHS  BXPC     00000001 BXPC 00000001)
[    0.006648] ACPI: MCFG 0x000000007FFE22ED 00003C (v01 BOCHS  BXPC     00000001 BXPC 00000001)
[    0.006650] ACPI: WAET 0x000000007FFE2329 000028 (v01 BOCHS  BXPC     00000001 BXPC 00000001)
[    0.006651] ACPI: Reserving FACP table memory at [mem 0x7ffe2149-0x7ffe223c]
[    0.006652] ACPI: Reserving DSDT table memory at [mem 0x7ffe0040-0x7ffe2148]
[    0.006653] ACPI: Reserving FACS table memory at [mem 0x7ffe0000-0x7ffe003f]
[    0.006653] ACPI: Reserving APIC table memory at [mem 0x7ffe223d-0x7ffe22b4]
[    0.006654] ACPI: Reserving HPET table memory at [mem 0x7ffe22b5-0x7ffe22ec]
[    0.006654] ACPI: Reserving MCFG table memory at [mem 0x7ffe22ed-0x7ffe2328]
[    0.006655] ACPI: Reserving WAET table memory at [mem 0x7ffe2329-0x7ffe2350]
[    0.007043] No NUMA configuration found
[    0.007044] Faking a node at [mem 0x0000000000000000-0x000000027fffffff]
[    0.007050] NODE_DATA(0) allocated [mem 0x27ffd3680-0x27fffdfff]
[    0.007196] Zone ranges:
[    0.007197]   DMA      [mem 0x0000000000001000-0x0000000000ffffff]
[    0.007198]   DMA32    [mem 0x0000000001000000-0x00000000ffffffff]
[    0.007199]   Normal   [mem 0x0000000100000000-0x000000027fffffff]
[    0.007200]   Device   empty
[    0.007200] Movable zone start for each node
[    0.007202] Early memory node ranges
[    0.007202]   node   0: [mem 0x0000000000001000-0x000000000009efff]
[    0.007203]   node   0: [mem 0x0000000000100000-0x000000007ffdefff]
[    0.007204]   node   0: [mem 0x0000000100000000-0x000000027fffffff]
[    0.007206] Initmem setup node 0 [mem 0x0000000000001000-0x000000027fffffff]
[    0.007414] On node 0, zone DMA: 1 pages in unavailable ranges
[    0.007426] On node 0, zone DMA: 97 pages in unavailable ranges
[    0.012322] On node 0, zone Normal: 33 pages in unavailable ranges
[    0.012773] ACPI: PM-Timer IO Port: 0x608
[    0.012792] ACPI: LAPIC_NMI (acpi_id[0xff] dfl dfl lint[0x1])
[    0.012825] IOAPIC[0]: apic_id 0, version 17, address 0xfec00000, GSI 0-23
[    0.012828] ACPI: INT_SRC_OVR (bus 0 bus_irq 0 global_irq 2 dfl dfl)
[    0.012830] ACPI: INT_SRC_OVR (bus 0 bus_irq 5 global_irq 5 high level)
[    0.012830] ACPI: INT_SRC_OVR (bus 0 bus_irq 9 global_irq 9 high level)
[    0.012831] ACPI: INT_SRC_OVR (bus 0 bus_irq 10 global_irq 10 high level)
[    0.012832] ACPI: INT_SRC_OVR (bus 0 bus_irq 11 global_irq 11 high level)
[    0.012835] ACPI: Using ACPI (MADT) for SMP configuration information
[    0.012836] ACPI: HPET id: 0x8086a201 base: 0xfed00000
[    0.012841] TSC deadline timer available
[    0.012846] CPU topo: Max. logical packages:   1
[    0.012847] CPU topo: Max. logical dies:       1
[    0.012847] CPU topo: Max. dies per package:   1
[    0.012851] CPU topo: Max. threads per core:   1
[    0.012851] CPU topo: Num. cores per package:     1
[    0.012852] CPU topo: Num. threads per package:   1
[    0.012852] CPU topo: Allowing 1 present CPUs plus 0 hotplug CPUs
[    0.012871] kvm-guest: APIC: eoi() replaced with kvm_guest_apic_eoi_write()
[    0.012894] PM: hibernation: Registered nosave memory: [mem 0x00000000-0x00000fff]
[    0.012895] PM: hibernation: Registered nosave memory: [mem 0x0009f000-0x000fffff]
[    0.012896] PM: hibernation: Registered nosave memory: [mem 0x7ffdf000-0xffffffff]
[    0.012897] [mem 0xc0000000-0xfed1bfff] available for PCI devices
[    0.012899] Booting paravirtualized kernel on KVM
[    0.012901] clocksource: refined-jiffies: mask: 0xffffffff max_cycles: 0xffffffff, max_idle_ns: 7645519600211568 ns
[    0.017056] setup_percpu: NR_CPUS:8192 nr_cpumask_bits:1 nr_cpu_ids:1 nr_node_ids:1
[    0.017390] percpu: Embedded 66 pages/cpu s233472 r8192 d28672 u2097152
[    0.017430] kvm-guest: PV spinlocks disabled, single CPU
[    0.017432] Kernel command line: console=ttyS0 rdinit=/init panic=-1 harmony.gates=n2_nested_hammer harmony.env=N2_DEADLINES=100000,N2_SEED=2600001008,N2_PROGRESS=25000
[    0.017508] random: crng init done
[    0.018603] Dentry cache hash table entries: 1048576 (order: 11, 8388608 bytes, linear)
[    0.019171] Inode-cache hash table entries: 524288 (order: 10, 4194304 bytes, linear)
[    0.019223] Fallback order for Node 0: 0 
[    0.019226] Built 1 zonelists, mobility grouping on.  Total pages: 2097021
[    0.019227] Policy zone: Normal
[    0.019236] mem auto-init: stack:all(zero), heap alloc:on, heap free:off
[    0.019243] software IO TLB: area num 1.
[    0.048712] SLUB: HWalign=64, Order=0-3, MinObjects=0, CPUs=1, Nodes=1
[    0.048739] ftrace: allocating 45769 entries in 179 pages
[    0.057161] ftrace: allocated 179 pages with 5 groups
[    0.057972] Dynamic Preempt: voluntary
[    0.058253] rcu: Preemptible hierarchical RCU implementation.
[    0.058254] rcu: 	RCU restricting CPUs from NR_CPUS=8192 to nr_cpu_ids=1.
[    0.058256] 	Trampoline variant of Tasks RCU enabled.
[    0.058256] 	Rude variant of Tasks RCU enabled.
[    0.058256] 	Tracing variant of Tasks RCU enabled.
[    0.058257] rcu: RCU calculated value of scheduler-enlistment delay is 25 jiffies.
[    0.058258] rcu: Adjusting geometry for rcu_fanout_leaf=16, nr_cpu_ids=1
[    0.058279] RCU Tasks: Setting shift to 0 and lim to 1 rcu_task_cb_adjust=1 rcu_task_cpu_ids=1.
[    0.058280] RCU Tasks Rude: Setting shift to 0 and lim to 1 rcu_task_cb_adjust=1 rcu_task_cpu_ids=1.
[    0.058281] RCU Tasks Trace: Setting shift to 0 and lim to 1 rcu_task_cb_adjust=1 rcu_task_cpu_ids=1.
[    0.062180] NR_IRQS: 524544, nr_irqs: 256, preallocated irqs: 16
[    0.062419] rcu: srcu_init: Setting srcu_struct sizes based on contention.
[    0.075175] Console: colour VGA+ 80x25
[    0.075234] printk: legacy console [ttyS0] enabled
[    0.202048] ACPI: Core revision 20240827
[    0.202894] clocksource: hpet: mask: 0xffffffff max_cycles: 0xffffffff, max_idle_ns: 19112604467 ns
[    0.204486] APIC: Switch to symmetric I/O mode setup
[    0.205449] x2apic enabled
[    0.206092] APIC: Switched APIC routing to: physical x2apic
[    0.207963] ..TIMER: vector=0x30 apic1=0 pin1=2 apic2=-1 pin2=-1
[    0.208969] clocksource: tsc-early: mask: 0xffffffffffffffff max_cycles: 0x33e451ab1a6, max_idle_ns: 440795278720 ns
[    0.210658] Calibrating delay loop (skipped) preset value.. 7199.99 BogoMIPS (lpj=14399992)
[    0.212083] x86/cpu: User Mode Instruction Prevention (UMIP) activated
[    0.214736] Last level iTLB entries: 4KB 0, 2MB 0, 4MB 0
[    0.215589] Last level dTLB entries: 4KB 0, 2MB 0, 4MB 0, 1GB 0
[    0.216593] Spectre V1 : Mitigation: usercopy/swapgs barriers and __user pointer sanitization
[    0.218658] Spectre V2 : Spectre BHI mitigation: SW BHB clearing on syscall and VM exit
[    0.219928] Spectre V2 : Mitigation: IBRS
[    0.220586] Spectre V2 : Spectre v2 / SpectreRSB: Filling RSB on context switch and VMEXIT
[    0.221896] RETBleed: Mitigation: IBRS
[    0.222660] Spectre V2 : mitigation: Enabling conditional Indirect Branch Prediction Barrier
[    0.224001] Speculative Store Bypass: Mitigation: Speculative Store Bypass disabled via prctl
[    0.225400] MDS: Mitigation: Clear CPU buffers
[    0.226117] MMIO Stale Data: Mitigation: Clear CPU buffers
[    0.226658] SRBDS: Unknown: Dependent on hypervisor status
[    0.227536] active return thunk: its_return_thunk
[    0.228313] ITS: Mitigation: Aligned branch/return thunks
[    0.229189] x86/fpu: Supporting XSAVE feature 0x001: 'x87 floating point registers'
[    0.230656] x86/fpu: Supporting XSAVE feature 0x002: 'SSE registers'
[    0.231668] x86/fpu: Supporting XSAVE feature 0x004: 'AVX registers'
[    0.232724] x86/fpu: Supporting XSAVE feature 0x008: 'MPX bounds registers'
[    0.233828] x86/fpu: Supporting XSAVE feature 0x010: 'MPX CSR'
[    0.234658] x86/fpu: xstate_offset[2]:  576, xstate_sizes[2]:  256
[    0.235641] x86/fpu: xstate_offset[3]:  832, xstate_sizes[3]:   64
[    0.236634] x86/fpu: xstate_offset[4]:  896, xstate_sizes[4]:   64
[    0.237620] x86/fpu: Enabled xstate features 0x1f, context size is 960 bytes, using 'compacted' format.
[    0.276189] Freeing SMP alternatives memory: 40K
[    0.276989] pid_max: default: 32768 minimum: 301
[    0.277978] LSM: initializing lsm=lockdown,capability,landlock,yama,apparmor,tomoyo,bpf,ipe,ima,evm
[    0.278736] landlock: Up and running.
[    0.279328] Yama: disabled by default; enable with sysctl kernel.yama.*
[    0.280497] AppArmor: AppArmor initialized
[    0.281184] TOMOYO Linux initialized
[    0.282865] LSM support for eBPF active
[    0.283578] Mount-cache hash table entries: 16384 (order: 5, 131072 bytes, linear)
[    0.284797] Mountpoint-cache hash table entries: 16384 (order: 5, 131072 bytes, linear)
[    0.286452] smpboot: CPU0: Intel(R) Core(TM) i9-9900K CPU @ 3.60GHz (family: 0x6, model: 0x9e, stepping: 0xc)
[    0.286653] Performance Events: Skylake events, full-width counters, Intel PMU driver.
[    0.286653] ... version:                2
[    0.286653] ... bit width:              48
[    0.286659] ... generic registers:      4
[    0.287300] ... value mask:             0000ffffffffffff
[    0.288145] ... max period:             00007fffffffffff
[    0.289001] ... fixed-purpose events:   3
[    0.289657] ... event mask:             000000070000000f
[    0.290632] signal: max sigframe size: 2032
[    0.290736] rcu: Hierarchical SRCU implementation.
[    0.291504] rcu: 	Max phase no-delay instances is 1000.
[    0.295586] smp: Bringing up secondary CPUs ...
[    0.296355] smp: Brought up 1 node, 1 CPU
[    0.297006] smpboot: Total of 1 processors activated (7199.99 BogoMIPS)
[    0.314971] node 0 deferred pages initialised in 20ms
[    0.315876] Memory: 8051148K/8388084K available (16384K kernel code, 2497K rwdata, 11808K rodata, 4164K init, 4916K bss, 333220K reserved, 0K cma-reserved)
[    0.318552] devtmpfs: initialized
[    0.318699] x86/mm: Memory block size: 128MB
[    0.320088] clocksource: jiffies: mask: 0xffffffff max_cycles: 0xffffffff, max_idle_ns: 7645041785100000 ns
[    0.321690] futex hash table entries: 256 (order: 2, 16384 bytes, linear)
[    0.322738] pinctrl core: initialized pinctrl subsystem
[    0.324294] NET: Registered PF_NETLINK/PF_ROUTE protocol family
[    0.325423] DMA: preallocated 1024 KiB GFP_KERNEL pool for atomic allocations
[    0.326651] DMA: preallocated 1024 KiB GFP_KERNEL|GFP_DMA pool for atomic allocations
[    0.326904] DMA: preallocated 1024 KiB GFP_KERNEL|GFP_DMA32 pool for atomic allocations
[    0.328251] audit: initializing netlink subsys (disabled)
[    0.329189] audit: type=2000 audit(1783923037.083:1): state=initialized audit_enabled=0 res=1
[    0.330705] thermal_sys: Registered thermal governor 'fair_share'
[    0.330706] thermal_sys: Registered thermal governor 'bang_bang'
[    0.331810] thermal_sys: Registered thermal governor 'step_wise'
[    0.332767] thermal_sys: Registered thermal governor 'user_space'
[    0.333741] thermal_sys: Registered thermal governor 'power_allocator'
[    0.334691] cpuidle: using governor ladder
[    0.336431] cpuidle: using governor menu
[    0.337161] acpiphp: ACPI Hot Plug PCI Controller Driver version: 0.5
[    0.338363] PCI: ECAM [mem 0xb0000000-0xbfffffff] (base 0xb0000000) for domain 0000 [bus 00-ff]
[    0.338674] PCI: ECAM [mem 0xb0000000-0xbfffffff] reserved as E820 entry
[    0.339758] PCI: Using configuration type 1 for base access
[    0.340798] kprobes: kprobe jump-optimization is enabled. All kprobes are optimized if possible.
[    0.362699] HugeTLB: registered 1.00 GiB page size, pre-allocated 0 pages
[    0.363821] HugeTLB: 16380 KiB vmemmap can be freed for a 1.00 GiB page
[    0.364921] HugeTLB: registered 2.00 MiB page size, pre-allocated 0 pages
[    0.366007] HugeTLB: 28 KiB vmemmap can be freed for a 2.00 MiB page
[    0.371494] ACPI: Added _OSI(Module Device)
[    0.372225] ACPI: Added _OSI(Processor Device)
[    0.372942] ACPI: Added _OSI(Processor Aggregator Device)
[    0.374540] ACPI: 1 ACPI AML tables successfully acquired and loaded
[    0.378771] ACPI: Interpreter enabled
[    0.379400] ACPI: PM: (supports S0 S3 S4 S5)
[    0.380088] ACPI: Using IOAPIC for interrupt routing
[    0.380938] PCI: Using host bridge windows from ACPI; if necessary, use "pci=nocrs" and report a bug
[    0.382434] PCI: Using E820 reservations for host bridge windows
[    0.382760] ACPI: Enabled 2 GPEs in block 00 to 3F
[    0.385228] ACPI: PCI Root Bridge [PCI0] (domain 0000 [bus 00-ff])
[    0.386277] acpi PNP0A08:00: _OSC: OS supports [ExtendedConfig ASPM ClockPM Segments MSI HPX-Type3]
[    0.386696] acpi PNP0A08:00: _OSC: platform does not support [PCIeHotplug LTR]
[    0.387936] acpi PNP0A08:00: _OSC: OS now controls [SHPCHotplug PME AER PCIeCapability]
[    0.389452] PCI host bridge to bus 0000:00
[    0.390115] pci_bus 0000:00: root bus resource [io  0x0000-0x0cf7 window]
[    0.390665] pci_bus 0000:00: root bus resource [io  0x0d00-0xffff window]
[    0.391747] pci_bus 0000:00: root bus resource [mem 0x000a0000-0x000bffff window]
[    0.392981] pci_bus 0000:00: root bus resource [mem 0x80000000-0xafffffff window]
[    0.394207] pci_bus 0000:00: root bus resource [mem 0xc0000000-0xfebfffff window]
[    0.394660] pci_bus 0000:00: root bus resource [mem 0x280000000-0xa7fffffff window]
[    0.395959] pci_bus 0000:00: root bus resource [bus 00-ff]
[    0.396936] pci 0000:00:00.0: [8086:29c0] type 00 class 0x060000 conventional PCI endpoint
[    0.398873] pci 0000:00:01.0: [1234:1111] type 00 class 0x030000 conventional PCI endpoint
[    0.401909] pci 0000:00:01.0: BAR 0 [mem 0xfd000000-0xfdffffff pref]
[    0.404400] pci 0000:00:01.0: BAR 2 [mem 0xfebd4000-0xfebd4fff]
[    0.408381] pci 0000:00:01.0: ROM [mem 0xfebc0000-0xfebcffff pref]
[    0.409568] pci 0000:00:01.0: Video device with shadowed ROM at [mem 0x000c0000-0x000dffff]
[    0.411123] pci 0000:00:02.0: [8086:10d3] type 00 class 0x020000 PCIe Root Complex Integrated Endpoint
[    0.413818] pci 0000:00:02.0: BAR 0 [mem 0xfeb80000-0xfeb9ffff]
[    0.415306] pci 0000:00:02.0: BAR 1 [mem 0xfeba0000-0xfebbffff]
[    0.416975] pci 0000:00:02.0: BAR 2 [io  0xc040-0xc05f]
[    0.418508] pci 0000:00:02.0: BAR 3 [mem 0xfebd0000-0xfebd3fff]
[    0.422219] pci 0000:00:02.0: ROM [mem 0xfeb40000-0xfeb7ffff pref]
[    0.422723] pci 0000:00:02.0: enabling Extended Tags
[    0.426043] pci 0000:00:1f.0: [8086:2918] type 00 class 0x060100 conventional PCI endpoint
[    0.427223] pci 0000:00:1f.0: quirk: [io  0x0600-0x067f] claimed by ICH6 ACPI/GPIO/TCO
[    0.428840] pci 0000:00:1f.2: [8086:2922] type 00 class 0x010601 conventional PCI endpoint
[    0.432188] pci 0000:00:1f.2: BAR 4 [io  0xc060-0xc07f]
[    0.433426] pci 0000:00:1f.2: BAR 5 [mem 0xfebd5000-0xfebd5fff]
[    0.435204] pci 0000:00:1f.3: [8086:2930] type 00 class 0x0c0500 conventional PCI endpoint
[    0.438490] pci 0000:00:1f.3: BAR 4 [io  0x0700-0x073f]
[    0.440758] ACPI: PCI: Interrupt link LNKA configured for IRQ 10
[    0.441803] ACPI: PCI: Interrupt link LNKB configured for IRQ 10
[    0.442746] ACPI: PCI: Interrupt link LNKC configured for IRQ 11
[    0.443787] ACPI: PCI: Interrupt link LNKD configured for IRQ 11
[    0.444869] ACPI: PCI: Interrupt link LNKE configured for IRQ 10
[    0.445908] ACPI: PCI: Interrupt link LNKF configured for IRQ 10
[    0.446742] ACPI: PCI: Interrupt link LNKG configured for IRQ 11
[    0.447800] ACPI: PCI: Interrupt link LNKH configured for IRQ 11
[    0.448838] ACPI: PCI: Interrupt link GSIA configured for IRQ 16
[    0.449812] ACPI: PCI: Interrupt link GSIB configured for IRQ 17
[    0.450668] ACPI: PCI: Interrupt link GSIC configured for IRQ 18
[    0.451639] ACPI: PCI: Interrupt link GSID configured for IRQ 19
[    0.452641] ACPI: PCI: Interrupt link GSIE configured for IRQ 20
[    0.453612] ACPI: PCI: Interrupt link GSIF configured for IRQ 21
[    0.454627] ACPI: PCI: Interrupt link GSIG configured for IRQ 22
[    0.454669] ACPI: PCI: Interrupt link GSIH configured for IRQ 23
[    0.456340] iommu: Default domain type: Translated
[    0.457169] iommu: DMA domain TLB invalidation policy: lazy mode
[    0.458301] pps_core: LinuxPPS API ver. 1 registered
[    0.458658] pps_core: Software ver. 5.3.6 - Copyright 2005-2007 Rodolfo Giometti <giometti@linux.it>
[    0.460109] PTP clock support registered
[    0.460810] EDAC MC: Ver: 3.0.0
[    0.462366] NetLabel: Initializing
[    0.462658] NetLabel:  domain hash size = 128
[    0.463358] NetLabel:  protocols = UNLABELED CIPSOv4 CALIPSO
[    0.464341] NetLabel:  unlabeled traffic allowed by default
[    0.465249] PCI: Using ACPI for IRQ routing
[    0.541009] pci 0000:00:01.0: vgaarb: setting as boot VGA device
[    0.542048] pci 0000:00:01.0: vgaarb: bridge control possible
[    0.542653] pci 0000:00:01.0: vgaarb: VGA device added: decodes=io+mem,owns=io+mem,locks=none
[    0.542664] vgaarb: loaded
[    0.543187] hpet0: at MMIO 0xfed00000, IRQs 2, 8, 0
[    0.543974] hpet0: 3 comparators, 64-bit 100.000000 MHz counter
[    0.548803] clocksource: Switched to clocksource kvm-clock
[    0.550653] VFS: Disk quotas dquot_6.6.0
[    0.550653] VFS: Dquot-cache hash table entries: 512 (order 0, 4096 bytes)
[    0.550828] AppArmor: AppArmor Filesystem Enabled
[    0.551677] pnp: PnP ACPI init
[    0.552391] system 00:05: [mem 0xb0000000-0xbfffffff window] has been reserved
[    0.553850] pnp: PnP ACPI: found 6 devices
[    0.560076] clocksource: acpi_pm: mask: 0xffffff max_cycles: 0xffffff, max_idle_ns: 2085701024 ns
[    0.561712] NET: Registered PF_INET protocol family
[    0.562692] IP idents hash table entries: 131072 (order: 8, 1048576 bytes, linear)
[    0.574497] tcp_listen_portaddr_hash hash table entries: 4096 (order: 4, 65536 bytes, linear)
[    0.576005] Table-perturb hash table entries: 65536 (order: 6, 262144 bytes, linear)
[    0.577354] TCP established hash table entries: 65536 (order: 7, 524288 bytes, linear)
[    0.579153] TCP bind hash table entries: 65536 (order: 9, 2097152 bytes, linear)
[    0.580546] TCP: Hash tables configured (established 65536 bind 65536)
[    0.581767] MPTCP token hash table entries: 8192 (order: 6, 196608 bytes, linear)
[    0.583020] UDP hash table entries: 4096 (order: 5, 131072 bytes, linear)
[    0.584586] UDP-Lite hash table entries: 4096 (order: 5, 131072 bytes, linear)
[    0.585895] NET: Registered PF_UNIX/PF_LOCAL protocol family
[    0.586833] NET: Registered PF_XDP protocol family
[    0.587681] pci_bus 0000:00: resource 4 [io  0x0000-0x0cf7 window]
[    0.588696] pci_bus 0000:00: resource 5 [io  0x0d00-0xffff window]
[    0.589722] pci_bus 0000:00: resource 6 [mem 0x000a0000-0x000bffff window]
[    0.590821] pci_bus 0000:00: resource 7 [mem 0x80000000-0xafffffff window]
[    0.591967] pci_bus 0000:00: resource 8 [mem 0xc0000000-0xfebfffff window]
[    0.593082] pci_bus 0000:00: resource 9 [mem 0x280000000-0xa7fffffff window]
[    0.594369] PCI: CLS 0 bytes, default 64
[    0.595187] Trying to unpack rootfs image as initramfs...
[    0.600333] PCI-DMA: Using software bounce buffering for IO (SWIOTLB)
[    0.601413] software IO TLB: mapped [mem 0x000000007744c000-0x000000007b44c000] (64MB)
[    0.602792] clocksource: tsc: mask: 0xffffffffffffffff max_cycles: 0x33e451ab1a6, max_idle_ns: 440795278720 ns
[    0.608755] Initialise system trusted keyrings
[    0.609524] Key type blacklist registered
[    0.610292] workingset: timestamp_bits=36 max_order=21 bucket_order=0
[    0.611336] zbud: loaded
[    0.612282] fuse: init (API version 7.41)
[    0.616526] integrity: Platform Keyring initialized
[    0.617367] integrity: Machine keyring initialized
[    0.640287] Key type asymmetric registered
[    0.641019] Asymmetric key parser 'x509' registered
[    1.027514] Freeing initrd memory: 77328K
[    1.029029] Block layer SCSI generic (bsg) driver version 0.4 loaded (major 246)
[    1.030306] io scheduler mq-deadline registered
[    1.032034] ledtrig-cpu: registered to indicate activity on CPUs
[    1.033069] shpchp: Standard Hot Plug PCI Controller Driver version: 0.4
[    1.034441] Serial: 8250/16550 driver, 4 ports, IRQ sharing enabled
[    1.035915] 00:03: ttyS0 at I/O 0x3f8 (irq = 4, base_baud = 115200) is a 16550A
[    1.037671] Linux agpgart interface v0.103
[    1.038606] i8042: PNP: PS/2 Controller [PNP0303:KBD,PNP0f13:MOU] at 0x60,0x64 irq 1,12
[    1.040822] serio: i8042 KBD port at 0x60,0x64 irq 1
[    1.041644] serio: i8042 AUX port at 0x60,0x64 irq 12
[    1.042547] mousedev: PS/2 mouse device common for all mice
[    1.043771] input: AT Translated Set 2 keyboard as /devices/platform/i8042/serio0/input/input0
[    1.045408] rtc_cmos 00:04: RTC can wake from S4
[    1.046981] rtc_cmos 00:04: registered as rtc0
[    1.047858] rtc_cmos 00:04: setting system clock to 2026-07-13T06:10:37 UTC (1783923037)
[    1.049270] rtc_cmos 00:04: alarms up to one day, y3k, 242 bytes nvram, hpet irqs
[    1.050495] intel_pstate: CPU model not supported
[    1.052259] NET: Registered PF_INET6 protocol family
[    1.053740] Segment Routing with IPv6
[    1.054346] In-situ OAM (IOAM) with IPv6
[    1.055001] mip6: Mobile IPv6
[    1.055580] NET: Registered PF_PACKET protocol family
[    1.056425] mpls_gso: MPLS GSO support
[    1.057178] IPI shorthand broadcast: enabled
[    1.059082] sched_clock: Marking stable (912173561, 144222844)->(1079284138, -22887733)
[    1.060528] registered taskstats version 1
[    1.061294] Loading compiled-in X.509 certificates
[    1.074177] Loaded X.509 cert 'Build time autogenerated kernel key: e87b99600394fc77ba6018a2cc6a68db4bb86ee6'
[    1.077199] Demotion targets for Node 0: null
[    1.077988] Key type .fscrypt registered
[    1.078623] Key type fscrypt-provisioning registered
[    1.080062] Key type encrypted registered
[    1.080732] AppArmor: AppArmor sha256 policy hashing enabled
[    1.081682] ima: No TPM chip found, activating TPM-bypass!
[    1.082561] ima: Allocated hash algorithm: sha256
[    1.083336] ima: No architecture policies found
[    1.084123] evm: Initialising EVM extended attributes:
[    1.084962] evm: security.selinux
[    1.085502] evm: security.SMACK64 (disabled)
[    1.086209] evm: security.SMACK64EXEC (disabled)
[    1.086951] evm: security.SMACK64TRANSMUTE (disabled)
[    1.087803] evm: security.SMACK64MMAP (disabled)
[    1.088553] evm: security.apparmor
[    1.089104] evm: security.ima
[    1.089608] evm: security.capability
[    1.090184] evm: HMAC attrs: 0x1
[    1.116301] RAS: Correctable Errors collector initialized.
[    1.132293] clk: Disabling unused clocks
[    1.132962] PM: genpd: Disabling unused power domains
[    1.136607] Freeing unused decrypted memory: 2028K
[    1.137775] Freeing unused kernel image (initmem) memory: 4164K
[    1.138518] Write protecting the kernel read-only data: 28672k
[    1.139414] Freeing unused kernel image (rodata/data gap) memory: 480K
[    1.173874] x86/mm: Checked W+X mappings: passed, no W+X pages found.
[    1.212273] Run /init as init process
NESTED_X86_L1_BOOT_OK
Linux (none) 6.12.90+deb13.1-amd64 #1 SMP PREEMPT_DYNAMIC Debian 6.12.90-2 (2026-05-27) x86_64 GNU/Linux
              total        used        free      shared  buff/cache   available
Mem:           7948          51        7756         141         141        7619
console=ttyS0 rdinit=/init panic=-1 harmony.gates=n2_nested_hammer harmony.env=N2_DEADLINES=100000,N2_SEED=2600001008,N2_PROGRESS=25000
msr: loaded
irqbypass: loaded
[    1.252914] kvm: loading out-of-tree module taints kernel.
[    1.253618] kvm: module verification failed: signature and/or required key missing - tainting kernel
kvm(PATCHED): loaded
kvm-intel(PATCHED): loaded
L1_DEV_KVM_PRESENT
NESTED_X86_L2_PIN_CHECK_BEGIN
f06a34a79010a8f2cc8226dc629cc8fb049740016f035f53e3f2e53d9a30dd41  guest/build/bzImage
3c4a7f2f0db4b59aaf4dee55d43a42c57fc0d10ac25441de88128c61be0778c2  guest/build/initramfs-postgres.cpio.gz
NESTED_X86_L2_PIN_CHECK_END
ENV N2_DEADLINES=100000
ENV N2_SEED=2600001008
ENV N2_PROGRESS=25000
NESTED_X86_GATE_BEGIN n2_nested_hammer 

running 1 test
test n2_deadline_hammer ... N2JSON {"event":"start","total":100000,"seed":2600001008,"backend":"PatchedKvmBackend","pid":148}
[    2.288563] perf: interrupt took too long (2503 > 2500), lowering kernel.perf_event_max_sample_rate to 79750
[    2.505595] perf: interrupt took too long (3243 > 3128), lowering kernel.perf_event_max_sample_rate to 61500
[    2.858039] perf: interrupt took too long (4078 > 4053), lowering kernel.perf_event_max_sample_rate to 49000
[    3.160669] perf: interrupt took too long (5191 > 5097), lowering kernel.perf_event_max_sample_rate to 38500
[    3.667637] perf: interrupt took too long (6490 > 6488), lowering kernel.perf_event_max_sample_rate to 30750
[    4.341608] perf: interrupt took too long (8159 > 8112), lowering kernel.perf_event_max_sample_rate to 24500
[    8.271709] perf: interrupt took too long (10200 > 10198), lowering kernel.perf_event_max_sample_rate to 19500
[  214.047142] perf: interrupt took too long (12758 > 12750), lowering kernel.perf_event_max_sample_rate to 15500
N2JSON {"event":"progress","armed":25000,"exact":25000,"oracle_ok":25000,"mismatches":0,"record_violations":0,"records":{"samples":13708,"lost":0,"throttle":0,"other":0}}
N2JSON {"event":"progress","armed":50000,"exact":50000,"oracle_ok":50000,"mismatches":0,"record_violations":0,"records":{"samples":27577,"lost":0,"throttle":0,"other":0}}
N2JSON {"event":"progress","armed":75000,"exact":75000,"oracle_ok":75000,"mismatches":0,"record_violations":0,"records":{"samples":41408,"lost":0,"throttle":0,"other":0}}
N2JSON {"event":"progress","armed":100000,"exact":100000,"oracle_ok":100000,"mismatches":0,"record_violations":0,"records":{"samples":55269,"lost":0,"throttle":0,"other":0}}
N2JSON {"event":"summary","armed":100000,"exact":100000,"oracle_ok":100000,"mismatches":0,"record_violations":0,"final_work":1755330922,"records":{"samples":55269,"lost":0,"throttle":0,"other":0}}
ok

test result: ok. 1 passed; 0 failed; 0 ignored; 0 measured; 1 filtered out; finished in 1242.46s

NESTED_X86_GATE_RC n2_nested_hammer rc=0
NESTED_X86_GATE_END n2_nested_hammer
--- L1 dmesg tail (kvm/vmx/pmu/perf) ---
[    0.000000] Hypervisor detected: KVM
[    0.000000] kvm-clock: Using msrs 4b564d01 and 4b564d00
[    0.000001] kvm-clock: using sched offset of 248010396 cycles
[    0.000002] clocksource: kvm-clock: mask: 0xffffffffffffffff max_cycles: 0x1cd42e4dffb, max_idle_ns: 881590591483 ns
[    0.012871] kvm-guest: APIC: eoi() replaced with kvm_guest_apic_eoi_write()
[    0.012899] Booting paravirtualized kernel on KVM
[    0.017430] kvm-guest: PV spinlocks disabled, single CPU
[    0.286653] Performance Events: Skylake events, full-width counters, Intel PMU driver.
[    0.548803] clocksource: Switched to clocksource kvm-clock
[    1.252914] kvm: loading out-of-tree module taints kernel.
[    1.253618] kvm: module verification failed: signature and/or required key missing - tainting kernel
[    2.288563] perf: interrupt took too long (2503 > 2500), lowering kernel.perf_event_max_sample_rate to 79750
[    2.505595] perf: interrupt took too long (3243 > 3128), lowering kernel.perf_event_max_sample_rate to 61500
[    2.858039] perf: interrupt took too long (4078 > 4053), lowering kernel.perf_event_max_sample_rate to 49000
[    3.160669] perf: interrupt took too long (5191 > 5097), lowering kernel.perf_event_max_sample_rate to 38500
[    3.667637] perf: interrupt took too long (6490 > 6488), lowering kernel.perf_event_max_sample_rate to 30750
[    4.341608] perf: interrupt took too long (8159 > 8112), lowering kernel.perf_event_max_sample_rate to 24500
[    8.271709] perf: interrupt took too long (10200 > 10198), lowering kernel.perf_event_max_sample_rate to 19500
[  214.047142] perf: interrupt took too long (12758 > 12750), lowering kernel.perf_event_max_sample_rate to 15500
NESTED_X86_GATES_FAILED 0
NESTED_X86_L1_DONE
[ 1244.006300] ACPI: PM: Preparing to enter system sleep state S5
[ 1244.007136] kvm: exiting hardware virtualization
[ 1244.007747] reboot: Power down
