[    0.000000] Linux version 6.12.90+deb13.1-amd64 (debian-kernel@lists.debian.org) (x86_64-linux-gnu-gcc-14 (Debian 14.2.0-19) 14.2.0, GNU ld (GNU Binutils for Debian) 2.44) #1 SMP PREEMPT_DYNAMIC Debian 6.12.90-2 (2026-05-27)
[    0.000000] Command line: console=ttyS0 rdinit=/init panic=-1 harmony.gates=n3_repeat_gate harmony.env=N3_REPS=250,N3_ITEM=insn-rng,N3_PROGRESS=25
[    0.000000] BIOS-provided physical RAM map:
[    0.000000] BIOS-e820: [mem 0x0000000000000000-0x000000000009fbff] usable
[    0.000000] BIOS-e820: [mem 0x000000000009fc00-0x000000000009ffff] reserved
[    0.000000] BIOS-e820: [mem 0x00000000000f0000-0x00000000000fffff] reserved
[    0.000000] BIOS-e820: [mem 0x0000000000100000-0x000000007ffdefff] usable
[    0.000000] BIOS-e820: [mem 0x000000007ffdf000-0x000000007fffffff] reserved
[    0.000000] BIOS-e820: [mem 0x00000000b0000000-0x00000000bfffffff] reserved
[    0.000000] BIOS-e820: [mem 0x00000000fed1c000-0x00000000fed1ffff] reserved
[    0.000000] BIOS-e820: [mem 0x00000000feffc000-0x00000000feffffff] reserved
[    0.000000] BIOS-e820: [mem 0x00000000fffc0000-0x00000000ffffffff] reserved
[    0.000000] BIOS-e820: [mem 0x0000000100000000-0x000000027fffffff] usable
[    0.000000] NX (Execute Disable) protection: active
[    0.000000] APIC: Static calls initialized
[    0.000000] SMBIOS 2.8 present.
[    0.000000] DMI: QEMU Standard PC (Q35 + ICH9, 2009), BIOS 1.16.3-debian-1.16.3-2 04/01/2014
[    0.000000] DMI: Memory slots populated: 1/1
[    0.000000] Hypervisor detected: KVM
[    0.000000] last_pfn = 0x7ffdf max_arch_pfn = 0x400000000
[    0.000000] kvm-clock: Using msrs 4b564d01 and 4b564d00
[    0.000000] kvm-clock: using sched offset of 163507976 cycles
[    0.000001] clocksource: kvm-clock: mask: 0xffffffffffffffff max_cycles: 0x1cd42e4dffb, max_idle_ns: 881590591483 ns
[    0.000004] tsc: Detected 3599.998 MHz processor
[    0.000717] last_pfn = 0x280000 max_arch_pfn = 0x400000000
[    0.000739] MTRR map: 4 entries (3 fixed + 1 variable; max 19), built from 8 variable MTRRs
[    0.000741] x86/PAT: Configuration [0-7]: WB  WC  UC- UC  WB  WP  UC- WT  
[    0.000770] last_pfn = 0x7ffdf max_arch_pfn = 0x400000000
[    0.005821] found SMP MP-table at [mem 0x000f5480-0x000f548f]
[    0.005831] Using GB pages for direct mapping
[    0.005940] RAMDISK: [mem 0x79c87000-0x7ffcffff]
[    0.005945] ACPI: Early table checksum verification disabled
[    0.005947] ACPI: RSDP 0x00000000000F52A0 000014 (v00 BOCHS )
[    0.005950] ACPI: RSDT 0x000000007FFE2351 000038 (v01 BOCHS  BXPC     00000001 BXPC 00000001)
[    0.005954] ACPI: FACP 0x000000007FFE2149 0000F4 (v03 BOCHS  BXPC     00000001 BXPC 00000001)
[    0.005958] ACPI: DSDT 0x000000007FFE0040 002109 (v01 BOCHS  BXPC     00000001 BXPC 00000001)
[    0.005960] ACPI: FACS 0x000000007FFE0000 000040
[    0.005962] ACPI: APIC 0x000000007FFE223D 000078 (v03 BOCHS  BXPC     00000001 BXPC 00000001)
[    0.005964] ACPI: HPET 0x000000007FFE22B5 000038 (v01 BOCHS  BXPC     00000001 BXPC 00000001)
[    0.005966] ACPI: MCFG 0x000000007FFE22ED 00003C (v01 BOCHS  BXPC     00000001 BXPC 00000001)
[    0.005968] ACPI: WAET 0x000000007FFE2329 000028 (v01 BOCHS  BXPC     00000001 BXPC 00000001)
[    0.005969] ACPI: Reserving FACP table memory at [mem 0x7ffe2149-0x7ffe223c]
[    0.005970] ACPI: Reserving DSDT table memory at [mem 0x7ffe0040-0x7ffe2148]
[    0.005971] ACPI: Reserving FACS table memory at [mem 0x7ffe0000-0x7ffe003f]
[    0.005971] ACPI: Reserving APIC table memory at [mem 0x7ffe223d-0x7ffe22b4]
[    0.005972] ACPI: Reserving HPET table memory at [mem 0x7ffe22b5-0x7ffe22ec]
[    0.005972] ACPI: Reserving MCFG table memory at [mem 0x7ffe22ed-0x7ffe2328]
[    0.005973] ACPI: Reserving WAET table memory at [mem 0x7ffe2329-0x7ffe2350]
[    0.006288] No NUMA configuration found
[    0.006289] Faking a node at [mem 0x0000000000000000-0x000000027fffffff]
[    0.006294] NODE_DATA(0) allocated [mem 0x27ffd5680-0x27fffffff]
[    0.006569] Zone ranges:
[    0.006569]   DMA      [mem 0x0000000000001000-0x0000000000ffffff]
[    0.006571]   DMA32    [mem 0x0000000001000000-0x00000000ffffffff]
[    0.006571]   Normal   [mem 0x0000000100000000-0x000000027fffffff]
[    0.006572]   Device   empty
[    0.006573] Movable zone start for each node
[    0.006574] Early memory node ranges
[    0.006574]   node   0: [mem 0x0000000000001000-0x000000000009efff]
[    0.006575]   node   0: [mem 0x0000000000100000-0x000000007ffdefff]
[    0.006576]   node   0: [mem 0x0000000100000000-0x000000027fffffff]
[    0.006577] Initmem setup node 0 [mem 0x0000000000001000-0x000000027fffffff]
[    0.006714] On node 0, zone DMA: 1 pages in unavailable ranges
[    0.006725] On node 0, zone DMA: 97 pages in unavailable ranges
[    0.010173] On node 0, zone Normal: 33 pages in unavailable ranges
[    0.010597] ACPI: PM-Timer IO Port: 0x608
[    0.010610] ACPI: LAPIC_NMI (acpi_id[0xff] dfl dfl lint[0x1])
[    0.010636] IOAPIC[0]: apic_id 0, version 17, address 0xfec00000, GSI 0-23
[    0.010638] ACPI: INT_SRC_OVR (bus 0 bus_irq 0 global_irq 2 dfl dfl)
[    0.010639] ACPI: INT_SRC_OVR (bus 0 bus_irq 5 global_irq 5 high level)
[    0.010640] ACPI: INT_SRC_OVR (bus 0 bus_irq 9 global_irq 9 high level)
[    0.010640] ACPI: INT_SRC_OVR (bus 0 bus_irq 10 global_irq 10 high level)
[    0.010641] ACPI: INT_SRC_OVR (bus 0 bus_irq 11 global_irq 11 high level)
[    0.010644] ACPI: Using ACPI (MADT) for SMP configuration information
[    0.010645] ACPI: HPET id: 0x8086a201 base: 0xfed00000
[    0.010648] TSC deadline timer available
[    0.010651] CPU topo: Max. logical packages:   1
[    0.010652] CPU topo: Max. logical dies:       1
[    0.010652] CPU topo: Max. dies per package:   1
[    0.010655] CPU topo: Max. threads per core:   1
[    0.010656] CPU topo: Num. cores per package:     1
[    0.010656] CPU topo: Num. threads per package:   1
[    0.010656] CPU topo: Allowing 1 present CPUs plus 0 hotplug CPUs
[    0.010670] kvm-guest: APIC: eoi() replaced with kvm_guest_apic_eoi_write()
[    0.010687] PM: hibernation: Registered nosave memory: [mem 0x00000000-0x00000fff]
[    0.010688] PM: hibernation: Registered nosave memory: [mem 0x0009f000-0x000fffff]
[    0.010689] PM: hibernation: Registered nosave memory: [mem 0x7ffdf000-0xffffffff]
[    0.010690] [mem 0xc0000000-0xfed1bfff] available for PCI devices
[    0.010691] Booting paravirtualized kernel on KVM
[    0.010692] clocksource: refined-jiffies: mask: 0xffffffff max_cycles: 0xffffffff, max_idle_ns: 7645519600211568 ns
[    0.014052] setup_percpu: NR_CPUS:8192 nr_cpumask_bits:1 nr_cpu_ids:1 nr_node_ids:1
[    0.014271] percpu: Embedded 66 pages/cpu s233472 r8192 d28672 u2097152
[    0.014296] kvm-guest: PV spinlocks disabled, single CPU
[    0.014297] Kernel command line: console=ttyS0 rdinit=/init panic=-1 harmony.gates=n3_repeat_gate harmony.env=N3_REPS=250,N3_ITEM=insn-rng,N3_PROGRESS=25
[    0.014352] random: crng init done
[    0.015140] Dentry cache hash table entries: 1048576 (order: 11, 8388608 bytes, linear)
[    0.015526] Inode-cache hash table entries: 524288 (order: 10, 4194304 bytes, linear)
[    0.015558] Fallback order for Node 0: 0 
[    0.015560] Built 1 zonelists, mobility grouping on.  Total pages: 2097021
[    0.015561] Policy zone: Normal
[    0.015567] mem auto-init: stack:all(zero), heap alloc:on, heap free:off
[    0.015571] software IO TLB: area num 1.
[    0.030776] SLUB: HWalign=64, Order=0-3, MinObjects=0, CPUs=1, Nodes=1
[    0.030796] ftrace: allocating 45769 entries in 179 pages
[    0.036063] ftrace: allocated 179 pages with 5 groups
[    0.036555] Dynamic Preempt: voluntary
[    0.036706] rcu: Preemptible hierarchical RCU implementation.
[    0.036706] rcu: 	RCU restricting CPUs from NR_CPUS=8192 to nr_cpu_ids=1.
[    0.036707] 	Trampoline variant of Tasks RCU enabled.
[    0.036707] 	Rude variant of Tasks RCU enabled.
[    0.036708] 	Tracing variant of Tasks RCU enabled.
[    0.036708] rcu: RCU calculated value of scheduler-enlistment delay is 25 jiffies.
[    0.036709] rcu: Adjusting geometry for rcu_fanout_leaf=16, nr_cpu_ids=1
[    0.036712] RCU Tasks: Setting shift to 0 and lim to 1 rcu_task_cb_adjust=1 rcu_task_cpu_ids=1.
[    0.036713] RCU Tasks Rude: Setting shift to 0 and lim to 1 rcu_task_cb_adjust=1 rcu_task_cpu_ids=1.
[    0.036714] RCU Tasks Trace: Setting shift to 0 and lim to 1 rcu_task_cb_adjust=1 rcu_task_cpu_ids=1.
[    0.039888] NR_IRQS: 524544, nr_irqs: 256, preallocated irqs: 16
[    0.040061] rcu: srcu_init: Setting srcu_struct sizes based on contention.
[    0.051983] Console: colour VGA+ 80x25
[    0.052026] printk: legacy console [ttyS0] enabled
[    0.170382] ACPI: Core revision 20240827
[    0.171136] clocksource: hpet: mask: 0xffffffff max_cycles: 0xffffffff, max_idle_ns: 19112604467 ns
[    0.172694] APIC: Switch to symmetric I/O mode setup
[    0.173605] x2apic enabled
[    0.174202] APIC: Switched APIC routing to: physical x2apic
[    0.175755] ..TIMER: vector=0x30 apic1=0 pin1=2 apic2=-1 pin2=-1
[    0.176680] clocksource: tsc-early: mask: 0xffffffffffffffff max_cycles: 0x33e451ab1a6, max_idle_ns: 440795278720 ns
[    0.178281] Calibrating delay loop (skipped) preset value.. 7199.99 BogoMIPS (lpj=14399992)
[    0.179625] x86/cpu: User Mode Instruction Prevention (UMIP) activated
[    0.180668] Last level iTLB entries: 4KB 0, 2MB 0, 4MB 0
[    0.182281] Last level dTLB entries: 4KB 0, 2MB 0, 4MB 0, 1GB 0
[    0.183183] Spectre V1 : Mitigation: usercopy/swapgs barriers and __user pointer sanitization
[    0.184536] Spectre V2 : Spectre BHI mitigation: SW BHB clearing on syscall and VM exit
[    0.186281] Spectre V2 : Mitigation: IBRS
[    0.186893] Spectre V2 : Spectre v2 / SpectreRSB: Filling RSB on context switch and VMEXIT
[    0.188137] RETBleed: Mitigation: IBRS
[    0.188708] Spectre V2 : mitigation: Enabling conditional Indirect Branch Prediction Barrier
[    0.189970] Speculative Store Bypass: Mitigation: Speculative Store Bypass disabled via prctl
[    0.190284] MDS: Mitigation: Clear CPU buffers
[    0.191000] MMIO Stale Data: Mitigation: Clear CPU buffers
[    0.191827] SRBDS: Unknown: Dependent on hypervisor status
[    0.192655] active return thunk: its_return_thunk
[    0.194281] ITS: Mitigation: Aligned branch/return thunks
[    0.195106] x86/fpu: Supporting XSAVE feature 0x001: 'x87 floating point registers'
[    0.196265] x86/fpu: Supporting XSAVE feature 0x002: 'SSE registers'
[    0.197222] x86/fpu: Supporting XSAVE feature 0x004: 'AVX registers'
[    0.198281] x86/fpu: Supporting XSAVE feature 0x008: 'MPX bounds registers'
[    0.199326] x86/fpu: Supporting XSAVE feature 0x010: 'MPX CSR'
[    0.200250] x86/fpu: xstate_offset[2]:  576, xstate_sizes[2]:  256
[    0.201177] x86/fpu: xstate_offset[3]:  832, xstate_sizes[3]:   64
[    0.202281] x86/fpu: xstate_offset[4]:  896, xstate_sizes[4]:   64
[    0.203211] x86/fpu: Enabled xstate features 0x1f, context size is 960 bytes, using 'compacted' format.
[    0.234736] Freeing SMP alternatives memory: 40K
[    0.235446] pid_max: default: 32768 minimum: 301
[    0.236177] LSM: initializing lsm=lockdown,capability,landlock,yama,apparmor,tomoyo,bpf,ipe,ima,evm
[    0.237577] landlock: Up and running.
[    0.238135] Yama: disabled by default; enable with sysctl kernel.yama.*
[    0.238334] AppArmor: AppArmor initialized
[    0.238974] TOMOYO Linux initialized
[    0.239651] LSM support for eBPF active
[    0.240286] Mount-cache hash table entries: 16384 (order: 5, 131072 bytes, linear)
[    0.242284] Mountpoint-cache hash table entries: 16384 (order: 5, 131072 bytes, linear)
[    0.243671] smpboot: CPU0: Intel(R) Core(TM) i9-9900K CPU @ 3.60GHz (family: 0x6, model: 0x9e, stepping: 0xc)
[    0.245295] Performance Events: Skylake events, full-width counters, Intel PMU driver.
[    0.246279] ... version:                2
[    0.246279] ... bit width:              48
[    0.246282] ... generic registers:      4
[    0.246907] ... value mask:             0000ffffffffffff
[    0.247705] ... max period:             00007fffffffffff
[    0.248504] ... fixed-purpose events:   3
[    0.249118] ... event mask:             000000070000000f
[    0.249982] signal: max sigframe size: 2032
[    0.250303] rcu: Hierarchical SRCU implementation.
[    0.251031] rcu: 	Max phase no-delay instances is 1000.
[    0.254466] smp: Bringing up secondary CPUs ...
[    0.255165] smp: Brought up 1 node, 1 CPU
[    0.255777] smpboot: Total of 1 processors activated (7199.99 BogoMIPS)
[    0.269548] node 0 deferred pages initialised in 12ms
[    0.270302] Memory: 8026724K/8388084K available (16384K kernel code, 2497K rwdata, 11808K rodata, 4164K init, 4916K bss, 357556K reserved, 0K cma-reserved)
[    0.272683] devtmpfs: initialized
[    0.273219] x86/mm: Memory block size: 128MB
[    0.274448] clocksource: jiffies: mask: 0xffffffff max_cycles: 0xffffffff, max_idle_ns: 7645041785100000 ns
[    0.275917] futex hash table entries: 256 (order: 2, 16384 bytes, linear)
[    0.276993] pinctrl core: initialized pinctrl subsystem
[    0.278176] NET: Registered PF_NETLINK/PF_ROUTE protocol family
[    0.278393] DMA: preallocated 1024 KiB GFP_KERNEL pool for atomic allocations
[    0.279525] DMA: preallocated 1024 KiB GFP_KERNEL|GFP_DMA pool for atomic allocations
[    0.280865] DMA: preallocated 1024 KiB GFP_KERNEL|GFP_DMA32 pool for atomic allocations
[    0.282080] audit: initializing netlink subsys (disabled)
[    0.282307] audit: type=2000 audit(1783696172.477:1): state=initialized audit_enabled=0 res=1
[    0.283676] thermal_sys: Registered thermal governor 'fair_share'
[    0.283677] thermal_sys: Registered thermal governor 'bang_bang'
[    0.284605] thermal_sys: Registered thermal governor 'step_wise'
[    0.285511] thermal_sys: Registered thermal governor 'user_space'
[    0.286285] thermal_sys: Registered thermal governor 'power_allocator'
[    0.287225] cpuidle: using governor ladder
[    0.288841] cpuidle: using governor menu
[    0.289477] acpiphp: ACPI Hot Plug PCI Controller Driver version: 0.5
[    0.290401] PCI: ECAM [mem 0xb0000000-0xbfffffff] (base 0xb0000000) for domain 0000 [bus 00-ff]
[    0.291721] PCI: ECAM [mem 0xb0000000-0xbfffffff] reserved as E820 entry
[    0.292742] PCI: Using configuration type 1 for base access
[    0.293672] kprobes: kprobe jump-optimization is enabled. All kprobes are optimized if possible.
[    0.314341] HugeTLB: registered 1.00 GiB page size, pre-allocated 0 pages
[    0.315371] HugeTLB: 16380 KiB vmemmap can be freed for a 1.00 GiB page
[    0.316374] HugeTLB: registered 2.00 MiB page size, pre-allocated 0 pages
[    0.317400] HugeTLB: 28 KiB vmemmap can be freed for a 2.00 MiB page
[    0.322715] ACPI: Added _OSI(Module Device)
[    0.323362] ACPI: Added _OSI(Processor Device)
[    0.324039] ACPI: Added _OSI(Processor Aggregator Device)
[    0.325542] ACPI: 1 ACPI AML tables successfully acquired and loaded
[    0.328714] ACPI: Interpreter enabled
[    0.329290] ACPI: PM: (supports S0 S3 S4 S5)
[    0.329953] ACPI: Using IOAPIC for interrupt routing
[    0.330295] PCI: Using host bridge windows from ACPI; if necessary, use "pci=nocrs" and report a bug
[    0.331677] PCI: Using E820 reservations for host bridge windows
[    0.332647] ACPI: Enabled 2 GPEs in block 00 to 3F
[    0.334882] ACPI: PCI Root Bridge [PCI0] (domain 0000 [bus 00-ff])
[    0.335826] acpi PNP0A08:00: _OSC: OS supports [ExtendedConfig ASPM ClockPM Segments MSI HPX-Type3]
[    0.337227] acpi PNP0A08:00: _OSC: platform does not support [PCIeHotplug LTR]
[    0.338323] acpi PNP0A08:00: _OSC: OS now controls [SHPCHotplug PME AER PCIeCapability]
[    0.339657] PCI host bridge to bus 0000:00
[    0.340286] pci_bus 0000:00: root bus resource [io  0x0000-0x0cf7 window]
[    0.341325] pci_bus 0000:00: root bus resource [io  0x0d00-0xffff window]
[    0.342282] pci_bus 0000:00: root bus resource [mem 0x000a0000-0x000bffff window]
[    0.343418] pci_bus 0000:00: root bus resource [mem 0x80000000-0xafffffff window]
[    0.344547] pci_bus 0000:00: root bus resource [mem 0xc0000000-0xfebfffff window]
[    0.345686] pci_bus 0000:00: root bus resource [mem 0x280000000-0xa7fffffff window]
[    0.346282] pci_bus 0000:00: root bus resource [bus 00-ff]
[    0.347164] pci 0000:00:00.0: [8086:29c0] type 00 class 0x060000 conventional PCI endpoint
[    0.348900] pci 0000:00:01.0: [1234:1111] type 00 class 0x030000 conventional PCI endpoint
[    0.350689] pci 0000:00:01.0: BAR 0 [mem 0xfd000000-0xfdffffff pref]
[    0.353493] pci 0000:00:01.0: BAR 2 [mem 0xfebd4000-0xfebd4fff]
[    0.357707] pci 0000:00:01.0: ROM [mem 0xfebc0000-0xfebcffff pref]
[    0.358398] pci 0000:00:01.0: Video device with shadowed ROM at [mem 0x000c0000-0x000dffff]
[    0.360047] pci 0000:00:02.0: [8086:10d3] type 00 class 0x020000 PCIe Root Complex Integrated Endpoint
[    0.362151] pci 0000:00:02.0: BAR 0 [mem 0xfeb80000-0xfeb9ffff]
[    0.362850] pci 0000:00:02.0: BAR 1 [mem 0xfeba0000-0xfebbffff]
[    0.364653] pci 0000:00:02.0: BAR 2 [io  0xc040-0xc05f]
[    0.366547] pci 0000:00:02.0: BAR 3 [mem 0xfebd0000-0xfebd3fff]
[    0.369197] pci 0000:00:02.0: ROM [mem 0xfeb40000-0xfeb7ffff pref]
[    0.370209] pci 0000:00:02.0: enabling Extended Tags
[    0.371366] pci 0000:00:1f.0: [8086:2918] type 00 class 0x060100 conventional PCI endpoint
[    0.373141] pci 0000:00:1f.0: quirk: [io  0x0600-0x067f] claimed by ICH6 ACPI/GPIO/TCO
[    0.374541] pci 0000:00:1f.2: [8086:2922] type 00 class 0x010601 conventional PCI endpoint
[    0.378007] pci 0000:00:1f.2: BAR 4 [io  0xc060-0xc07f]
[    0.378772] pci 0000:00:1f.2: BAR 5 [mem 0xfebd5000-0xfebd5fff]
[    0.380536] pci 0000:00:1f.3: [8086:2930] type 00 class 0x0c0500 conventional PCI endpoint
[    0.383452] pci 0000:00:1f.3: BAR 4 [io  0x0700-0x073f]
[    0.386756] ACPI: PCI: Interrupt link LNKA configured for IRQ 10
[    0.387748] ACPI: PCI: Interrupt link LNKB configured for IRQ 10
[    0.388742] ACPI: PCI: Interrupt link LNKC configured for IRQ 11
[    0.389726] ACPI: PCI: Interrupt link LNKD configured for IRQ 11
[    0.390354] ACPI: PCI: Interrupt link LNKE configured for IRQ 10
[    0.391338] ACPI: PCI: Interrupt link LNKF configured for IRQ 10
[    0.392329] ACPI: PCI: Interrupt link LNKG configured for IRQ 11
[    0.393315] ACPI: PCI: Interrupt link LNKH configured for IRQ 11
[    0.394300] ACPI: PCI: Interrupt link GSIA configured for IRQ 16
[    0.395222] ACPI: PCI: Interrupt link GSIB configured for IRQ 17
[    0.396159] ACPI: PCI: Interrupt link GSIC configured for IRQ 18
[    0.397123] ACPI: PCI: Interrupt link GSID configured for IRQ 19
[    0.398079] ACPI: PCI: Interrupt link GSIE configured for IRQ 20
[    0.398288] ACPI: PCI: Interrupt link GSIF configured for IRQ 21
[    0.399207] ACPI: PCI: Interrupt link GSIG configured for IRQ 22
[    0.400140] ACPI: PCI: Interrupt link GSIH configured for IRQ 23
[    0.401455] iommu: Default domain type: Translated
[    0.402193] iommu: DMA domain TLB invalidation policy: lazy mode
[    0.402401] pps_core: LinuxPPS API ver. 1 registered
[    0.403179] pps_core: Software ver. 5.3.6 - Copyright 2005-2007 Rodolfo Giometti <giometti@linux.it>
[    0.404604] PTP clock support registered
[    0.405216] EDAC MC: Ver: 3.0.0
[    0.406139] NetLabel: Initializing
[    0.406295] NetLabel:  domain hash size = 128
[    0.406991] NetLabel:  protocols = UNLABELED CIPSOv4 CALIPSO
[    0.407868] NetLabel:  unlabeled traffic allowed by default
[    0.408762] PCI: Using ACPI for IRQ routing
[    0.478042] pci 0000:00:01.0: vgaarb: setting as boot VGA device
[    0.478279] pci 0000:00:01.0: vgaarb: bridge control possible
[    0.478279] pci 0000:00:01.0: vgaarb: VGA device added: decodes=io+mem,owns=io+mem,locks=none
[    0.478282] vgaarb: loaded
[    0.478736] hpet0: at MMIO 0xfed00000, IRQs 2, 8, 0
[    0.479492] hpet0: 3 comparators, 64-bit 100.000000 MHz counter
[    0.483327] clocksource: Switched to clocksource kvm-clock
[    0.484738] VFS: Disk quotas dquot_6.6.0
[    0.485392] VFS: Dquot-cache hash table entries: 512 (order 0, 4096 bytes)
[    0.486279] AppArmor: AppArmor Filesystem Enabled
[    0.486279] pnp: PnP ACPI init
[    0.486875] system 00:05: [mem 0xb0000000-0xbfffffff window] has been reserved
[    0.488217] pnp: PnP ACPI: found 6 devices
[    0.494249] clocksource: acpi_pm: mask: 0xffffff max_cycles: 0xffffff, max_idle_ns: 2085701024 ns
[    0.495703] NET: Registered PF_INET protocol family
[    0.496675] IP idents hash table entries: 131072 (order: 8, 1048576 bytes, linear)
[    0.506323] tcp_listen_portaddr_hash hash table entries: 4096 (order: 4, 65536 bytes, linear)
[    0.507623] Table-perturb hash table entries: 65536 (order: 6, 262144 bytes, linear)
[    0.508844] TCP established hash table entries: 65536 (order: 7, 524288 bytes, linear)
[    0.510260] TCP bind hash table entries: 65536 (order: 9, 2097152 bytes, linear)
[    0.511509] TCP: Hash tables configured (established 65536 bind 65536)
[    0.512582] MPTCP token hash table entries: 8192 (order: 6, 196608 bytes, linear)
[    0.513730] UDP hash table entries: 4096 (order: 5, 131072 bytes, linear)
[    0.514790] UDP-Lite hash table entries: 4096 (order: 5, 131072 bytes, linear)
[    0.515961] NET: Registered PF_UNIX/PF_LOCAL protocol family
[    0.516836] NET: Registered PF_XDP protocol family
[    0.517583] pci_bus 0000:00: resource 4 [io  0x0000-0x0cf7 window]
[    0.518542] pci_bus 0000:00: resource 5 [io  0x0d00-0xffff window]
[    0.519480] pci_bus 0000:00: resource 6 [mem 0x000a0000-0x000bffff window]
[    0.520560] pci_bus 0000:00: resource 7 [mem 0x80000000-0xafffffff window]
[    0.521602] pci_bus 0000:00: resource 8 [mem 0xc0000000-0xfebfffff window]
[    0.522661] pci_bus 0000:00: resource 9 [mem 0x280000000-0xa7fffffff window]
[    0.523836] PCI: CLS 0 bytes, default 64
[    0.524532] Trying to unpack rootfs image as initramfs...
[    0.526249] PCI-DMA: Using software bounce buffering for IO (SWIOTLB)
[    0.527232] software IO TLB: mapped [mem 0x0000000075c87000-0x0000000079c87000] (64MB)
[    0.528514] clocksource: tsc: mask: 0xffffffffffffffff max_cycles: 0x33e451ab1a6, max_idle_ns: 440795278720 ns
[    0.534404] Initialise system trusted keyrings
[    0.535102] Key type blacklist registered
[    0.538277] workingset: timestamp_bits=36 max_order=21 bucket_order=0
[    0.539263] zbud: loaded
[    0.539735] fuse: init (API version 7.41)
[    0.542296] integrity: Platform Keyring initialized
[    0.543049] integrity: Machine keyring initialized
[    0.566235] Key type asymmetric registered
[    0.566865] Asymmetric key parser 'x509' registered
[    1.116840] Freeing initrd memory: 101668K
[    1.118058] Block layer SCSI generic (bsg) driver version 0.4 loaded (major 246)
[    1.119221] io scheduler mq-deadline registered
[    1.120710] ledtrig-cpu: registered to indicate activity on CPUs
[    1.121642] shpchp: Standard Hot Plug PCI Controller Driver version: 0.4
[    1.122833] Serial: 8250/16550 driver, 4 ports, IRQ sharing enabled
[    1.124159] 00:03: ttyS0 at I/O 0x3f8 (irq = 4, base_baud = 115200) is a 16550A
[    1.125642] Linux agpgart interface v0.103
[    1.126487] i8042: PNP: PS/2 Controller [PNP0303:KBD,PNP0f13:MOU] at 0x60,0x64 irq 1,12
[    1.128362] serio: i8042 KBD port at 0x60,0x64 irq 1
[    1.129118] serio: i8042 AUX port at 0x60,0x64 irq 12
[    1.129947] mousedev: PS/2 mouse device common for all mice
[    1.131094] input: AT Translated Set 2 keyboard as /devices/platform/i8042/serio0/input/input0
[    1.132600] rtc_cmos 00:04: RTC can wake from S4
[    1.133762] rtc_cmos 00:04: registered as rtc0
[    1.134539] rtc_cmos 00:04: setting system clock to 2026-07-10T15:09:33 UTC (1783696173)
[    1.135815] rtc_cmos 00:04: alarms up to one day, y3k, 242 bytes nvram, hpet irqs
[    1.136943] intel_pstate: CPU model not supported
[    1.138254] NET: Registered PF_INET6 protocol family
[    1.139576] Segment Routing with IPv6
[    1.140149] In-situ OAM (IOAM) with IPv6
[    1.140760] mip6: Mobile IPv6
[    1.141223] NET: Registered PF_PACKET protocol family
[    1.142022] mpls_gso: MPLS GSO support
[    1.142689] IPI shorthand broadcast: enabled
[    1.144620] sched_clock: Marking stable (1012385490, 130212402)->(1157283103, -14685211)
[    1.145898] registered taskstats version 1
[    1.146628] Loading compiled-in X.509 certificates
[    1.158474] Loaded X.509 cert 'Build time autogenerated kernel key: e87b99600394fc77ba6018a2cc6a68db4bb86ee6'
[    1.161155] Demotion targets for Node 0: null
[    1.161847] Key type .fscrypt registered
[    1.162468] Key type fscrypt-provisioning registered
[    1.163691] Key type encrypted registered
[    1.164314] AppArmor: AppArmor sha256 policy hashing enabled
[    1.165191] ima: No TPM chip found, activating TPM-bypass!
[    1.166035] ima: Allocated hash algorithm: sha256
[    1.166771] ima: No architecture policies found
[    1.167470] evm: Initialising EVM extended attributes:
[    1.168253] evm: security.selinux
[    1.168760] evm: security.SMACK64 (disabled)
[    1.169407] evm: security.SMACK64EXEC (disabled)
[    1.170119] evm: security.SMACK64TRANSMUTE (disabled)
[    1.170892] evm: security.SMACK64MMAP (disabled)
[    1.171592] evm: security.apparmor
[    1.172118] evm: security.ima
[    1.172571] evm: security.capability
[    1.173115] evm: HMAC attrs: 0x1
[    1.194284] RAS: Correctable Errors collector initialized.
[    1.205884] clk: Disabling unused clocks
[    1.206520] PM: genpd: Disabling unused power domains
[    1.212162] Freeing unused decrypted memory: 2028K
[    1.212956] Freeing unused kernel image (initmem) memory: 4164K
[    1.213596] Write protecting the kernel read-only data: 28672k
[    1.218405] Freeing unused kernel image (rodata/data gap) memory: 480K
[    1.250310] x86/mm: Checked W+X mappings: passed, no W+X pages found.
[    1.282221] Run /init as init process
NESTED_X86_L1_BOOT_OK
Linux (none) 6.12.90+deb13.1-amd64 #1 SMP PREEMPT_DYNAMIC Debian 6.12.90-2 (2026-05-27) x86_64 GNU/Linux
              total        used        free      shared  buff/cache   available
Mem:           7948          55        7671         221         222        7535
console=ttyS0 rdinit=/init panic=-1 harmony.gates=n3_repeat_gate harmony.env=N3_REPS=250,N3_ITEM=insn-rng,N3_PROGRESS=25
msr: loaded
irqbypass: loaded
[    1.311262] kvm: loading out-of-tree module taints kernel.
[    1.311880] kvm: module verification failed: signature and/or required key missing - tainting kernel
kvm(PATCHED): loaded
kvm-intel(PATCHED): loaded
L1_DEV_KVM_PRESENT
NESTED_X86_L2_PIN_CHECK_BEGIN
f06a34a79010a8f2cc8226dc629cc8fb049740016f035f53e3f2e53d9a30dd41  guest/build/bzImage
3c4a7f2f0db4b59aaf4dee55d43a42c57fc0d10ac25441de88128c61be0778c2  guest/build/initramfs-postgres.cpio.gz
NESTED_X86_L2_PIN_CHECK_END
ENV N3_REPS=250
ENV N3_ITEM=insn-rng
ENV N3_PROGRESS=25
NESTED_X86_GATE_BEGIN n3_repeat_gate 

running 1 test
test n3_repeat_gate ... N3JSON {"event":"start","item":"insn-rng","reps":250,"seed":11471204516818368}
N3JSON {"event":"progress","attempted":25,"identical":25,"mismatches":0}
N3JSON {"event":"progress","attempted":50,"identical":50,"mismatches":0}
N3JSON {"event":"progress","attempted":75,"identical":75,"mismatches":0}
N3JSON {"event":"progress","attempted":100,"identical":100,"mismatches":0}
N3JSON {"event":"progress","attempted":125,"identical":125,"mismatches":0}
N3JSON {"event":"progress","attempted":150,"identical":150,"mismatches":0}
N3JSON {"event":"progress","attempted":175,"identical":175,"mismatches":0}
N3JSON {"event":"progress","attempted":200,"identical":200,"mismatches":0}
N3JSON {"event":"progress","attempted":225,"identical":225,"mismatches":0}
N3JSON {"event":"progress","attempted":250,"identical":250,"mismatches":0}
N3JSON {"event":"summary","item":"insn-rng","attempted":250,"identical":250,"mismatches":0,"state_hash":"6163f1109b5677de0ff924f7932e7ade007434c99c24bc9a7e11beac27f5bbb4","observable_digest":"0fe06bf4edf727fc1d200f810a307c30e65915b7c1ed230a5e513defbb2a3926"}
ok

test result: ok. 1 passed; 0 failed; 0 ignored; 0 measured; 0 filtered out; finished in 2911.66s

NESTED_X86_GATE_RC n3_repeat_gate rc=0
NESTED_X86_GATE_END n3_repeat_gate
--- L1 dmesg tail (kvm/vmx/pmu/perf) ---
[    0.000000] Hypervisor detected: KVM
[    0.000000] kvm-clock: Using msrs 4b564d01 and 4b564d00
[    0.000000] kvm-clock: using sched offset of 163507976 cycles
[    0.000001] clocksource: kvm-clock: mask: 0xffffffffffffffff max_cycles: 0x1cd42e4dffb, max_idle_ns: 881590591483 ns
[    0.010670] kvm-guest: APIC: eoi() replaced with kvm_guest_apic_eoi_write()
[    0.010691] Booting paravirtualized kernel on KVM
[    0.014296] kvm-guest: PV spinlocks disabled, single CPU
[    0.245295] Performance Events: Skylake events, full-width counters, Intel PMU driver.
[    0.483327] clocksource: Switched to clocksource kvm-clock
[    1.311262] kvm: loading out-of-tree module taints kernel.
[    1.311880] kvm: module verification failed: signature and/or required key missing - tainting kernel
NESTED_X86_L1_DONE
[ 2913.221447] ACPI: PM: Preparing to enter system sleep state S5
[ 2913.222144] kvm: exiting hardware virtualization
[ 2913.222694] reboot: Power down
