[    0.000000] Linux version 6.12.90+deb13.1-amd64 (debian-kernel@lists.debian.org) (x86_64-linux-gnu-gcc-14 (Debian 14.2.0-19) 14.2.0, GNU ld (GNU Binutils for Debian) 2.44) #1 SMP PREEMPT_DYNAMIC Debian 6.12.90-2 (2026-05-27)
[    0.000000] Command line: console=ttyS0 rdinit=/init panic=-1 harmony.gates=n3_repeat_gate harmony.env=N3_REPS=1000,N3_ITEM=insn-rng
[    0.000000] BIOS-provided physical RAM map:
[    0.000000] BIOS-e820: [mem 0x0000000000000000-0x000000000009fbff] usable
[    0.000000] BIOS-e820: [mem 0x000000000009fc00-0x000000000009ffff] reserved
[    0.000000] BIOS-e820: [mem 0x00000000000f0000-0x00000000000fffff] reserved
[    0.000000] BIOS-e820: [mem 0x0000000000100000-0x000000007ffdefff] usable
[    0.000000] BIOS-e820: [mem 0x000000007ffdf000-0x000000007fffffff] reserved
[    0.000000] BIOS-e820: [mem 0x00000000b0000000-0x00000000bfffffff] reserved
[    0.000000] BIOS-e820: [mem 0x00000000fed1c000-0x00000000fed1ffff] reserved
[    0.000000] BIOS-e820: [mem 0x00000000feffc000-0x00000000feffffff] reserved
[    0.000000] BIOS-e820: [mem 0x00000000fffc0000-0x00000000ffffffff] reserved
[    0.000000] BIOS-e820: [mem 0x0000000100000000-0x000000027fffffff] usable
[    0.000000] NX (Execute Disable) protection: active
[    0.000000] APIC: Static calls initialized
[    0.000000] SMBIOS 2.8 present.
[    0.000000] DMI: QEMU Standard PC (Q35 + ICH9, 2009), BIOS 1.16.3-debian-1.16.3-2 04/01/2014
[    0.000000] DMI: Memory slots populated: 1/1
[    0.000000] Hypervisor detected: KVM
[    0.000000] last_pfn = 0x7ffdf max_arch_pfn = 0x400000000
[    0.000000] kvm-clock: Using msrs 4b564d01 and 4b564d00
[    0.000000] kvm-clock: using sched offset of 181692157 cycles
[    0.000002] clocksource: kvm-clock: mask: 0xffffffffffffffff max_cycles: 0x1cd42e4dffb, max_idle_ns: 881590591483 ns
[    0.000004] tsc: Detected 3599.998 MHz processor
[    0.000866] last_pfn = 0x280000 max_arch_pfn = 0x400000000
[    0.000890] MTRR map: 4 entries (3 fixed + 1 variable; max 19), built from 8 variable MTRRs
[    0.000892] x86/PAT: Configuration [0-7]: WB  WC  UC- UC  WB  WP  UC- WT  
[    0.000924] last_pfn = 0x7ffdf max_arch_pfn = 0x400000000
[    0.006739] found SMP MP-table at [mem 0x000f5480-0x000f548f]
[    0.006755] Using GB pages for direct mapping
[    0.006862] RAMDISK: [mem 0x79c87000-0x7ffcffff]
[    0.006868] ACPI: Early table checksum verification disabled
[    0.006870] ACPI: RSDP 0x00000000000F52A0 000014 (v00 BOCHS )
[    0.006873] ACPI: RSDT 0x000000007FFE2351 000038 (v01 BOCHS  BXPC     00000001 BXPC 00000001)
[    0.006877] ACPI: FACP 0x000000007FFE2149 0000F4 (v03 BOCHS  BXPC     00000001 BXPC 00000001)
[    0.006881] ACPI: DSDT 0x000000007FFE0040 002109 (v01 BOCHS  BXPC     00000001 BXPC 00000001)
[    0.006884] ACPI: FACS 0x000000007FFE0000 000040
[    0.006886] ACPI: APIC 0x000000007FFE223D 000078 (v03 BOCHS  BXPC     00000001 BXPC 00000001)
[    0.006888] ACPI: HPET 0x000000007FFE22B5 000038 (v01 BOCHS  BXPC     00000001 BXPC 00000001)
[    0.006890] ACPI: MCFG 0x000000007FFE22ED 00003C (v01 BOCHS  BXPC     00000001 BXPC 00000001)
[    0.006893] ACPI: WAET 0x000000007FFE2329 000028 (v01 BOCHS  BXPC     00000001 BXPC 00000001)
[    0.006894] ACPI: Reserving FACP table memory at [mem 0x7ffe2149-0x7ffe223c]
[    0.006895] ACPI: Reserving DSDT table memory at [mem 0x7ffe0040-0x7ffe2148]
[    0.006896] ACPI: Reserving FACS table memory at [mem 0x7ffe0000-0x7ffe003f]
[    0.006897] ACPI: Reserving APIC table memory at [mem 0x7ffe223d-0x7ffe22b4]
[    0.006897] ACPI: Reserving HPET table memory at [mem 0x7ffe22b5-0x7ffe22ec]
[    0.006898] ACPI: Reserving MCFG table memory at [mem 0x7ffe22ed-0x7ffe2328]
[    0.006898] ACPI: Reserving WAET table memory at [mem 0x7ffe2329-0x7ffe2350]
[    0.007246] No NUMA configuration found
[    0.007246] Faking a node at [mem 0x0000000000000000-0x000000027fffffff]
[    0.007252] NODE_DATA(0) allocated [mem 0x27ffd5680-0x27fffffff]
[    0.007537] Zone ranges:
[    0.007537]   DMA      [mem 0x0000000000001000-0x0000000000ffffff]
[    0.007539]   DMA32    [mem 0x0000000001000000-0x00000000ffffffff]
[    0.007540]   Normal   [mem 0x0000000100000000-0x000000027fffffff]
[    0.007541]   Device   empty
[    0.007541] Movable zone start for each node
[    0.007543] Early memory node ranges
[    0.007543]   node   0: [mem 0x0000000000001000-0x000000000009efff]
[    0.007544]   node   0: [mem 0x0000000000100000-0x000000007ffdefff]
[    0.007545]   node   0: [mem 0x0000000100000000-0x000000027fffffff]
[    0.007546] Initmem setup node 0 [mem 0x0000000000001000-0x000000027fffffff]
[    0.007683] On node 0, zone DMA: 1 pages in unavailable ranges
[    0.007696] On node 0, zone DMA: 97 pages in unavailable ranges
[    0.011529] On node 0, zone Normal: 33 pages in unavailable ranges
[    0.011983] ACPI: PM-Timer IO Port: 0x608
[    0.011999] ACPI: LAPIC_NMI (acpi_id[0xff] dfl dfl lint[0x1])
[    0.012030] IOAPIC[0]: apic_id 0, version 17, address 0xfec00000, GSI 0-23
[    0.012033] ACPI: INT_SRC_OVR (bus 0 bus_irq 0 global_irq 2 dfl dfl)
[    0.012034] ACPI: INT_SRC_OVR (bus 0 bus_irq 5 global_irq 5 high level)
[    0.012035] ACPI: INT_SRC_OVR (bus 0 bus_irq 9 global_irq 9 high level)
[    0.012036] ACPI: INT_SRC_OVR (bus 0 bus_irq 10 global_irq 10 high level)
[    0.012037] ACPI: INT_SRC_OVR (bus 0 bus_irq 11 global_irq 11 high level)
[    0.012040] ACPI: Using ACPI (MADT) for SMP configuration information
[    0.012041] ACPI: HPET id: 0x8086a201 base: 0xfed00000
[    0.012044] TSC deadline timer available
[    0.012048] CPU topo: Max. logical packages:   1
[    0.012048] CPU topo: Max. logical dies:       1
[    0.012048] CPU topo: Max. dies per package:   1
[    0.012052] CPU topo: Max. threads per core:   1
[    0.012052] CPU topo: Num. cores per package:     1
[    0.012053] CPU topo: Num. threads per package:   1
[    0.012053] CPU topo: Allowing 1 present CPUs plus 0 hotplug CPUs
[    0.012068] kvm-guest: APIC: eoi() replaced with kvm_guest_apic_eoi_write()
[    0.012085] PM: hibernation: Registered nosave memory: [mem 0x00000000-0x00000fff]
[    0.012087] PM: hibernation: Registered nosave memory: [mem 0x0009f000-0x000fffff]
[    0.012088] PM: hibernation: Registered nosave memory: [mem 0x7ffdf000-0xffffffff]
[    0.012089] [mem 0xc0000000-0xfed1bfff] available for PCI devices
[    0.012090] Booting paravirtualized kernel on KVM
[    0.012091] clocksource: refined-jiffies: mask: 0xffffffff max_cycles: 0xffffffff, max_idle_ns: 7645519600211568 ns
[    0.015976] setup_percpu: NR_CPUS:8192 nr_cpumask_bits:1 nr_cpu_ids:1 nr_node_ids:1
[    0.016212] percpu: Embedded 66 pages/cpu s233472 r8192 d28672 u2097152
[    0.016241] kvm-guest: PV spinlocks disabled, single CPU
[    0.016242] Kernel command line: console=ttyS0 rdinit=/init panic=-1 harmony.gates=n3_repeat_gate harmony.env=N3_REPS=1000,N3_ITEM=insn-rng
[    0.016301] random: crng init done
[    0.017135] Dentry cache hash table entries: 1048576 (order: 11, 8388608 bytes, linear)
[    0.017568] Inode-cache hash table entries: 524288 (order: 10, 4194304 bytes, linear)
[    0.017606] Fallback order for Node 0: 0 
[    0.017608] Built 1 zonelists, mobility grouping on.  Total pages: 2097021
[    0.017609] Policy zone: Normal
[    0.017616] mem auto-init: stack:all(zero), heap alloc:on, heap free:off
[    0.017620] software IO TLB: area num 1.
[    0.034561] SLUB: HWalign=64, Order=0-3, MinObjects=0, CPUs=1, Nodes=1
[    0.034587] ftrace: allocating 45769 entries in 179 pages
[    0.040211] ftrace: allocated 179 pages with 5 groups
[    0.040750] Dynamic Preempt: voluntary
[    0.040912] rcu: Preemptible hierarchical RCU implementation.
[    0.040912] rcu: 	RCU restricting CPUs from NR_CPUS=8192 to nr_cpu_ids=1.
[    0.040914] 	Trampoline variant of Tasks RCU enabled.
[    0.040914] 	Rude variant of Tasks RCU enabled.
[    0.040914] 	Tracing variant of Tasks RCU enabled.
[    0.040915] rcu: RCU calculated value of scheduler-enlistment delay is 25 jiffies.
[    0.040915] rcu: Adjusting geometry for rcu_fanout_leaf=16, nr_cpu_ids=1
[    0.040920] RCU Tasks: Setting shift to 0 and lim to 1 rcu_task_cb_adjust=1 rcu_task_cpu_ids=1.
[    0.040922] RCU Tasks Rude: Setting shift to 0 and lim to 1 rcu_task_cb_adjust=1 rcu_task_cpu_ids=1.
[    0.040923] RCU Tasks Trace: Setting shift to 0 and lim to 1 rcu_task_cb_adjust=1 rcu_task_cpu_ids=1.
[    0.044615] NR_IRQS: 524544, nr_irqs: 256, preallocated irqs: 16
[    0.044803] rcu: srcu_init: Setting srcu_struct sizes based on contention.
[    0.058608] Console: colour VGA+ 80x25
[    0.058657] printk: legacy console [ttyS0] enabled
[    0.193765] ACPI: Core revision 20240827
[    0.194624] clocksource: hpet: mask: 0xffffffff max_cycles: 0xffffffff, max_idle_ns: 19112604467 ns
[    0.196303] APIC: Switch to symmetric I/O mode setup
[    0.197325] x2apic enabled
[    0.198005] APIC: Switched APIC routing to: physical x2apic
[    0.199846] ..TIMER: vector=0x30 apic1=0 pin1=2 apic2=-1 pin2=-1
[    0.200890] clocksource: tsc-early: mask: 0xffffffffffffffff max_cycles: 0x33e451ab1a6, max_idle_ns: 440795278720 ns
[    0.202708] Calibrating delay loop (skipped) preset value.. 7199.99 BogoMIPS (lpj=14399992)
[    0.206709] x86/cpu: User Mode Instruction Prevention (UMIP) activated
[    0.207954] Last level iTLB entries: 4KB 0, 2MB 0, 4MB 0
[    0.208916] Last level dTLB entries: 4KB 0, 2MB 0, 4MB 0, 1GB 0
[    0.209988] Spectre V1 : Mitigation: usercopy/swapgs barriers and __user pointer sanitization
[    0.210710] Spectre V2 : Spectre BHI mitigation: SW BHB clearing on syscall and VM exit
[    0.212115] Spectre V2 : Mitigation: IBRS
[    0.212846] Spectre V2 : Spectre v2 / SpectreRSB: Filling RSB on context switch and VMEXIT
[    0.214708] RETBleed: Mitigation: IBRS
[    0.215367] Spectre V2 : mitigation: Enabling conditional Indirect Branch Prediction Barrier
[    0.216855] Speculative Store Bypass: Mitigation: Speculative Store Bypass disabled via prctl
[    0.218711] MDS: Mitigation: Clear CPU buffers
[    0.219447] MMIO Stale Data: Mitigation: Clear CPU buffers
[    0.220370] SRBDS: Unknown: Dependent on hypervisor status
[    0.221341] active return thunk: its_return_thunk
[    0.222173] ITS: Mitigation: Aligned branch/return thunks
[    0.222722] x86/fpu: Supporting XSAVE feature 0x001: 'x87 floating point registers'
[    0.224065] x86/fpu: Supporting XSAVE feature 0x002: 'SSE registers'
[    0.225192] x86/fpu: Supporting XSAVE feature 0x004: 'AVX registers'
[    0.226708] x86/fpu: Supporting XSAVE feature 0x008: 'MPX bounds registers'
[    0.227884] x86/fpu: Supporting XSAVE feature 0x010: 'MPX CSR'
[    0.228886] x86/fpu: xstate_offset[2]:  576, xstate_sizes[2]:  256
[    0.229993] x86/fpu: xstate_offset[3]:  832, xstate_sizes[3]:   64
[    0.230708] x86/fpu: xstate_offset[4]:  896, xstate_sizes[4]:   64
[    0.231761] x86/fpu: Enabled xstate features 0x1f, context size is 960 bytes, using 'compacted' format.
[    0.269522] Freeing SMP alternatives memory: 40K
[    0.270362] pid_max: default: 32768 minimum: 301
[    0.270742] LSM: initializing lsm=lockdown,capability,landlock,yama,apparmor,tomoyo,bpf,ipe,ima,evm
[    0.272356] landlock: Up and running.
[    0.273026] Yama: disabled by default; enable with sysctl kernel.yama.*
[    0.274733] AppArmor: AppArmor initialized
[    0.275475] TOMOYO Linux initialized
[    0.276259] LSM support for eBPF active
[    0.276987] Mount-cache hash table entries: 16384 (order: 5, 131072 bytes, linear)
[    0.278330] Mountpoint-cache hash table entries: 16384 (order: 5, 131072 bytes, linear)
[    0.278983] smpboot: CPU0: Intel(R) Core(TM) i9-9900K CPU @ 3.60GHz (family: 0x6, model: 0x9e, stepping: 0xc)
[    0.280810] Performance Events: Skylake events, full-width counters, Intel PMU driver.
[    0.282153] ... version:                2
[    0.282706] ... bit width:              48
[    0.282709] ... generic registers:      4
[    0.283430] ... value mask:             0000ffffffffffff
[    0.284368] ... max period:             00007fffffffffff
[    0.285316] ... fixed-purpose events:   3
[    0.285980] ... event mask:             000000070000000f
[    0.286779] signal: max sigframe size: 2032
[    0.287515] rcu: Hierarchical SRCU implementation.
[    0.288322] rcu: 	Max phase no-delay instances is 1000.
[    0.292199] smp: Bringing up secondary CPUs ...
[    0.293020] smp: Brought up 1 node, 1 CPU
[    0.293739] smpboot: Total of 1 processors activated (7199.99 BogoMIPS)
[    0.309152] node 0 deferred pages initialised in 12ms
[    0.310098] Memory: 8026728K/8388084K available (16384K kernel code, 2497K rwdata, 11808K rodata, 4164K init, 4916K bss, 357552K reserved, 0K cma-reserved)
[    0.311001] devtmpfs: initialized
[    0.311587] x86/mm: Memory block size: 128MB
[    0.313087] clocksource: jiffies: mask: 0xffffffff max_cycles: 0xffffffff, max_idle_ns: 7645041785100000 ns
[    0.314717] futex hash table entries: 256 (order: 2, 16384 bytes, linear)
[    0.315882] pinctrl core: initialized pinctrl subsystem
[    0.317339] NET: Registered PF_NETLINK/PF_ROUTE protocol family
[    0.318465] DMA: preallocated 1024 KiB GFP_KERNEL pool for atomic allocations
[    0.318757] DMA: preallocated 1024 KiB GFP_KERNEL|GFP_DMA pool for atomic allocations
[    0.320272] DMA: preallocated 1024 KiB GFP_KERNEL|GFP_DMA32 pool for atomic allocations
[    0.321673] audit: initializing netlink subsys (disabled)
[    0.322652] audit: type=2000 audit(1783679369.249:1): state=initialized audit_enabled=0 res=1
[    0.322796] thermal_sys: Registered thermal governor 'fair_share'
[    0.322797] thermal_sys: Registered thermal governor 'bang_bang'
[    0.323870] thermal_sys: Registered thermal governor 'step_wise'
[    0.324985] thermal_sys: Registered thermal governor 'user_space'
[    0.326065] thermal_sys: Registered thermal governor 'power_allocator'
[    0.326721] cpuidle: using governor ladder
[    0.328519] cpuidle: using governor menu
[    0.329225] acpiphp: ACPI Hot Plug PCI Controller Driver version: 0.5
[    0.330505] PCI: ECAM [mem 0xb0000000-0xbfffffff] (base 0xb0000000) for domain 0000 [bus 00-ff]
[    0.330715] PCI: ECAM [mem 0xb0000000-0xbfffffff] reserved as E820 entry
[    0.331938] PCI: Using configuration type 1 for base access
[    0.333069] kprobes: kprobe jump-optimization is enabled. All kprobes are optimized if possible.
[    0.358889] HugeTLB: registered 1.00 GiB page size, pre-allocated 0 pages
[    0.360120] HugeTLB: 16380 KiB vmemmap can be freed for a 1.00 GiB page
[    0.361282] HugeTLB: registered 2.00 MiB page size, pre-allocated 0 pages
[    0.362505] HugeTLB: 28 KiB vmemmap can be freed for a 2.00 MiB page
[    0.367043] ACPI: Added _OSI(Module Device)
[    0.367807] ACPI: Added _OSI(Processor Device)
[    0.368577] ACPI: Added _OSI(Processor Aggregator Device)
[    0.370357] ACPI: 1 ACPI AML tables successfully acquired and loaded
[    0.372012] ACPI: Interpreter enabled
[    0.372706] ACPI: PM: (supports S0 S3 S4 S5)
[    0.373475] ACPI: Using IOAPIC for interrupt routing
[    0.374383] PCI: Using host bridge windows from ACPI; if necessary, use "pci=nocrs" and report a bug
[    0.374709] PCI: Using E820 reservations for host bridge windows
[    0.375884] ACPI: Enabled 2 GPEs in block 00 to 3F
[    0.378498] ACPI: PCI Root Bridge [PCI0] (domain 0000 [bus 00-ff])
[    0.378713] acpi PNP0A08:00: _OSC: OS supports [ExtendedConfig ASPM ClockPM Segments MSI HPX-Type3]
[    0.380401] acpi PNP0A08:00: _OSC: platform does not support [PCIeHotplug LTR]
[    0.381745] acpi PNP0A08:00: _OSC: OS now controls [SHPCHotplug PME AER PCIeCapability]
[    0.382852] PCI host bridge to bus 0000:00
[    0.383593] pci_bus 0000:00: root bus resource [io  0x0000-0x0cf7 window]
[    0.384809] pci_bus 0000:00: root bus resource [io  0x0d00-0xffff window]
[    0.386062] pci_bus 0000:00: root bus resource [mem 0x000a0000-0x000bffff window]
[    0.386710] pci_bus 0000:00: root bus resource [mem 0x80000000-0xafffffff window]
[    0.388048] pci_bus 0000:00: root bus resource [mem 0xc0000000-0xfebfffff window]
[    0.389385] pci_bus 0000:00: root bus resource [mem 0x280000000-0xa7fffffff window]
[    0.390710] pci_bus 0000:00: root bus resource [bus 00-ff]
[    0.391792] pci 0000:00:00.0: [8086:29c0] type 00 class 0x060000 conventional PCI endpoint
[    0.393777] pci 0000:00:01.0: [1234:1111] type 00 class 0x030000 conventional PCI endpoint
[    0.396144] pci 0000:00:01.0: BAR 0 [mem 0xfd000000-0xfdffffff pref]
[    0.398759] pci 0000:00:01.0: BAR 2 [mem 0xfebd4000-0xfebd4fff]
[    0.403110] pci 0000:00:01.0: ROM [mem 0xfebc0000-0xfebcffff pref]
[    0.404344] pci 0000:00:01.0: Video device with shadowed ROM at [mem 0x000c0000-0x000dffff]
[    0.406260] pci 0000:00:02.0: [8086:10d3] type 00 class 0x020000 PCIe Root Complex Integrated Endpoint
[    0.407440] pci 0000:00:02.0: BAR 0 [mem 0xfeb80000-0xfeb9ffff]
[    0.409100] pci 0000:00:02.0: BAR 1 [mem 0xfeba0000-0xfebbffff]
[    0.410710] pci 0000:00:02.0: BAR 2 [io  0xc040-0xc05f]
[    0.412414] pci 0000:00:02.0: BAR 3 [mem 0xfebd0000-0xfebd3fff]
[    0.416716] pci 0000:00:02.0: ROM [mem 0xfeb40000-0xfeb7ffff pref]
[    0.417893] pci 0000:00:02.0: enabling Extended Tags
[    0.419994] pci 0000:00:1f.0: [8086:2918] type 00 class 0x060100 conventional PCI endpoint
[    0.422094] pci 0000:00:1f.0: quirk: [io  0x0600-0x067f] claimed by ICH6 ACPI/GPIO/TCO
[    0.423032] pci 0000:00:1f.2: [8086:2922] type 00 class 0x010601 conventional PCI endpoint
[    0.426891] pci 0000:00:1f.2: BAR 4 [io  0xc060-0xc07f]
[    0.428212] pci 0000:00:1f.2: BAR 5 [mem 0xfebd5000-0xfebd5fff]
[    0.430234] pci 0000:00:1f.3: [8086:2930] type 00 class 0x0c0500 conventional PCI endpoint
[    0.432410] pci 0000:00:1f.3: BAR 4 [io  0x0700-0x073f]
[    0.435717] ACPI: PCI: Interrupt link LNKA configured for IRQ 10
[    0.436806] ACPI: PCI: Interrupt link LNKB configured for IRQ 10
[    0.438518] ACPI: PCI: Interrupt link LNKC configured for IRQ 11
[    0.438793] ACPI: PCI: Interrupt link LNKD configured for IRQ 11
[    0.439950] ACPI: PCI: Interrupt link LNKE configured for IRQ 10
[    0.441132] ACPI: PCI: Interrupt link LNKF configured for IRQ 10
[    0.442280] ACPI: PCI: Interrupt link LNKG configured for IRQ 11
[    0.442792] ACPI: PCI: Interrupt link LNKH configured for IRQ 11
[    0.443929] ACPI: PCI: Interrupt link GSIA configured for IRQ 16
[    0.445011] ACPI: PCI: Interrupt link GSIB configured for IRQ 17
[    0.446071] ACPI: PCI: Interrupt link GSIC configured for IRQ 18
[    0.446716] ACPI: PCI: Interrupt link GSID configured for IRQ 19
[    0.447757] ACPI: PCI: Interrupt link GSIE configured for IRQ 20
[    0.448852] ACPI: PCI: Interrupt link GSIF configured for IRQ 21
[    0.449923] ACPI: PCI: Interrupt link GSIG configured for IRQ 22
[    0.450716] ACPI: PCI: Interrupt link GSIH configured for IRQ 23
[    0.452229] iommu: Default domain type: Translated
[    0.453120] iommu: DMA domain TLB invalidation policy: lazy mode
[    0.454340] pps_core: LinuxPPS API ver. 1 registered
[    0.454709] pps_core: Software ver. 5.3.6 - Copyright 2005-2007 Rodolfo Giometti <giometti@linux.it>
[    0.456366] PTP clock support registered
[    0.457094] EDAC MC: Ver: 3.0.0
[    0.458103] NetLabel: Initializing
[    0.458697] NetLabel:  domain hash size = 128
[    0.458709] NetLabel:  protocols = UNLABELED CIPSOv4 CALIPSO
[    0.459759] NetLabel:  unlabeled traffic allowed by default
[    0.460751] PCI: Using ACPI for IRQ routing
[    0.542041] pci 0000:00:01.0: vgaarb: setting as boot VGA device
[    0.542706] pci 0000:00:01.0: vgaarb: bridge control possible
[    0.542706] pci 0000:00:01.0: vgaarb: VGA device added: decodes=io+mem,owns=io+mem,locks=none
[    0.542710] vgaarb: loaded
[    0.543258] hpet0: at MMIO 0xfed00000, IRQs 2, 8, 0
[    0.544133] hpet0: 3 comparators, 64-bit 100.000000 MHz counter
[    0.547767] clocksource: Switched to clocksource kvm-clock
[    0.549382] VFS: Disk quotas dquot_6.6.0
[    0.550138] VFS: Dquot-cache hash table entries: 512 (order 0, 4096 bytes)
[    0.550706] AppArmor: AppArmor Filesystem Enabled
[    0.551383] pnp: PnP ACPI init
[    0.552111] system 00:05: [mem 0xb0000000-0xbfffffff window] has been reserved
[    0.553608] pnp: PnP ACPI: found 6 devices
[    0.559920] clocksource: acpi_pm: mask: 0xffffff max_cycles: 0xffffff, max_idle_ns: 2085701024 ns
[    0.561543] NET: Registered PF_INET protocol family
[    0.562607] IP idents hash table entries: 131072 (order: 8, 1048576 bytes, linear)
[    0.573885] tcp_listen_portaddr_hash hash table entries: 4096 (order: 4, 65536 bytes, linear)
[    0.575408] Table-perturb hash table entries: 65536 (order: 6, 262144 bytes, linear)
[    0.576843] TCP established hash table entries: 65536 (order: 7, 524288 bytes, linear)
[    0.578457] TCP bind hash table entries: 65536 (order: 9, 2097152 bytes, linear)
[    0.579867] TCP: Hash tables configured (established 65536 bind 65536)
[    0.581077] MPTCP token hash table entries: 8192 (order: 6, 196608 bytes, linear)
[    0.582442] UDP hash table entries: 4096 (order: 5, 131072 bytes, linear)
[    0.583677] UDP-Lite hash table entries: 4096 (order: 5, 131072 bytes, linear)
[    0.585041] NET: Registered PF_UNIX/PF_LOCAL protocol family
[    0.586079] NET: Registered PF_XDP protocol family
[    0.587004] pci_bus 0000:00: resource 4 [io  0x0000-0x0cf7 window]
[    0.588102] pci_bus 0000:00: resource 5 [io  0x0d00-0xffff window]
[    0.589210] pci_bus 0000:00: resource 6 [mem 0x000a0000-0x000bffff window]
[    0.590408] pci_bus 0000:00: resource 7 [mem 0x80000000-0xafffffff window]
[    0.591632] pci_bus 0000:00: resource 8 [mem 0xc0000000-0xfebfffff window]
[    0.592800] pci_bus 0000:00: resource 9 [mem 0x280000000-0xa7fffffff window]
[    0.594138] PCI: CLS 0 bytes, default 64
[    0.594937] Trying to unpack rootfs image as initramfs...
[    0.597920] PCI-DMA: Using software bounce buffering for IO (SWIOTLB)
[    0.599023] software IO TLB: mapped [mem 0x0000000075c87000-0x0000000079c87000] (64MB)
[    0.600432] clocksource: tsc: mask: 0xffffffffffffffff max_cycles: 0x33e451ab1a6, max_idle_ns: 440795278720 ns
[    0.606250] Initialise system trusted keyrings
[    0.607094] Key type blacklist registered
[    0.609938] workingset: timestamp_bits=36 max_order=21 bucket_order=0
[    0.611148] zbud: loaded
[    0.613962] fuse: init (API version 7.41)
[    0.614841] integrity: Platform Keyring initialized
[    0.615730] integrity: Machine keyring initialized
[    0.646028] Key type asymmetric registered
[    0.646811] Asymmetric key parser 'x509' registered
[    1.277359] Freeing initrd memory: 101668K
[    1.278758] Block layer SCSI generic (bsg) driver version 0.4 loaded (major 246)
[    1.280144] io scheduler mq-deadline registered
[    1.281881] ledtrig-cpu: registered to indicate activity on CPUs
[    1.283000] shpchp: Standard Hot Plug PCI Controller Driver version: 0.4
[    1.284401] Serial: 8250/16550 driver, 4 ports, IRQ sharing enabled
[    1.286007] 00:03: ttyS0 at I/O 0x3f8 (irq = 4, base_baud = 115200) is a 16550A
[    1.287774] Linux agpgart interface v0.103
[    1.288689] i8042: PNP: PS/2 Controller [PNP0303:KBD,PNP0f13:MOU] at 0x60,0x64 irq 1,12
[    1.290949] serio: i8042 KBD port at 0x60,0x64 irq 1
[    1.291846] serio: i8042 AUX port at 0x60,0x64 irq 12
[    1.292842] mousedev: PS/2 mouse device common for all mice
[    1.294210] input: AT Translated Set 2 keyboard as /devices/platform/i8042/serio0/input/input0
[    1.295897] rtc_cmos 00:04: RTC can wake from S4
[    1.297272] rtc_cmos 00:04: registered as rtc0
[    1.298136] rtc_cmos 00:04: setting system clock to 2026-07-10T10:29:29 UTC (1783679369)
[    1.299563] rtc_cmos 00:04: alarms up to one day, y3k, 242 bytes nvram, hpet irqs
[    1.300907] intel_pstate: CPU model not supported
[    1.302401] NET: Registered PF_INET6 protocol family
[    1.303907] Segment Routing with IPv6
[    1.304537] In-situ OAM (IOAM) with IPv6
[    1.305229] mip6: Mobile IPv6
[    1.305744] NET: Registered PF_PACKET protocol family
[    1.306716] mpls_gso: MPLS GSO support
[    1.307497] IPI shorthand broadcast: enabled
[    1.309609] sched_clock: Marking stable (1152789986, 153896445)->(1332793839, -26107408)
[    1.311157] registered taskstats version 1
[    1.311999] Loading compiled-in X.509 certificates
[    1.325973] Loaded X.509 cert 'Build time autogenerated kernel key: e87b99600394fc77ba6018a2cc6a68db4bb86ee6'
[    1.329004] Demotion targets for Node 0: null
[    1.329802] Key type .fscrypt registered
[    1.330516] Key type fscrypt-provisioning registered
[    1.331916] Key type encrypted registered
[    1.332629] AppArmor: AppArmor sha256 policy hashing enabled
[    1.333587] ima: No TPM chip found, activating TPM-bypass!
[    1.334616] ima: Allocated hash algorithm: sha256
[    1.335486] ima: No architecture policies found
[    1.336282] evm: Initialising EVM extended attributes:
[    1.337150] evm: security.selinux
[    1.337770] evm: security.SMACK64 (disabled)
[    1.338606] evm: security.SMACK64EXEC (disabled)
[    1.339383] evm: security.SMACK64TRANSMUTE (disabled)
[    1.340329] evm: security.SMACK64MMAP (disabled)
[    1.341175] evm: security.apparmor
[    1.341793] evm: security.ima
[    1.342344] evm: security.capability
[    1.342973] evm: HMAC attrs: 0x1
[    1.376344] RAS: Correctable Errors collector initialized.
[    1.385918] clk: Disabling unused clocks
[    1.386613] PM: genpd: Disabling unused power domains
[    1.388472] Freeing unused decrypted memory: 2028K
[    1.389370] Freeing unused kernel image (initmem) memory: 4164K
[    1.393929] Write protecting the kernel read-only data: 28672k
[    1.394883] Freeing unused kernel image (rodata/data gap) memory: 480K
[    1.432220] x86/mm: Checked W+X mappings: passed, no W+X pages found.
[    1.469946] Run /init as init process
NESTED_X86_L1_BOOT_OK
Linux (none) 6.12.90+deb13.1-amd64 #1 SMP PREEMPT_DYNAMIC Debian 6.12.90-2 (2026-05-27) x86_64 GNU/Linux
              total        used        free      shared  buff/cache   available
Mem:           7948          51        7675         221         222        7539
console=ttyS0 rdinit=/init panic=-1 harmony.gates=n3_repeat_gate harmony.env=N3_REPS=1000,N3_ITEM=insn-rng
msr: loaded
irqbypass: loaded
[    1.500452] kvm: loading out-of-tree module taints kernel.
[    1.501191] kvm: module verification failed: signature and/or required key missing - tainting kernel
kvm(PATCHED): loaded
kvm-intel(PATCHED): loaded
L1_DEV_KVM_PRESENT
NESTED_X86_L2_PIN_CHECK_BEGIN
f06a34a79010a8f2cc8226dc629cc8fb049740016f035f53e3f2e53d9a30dd41  guest/build/bzImage
3c4a7f2f0db4b59aaf4dee55d43a42c57fc0d10ac25441de88128c61be0778c2  guest/build/initramfs-postgres.cpio.gz
NESTED_X86_L2_PIN_CHECK_END
ENV N3_REPS=1000
ENV N3_ITEM=insn-rng
NESTED_X86_GATE_BEGIN n3_repeat_gate 

running 1 test
test n3_repeat_gate ... N3JSON {"event":"start","item":"insn-rng","reps":1000,"seed":11471204516818368}
N3JSON {"event":"progress","attempted":100,"identical":100,"mismatches":0}
N3JSON {"event":"progress","attempted":200,"identical":200,"mismatches":0}
N3JSON {"event":"progress","attempted":300,"identical":300,"mismatches":0}
N3JSON {"event":"progress","attempted":400,"identical":400,"mismatches":0}
N3JSON {"event":"progress","attempted":500,"identical":500,"mismatches":0}
N3JSON {"event":"progress","attempted":600,"identical":600,"mismatches":0}
N3JSON {"event":"progress","attempted":700,"identical":700,"mismatches":0}
N3JSON {"event":"progress","attempted":800,"identical":800,"mismatches":0}
N3JSON {"event":"progress","attempted":900,"identical":900,"mismatches":0}
N3JSON {"event":"progress","attempted":1000,"identical":1000,"mismatches":0}
N3JSON {"event":"summary","item":"insn-rng","attempted":1000,"identical":1000,"mismatches":0,"state_hash":"6163f1109b5677de0ff924f7932e7ade007434c99c24bc9a7e11beac27f5bbb4","observable_digest":"0fe06bf4edf727fc1d200f810a307c30e65915b7c1ed230a5e513defbb2a3926"}
ok

test result: ok. 1 passed; 0 failed; 0 ignored; 0 measured; 0 filtered out; finished in 14024.67s

NESTED_X86_GATE_RC n3_repeat_gate rc=0
NESTED_X86_GATE_END n3_repeat_gate
--- L1 dmesg tail (kvm/vmx/pmu/perf) ---
[    0.000000] Hypervisor detected: KVM
[    0.000000] kvm-clock: Using msrs 4b564d01 and 4b564d00
[    0.000000] kvm-clock: using sched offset of 181692157 cycles
[    0.000002] clocksource: kvm-clock: mask: 0xffffffffffffffff max_cycles: 0x1cd42e4dffb, max_idle_ns: 881590591483 ns
[    0.012068] kvm-guest: APIC: eoi() replaced with kvm_guest_apic_eoi_write()
[    0.012090] Booting paravirtualized kernel on KVM
[    0.016241] kvm-guest: PV spinlocks disabled, single CPU
[    0.280810] Performance Events: Skylake events, full-width counters, Intel PMU driver.
[    0.547767] clocksource: Switched to clocksource kvm-clock
[    1.500452] kvm: loading out-of-tree module taints kernel.
[    1.501191] kvm: module verification failed: signature and/or required key missing - tainting kernel
NESTED_X86_L1_DONE
[14026.460305] ACPI: PM: Preparing to enter system sleep state S5
[14026.461124] kvm: exiting hardware virtualization
[14026.461752] reboot: Power down
