[    0.000000] Linux version 6.12.90+deb13.1-amd64 (debian-kernel@lists.debian.org) (x86_64-linux-gnu-gcc-14 (Debian 14.2.0-19) 14.2.0, GNU ld (GNU Binutils for Debian) 2.44) #1 SMP PREEMPT_DYNAMIC Debian 6.12.90-2 (2026-05-27)
[    0.000000] Command line: console=ttyS0 rdinit=/init panic=-1 harmony.gates=live_determinism,n3_repeat_gate harmony.env=N3_REPS=100,N3_ITEM=insn-rng
[    0.000000] BIOS-provided physical RAM map:
[    0.000000] BIOS-e820: [mem 0x0000000000000000-0x000000000009fbff] usable
[    0.000000] BIOS-e820: [mem 0x000000000009fc00-0x000000000009ffff] reserved
[    0.000000] BIOS-e820: [mem 0x00000000000f0000-0x00000000000fffff] reserved
[    0.000000] BIOS-e820: [mem 0x0000000000100000-0x000000007ffdefff] usable
[    0.000000] BIOS-e820: [mem 0x000000007ffdf000-0x000000007fffffff] reserved
[    0.000000] BIOS-e820: [mem 0x00000000b0000000-0x00000000bfffffff] reserved
[    0.000000] BIOS-e820: [mem 0x00000000fed1c000-0x00000000fed1ffff] reserved
[    0.000000] BIOS-e820: [mem 0x00000000feffc000-0x00000000feffffff] reserved
[    0.000000] BIOS-e820: [mem 0x00000000fffc0000-0x00000000ffffffff] reserved
[    0.000000] BIOS-e820: [mem 0x0000000100000000-0x000000027fffffff] usable
[    0.000000] NX (Execute Disable) protection: active
[    0.000000] APIC: Static calls initialized
[    0.000000] SMBIOS 2.8 present.
[    0.000000] DMI: QEMU Standard PC (Q35 + ICH9, 2009), BIOS 1.16.3-debian-1.16.3-2 04/01/2014
[    0.000000] DMI: Memory slots populated: 1/1
[    0.000000] Hypervisor detected: KVM
[    0.000000] last_pfn = 0x7ffdf max_arch_pfn = 0x400000000
[    0.000000] kvm-clock: Using msrs 4b564d01 and 4b564d00
[    0.000000] kvm-clock: using sched offset of 156203811 cycles
[    0.000001] clocksource: kvm-clock: mask: 0xffffffffffffffff max_cycles: 0x1cd42e4dffb, max_idle_ns: 881590591483 ns
[    0.000003] tsc: Detected 3599.998 MHz processor
[    0.000743] last_pfn = 0x280000 max_arch_pfn = 0x400000000
[    0.000765] MTRR map: 4 entries (3 fixed + 1 variable; max 19), built from 8 variable MTRRs
[    0.000767] x86/PAT: Configuration [0-7]: WB  WC  UC- UC  WB  WP  UC- WT  
[    0.000795] last_pfn = 0x7ffdf max_arch_pfn = 0x400000000
[    0.005875] found SMP MP-table at [mem 0x000f5480-0x000f548f]
[    0.005886] Using GB pages for direct mapping
[    0.005960] RAMDISK: [mem 0x7b7a2000-0x7ffcffff]
[    0.005965] ACPI: Early table checksum verification disabled
[    0.005966] ACPI: RSDP 0x00000000000F52A0 000014 (v00 BOCHS )
[    0.005969] ACPI: RSDT 0x000000007FFE2351 000038 (v01 BOCHS  BXPC     00000001 BXPC 00000001)
[    0.005973] ACPI: FACP 0x000000007FFE2149 0000F4 (v03 BOCHS  BXPC     00000001 BXPC 00000001)
[    0.005976] ACPI: DSDT 0x000000007FFE0040 002109 (v01 BOCHS  BXPC     00000001 BXPC 00000001)
[    0.005979] ACPI: FACS 0x000000007FFE0000 000040
[    0.005981] ACPI: APIC 0x000000007FFE223D 000078 (v03 BOCHS  BXPC     00000001 BXPC 00000001)
[    0.005983] ACPI: HPET 0x000000007FFE22B5 000038 (v01 BOCHS  BXPC     00000001 BXPC 00000001)
[    0.005985] ACPI: MCFG 0x000000007FFE22ED 00003C (v01 BOCHS  BXPC     00000001 BXPC 00000001)
[    0.005987] ACPI: WAET 0x000000007FFE2329 000028 (v01 BOCHS  BXPC     00000001 BXPC 00000001)
[    0.005988] ACPI: Reserving FACP table memory at [mem 0x7ffe2149-0x7ffe223c]
[    0.005989] ACPI: Reserving DSDT table memory at [mem 0x7ffe0040-0x7ffe2148]
[    0.005990] ACPI: Reserving FACS table memory at [mem 0x7ffe0000-0x7ffe003f]
[    0.005990] ACPI: Reserving APIC table memory at [mem 0x7ffe223d-0x7ffe22b4]
[    0.005991] ACPI: Reserving HPET table memory at [mem 0x7ffe22b5-0x7ffe22ec]
[    0.005991] ACPI: Reserving MCFG table memory at [mem 0x7ffe22ed-0x7ffe2328]
[    0.005991] ACPI: Reserving WAET table memory at [mem 0x7ffe2329-0x7ffe2350]
[    0.006305] No NUMA configuration found
[    0.006306] Faking a node at [mem 0x0000000000000000-0x000000027fffffff]
[    0.006312] NODE_DATA(0) allocated [mem 0x27ffd5680-0x27fffffff]
[    0.006626] Zone ranges:
[    0.006627]   DMA      [mem 0x0000000000001000-0x0000000000ffffff]
[    0.006628]   DMA32    [mem 0x0000000001000000-0x00000000ffffffff]
[    0.006629]   Normal   [mem 0x0000000100000000-0x000000027fffffff]
[    0.006629]   Device   empty
[    0.006630] Movable zone start for each node
[    0.006631] Early memory node ranges
[    0.006632]   node   0: [mem 0x0000000000001000-0x000000000009efff]
[    0.006633]   node   0: [mem 0x0000000000100000-0x000000007ffdefff]
[    0.006633]   node   0: [mem 0x0000000100000000-0x000000027fffffff]
[    0.006634] Initmem setup node 0 [mem 0x0000000000001000-0x000000027fffffff]
[    0.006765] On node 0, zone DMA: 1 pages in unavailable ranges
[    0.006776] On node 0, zone DMA: 97 pages in unavailable ranges
[    0.010113] On node 0, zone Normal: 33 pages in unavailable ranges
[    0.010569] ACPI: PM-Timer IO Port: 0x608
[    0.010583] ACPI: LAPIC_NMI (acpi_id[0xff] dfl dfl lint[0x1])
[    0.010608] IOAPIC[0]: apic_id 0, version 17, address 0xfec00000, GSI 0-23
[    0.010611] ACPI: INT_SRC_OVR (bus 0 bus_irq 0 global_irq 2 dfl dfl)
[    0.010612] ACPI: INT_SRC_OVR (bus 0 bus_irq 5 global_irq 5 high level)
[    0.010612] ACPI: INT_SRC_OVR (bus 0 bus_irq 9 global_irq 9 high level)
[    0.010613] ACPI: INT_SRC_OVR (bus 0 bus_irq 10 global_irq 10 high level)
[    0.010614] ACPI: INT_SRC_OVR (bus 0 bus_irq 11 global_irq 11 high level)
[    0.010617] ACPI: Using ACPI (MADT) for SMP configuration information
[    0.010617] ACPI: HPET id: 0x8086a201 base: 0xfed00000
[    0.010621] TSC deadline timer available
[    0.010624] CPU topo: Max. logical packages:   1
[    0.010624] CPU topo: Max. logical dies:       1
[    0.010625] CPU topo: Max. dies per package:   1
[    0.010627] CPU topo: Max. threads per core:   1
[    0.010628] CPU topo: Num. cores per package:     1
[    0.010628] CPU topo: Num. threads per package:   1
[    0.010628] CPU topo: Allowing 1 present CPUs plus 0 hotplug CPUs
[    0.010643] kvm-guest: APIC: eoi() replaced with kvm_guest_apic_eoi_write()
[    0.010659] PM: hibernation: Registered nosave memory: [mem 0x00000000-0x00000fff]
[    0.010660] PM: hibernation: Registered nosave memory: [mem 0x0009f000-0x000fffff]
[    0.010661] PM: hibernation: Registered nosave memory: [mem 0x7ffdf000-0xffffffff]
[    0.010662] [mem 0xc0000000-0xfed1bfff] available for PCI devices
[    0.010663] Booting paravirtualized kernel on KVM
[    0.010664] clocksource: refined-jiffies: mask: 0xffffffff max_cycles: 0xffffffff, max_idle_ns: 7645519600211568 ns
[    0.014022] setup_percpu: NR_CPUS:8192 nr_cpumask_bits:1 nr_cpu_ids:1 nr_node_ids:1
[    0.014242] percpu: Embedded 66 pages/cpu s233472 r8192 d28672 u2097152
[    0.014268] kvm-guest: PV spinlocks disabled, single CPU
[    0.014269] Kernel command line: console=ttyS0 rdinit=/init panic=-1 harmony.gates=live_determinism,n3_repeat_gate harmony.env=N3_REPS=100,N3_ITEM=insn-rng
[    0.014322] random: crng init done
[    0.015134] Dentry cache hash table entries: 1048576 (order: 11, 8388608 bytes, linear)
[    0.015510] Inode-cache hash table entries: 524288 (order: 10, 4194304 bytes, linear)
[    0.015540] Fallback order for Node 0: 0 
[    0.015542] Built 1 zonelists, mobility grouping on.  Total pages: 2097021
[    0.015542] Policy zone: Normal
[    0.015547] mem auto-init: stack:all(zero), heap alloc:on, heap free:off
[    0.015551] software IO TLB: area num 1.
[    0.030642] SLUB: HWalign=64, Order=0-3, MinObjects=0, CPUs=1, Nodes=1
[    0.030662] ftrace: allocating 45769 entries in 179 pages
[    0.035859] ftrace: allocated 179 pages with 5 groups
[    0.036344] Dynamic Preempt: voluntary
[    0.036489] rcu: Preemptible hierarchical RCU implementation.
[    0.036489] rcu: 	RCU restricting CPUs from NR_CPUS=8192 to nr_cpu_ids=1.
[    0.036490] 	Trampoline variant of Tasks RCU enabled.
[    0.036491] 	Rude variant of Tasks RCU enabled.
[    0.036491] 	Tracing variant of Tasks RCU enabled.
[    0.036491] rcu: RCU calculated value of scheduler-enlistment delay is 25 jiffies.
[    0.036492] rcu: Adjusting geometry for rcu_fanout_leaf=16, nr_cpu_ids=1
[    0.036496] RCU Tasks: Setting shift to 0 and lim to 1 rcu_task_cb_adjust=1 rcu_task_cpu_ids=1.
[    0.036497] RCU Tasks Rude: Setting shift to 0 and lim to 1 rcu_task_cb_adjust=1 rcu_task_cpu_ids=1.
[    0.036497] RCU Tasks Trace: Setting shift to 0 and lim to 1 rcu_task_cb_adjust=1 rcu_task_cpu_ids=1.
[    0.039666] NR_IRQS: 524544, nr_irqs: 256, preallocated irqs: 16
[    0.039838] rcu: srcu_init: Setting srcu_struct sizes based on contention.
[    0.051847] Console: colour VGA+ 80x25
[    0.051889] printk: legacy console [ttyS0] enabled
[    0.170338] ACPI: Core revision 20240827
[    0.171121] clocksource: hpet: mask: 0xffffffff max_cycles: 0xffffffff, max_idle_ns: 19112604467 ns
[    0.172646] APIC: Switch to symmetric I/O mode setup
[    0.173545] x2apic enabled
[    0.174143] APIC: Switched APIC routing to: physical x2apic
[    0.175668] ..TIMER: vector=0x30 apic1=0 pin1=2 apic2=-1 pin2=-1
[    0.176600] clocksource: tsc-early: mask: 0xffffffffffffffff max_cycles: 0x33e451ab1a6, max_idle_ns: 440795278720 ns
[    0.178215] Calibrating delay loop (skipped) preset value.. 7199.99 BogoMIPS (lpj=14399992)
[    0.179567] x86/cpu: User Mode Instruction Prevention (UMIP) activated
[    0.180614] Last level iTLB entries: 4KB 0, 2MB 0, 4MB 0
[    0.182215] Last level dTLB entries: 4KB 0, 2MB 0, 4MB 0, 1GB 0
[    0.183123] Spectre V1 : Mitigation: usercopy/swapgs barriers and __user pointer sanitization
[    0.184456] Spectre V2 : Spectre BHI mitigation: SW BHB clearing on syscall and VM exit
[    0.186215] Spectre V2 : Mitigation: IBRS
[    0.186828] Spectre V2 : Spectre v2 / SpectreRSB: Filling RSB on context switch and VMEXIT
[    0.188073] RETBleed: Mitigation: IBRS
[    0.188646] Spectre V2 : mitigation: Enabling conditional Indirect Branch Prediction Barrier
[    0.189916] Speculative Store Bypass: Mitigation: Speculative Store Bypass disabled via prctl
[    0.190218] MDS: Mitigation: Clear CPU buffers
[    0.190903] MMIO Stale Data: Mitigation: Clear CPU buffers
[    0.191735] SRBDS: Unknown: Dependent on hypervisor status
[    0.192567] active return thunk: its_return_thunk
[    0.194215] ITS: Mitigation: Aligned branch/return thunks
[    0.195045] x86/fpu: Supporting XSAVE feature 0x001: 'x87 floating point registers'
[    0.196237] x86/fpu: Supporting XSAVE feature 0x002: 'SSE registers'
[    0.197196] x86/fpu: Supporting XSAVE feature 0x004: 'AVX registers'
[    0.198215] x86/fpu: Supporting XSAVE feature 0x008: 'MPX bounds registers'
[    0.199264] x86/fpu: Supporting XSAVE feature 0x010: 'MPX CSR'
[    0.200151] x86/fpu: xstate_offset[2]:  576, xstate_sizes[2]:  256
[    0.201084] x86/fpu: xstate_offset[3]:  832, xstate_sizes[3]:   64
[    0.202215] x86/fpu: xstate_offset[4]:  896, xstate_sizes[4]:   64
[    0.203150] x86/fpu: Enabled xstate features 0x1f, context size is 960 bytes, using 'compacted' format.
[    0.234911] Freeing SMP alternatives memory: 40K
[    0.235621] pid_max: default: 32768 minimum: 301
[    0.236354] LSM: initializing lsm=lockdown,capability,landlock,yama,apparmor,tomoyo,bpf,ipe,ima,evm
[    0.237761] landlock: Up and running.
[    0.238215] Yama: disabled by default; enable with sysctl kernel.yama.*
[    0.239267] AppArmor: AppArmor initialized
[    0.239908] TOMOYO Linux initialized
[    0.240589] LSM support for eBPF active
[    0.241218] Mount-cache hash table entries: 16384 (order: 5, 131072 bytes, linear)
[    0.242218] Mountpoint-cache hash table entries: 16384 (order: 5, 131072 bytes, linear)
[    0.243729] smpboot: CPU0: Intel(R) Core(TM) i9-9900K CPU @ 3.60GHz (family: 0x6, model: 0x9e, stepping: 0xc)
[    0.245376] Performance Events: Skylake events, full-width counters, Intel PMU driver.
[    0.246213] ... version:                2
[    0.246213] ... bit width:              48
[    0.246216] ... generic registers:      4
[    0.246827] ... value mask:             0000ffffffffffff
[    0.247630] ... max period:             00007fffffffffff
[    0.248449] ... fixed-purpose events:   3
[    0.249057] ... event mask:             000000070000000f
[    0.249925] signal: max sigframe size: 2032
[    0.250237] rcu: Hierarchical SRCU implementation.
[    0.250963] rcu: 	Max phase no-delay instances is 1000.
[    0.254388] smp: Bringing up secondary CPUs ...
[    0.255090] smp: Brought up 1 node, 1 CPU
[    0.255720] smpboot: Total of 1 processors activated (7199.99 BogoMIPS)
[    0.269397] node 0 deferred pages initialised in 12ms
[    0.270213] Memory: 8054484K/8388084K available (16384K kernel code, 2497K rwdata, 11808K rodata, 4164K init, 4916K bss, 329796K reserved, 0K cma-reserved)
[    0.270488] devtmpfs: initialized
[    0.271029] x86/mm: Memory block size: 128MB
[    0.272355] clocksource: jiffies: mask: 0xffffffff max_cycles: 0xffffffff, max_idle_ns: 7645041785100000 ns
[    0.273855] futex hash table entries: 256 (order: 2, 16384 bytes, linear)
[    0.274257] pinctrl core: initialized pinctrl subsystem
[    0.275432] NET: Registered PF_NETLINK/PF_ROUTE protocol family
[    0.276444] DMA: preallocated 1024 KiB GFP_KERNEL pool for atomic allocations
[    0.277588] DMA: preallocated 1024 KiB GFP_KERNEL|GFP_DMA pool for atomic allocations
[    0.278368] DMA: preallocated 1024 KiB GFP_KERNEL|GFP_DMA32 pool for atomic allocations
[    0.279586] audit: initializing netlink subsys (disabled)
[    0.280444] audit: type=2000 audit(1783712266.713:1): state=initialized audit_enabled=0 res=1
[    0.281804] thermal_sys: Registered thermal governor 'fair_share'
[    0.281805] thermal_sys: Registered thermal governor 'bang_bang'
[    0.282219] thermal_sys: Registered thermal governor 'step_wise'
[    0.283131] thermal_sys: Registered thermal governor 'user_space'
[    0.284062] thermal_sys: Registered thermal governor 'power_allocator'
[    0.284995] cpuidle: using governor ladder
[    0.286221] cpuidle: using governor menu
[    0.286863] acpiphp: ACPI Hot Plug PCI Controller Driver version: 0.5
[    0.287973] PCI: ECAM [mem 0xb0000000-0xbfffffff] (base 0xb0000000) for domain 0000 [bus 00-ff]
[    0.289295] PCI: ECAM [mem 0xb0000000-0xbfffffff] reserved as E820 entry
[    0.290225] PCI: Using configuration type 1 for base access
[    0.291181] kprobes: kprobe jump-optimization is enabled. All kprobes are optimized if possible.
[    0.314581] HugeTLB: registered 1.00 GiB page size, pre-allocated 0 pages
[    0.315634] HugeTLB: 16380 KiB vmemmap can be freed for a 1.00 GiB page
[    0.316638] HugeTLB: registered 2.00 MiB page size, pre-allocated 0 pages
[    0.317674] HugeTLB: 28 KiB vmemmap can be freed for a 2.00 MiB page
[    0.322486] ACPI: Added _OSI(Module Device)
[    0.323153] ACPI: Added _OSI(Processor Device)
[    0.323835] ACPI: Added _OSI(Processor Aggregator Device)
[    0.325346] ACPI: 1 ACPI AML tables successfully acquired and loaded
[    0.327097] ACPI: Interpreter enabled
[    0.327672] ACPI: PM: (supports S0 S3 S4 S5)
[    0.328333] ACPI: Using IOAPIC for interrupt routing
[    0.329108] PCI: Using host bridge windows from ACPI; if necessary, use "pci=nocrs" and report a bug
[    0.330216] PCI: Using E820 reservations for host bridge windows
[    0.331194] ACPI: Enabled 2 GPEs in block 00 to 3F
[    0.333417] ACPI: PCI Root Bridge [PCI0] (domain 0000 [bus 00-ff])
[    0.334218] acpi PNP0A08:00: _OSC: OS supports [ExtendedConfig ASPM ClockPM Segments MSI HPX-Type3]
[    0.335612] acpi PNP0A08:00: _OSC: platform does not support [PCIeHotplug LTR]
[    0.336765] acpi PNP0A08:00: _OSC: OS now controls [SHPCHotplug PME AER PCIeCapability]
[    0.338116] PCI host bridge to bus 0000:00
[    0.338218] pci_bus 0000:00: root bus resource [io  0x0000-0x0cf7 window]
[    0.339251] pci_bus 0000:00: root bus resource [io  0x0d00-0xffff window]
[    0.340286] pci_bus 0000:00: root bus resource [mem 0x000a0000-0x000bffff window]
[    0.341418] pci_bus 0000:00: root bus resource [mem 0x80000000-0xafffffff window]
[    0.342216] pci_bus 0000:00: root bus resource [mem 0xc0000000-0xfebfffff window]
[    0.343356] pci_bus 0000:00: root bus resource [mem 0x280000000-0xa7fffffff window]
[    0.344519] pci_bus 0000:00: root bus resource [bus 00-ff]
[    0.345421] pci 0000:00:00.0: [8086:29c0] type 00 class 0x060000 conventional PCI endpoint
[    0.346699] pci 0000:00:01.0: [1234:1111] type 00 class 0x030000 conventional PCI endpoint
[    0.349312] pci 0000:00:01.0: BAR 0 [mem 0xfd000000-0xfdffffff pref]
[    0.351958] pci 0000:00:01.0: BAR 2 [mem 0xfebd4000-0xfebd4fff]
[    0.356285] pci 0000:00:01.0: ROM [mem 0xfebc0000-0xfebcffff pref]
[    0.357364] pci 0000:00:01.0: Video device with shadowed ROM at [mem 0x000c0000-0x000dffff]
[    0.358586] pci 0000:00:02.0: [8086:10d3] type 00 class 0x020000 PCIe Root Complex Integrated Endpoint
[    0.360670] pci 0000:00:02.0: BAR 0 [mem 0xfeb80000-0xfeb9ffff]
[    0.362129] pci 0000:00:02.0: BAR 1 [mem 0xfeba0000-0xfebbffff]
[    0.363104] pci 0000:00:02.0: BAR 2 [io  0xc040-0xc05f]
[    0.364902] pci 0000:00:02.0: BAR 3 [mem 0xfebd0000-0xfebd3fff]
[    0.367161] pci 0000:00:02.0: ROM [mem 0xfeb40000-0xfeb7ffff pref]
[    0.368156] pci 0000:00:02.0: enabling Extended Tags
[    0.369989] pci 0000:00:1f.0: [8086:2918] type 00 class 0x060100 conventional PCI endpoint
[    0.370738] pci 0000:00:1f.0: quirk: [io  0x0600-0x067f] claimed by ICH6 ACPI/GPIO/TCO
[    0.372236] pci 0000:00:1f.2: [8086:2922] type 00 class 0x010601 conventional PCI endpoint
[    0.375264] pci 0000:00:1f.2: BAR 4 [io  0xc060-0xc07f]
[    0.376450] pci 0000:00:1f.2: BAR 5 [mem 0xfebd5000-0xfebd5fff]
[    0.378458] pci 0000:00:1f.3: [8086:2930] type 00 class 0x0c0500 conventional PCI endpoint
[    0.380774] pci 0000:00:1f.3: BAR 4 [io  0x0700-0x073f]
[    0.383302] ACPI: PCI: Interrupt link LNKA configured for IRQ 10
[    0.384310] ACPI: PCI: Interrupt link LNKB configured for IRQ 10
[    0.385295] ACPI: PCI: Interrupt link LNKC configured for IRQ 11
[    0.386288] ACPI: PCI: Interrupt link LNKD configured for IRQ 11
[    0.387274] ACPI: PCI: Interrupt link LNKE configured for IRQ 10
[    0.388470] ACPI: PCI: Interrupt link LNKF configured for IRQ 10
[    0.389456] ACPI: PCI: Interrupt link LNKG configured for IRQ 11
[    0.390287] ACPI: PCI: Interrupt link LNKH configured for IRQ 11
[    0.391233] ACPI: PCI: Interrupt link GSIA configured for IRQ 16
[    0.392161] ACPI: PCI: Interrupt link GSIB configured for IRQ 17
[    0.393084] ACPI: PCI: Interrupt link GSIC configured for IRQ 18
[    0.394018] ACPI: PCI: Interrupt link GSID configured for IRQ 19
[    0.394222] ACPI: PCI: Interrupt link GSIE configured for IRQ 20
[    0.395155] ACPI: PCI: Interrupt link GSIF configured for IRQ 21
[    0.396075] ACPI: PCI: Interrupt link GSIG configured for IRQ 22
[    0.397010] ACPI: PCI: Interrupt link GSIH configured for IRQ 23
[    0.398552] iommu: Default domain type: Translated
[    0.399294] iommu: DMA domain TLB invalidation policy: lazy mode
[    0.400322] pps_core: LinuxPPS API ver. 1 registered
[    0.401101] pps_core: Software ver. 5.3.6 - Copyright 2005-2007 Rodolfo Giometti <giometti@linux.it>
[    0.402221] PTP clock support registered
[    0.402841] EDAC MC: Ver: 3.0.0
[    0.403754] NetLabel: Initializing
[    0.404282] NetLabel:  domain hash size = 128
[    0.404965] NetLabel:  protocols = UNLABELED CIPSOv4 CALIPSO
[    0.405843] NetLabel:  unlabeled traffic allowed by default
[    0.406216] PCI: Using ACPI for IRQ routing
[    0.475722] pci 0000:00:01.0: vgaarb: setting as boot VGA device
[    0.476654] pci 0000:00:01.0: vgaarb: bridge control possible
[    0.477526] pci 0000:00:01.0: vgaarb: VGA device added: decodes=io+mem,owns=io+mem,locks=none
[    0.478216] vgaarb: loaded
[    0.478670] hpet0: at MMIO 0xfed00000, IRQs 2, 8, 0
[    0.479437] hpet0: 3 comparators, 64-bit 100.000000 MHz counter
[    0.483264] clocksource: Switched to clocksource kvm-clock
[    0.484659] VFS: Disk quotas dquot_6.6.0
[    0.485277] VFS: Dquot-cache hash table entries: 512 (order 0, 4096 bytes)
[    0.486213] AppArmor: AppArmor Filesystem Enabled
[    0.486213] pnp: PnP ACPI init
[    0.486772] system 00:05: [mem 0xb0000000-0xbfffffff window] has been reserved
[    0.488069] pnp: PnP ACPI: found 6 devices
[    0.494080] clocksource: acpi_pm: mask: 0xffffff max_cycles: 0xffffff, max_idle_ns: 2085701024 ns
[    0.495496] NET: Registered PF_INET protocol family
[    0.496420] IP idents hash table entries: 131072 (order: 8, 1048576 bytes, linear)
[    0.506242] tcp_listen_portaddr_hash hash table entries: 4096 (order: 4, 65536 bytes, linear)
[    0.507554] Table-perturb hash table entries: 65536 (order: 6, 262144 bytes, linear)
[    0.508745] TCP established hash table entries: 65536 (order: 7, 524288 bytes, linear)
[    0.510158] TCP bind hash table entries: 65536 (order: 9, 2097152 bytes, linear)
[    0.511420] TCP: Hash tables configured (established 65536 bind 65536)
[    0.512455] MPTCP token hash table entries: 8192 (order: 6, 196608 bytes, linear)
[    0.513609] UDP hash table entries: 4096 (order: 5, 131072 bytes, linear)
[    0.514673] UDP-Lite hash table entries: 4096 (order: 5, 131072 bytes, linear)
[    0.515809] NET: Registered PF_UNIX/PF_LOCAL protocol family
[    0.516689] NET: Registered PF_XDP protocol family
[    0.517434] pci_bus 0000:00: resource 4 [io  0x0000-0x0cf7 window]
[    0.518398] pci_bus 0000:00: resource 5 [io  0x0d00-0xffff window]
[    0.519336] pci_bus 0000:00: resource 6 [mem 0x000a0000-0x000bffff window]
[    0.520397] pci_bus 0000:00: resource 7 [mem 0x80000000-0xafffffff window]
[    0.521437] pci_bus 0000:00: resource 8 [mem 0xc0000000-0xfebfffff window]
[    0.522498] pci_bus 0000:00: resource 9 [mem 0x280000000-0xa7fffffff window]
[    0.523638] PCI: CLS 0 bytes, default 64
[    0.524340] Trying to unpack rootfs image as initramfs...
[    0.526414] PCI-DMA: Using software bounce buffering for IO (SWIOTLB)
[    0.527398] software IO TLB: mapped [mem 0x00000000777a2000-0x000000007b7a2000] (64MB)
[    0.528637] clocksource: tsc: mask: 0xffffffffffffffff max_cycles: 0x33e451ab1a6, max_idle_ns: 440795278720 ns
[    0.534573] Initialise system trusted keyrings
[    0.535267] Key type blacklist registered
[    0.538429] workingset: timestamp_bits=36 max_order=21 bucket_order=0
[    0.539418] zbud: loaded
[    0.539890] fuse: init (API version 7.41)
[    0.542461] integrity: Platform Keyring initialized
[    0.543212] integrity: Machine keyring initialized
[    0.566415] Key type asymmetric registered
[    0.567052] Asymmetric key parser 'x509' registered
[    0.858437] Freeing initrd memory: 73912K
[    0.859586] Block layer SCSI generic (bsg) driver version 0.4 loaded (major 246)
[    0.860745] io scheduler mq-deadline registered
[    0.862257] ledtrig-cpu: registered to indicate activity on CPUs
[    0.863220] shpchp: Standard Hot Plug PCI Controller Driver version: 0.4
[    0.864402] Serial: 8250/16550 driver, 4 ports, IRQ sharing enabled
[    0.865733] 00:03: ttyS0 at I/O 0x3f8 (irq = 4, base_baud = 115200) is a 16550A
[    0.867262] Linux agpgart interface v0.103
[    0.868085] i8042: PNP: PS/2 Controller [PNP0303:KBD,PNP0f13:MOU] at 0x60,0x64 irq 1,12
[    0.869982] serio: i8042 KBD port at 0x60,0x64 irq 1
[    0.870774] serio: i8042 AUX port at 0x60,0x64 irq 12
[    0.871613] mousedev: PS/2 mouse device common for all mice
[    0.872856] input: AT Translated Set 2 keyboard as /devices/platform/i8042/serio0/input/input0
[    0.874400] rtc_cmos 00:04: RTC can wake from S4
[    0.875574] rtc_cmos 00:04: registered as rtc0
[    0.876329] rtc_cmos 00:04: setting system clock to 2026-07-10T19:37:47 UTC (1783712267)
[    0.877612] rtc_cmos 00:04: alarms up to one day, y3k, 242 bytes nvram, hpet irqs
[    0.878784] intel_pstate: CPU model not supported
[    0.880077] NET: Registered PF_INET6 protocol family
[    0.881376] Segment Routing with IPv6
[    0.881948] In-situ OAM (IOAM) with IPv6
[    0.882592] mip6: Mobile IPv6
[    0.883059] NET: Registered PF_PACKET protocol family
[    0.883849] mpls_gso: MPLS GSO support
[    0.884517] IPI shorthand broadcast: enabled
[    0.886474] sched_clock: Marking stable (756001874, 130370059)->(900884011, -14512078)
[    0.887734] registered taskstats version 1
[    0.888451] Loading compiled-in X.509 certificates
[    0.900369] Loaded X.509 cert 'Build time autogenerated kernel key: e87b99600394fc77ba6018a2cc6a68db4bb86ee6'
[    0.903085] Demotion targets for Node 0: null
[    0.903785] Key type .fscrypt registered
[    0.904397] Key type fscrypt-provisioning registered
[    0.905620] Key type encrypted registered
[    0.906294] AppArmor: AppArmor sha256 policy hashing enabled
[    0.907189] ima: No TPM chip found, activating TPM-bypass!
[    0.908034] ima: Allocated hash algorithm: sha256
[    0.908765] ima: No architecture policies found
[    0.909468] evm: Initialising EVM extended attributes:
[    0.910266] evm: security.selinux
[    0.910785] evm: security.SMACK64 (disabled)
[    0.911442] evm: security.SMACK64EXEC (disabled)
[    0.912154] evm: security.SMACK64TRANSMUTE (disabled)
[    0.912922] evm: security.SMACK64MMAP (disabled)
[    0.913625] evm: security.apparmor
[    0.914162] evm: security.ima
[    0.914628] evm: security.capability
[    0.915179] evm: HMAC attrs: 0x1
[    0.942398] RAS: Correctable Errors collector initialized.
[    0.950387] clk: Disabling unused clocks
[    0.950999] PM: genpd: Disabling unused power domains
[    0.954557] Freeing unused decrypted memory: 2028K
[    0.955357] Freeing unused kernel image (initmem) memory: 4164K
[    0.956012] Write protecting the kernel read-only data: 28672k
[    0.956821] Freeing unused kernel image (rodata/data gap) memory: 480K
[    0.988787] x86/mm: Checked W+X mappings: passed, no W+X pages found.
[    1.018380] Run /init as init process
NESTED_X86_L1_BOOT_OK
Linux (none) 6.12.90+deb13.1-amd64 #1 SMP PREEMPT_DYNAMIC Debian 6.12.90-2 (2026-05-27) x86_64 GNU/Linux
              total        used        free      shared  buff/cache   available
Mem:           7948          56        7761         130         131        7625
console=ttyS0 rdinit=/init panic=-1 harmony.gates=live_determinism,n3_repeat_gate harmony.env=N3_REPS=100,N3_ITEM=insn-rng
msr: loaded
irqbypass: loaded
[    1.051378] kvm: loading out-of-tree module taints kernel.
[    1.051996] kvm: module verification failed: signature and/or required key missing - tainting kernel
kvm(PATCHED): loaded
kvm-intel(PATCHED): loaded
L1_DEV_KVM_PRESENT
NESTED_X86_L2_PIN_CHECK_BEGIN
f06a34a79010a8f2cc8226dc629cc8fb049740016f035f53e3f2e53d9a30dd41  guest/build/bzImage
3c4a7f2f0db4b59aaf4dee55d43a42c57fc0d10ac25441de88128c61be0778c2  guest/build/initramfs-postgres.cpio.gz
NESTED_X86_L2_PIN_CHECK_END
ENV N3_REPS=100
ENV N3_ITEM=insn-rng
NESTED_X86_GATE_BEGIN live_determinism 

running 2 tests
test p6_rdtsc_rng_are_deterministic_and_vtime_backed ... [p6] tsc reads = [0, 2, 4, 6]  aux = 0x0
[p6] rdrand = 0x9f72a62a  rdseed = 0x42b87398
ok
test p6_snapshot_restore_resumes_both_clocks_exactly ... [p6] snapshot/restore transparent: results = Results { tsc: [0, 2, 4, 6], aux: 0, rdrand: 2675090986, rdseed: 1119384472 }
ok

test result: ok. 2 passed; 0 failed; 0 ignored; 0 measured; 0 filtered out; finished in 0.70s

NESTED_X86_GATE_RC live_determinism rc=0
NESTED_X86_GATE_END live_determinism
NESTED_X86_GATE_BEGIN n3_repeat_gate 

running 1 test
test n3_repeat_gate ... N3JSON {"event":"start","item":"insn-rng","reps":100,"seed":11471204516818368}
N3JSON {"event":"progress","attempted":100,"identical":100,"mismatches":0}
N3JSON {"event":"summary","item":"insn-rng","attempted":100,"identical":100,"mismatches":0,"state_hash":"6163f1109b5677de0ff924f7932e7ade007434c99c24bc9a7e11beac27f5bbb4","observable_digest":"0fe06bf4edf727fc1d200f810a307c30e65915b7c1ed230a5e513defbb2a3926"}
ok

test result: ok. 1 passed; 0 failed; 0 ignored; 0 measured; 0 filtered out; finished in 1161.25s

NESTED_X86_GATE_RC n3_repeat_gate rc=0
NESTED_X86_GATE_END n3_repeat_gate
--- L1 dmesg tail (kvm/vmx/pmu/perf) ---
[    0.000000] Hypervisor detected: KVM
[    0.000000] kvm-clock: Using msrs 4b564d01 and 4b564d00
[    0.000000] kvm-clock: using sched offset of 156203811 cycles
[    0.000001] clocksource: kvm-clock: mask: 0xffffffffffffffff max_cycles: 0x1cd42e4dffb, max_idle_ns: 881590591483 ns
[    0.010643] kvm-guest: APIC: eoi() replaced with kvm_guest_apic_eoi_write()
[    0.010663] Booting paravirtualized kernel on KVM
[    0.014268] kvm-guest: PV spinlocks disabled, single CPU
[    0.245376] Performance Events: Skylake events, full-width counters, Intel PMU driver.
[    0.483264] clocksource: Switched to clocksource kvm-clock
[    1.051378] kvm: loading out-of-tree module taints kernel.
[    1.051996] kvm: module verification failed: signature and/or required key missing - tainting kernel
NESTED_X86_L1_DONE
[ 1163.265473] ACPI: PM: Preparing to enter system sleep state S5
[ 1163.266171] kvm: exiting hardware virtualization
[ 1163.266703] reboot: Power down
