[    0.000000] Linux version 6.12.90+deb13.1-amd64 (debian-kernel@lists.debian.org) (x86_64-linux-gnu-gcc-14 (Debian 14.2.0-19) 14.2.0, GNU ld (GNU Binutils for Debian) 2.44) #1 SMP PREEMPT_DYNAMIC Debian 6.12.90-2 (2026-05-27)
[    0.000000] Command line: console=ttyS0 rdinit=/init panic=-1
[    0.000000] BIOS-provided physical RAM map:
[    0.000000] BIOS-e820: [mem 0x0000000000000000-0x000000000009fbff] usable
[    0.000000] BIOS-e820: [mem 0x000000000009fc00-0x000000000009ffff] reserved
[    0.000000] BIOS-e820: [mem 0x00000000000f0000-0x00000000000fffff] reserved
[    0.000000] BIOS-e820: [mem 0x0000000000100000-0x000000007ffdefff] usable
[    0.000000] BIOS-e820: [mem 0x000000007ffdf000-0x000000007fffffff] reserved
[    0.000000] BIOS-e820: [mem 0x00000000b0000000-0x00000000bfffffff] reserved
[    0.000000] BIOS-e820: [mem 0x00000000fed1c000-0x00000000fed1ffff] reserved
[    0.000000] BIOS-e820: [mem 0x00000000feffc000-0x00000000feffffff] reserved
[    0.000000] BIOS-e820: [mem 0x00000000fffc0000-0x00000000ffffffff] reserved
[    0.000000] NX (Execute Disable) protection: active
[    0.000000] APIC: Static calls initialized
[    0.000000] SMBIOS 2.8 present.
[    0.000000] DMI: QEMU Standard PC (Q35 + ICH9, 2009), BIOS 1.16.3-debian-1.16.3-2 04/01/2014
[    0.000000] DMI: Memory slots populated: 1/1
[    0.000000] Hypervisor detected: KVM
[    0.000000] last_pfn = 0x7ffdf max_arch_pfn = 0x400000000
[    0.000000] kvm-clock: Using msrs 4b564d01 and 4b564d00
[    0.000000] kvm-clock: using sched offset of 142927997 cycles
[    0.000001] clocksource: kvm-clock: mask: 0xffffffffffffffff max_cycles: 0x1cd42e4dffb, max_idle_ns: 881590591483 ns
[    0.000003] tsc: Detected 3599.998 MHz processor
[    0.000726] last_pfn = 0x7ffdf max_arch_pfn = 0x400000000
[    0.000748] MTRR map: 4 entries (3 fixed + 1 variable; max 19), built from 8 variable MTRRs
[    0.000750] x86/PAT: Configuration [0-7]: WB  WC  UC- UC  WB  WP  UC- WT  
[    0.005834] found SMP MP-table at [mem 0x000f5480-0x000f548f]
[    0.005845] Using GB pages for direct mapping
[    0.005895] RAMDISK: [mem 0x7fda4000-0x7ffcffff]
[    0.005899] ACPI: Early table checksum verification disabled
[    0.005901] ACPI: RSDP 0x00000000000F52C0 000014 (v00 BOCHS )
[    0.005903] ACPI: RSDT 0x000000007FFE2351 000038 (v01 BOCHS  BXPC     00000001 BXPC 00000001)
[    0.005908] ACPI: FACP 0x000000007FFE2149 0000F4 (v03 BOCHS  BXPC     00000001 BXPC 00000001)
[    0.005911] ACPI: DSDT 0x000000007FFE0040 002109 (v01 BOCHS  BXPC     00000001 BXPC 00000001)
[    0.005914] ACPI: FACS 0x000000007FFE0000 000040
[    0.005916] ACPI: APIC 0x000000007FFE223D 000078 (v03 BOCHS  BXPC     00000001 BXPC 00000001)
[    0.005918] ACPI: HPET 0x000000007FFE22B5 000038 (v01 BOCHS  BXPC     00000001 BXPC 00000001)
[    0.005920] ACPI: MCFG 0x000000007FFE22ED 00003C (v01 BOCHS  BXPC     00000001 BXPC 00000001)
[    0.005922] ACPI: WAET 0x000000007FFE2329 000028 (v01 BOCHS  BXPC     00000001 BXPC 00000001)
[    0.005923] ACPI: Reserving FACP table memory at [mem 0x7ffe2149-0x7ffe223c]
[    0.005924] ACPI: Reserving DSDT table memory at [mem 0x7ffe0040-0x7ffe2148]
[    0.005925] ACPI: Reserving FACS table memory at [mem 0x7ffe0000-0x7ffe003f]
[    0.005925] ACPI: Reserving APIC table memory at [mem 0x7ffe223d-0x7ffe22b4]
[    0.005926] ACPI: Reserving HPET table memory at [mem 0x7ffe22b5-0x7ffe22ec]
[    0.005926] ACPI: Reserving MCFG table memory at [mem 0x7ffe22ed-0x7ffe2328]
[    0.005926] ACPI: Reserving WAET table memory at [mem 0x7ffe2329-0x7ffe2350]
[    0.006240] No NUMA configuration found
[    0.006241] Faking a node at [mem 0x0000000000000000-0x000000007ffdefff]
[    0.006246] NODE_DATA(0) allocated [mem 0x7fd79680-0x7fda3fff]
[    0.006372] Zone ranges:
[    0.006373]   DMA      [mem 0x0000000000001000-0x0000000000ffffff]
[    0.006374]   DMA32    [mem 0x0000000001000000-0x000000007ffdefff]
[    0.006375]   Normal   empty
[    0.006375]   Device   empty
[    0.006376] Movable zone start for each node
[    0.006377] Early memory node ranges
[    0.006378]   node   0: [mem 0x0000000000001000-0x000000000009efff]
[    0.006378]   node   0: [mem 0x0000000000100000-0x000000007ffdefff]
[    0.006379] Initmem setup node 0 [mem 0x0000000000001000-0x000000007ffdefff]
[    0.006518] On node 0, zone DMA: 1 pages in unavailable ranges
[    0.006529] On node 0, zone DMA: 97 pages in unavailable ranges
[    0.006980] On node 0, zone DMA32: 33 pages in unavailable ranges
[    0.007372] ACPI: PM-Timer IO Port: 0x608
[    0.007381] ACPI: LAPIC_NMI (acpi_id[0xff] dfl dfl lint[0x1])
[    0.007400] IOAPIC[0]: apic_id 0, version 17, address 0xfec00000, GSI 0-23
[    0.007402] ACPI: INT_SRC_OVR (bus 0 bus_irq 0 global_irq 2 dfl dfl)
[    0.007403] ACPI: INT_SRC_OVR (bus 0 bus_irq 5 global_irq 5 high level)
[    0.007404] ACPI: INT_SRC_OVR (bus 0 bus_irq 9 global_irq 9 high level)
[    0.007405] ACPI: INT_SRC_OVR (bus 0 bus_irq 10 global_irq 10 high level)
[    0.007405] ACPI: INT_SRC_OVR (bus 0 bus_irq 11 global_irq 11 high level)
[    0.007408] ACPI: Using ACPI (MADT) for SMP configuration information
[    0.007409] ACPI: HPET id: 0x8086a201 base: 0xfed00000
[    0.007411] TSC deadline timer available
[    0.007414] CPU topo: Max. logical packages:   1
[    0.007415] CPU topo: Max. logical dies:       1
[    0.007415] CPU topo: Max. dies per package:   1
[    0.007417] CPU topo: Max. threads per core:   1
[    0.007418] CPU topo: Num. cores per package:     1
[    0.007418] CPU topo: Num. threads per package:   1
[    0.007418] CPU topo: Allowing 1 present CPUs plus 0 hotplug CPUs
[    0.007428] kvm-guest: APIC: eoi() replaced with kvm_guest_apic_eoi_write()
[    0.007440] PM: hibernation: Registered nosave memory: [mem 0x00000000-0x00000fff]
[    0.007441] PM: hibernation: Registered nosave memory: [mem 0x0009f000-0x000fffff]
[    0.007442] [mem 0xc0000000-0xfed1bfff] available for PCI devices
[    0.007443] Booting paravirtualized kernel on KVM
[    0.007444] clocksource: refined-jiffies: mask: 0xffffffff max_cycles: 0xffffffff, max_idle_ns: 7645519600211568 ns
[    0.010794] setup_percpu: NR_CPUS:8192 nr_cpumask_bits:1 nr_cpu_ids:1 nr_node_ids:1
[    0.011001] percpu: Embedded 66 pages/cpu s233472 r8192 d28672 u2097152
[    0.011023] kvm-guest: PV spinlocks disabled, single CPU
[    0.011024] Kernel command line: console=ttyS0 rdinit=/init panic=-1
[    0.011064] random: crng init done
[    0.011253] Dentry cache hash table entries: 262144 (order: 9, 2097152 bytes, linear)
[    0.011316] Inode-cache hash table entries: 131072 (order: 8, 1048576 bytes, linear)
[    0.011341] Fallback order for Node 0: 0 
[    0.011343] Built 1 zonelists, mobility grouping on.  Total pages: 524157
[    0.011344] Policy zone: DMA32
[    0.011349] mem auto-init: stack:all(zero), heap alloc:on, heap free:off
[    0.012353] SLUB: HWalign=64, Order=0-3, MinObjects=0, CPUs=1, Nodes=1
[    0.012370] ftrace: allocating 45769 entries in 179 pages
[    0.017554] ftrace: allocated 179 pages with 5 groups
[    0.018030] Dynamic Preempt: voluntary
[    0.018173] rcu: Preemptible hierarchical RCU implementation.
[    0.018173] rcu: 	RCU restricting CPUs from NR_CPUS=8192 to nr_cpu_ids=1.
[    0.018174] 	Trampoline variant of Tasks RCU enabled.
[    0.018175] 	Rude variant of Tasks RCU enabled.
[    0.018175] 	Tracing variant of Tasks RCU enabled.
[    0.018175] rcu: RCU calculated value of scheduler-enlistment delay is 25 jiffies.
[    0.018176] rcu: Adjusting geometry for rcu_fanout_leaf=16, nr_cpu_ids=1
[    0.018180] RCU Tasks: Setting shift to 0 and lim to 1 rcu_task_cb_adjust=1 rcu_task_cpu_ids=1.
[    0.018181] RCU Tasks Rude: Setting shift to 0 and lim to 1 rcu_task_cb_adjust=1 rcu_task_cpu_ids=1.
[    0.018181] RCU Tasks Trace: Setting shift to 0 and lim to 1 rcu_task_cb_adjust=1 rcu_task_cpu_ids=1.
[    0.021350] NR_IRQS: 524544, nr_irqs: 256, preallocated irqs: 16
[    0.021517] rcu: srcu_init: Setting srcu_struct sizes based on contention.
[    0.033486] Console: colour VGA+ 80x25
[    0.033528] printk: legacy console [ttyS0] enabled
[    0.143697] ACPI: Core revision 20240827
[    0.144471] clocksource: hpet: mask: 0xffffffff max_cycles: 0xffffffff, max_idle_ns: 19112604467 ns
[    0.145994] APIC: Switch to symmetric I/O mode setup
[    0.146889] x2apic enabled
[    0.147491] APIC: Switched APIC routing to: physical x2apic
[    0.148998] ..TIMER: vector=0x30 apic1=0 pin1=2 apic2=-1 pin2=-1
[    0.149923] clocksource: tsc-early: mask: 0xffffffffffffffff max_cycles: 0x33e451ab1a6, max_idle_ns: 440795278720 ns
[    0.151537] Calibrating delay loop (skipped) preset value.. 7199.99 BogoMIPS (lpj=14399992)
[    0.152875] x86/cpu: User Mode Instruction Prevention (UMIP) activated
[    0.153918] Last level iTLB entries: 4KB 0, 2MB 0, 4MB 0
[    0.155537] Last level dTLB entries: 4KB 0, 2MB 0, 4MB 0, 1GB 0
[    0.156485] Spectre V1 : Mitigation: usercopy/swapgs barriers and __user pointer sanitization
[    0.157770] Spectre V2 : Spectre BHI mitigation: SW BHB clearing on syscall and VM exit
[    0.159538] Spectre V2 : Mitigation: IBRS
[    0.160147] Spectre V2 : Spectre v2 / SpectreRSB: Filling RSB on context switch and VMEXIT
[    0.161411] RETBleed: Mitigation: IBRS
[    0.161980] Spectre V2 : mitigation: Enabling conditional Indirect Branch Prediction Barrier
[    0.163242] Speculative Store Bypass: Mitigation: Speculative Store Bypass disabled via prctl
[    0.163541] MDS: Mitigation: Clear CPU buffers
[    0.164222] MMIO Stale Data: Mitigation: Clear CPU buffers
[    0.165049] SRBDS: Unknown: Dependent on hypervisor status
[    0.165876] active return thunk: its_return_thunk
[    0.167538] ITS: Mitigation: Aligned branch/return thunks
[    0.168365] x86/fpu: Supporting XSAVE feature 0x001: 'x87 floating point registers'
[    0.169522] x86/fpu: Supporting XSAVE feature 0x002: 'SSE registers'
[    0.170478] x86/fpu: Supporting XSAVE feature 0x004: 'AVX registers'
[    0.171538] x86/fpu: Supporting XSAVE feature 0x008: 'MPX bounds registers'
[    0.172586] x86/fpu: Supporting XSAVE feature 0x010: 'MPX CSR'
[    0.173471] x86/fpu: xstate_offset[2]:  576, xstate_sizes[2]:  256
[    0.174397] x86/fpu: xstate_offset[3]:  832, xstate_sizes[3]:   64
[    0.175325] x86/fpu: xstate_offset[4]:  896, xstate_sizes[4]:   64
[    0.175538] x86/fpu: Enabled xstate features 0x1f, context size is 960 bytes, using 'compacted' format.
[    0.207723] Freeing SMP alternatives memory: 40K
[    0.208430] pid_max: default: 32768 minimum: 301
[    0.209159] LSM: initializing lsm=lockdown,capability,landlock,yama,apparmor,tomoyo,bpf,ipe,ima,evm
[    0.210564] landlock: Up and running.
[    0.211124] Yama: disabled by default; enable with sysctl kernel.yama.*
[    0.211591] AppArmor: AppArmor initialized
[    0.212229] TOMOYO Linux initialized
[    0.212903] LSM support for eBPF active
[    0.213656] Mount-cache hash table entries: 4096 (order: 3, 32768 bytes, linear)
[    0.214770] Mountpoint-cache hash table entries: 4096 (order: 3, 32768 bytes, linear)
[    0.215754] smpboot: CPU0: Intel(R) Core(TM) i9-9900K CPU @ 3.60GHz (family: 0x6, model: 0x9e, stepping: 0xc)
[    0.217398] Performance Events: Skylake events, full-width counters, Intel PMU driver.
[    0.218619] ... version:                2
[    0.219226] ... bit width:              48
[    0.219539] ... generic registers:      4
[    0.220146] ... value mask:             0000ffffffffffff
[    0.220944] ... max period:             00007fffffffffff
[    0.221743] ... fixed-purpose events:   3
[    0.222363] ... event mask:             000000070000000f
[    0.223229] signal: max sigframe size: 2032
[    0.223559] rcu: Hierarchical SRCU implementation.
[    0.224283] rcu: 	Max phase no-delay instances is 1000.
[    0.227722] smp: Bringing up secondary CPUs ...
[    0.228421] smp: Brought up 1 node, 1 CPU
[    0.229035] smpboot: Total of 1 processors activated (7199.99 BogoMIPS)
[    0.234125] node 0 deferred pages initialised in 4ms
[    0.234917] Memory: 2008648K/2096628K available (16384K kernel code, 2497K rwdata, 11808K rodata, 4164K init, 4916K bss, 84284K reserved, 0K cma-reserved)
[    0.235678] devtmpfs: initialized
[    0.236212] x86/mm: Memory block size: 128MB
[    0.237147] clocksource: jiffies: mask: 0xffffffff max_cycles: 0xffffffff, max_idle_ns: 7645041785100000 ns
[    0.238622] futex hash table entries: 256 (order: 2, 16384 bytes, linear)
[    0.239578] pinctrl core: initialized pinctrl subsystem
[    0.240774] NET: Registered PF_NETLINK/PF_ROUTE protocol family
[    0.241748] DMA: preallocated 256 KiB GFP_KERNEL pool for atomic allocations
[    0.242826] DMA: preallocated 256 KiB GFP_KERNEL|GFP_DMA pool for atomic allocations
[    0.243554] DMA: preallocated 256 KiB GFP_KERNEL|GFP_DMA32 pool for atomic allocations
[    0.244771] audit: initializing netlink subsys (disabled)
[    0.245624] audit: type=2000 audit(1783713797.457:1): state=initialized audit_enabled=0 res=1
[    0.246978] thermal_sys: Registered thermal governor 'fair_share'
[    0.246979] thermal_sys: Registered thermal governor 'bang_bang'
[    0.247545] thermal_sys: Registered thermal governor 'step_wise'
[    0.248458] thermal_sys: Registered thermal governor 'user_space'
[    0.249374] thermal_sys: Registered thermal governor 'power_allocator'
[    0.250302] cpuidle: using governor ladder
[    0.251544] cpuidle: using governor menu
[    0.252175] acpiphp: ACPI Hot Plug PCI Controller Driver version: 0.5
[    0.253267] PCI: ECAM [mem 0xb0000000-0xbfffffff] (base 0xb0000000) for domain 0000 [bus 00-ff]
[    0.254574] PCI: ECAM [mem 0xb0000000-0xbfffffff] reserved as E820 entry
[    0.255546] PCI: Using configuration type 1 for base access
[    0.256477] kprobes: kprobe jump-optimization is enabled. All kprobes are optimized if possible.
[    0.279614] HugeTLB: registered 1.00 GiB page size, pre-allocated 0 pages
[    0.280650] HugeTLB: 16380 KiB vmemmap can be freed for a 1.00 GiB page
[    0.281649] HugeTLB: registered 2.00 MiB page size, pre-allocated 0 pages
[    0.282672] HugeTLB: 28 KiB vmemmap can be freed for a 2.00 MiB page
[    0.287901] ACPI: Added _OSI(Module Device)
[    0.288554] ACPI: Added _OSI(Processor Device)
[    0.289229] ACPI: Added _OSI(Processor Aggregator Device)
[    0.290734] ACPI: 1 ACPI AML tables successfully acquired and loaded
[    0.292709] ACPI: Interpreter enabled
[    0.293285] ACPI: PM: (supports S0 S3 S4 S5)
[    0.293938] ACPI: Using IOAPIC for interrupt routing
[    0.294723] PCI: Using host bridge windows from ACPI; if necessary, use "pci=nocrs" and report a bug
[    0.295538] PCI: Using E820 reservations for host bridge windows
[    0.296506] ACPI: Enabled 2 GPEs in block 00 to 3F
[    0.298729] ACPI: PCI Root Bridge [PCI0] (domain 0000 [bus 00-ff])
[    0.299541] acpi PNP0A08:00: _OSC: OS supports [ExtendedConfig ASPM ClockPM Segments MSI HPX-Type3]
[    0.300929] acpi PNP0A08:00: _OSC: platform does not support [PCIeHotplug LTR]
[    0.302078] acpi PNP0A08:00: _OSC: OS now controls [SHPCHotplug PME AER PCIeCapability]
[    0.303406] PCI host bridge to bus 0000:00
[    0.303541] pci_bus 0000:00: root bus resource [io  0x0000-0x0cf7 window]
[    0.304566] pci_bus 0000:00: root bus resource [io  0x0d00-0xffff window]
[    0.305605] pci_bus 0000:00: root bus resource [mem 0x000a0000-0x000bffff window]
[    0.306735] pci_bus 0000:00: root bus resource [mem 0x80000000-0xafffffff window]
[    0.307539] pci_bus 0000:00: root bus resource [mem 0xc0000000-0xfebfffff window]
[    0.308666] pci_bus 0000:00: root bus resource [mem 0x100000000-0x8ffffffff window]
[    0.309834] pci_bus 0000:00: root bus resource [bus 00-ff]
[    0.310721] pci 0000:00:00.0: [8086:29c0] type 00 class 0x060000 conventional PCI endpoint
[    0.312012] pci 0000:00:01.0: [1234:1111] type 00 class 0x030000 conventional PCI endpoint
[    0.314570] pci 0000:00:01.0: BAR 0 [mem 0xfd000000-0xfdffffff pref]
[    0.317215] pci 0000:00:01.0: BAR 2 [mem 0xfebd4000-0xfebd4fff]
[    0.321705] pci 0000:00:01.0: ROM [mem 0xfebc0000-0xfebcffff pref]
[    0.323095] pci 0000:00:01.0: Video device with shadowed ROM at [mem 0x000c0000-0x000dffff]
[    0.323918] pci 0000:00:02.0: [8086:10d3] type 00 class 0x020000 PCIe Root Complex Integrated Endpoint
[    0.325961] pci 0000:00:02.0: BAR 0 [mem 0xfeb80000-0xfeb9ffff]
[    0.327392] pci 0000:00:02.0: BAR 1 [mem 0xfeba0000-0xfebbffff]
[    0.328120] pci 0000:00:02.0: BAR 2 [io  0xc040-0xc05f]
[    0.329535] pci 0000:00:02.0: BAR 3 [mem 0xfebd0000-0xfebd3fff]
[    0.332244] pci 0000:00:02.0: ROM [mem 0xfeb40000-0xfeb7ffff pref]
[    0.333236] pci 0000:00:02.0: enabling Extended Tags
[    0.335049] pci 0000:00:1f.0: [8086:2918] type 00 class 0x060100 conventional PCI endpoint
[    0.336055] pci 0000:00:1f.0: quirk: [io  0x0600-0x067f] claimed by ICH6 ACPI/GPIO/TCO
[    0.337498] pci 0000:00:1f.2: [8086:2922] type 00 class 0x010601 conventional PCI endpoint
[    0.340218] pci 0000:00:1f.2: BAR 4 [io  0xc060-0xc07f]
[    0.341743] pci 0000:00:1f.2: BAR 5 [mem 0xfebd5000-0xfebd5fff]
[    0.343283] pci 0000:00:1f.3: [8086:2930] type 00 class 0x0c0500 conventional PCI endpoint
[    0.344440] pci 0000:00:1f.3: BAR 4 [io  0x0700-0x073f]
[    0.346957] ACPI: PCI: Interrupt link LNKA configured for IRQ 10
[    0.347612] ACPI: PCI: Interrupt link LNKB configured for IRQ 10
[    0.348607] ACPI: PCI: Interrupt link LNKC configured for IRQ 11
[    0.349590] ACPI: PCI: Interrupt link LNKD configured for IRQ 11
[    0.350881] ACPI: PCI: Interrupt link LNKE configured for IRQ 10
[    0.351610] ACPI: PCI: Interrupt link LNKF configured for IRQ 10
[    0.352602] ACPI: PCI: Interrupt link LNKG configured for IRQ 11
[    0.353595] ACPI: PCI: Interrupt link LNKH configured for IRQ 11
[    0.354528] ACPI: PCI: Interrupt link GSIA configured for IRQ 16
[    0.355440] ACPI: PCI: Interrupt link GSIB configured for IRQ 17
[    0.355544] ACPI: PCI: Interrupt link GSIC configured for IRQ 18
[    0.356459] ACPI: PCI: Interrupt link GSID configured for IRQ 19
[    0.357369] ACPI: PCI: Interrupt link GSIE configured for IRQ 20
[    0.358277] ACPI: PCI: Interrupt link GSIF configured for IRQ 21
[    0.359201] ACPI: PCI: Interrupt link GSIG configured for IRQ 22
[    0.359545] ACPI: PCI: Interrupt link GSIH configured for IRQ 23
[    0.360794] iommu: Default domain type: Translated
[    0.361524] iommu: DMA domain TLB invalidation policy: lazy mode
[    0.362563] pps_core: LinuxPPS API ver. 1 registered
[    0.363317] pps_core: Software ver. 5.3.6 - Copyright 2005-2007 Rodolfo Giometti <giometti@linux.it>
[    0.363541] PTP clock support registered
[    0.364147] EDAC MC: Ver: 3.0.0
[    0.365057] NetLabel: Initializing
[    0.365597] NetLabel:  domain hash size = 128
[    0.366256] NetLabel:  protocols = UNLABELED CIPSOv4 CALIPSO
[    0.367137] NetLabel:  unlabeled traffic allowed by default
[    0.367539] PCI: Using ACPI for IRQ routing
[    0.435868] pci 0000:00:01.0: vgaarb: setting as boot VGA device
[    0.436791] pci 0000:00:01.0: vgaarb: bridge control possible
[    0.437657] pci 0000:00:01.0: vgaarb: VGA device added: decodes=io+mem,owns=io+mem,locks=none
[    0.438945] vgaarb: loaded
[    0.439387] hpet0: at MMIO 0xfed00000, IRQs 2, 8, 0
[    0.439538] hpet0: 3 comparators, 64-bit 100.000000 MHz counter
[    0.444580] clocksource: Switched to clocksource kvm-clock
[    0.446173] VFS: Disk quotas dquot_6.6.0
[    0.446784] VFS: Dquot-cache hash table entries: 512 (order 0, 4096 bytes)
[    0.447536] AppArmor: AppArmor Filesystem Enabled
[    0.447677] pnp: PnP ACPI init
[    0.448271] system 00:05: [mem 0xb0000000-0xbfffffff window] has been reserved
[    0.449562] pnp: PnP ACPI: found 6 devices
[    0.455617] clocksource: acpi_pm: mask: 0xffffff max_cycles: 0xffffff, max_idle_ns: 2085701024 ns
[    0.457005] NET: Registered PF_INET protocol family
[    0.457775] IP idents hash table entries: 32768 (order: 6, 262144 bytes, linear)
[    0.466929] tcp_listen_portaddr_hash hash table entries: 1024 (order: 2, 16384 bytes, linear)
[    0.468233] Table-perturb hash table entries: 65536 (order: 6, 262144 bytes, linear)
[    0.469405] TCP established hash table entries: 16384 (order: 5, 131072 bytes, linear)
[    0.470630] TCP bind hash table entries: 16384 (order: 7, 524288 bytes, linear)
[    0.471779] TCP: Hash tables configured (established 16384 bind 16384)
[    0.472800] MPTCP token hash table entries: 2048 (order: 4, 49152 bytes, linear)
[    0.473925] UDP hash table entries: 1024 (order: 3, 32768 bytes, linear)
[    0.474949] UDP-Lite hash table entries: 1024 (order: 3, 32768 bytes, linear)
[    0.476070] NET: Registered PF_UNIX/PF_LOCAL protocol family
[    0.476944] NET: Registered PF_XDP protocol family
[    0.477685] pci_bus 0000:00: resource 4 [io  0x0000-0x0cf7 window]
[    0.478626] pci_bus 0000:00: resource 5 [io  0x0d00-0xffff window]
[    0.479575] pci_bus 0000:00: resource 6 [mem 0x000a0000-0x000bffff window]
[    0.480612] pci_bus 0000:00: resource 7 [mem 0x80000000-0xafffffff window]
[    0.481641] pci_bus 0000:00: resource 8 [mem 0xc0000000-0xfebfffff window]
[    0.482680] pci_bus 0000:00: resource 9 [mem 0x100000000-0x8ffffffff window]
[    0.483828] PCI: CLS 0 bytes, default 64
[    0.484523] Trying to unpack rootfs image as initramfs...
[    0.490084] clocksource: tsc: mask: 0xffffffffffffffff max_cycles: 0x33e451ab1a6, max_idle_ns: 440795278720 ns
[    0.491805] Initialise system trusted keyrings
[    0.492503] Key type blacklist registered
[    0.493149] workingset: timestamp_bits=36 max_order=19 bucket_order=0
[    0.498035] zbud: loaded
[    0.498497] fuse: init (API version 7.41)
[    0.499217] integrity: Platform Keyring initialized
[    0.499962] integrity: Machine keyring initialized
[    0.521998] Freeing initrd memory: 2224K
[    0.522621] Key type asymmetric registered
[    0.523271] Asymmetric key parser 'x509' registered
[    0.524482] Block layer SCSI generic (bsg) driver version 0.4 loaded (major 246)
[    0.525624] io scheduler mq-deadline registered
[    0.527142] ledtrig-cpu: registered to indicate activity on CPUs
[    0.528077] shpchp: Standard Hot Plug PCI Controller Driver version: 0.4
[    0.529239] Serial: 8250/16550 driver, 4 ports, IRQ sharing enabled
[    0.530572] 00:03: ttyS0 at I/O 0x3f8 (irq = 4, base_baud = 115200) is a 16550A
[    0.532066] Linux agpgart interface v0.103
[    0.532887] i8042: PNP: PS/2 Controller [PNP0303:KBD,PNP0f13:MOU] at 0x60,0x64 irq 1,12
[    0.534797] serio: i8042 KBD port at 0x60,0x64 irq 1
[    0.535573] serio: i8042 AUX port at 0x60,0x64 irq 12
[    0.536408] mousedev: PS/2 mouse device common for all mice
[    0.537517] input: AT Translated Set 2 keyboard as /devices/platform/i8042/serio0/input/input0
[    0.539050] rtc_cmos 00:04: RTC can wake from S4
[    0.540220] rtc_cmos 00:04: registered as rtc0
[    0.540971] rtc_cmos 00:04: setting system clock to 2026-07-10T20:03:17 UTC (1783713797)
[    0.542259] rtc_cmos 00:04: alarms up to one day, y3k, 242 bytes nvram, hpet irqs
[    0.543407] intel_pstate: CPU model not supported
[    0.544240] NET: Registered PF_INET6 protocol family
[    0.545815] Segment Routing with IPv6
[    0.546397] In-situ OAM (IOAM) with IPv6
[    0.547013] mip6: Mobile IPv6
[    0.547494] NET: Registered PF_PACKET protocol family
[    0.548279] mpls_gso: MPLS GSO support
[    0.548936] IPI shorthand broadcast: enabled
[    0.550746] sched_clock: Marking stable (428001861, 122013530)->(565535399, -15520008)
[    0.552015] registered taskstats version 1
[    0.552726] Loading compiled-in X.509 certificates
[    0.564627] Loaded X.509 cert 'Build time autogenerated kernel key: e87b99600394fc77ba6018a2cc6a68db4bb86ee6'
[    0.567338] Demotion targets for Node 0: null
[    0.568034] Key type .fscrypt registered
[    0.568642] Key type fscrypt-provisioning registered
[    0.569870] Key type encrypted registered
[    0.570503] AppArmor: AppArmor sha256 policy hashing enabled
[    0.571385] ima: No TPM chip found, activating TPM-bypass!
[    0.572218] ima: Allocated hash algorithm: sha256
[    0.572949] ima: No architecture policies found
[    0.573650] evm: Initialising EVM extended attributes:
[    0.574440] evm: security.selinux
[    0.574950] evm: security.SMACK64 (disabled)
[    0.575623] evm: security.SMACK64EXEC (disabled)
[    0.576324] evm: security.SMACK64TRANSMUTE (disabled)
[    0.577098] evm: security.SMACK64MMAP (disabled)
[    0.577802] evm: security.apparmor
[    0.578331] evm: security.ima
[    0.578790] evm: security.capability
[    0.579352] evm: HMAC attrs: 0x1
[    0.598067] RAS: Correctable Errors collector initialized.
[    0.613153] clk: Disabling unused clocks
[    0.613761] PM: genpd: Disabling unused power domains
[    0.618917] Freeing unused decrypted memory: 2028K
[    0.619730] Freeing unused kernel image (initmem) memory: 4164K
[    0.620378] Write protecting the kernel read-only data: 28672k
[    0.621191] Freeing unused kernel image (rodata/data gap) memory: 480K
[    0.653141] x86/mm: Checked W+X mappings: passed, no W+X pages found.
[    0.686022] Run /init as init process
NESTED_X86_L1_BOOT_OK
msr: loaded
irqbypass: loaded
kvm: loaded
kvm-intel: loaded
L1_DEV_KVM_PRESENT
L1_NESTED_PARAM_Y
NESTED_X86_PROBE_BEGIN
{
  "cpuid_vendor": "GenuineIntel",
  "cpuid1_eax": "0x000906ec",
  "vmx_bit": true,
  "hypervisor_bit": true,
  "hypervisor_leaf": "KVMKVMKVM",
  "perfmon_version": 2,
  "gp_counters": 4,
  "gp_counter_width": 48,
  "event_unavail_mask": "0x00",
  "branch_insn_retired_available": true,
  "fixed_counters": 3,
  "fixed_counter_width": 48,
  "IA32_VMX_BASIC_0x480": "0x00d8100011e57ed0",
  "IA32_VMX_PINBASED_0x481": "0x0000007f00000016",
  "IA32_VMX_PROCBASED_0x482": "0xfff9fffe0401e172",
  "IA32_VMX_EXIT_0x483": "0x00ffffff00036dff",
  "IA32_VMX_ENTRY_0x484": "0x0001f3ff000011ff",
  "IA32_VMX_MISC_0x485": "0x0000000020000165",
  "IA32_VMX_PROCBASED2_0x48B": "0x001378ff00000000",
  "IA32_VMX_EPT_VPID_CAP_0x48C": "0x00000f0106334041",
  "IA32_VMX_TRUE_PINBASED_0x48D": "0x0000007f00000016",
  "IA32_VMX_TRUE_PROCBASED_0x48E": "0xfff9fffe04006172",
  "IA32_VMX_TRUE_EXIT_0x48F": "0x00ffffff00036dfb",
  "IA32_VMX_TRUE_ENTRY_0x490": "0x0001f3ff000011fb",
  "IA32_PERF_CAPABILITIES_0x345": "0x0000000000002000",
  "ctl_rdtsc_exiting": true,
  "ctl_mtf": true,
  "ctl_secondary_controls": true,
  "ctl2_ept": true,
  "ctl2_unrestricted_guest": true,
  "ctl2_rdrand_exiting": true,
  "ctl2_rdseed_exiting": true,
  "ctl2_pml": true,
  "exit_load_perf_global_ctrl": true,
  "entry_load_perf_global_ctrl": true,
  "sniff_raw_0x1c4_br_cond": {
    "n_1000000": [1000002, 1000002, 1000002, 1000002, 1000002],
    "n_10000000": [10000002, 10000002, 10000002, 10000002, 10000002],
    "n_100000000": [100000002, 100000002, 100000002, 100000002, 100000002]
  },
  "sniff_hw_instructions": {
    "n_1000000": [2000029, 2000029, 2000029, 2000029, 2000029],
    "n_10000000": [20000029, 20000030, 20000029, 20000030, 20000029],
    "n_100000000": [200000034, 200000034, 200000034, 200000035, 200000034]
  },
  "pmi_sniff_raw_0x1c4": {
    "n_1000000_p_100000": {"expect": 10, "reps": [
      {"ring_samples": 10, "signals": 10, "throttles": 0, "other_records": 0, "count": 1000002},
      {"ring_samples": 10, "signals": 10, "throttles": 0, "other_records": 0, "count": 1000002},
      {"ring_samples": 10, "signals": 10, "throttles": 0, "other_records": 0, "count": 1000002},
      {"ring_samples": 10, "signals": 10, "throttles": 0, "other_records": 0, "count": 1000002},
[    1.074585] perf: interrupt took too long (2530 > 2500), lowering kernel.perf_event_max_sample_rate to 79000
      {"ring_samples": 10, "signals": 10, "throttles": 0, "other_records": 0, "count": 1000002}
    ]},
    "n_10000000_p_1000000": {"expect": 10, "reps": [
      {"ring_samples": 10, "signals": 10, "throttles": 0, "other_records": 0, "count": 10000002},
[    1.081639] perf: interrupt took too long (3197 > 3162), lowering kernel.perf_event_max_sample_rate to 62500
      {"ring_samples": 10, "signals": 10, "throttles": 0, "other_records": 0, "count": 10000002},
      {"ring_samples": 10, "signals": 10, "throttles": 0, "other_records": 0, "count": 10000002},
[    1.089130] perf: interrupt took too long (4028 > 3996), lowering kernel.perf_event_max_sample_rate to 49500
      {"ring_samples": 10, "signals": 10, "throttles": 0, "other_records": 0, "count": 10000002},
      {"ring_samples": 10, "signals": 10, "throttles": 0, "other_records": 0, "count": 10000002}
    ]},
    "n_1000000_p_250000": {"expect": 4, "reps": [
      {"ring_samples": 4, "signals": 4, "throttles": 0, "other_records": 0, "count": 1000002},
      {"ring_samples": 4, "signals": 4, "throttles": 0, "other_records": 0, "count": 1000002},
      {"ring_samples": 4, "signals": 4, "throttles": 0, "other_records": 0, "count": 1000002},
      {"ring_samples": 4, "signals": 4, "throttles": 0, "other_records": 0, "count": 1000002},
[    1.102793] perf: interrupt took too long (5053 > 5035), lowering kernel.perf_event_max_sample_rate to 39500
      {"ring_samples": 4, "signals": 4, "throttles": 0, "other_records": 0, "count": 1000002}
    ]}
  },
  "probe": "done"
}
NESTED_X86_PROBE_END
--- L1 dmesg (kvm/vmx/pmu) ---
[    0.000000] Hypervisor detected: KVM
[    0.000000] kvm-clock: Using msrs 4b564d01 and 4b564d00
[    0.000000] kvm-clock: using sched offset of 142927997 cycles
[    0.000001] clocksource: kvm-clock: mask: 0xffffffffffffffff max_cycles: 0x1cd42e4dffb, max_idle_ns: 881590591483 ns
[    0.007428] kvm-guest: APIC: eoi() replaced with kvm_guest_apic_eoi_write()
[    0.007443] Booting paravirtualized kernel on KVM
[    0.011023] kvm-guest: PV spinlocks disabled, single CPU
[    0.217398] Performance Events: Skylake events, full-width counters, Intel PMU driver.
[    0.444580] clocksource: Switched to clocksource kvm-clock
[    1.074585] perf: interrupt took too long (2530 > 2500), lowering kernel.perf_event_max_sample_rate to 79000
[    1.081639] perf: interrupt took too long (3197 > 3162), lowering kernel.perf_event_max_sample_rate to 62500
[    1.089130] perf: interrupt took too long (4028 > 3996), lowering kernel.perf_event_max_sample_rate to 49500
[    1.102793] perf: interrupt took too long (5053 > 5035), lowering kernel.perf_event_max_sample_rate to 39500
NESTED_X86_L1_DONE
[    1.121178] ACPI: PM: Preparing to enter system sleep state S5
[    1.121854] kvm: exiting hardware virtualization
[    1.122376] reboot: Power down
