[    0.000000] Linux version 6.12.90+deb13.1-amd64 (debian-kernel@lists.debian.org) (x86_64-linux-gnu-gcc-14 (Debian 14.2.0-19) 14.2.0, GNU ld (GNU Binutils for Debian) 2.44) #1 SMP PREEMPT_DYNAMIC Debian 6.12.90-2 (2026-05-27)
[    0.000000] Command line: console=ttyS0 rdinit=/init panic=-1 harmony.gates=n2_nested_hammer harmony.env=N2_DEADLINES=2000,N2_SEED=2600002000,N2_PROGRESS=500
[    0.000000] BIOS-provided physical RAM map:
[    0.000000] BIOS-e820: [mem 0x0000000000000000-0x000000000009fbff] usable
[    0.000000] BIOS-e820: [mem 0x000000000009fc00-0x000000000009ffff] reserved
[    0.000000] BIOS-e820: [mem 0x00000000000f0000-0x00000000000fffff] reserved
[    0.000000] BIOS-e820: [mem 0x0000000000100000-0x000000007ffdefff] usable
[    0.000000] BIOS-e820: [mem 0x000000007ffdf000-0x000000007fffffff] reserved
[    0.000000] BIOS-e820: [mem 0x00000000b0000000-0x00000000bfffffff] reserved
[    0.000000] BIOS-e820: [mem 0x00000000fed1c000-0x00000000fed1ffff] reserved
[    0.000000] BIOS-e820: [mem 0x00000000feffc000-0x00000000feffffff] reserved
[    0.000000] BIOS-e820: [mem 0x00000000fffc0000-0x00000000ffffffff] reserved
[    0.000000] BIOS-e820: [mem 0x0000000100000000-0x000000027fffffff] usable
[    0.000000] NX (Execute Disable) protection: active
[    0.000000] APIC: Static calls initialized
[    0.000000] SMBIOS 2.8 present.
[    0.000000] DMI: QEMU Standard PC (Q35 + ICH9, 2009), BIOS 1.16.3-debian-1.16.3-2 04/01/2014
[    0.000000] DMI: Memory slots populated: 1/1
[    0.000000] Hypervisor detected: KVM
[    0.000000] last_pfn = 0x7ffdf max_arch_pfn = 0x400000000
[    0.000000] kvm-clock: Using msrs 4b564d01 and 4b564d00
[    0.000000] kvm-clock: using sched offset of 155915808 cycles
[    0.000001] clocksource: kvm-clock: mask: 0xffffffffffffffff max_cycles: 0x1cd42e4dffb, max_idle_ns: 881590591483 ns
[    0.000003] tsc: Detected 3599.998 MHz processor
[    0.000746] last_pfn = 0x280000 max_arch_pfn = 0x400000000
[    0.000768] MTRR map: 4 entries (3 fixed + 1 variable; max 19), built from 8 variable MTRRs
[    0.000770] x86/PAT: Configuration [0-7]: WB  WC  UC- UC  WB  WP  UC- WT  
[    0.000800] last_pfn = 0x7ffdf max_arch_pfn = 0x400000000
[    0.005847] found SMP MP-table at [mem 0x000f5480-0x000f548f]
[    0.005858] Using GB pages for direct mapping
[    0.006071] RAMDISK: [mem 0x7b44e000-0x7ffcffff]
[    0.006075] ACPI: Early table checksum verification disabled
[    0.006077] ACPI: RSDP 0x00000000000F52A0 000014 (v00 BOCHS )
[    0.006080] ACPI: RSDT 0x000000007FFE2351 000038 (v01 BOCHS  BXPC     00000001 BXPC 00000001)
[    0.006084] ACPI: FACP 0x000000007FFE2149 0000F4 (v03 BOCHS  BXPC     00000001 BXPC 00000001)
[    0.006087] ACPI: DSDT 0x000000007FFE0040 002109 (v01 BOCHS  BXPC     00000001 BXPC 00000001)
[    0.006090] ACPI: FACS 0x000000007FFE0000 000040
[    0.006091] ACPI: APIC 0x000000007FFE223D 000078 (v03 BOCHS  BXPC     00000001 BXPC 00000001)
[    0.006094] ACPI: HPET 0x000000007FFE22B5 000038 (v01 BOCHS  BXPC     00000001 BXPC 00000001)
[    0.006096] ACPI: MCFG 0x000000007FFE22ED 00003C (v01 BOCHS  BXPC     00000001 BXPC 00000001)
[    0.006098] ACPI: WAET 0x000000007FFE2329 000028 (v01 BOCHS  BXPC     00000001 BXPC 00000001)
[    0.006099] ACPI: Reserving FACP table memory at [mem 0x7ffe2149-0x7ffe223c]
[    0.006100] ACPI: Reserving DSDT table memory at [mem 0x7ffe0040-0x7ffe2148]
[    0.006101] ACPI: Reserving FACS table memory at [mem 0x7ffe0000-0x7ffe003f]
[    0.006101] ACPI: Reserving APIC table memory at [mem 0x7ffe223d-0x7ffe22b4]
[    0.006102] ACPI: Reserving HPET table memory at [mem 0x7ffe22b5-0x7ffe22ec]
[    0.006102] ACPI: Reserving MCFG table memory at [mem 0x7ffe22ed-0x7ffe2328]
[    0.006102] ACPI: Reserving WAET table memory at [mem 0x7ffe2329-0x7ffe2350]
[    0.006416] No NUMA configuration found
[    0.006417] Faking a node at [mem 0x0000000000000000-0x000000027fffffff]
[    0.006422] NODE_DATA(0) allocated [mem 0x27ffd3680-0x27fffdfff]
[    0.006551] Zone ranges:
[    0.006551]   DMA      [mem 0x0000000000001000-0x0000000000ffffff]
[    0.006552]   DMA32    [mem 0x0000000001000000-0x00000000ffffffff]
[    0.006553]   Normal   [mem 0x0000000100000000-0x000000027fffffff]
[    0.006554]   Device   empty
[    0.006555] Movable zone start for each node
[    0.006556] Early memory node ranges
[    0.006556]   node   0: [mem 0x0000000000001000-0x000000000009efff]
[    0.006557]   node   0: [mem 0x0000000000100000-0x000000007ffdefff]
[    0.006558]   node   0: [mem 0x0000000100000000-0x000000027fffffff]
[    0.006559] Initmem setup node 0 [mem 0x0000000000001000-0x000000027fffffff]
[    0.006693] On node 0, zone DMA: 1 pages in unavailable ranges
[    0.006704] On node 0, zone DMA: 97 pages in unavailable ranges
[    0.010065] On node 0, zone Normal: 33 pages in unavailable ranges
[    0.010471] ACPI: PM-Timer IO Port: 0x608
[    0.010485] ACPI: LAPIC_NMI (acpi_id[0xff] dfl dfl lint[0x1])
[    0.010512] IOAPIC[0]: apic_id 0, version 17, address 0xfec00000, GSI 0-23
[    0.010514] ACPI: INT_SRC_OVR (bus 0 bus_irq 0 global_irq 2 dfl dfl)
[    0.010515] ACPI: INT_SRC_OVR (bus 0 bus_irq 5 global_irq 5 high level)
[    0.010516] ACPI: INT_SRC_OVR (bus 0 bus_irq 9 global_irq 9 high level)
[    0.010516] ACPI: INT_SRC_OVR (bus 0 bus_irq 10 global_irq 10 high level)
[    0.010517] ACPI: INT_SRC_OVR (bus 0 bus_irq 11 global_irq 11 high level)
[    0.010520] ACPI: Using ACPI (MADT) for SMP configuration information
[    0.010521] ACPI: HPET id: 0x8086a201 base: 0xfed00000
[    0.010524] TSC deadline timer available
[    0.010527] CPU topo: Max. logical packages:   1
[    0.010528] CPU topo: Max. logical dies:       1
[    0.010528] CPU topo: Max. dies per package:   1
[    0.010530] CPU topo: Max. threads per core:   1
[    0.010531] CPU topo: Num. cores per package:     1
[    0.010531] CPU topo: Num. threads per package:   1
[    0.010531] CPU topo: Allowing 1 present CPUs plus 0 hotplug CPUs
[    0.010546] kvm-guest: APIC: eoi() replaced with kvm_guest_apic_eoi_write()
[    0.010562] PM: hibernation: Registered nosave memory: [mem 0x00000000-0x00000fff]
[    0.010563] PM: hibernation: Registered nosave memory: [mem 0x0009f000-0x000fffff]
[    0.010564] PM: hibernation: Registered nosave memory: [mem 0x7ffdf000-0xffffffff]
[    0.010565] [mem 0xc0000000-0xfed1bfff] available for PCI devices
[    0.010566] Booting paravirtualized kernel on KVM
[    0.010567] clocksource: refined-jiffies: mask: 0xffffffff max_cycles: 0xffffffff, max_idle_ns: 7645519600211568 ns
[    0.013921] setup_percpu: NR_CPUS:8192 nr_cpumask_bits:1 nr_cpu_ids:1 nr_node_ids:1
[    0.014130] percpu: Embedded 66 pages/cpu s233472 r8192 d28672 u2097152
[    0.014155] kvm-guest: PV spinlocks disabled, single CPU
[    0.014157] Kernel command line: console=ttyS0 rdinit=/init panic=-1 harmony.gates=n2_nested_hammer harmony.env=N2_DEADLINES=2000,N2_SEED=2600002000,N2_PROGRESS=500
[    0.014212] random: crng init done
[    0.014968] Dentry cache hash table entries: 1048576 (order: 11, 8388608 bytes, linear)
[    0.015342] Inode-cache hash table entries: 524288 (order: 10, 4194304 bytes, linear)
[    0.015373] Fallback order for Node 0: 0 
[    0.015375] Built 1 zonelists, mobility grouping on.  Total pages: 2097021
[    0.015376] Policy zone: Normal
[    0.015381] mem auto-init: stack:all(zero), heap alloc:on, heap free:off
[    0.015385] software IO TLB: area num 1.
[    0.030174] SLUB: HWalign=64, Order=0-3, MinObjects=0, CPUs=1, Nodes=1
[    0.030194] ftrace: allocating 45769 entries in 179 pages
[    0.035397] ftrace: allocated 179 pages with 5 groups
[    0.035881] Dynamic Preempt: voluntary
[    0.036026] rcu: Preemptible hierarchical RCU implementation.
[    0.036026] rcu: 	RCU restricting CPUs from NR_CPUS=8192 to nr_cpu_ids=1.
[    0.036027] 	Trampoline variant of Tasks RCU enabled.
[    0.036027] 	Rude variant of Tasks RCU enabled.
[    0.036027] 	Tracing variant of Tasks RCU enabled.
[    0.036028] rcu: RCU calculated value of scheduler-enlistment delay is 25 jiffies.
[    0.036029] rcu: Adjusting geometry for rcu_fanout_leaf=16, nr_cpu_ids=1
[    0.036032] RCU Tasks: Setting shift to 0 and lim to 1 rcu_task_cb_adjust=1 rcu_task_cpu_ids=1.
[    0.036033] RCU Tasks Rude: Setting shift to 0 and lim to 1 rcu_task_cb_adjust=1 rcu_task_cpu_ids=1.
[    0.036034] RCU Tasks Trace: Setting shift to 0 and lim to 1 rcu_task_cb_adjust=1 rcu_task_cpu_ids=1.
[    0.039211] NR_IRQS: 524544, nr_irqs: 256, preallocated irqs: 16
[    0.039380] rcu: srcu_init: Setting srcu_struct sizes based on contention.
[    0.051137] Console: colour VGA+ 80x25
[    0.051178] printk: legacy console [ttyS0] enabled
[    0.169266] ACPI: Core revision 20240827
[    0.170036] clocksource: hpet: mask: 0xffffffff max_cycles: 0xffffffff, max_idle_ns: 19112604467 ns
[    0.171558] APIC: Switch to symmetric I/O mode setup
[    0.172462] x2apic enabled
[    0.173060] APIC: Switched APIC routing to: physical x2apic
[    0.174570] ..TIMER: vector=0x30 apic1=0 pin1=2 apic2=-1 pin2=-1
[    0.175495] clocksource: tsc-early: mask: 0xffffffffffffffff max_cycles: 0x33e451ab1a6, max_idle_ns: 440795278720 ns
[    0.177111] Calibrating delay loop (skipped) preset value.. 7199.99 BogoMIPS (lpj=14399992)
[    0.178442] x86/cpu: User Mode Instruction Prevention (UMIP) activated
[    0.179482] Last level iTLB entries: 4KB 0, 2MB 0, 4MB 0
[    0.181111] Last level dTLB entries: 4KB 0, 2MB 0, 4MB 0, 1GB 0
[    0.182015] Spectre V1 : Mitigation: usercopy/swapgs barriers and __user pointer sanitization
[    0.183301] Spectre V2 : Spectre BHI mitigation: SW BHB clearing on syscall and VM exit
[    0.185111] Spectre V2 : Mitigation: IBRS
[    0.185735] Spectre V2 : Spectre v2 / SpectreRSB: Filling RSB on context switch and VMEXIT
[    0.186969] RETBleed: Mitigation: IBRS
[    0.187540] Spectre V2 : mitigation: Enabling conditional Indirect Branch Prediction Barrier
[    0.188800] Speculative Store Bypass: Mitigation: Speculative Store Bypass disabled via prctl
[    0.189114] MDS: Mitigation: Clear CPU buffers
[    0.189787] MMIO Stale Data: Mitigation: Clear CPU buffers
[    0.190615] SRBDS: Unknown: Dependent on hypervisor status
[    0.191443] active return thunk: its_return_thunk
[    0.193111] ITS: Mitigation: Aligned branch/return thunks
[    0.194012] x86/fpu: Supporting XSAVE feature 0x001: 'x87 floating point registers'
[    0.195158] x86/fpu: Supporting XSAVE feature 0x002: 'SSE registers'
[    0.196112] x86/fpu: Supporting XSAVE feature 0x004: 'AVX registers'
[    0.197111] x86/fpu: Supporting XSAVE feature 0x008: 'MPX bounds registers'
[    0.198163] x86/fpu: Supporting XSAVE feature 0x010: 'MPX CSR'
[    0.199038] x86/fpu: xstate_offset[2]:  576, xstate_sizes[2]:  256
[    0.199967] x86/fpu: xstate_offset[3]:  832, xstate_sizes[3]:   64
[    0.201111] x86/fpu: xstate_offset[4]:  896, xstate_sizes[4]:   64
[    0.202047] x86/fpu: Enabled xstate features 0x1f, context size is 960 bytes, using 'compacted' format.
[    0.233336] Freeing SMP alternatives memory: 40K
[    0.234045] pid_max: default: 32768 minimum: 301
[    0.234892] LSM: initializing lsm=lockdown,capability,landlock,yama,apparmor,tomoyo,bpf,ipe,ima,evm
[    0.236290] landlock: Up and running.
[    0.236848] Yama: disabled by default; enable with sysctl kernel.yama.*
[    0.237165] AppArmor: AppArmor initialized
[    0.237804] TOMOYO Linux initialized
[    0.238474] LSM support for eBPF active
[    0.239101] Mount-cache hash table entries: 16384 (order: 5, 131072 bytes, linear)
[    0.240237] Mountpoint-cache hash table entries: 16384 (order: 5, 131072 bytes, linear)
[    0.241326] smpboot: CPU0: Intel(R) Core(TM) i9-9900K CPU @ 3.60GHz (family: 0x6, model: 0x9e, stepping: 0xc)
[    0.242936] Performance Events: Skylake events, full-width counters, Intel PMU driver.
[    0.244160] ... version:                2
[    0.244771] ... bit width:              48
[    0.245112] ... generic registers:      4
[    0.245723] ... value mask:             0000ffffffffffff
[    0.246523] ... max period:             00007fffffffffff
[    0.247323] ... fixed-purpose events:   3
[    0.247945] ... event mask:             000000070000000f
[    0.248816] signal: max sigframe size: 2032
[    0.249132] rcu: Hierarchical SRCU implementation.
[    0.249859] rcu: 	Max phase no-delay instances is 1000.
[    0.253289] smp: Bringing up secondary CPUs ...
[    0.253987] smp: Brought up 1 node, 1 CPU
[    0.254602] smpboot: Total of 1 processors activated (7199.99 BogoMIPS)
[    0.268301] node 0 deferred pages initialised in 12ms
[    0.269117] Memory: 8051156K/8388084K available (16384K kernel code, 2497K rwdata, 11808K rodata, 4164K init, 4916K bss, 333212K reserved, 0K cma-reserved)
[    0.271501] devtmpfs: initialized
[    0.272051] x86/mm: Memory block size: 128MB
[    0.273297] clocksource: jiffies: mask: 0xffffffff max_cycles: 0xffffffff, max_idle_ns: 7645041785100000 ns
[    0.274768] futex hash table entries: 256 (order: 2, 16384 bytes, linear)
[    0.275854] pinctrl core: initialized pinctrl subsystem
[    0.277122] NET: Registered PF_NETLINK/PF_ROUTE protocol family
[    0.278106] DMA: preallocated 1024 KiB GFP_KERNEL pool for atomic allocations
[    0.279241] DMA: preallocated 1024 KiB GFP_KERNEL|GFP_DMA pool for atomic allocations
[    0.280575] DMA: preallocated 1024 KiB GFP_KERNEL|GFP_DMA32 pool for atomic allocations
[    0.281121] audit: initializing netlink subsys (disabled)
[    0.281965] audit: type=2000 audit(1784161681.786:1): state=initialized audit_enabled=0 res=1
[    0.283350] thermal_sys: Registered thermal governor 'fair_share'
[    0.283351] thermal_sys: Registered thermal governor 'bang_bang'
[    0.284276] thermal_sys: Registered thermal governor 'step_wise'
[    0.285116] thermal_sys: Registered thermal governor 'user_space'
[    0.286025] thermal_sys: Registered thermal governor 'power_allocator'
[    0.286966] cpuidle: using governor ladder
[    0.288580] cpuidle: using governor menu
[    0.289152] acpiphp: ACPI Hot Plug PCI Controller Driver version: 0.5
[    0.290240] PCI: ECAM [mem 0xb0000000-0xbfffffff] (base 0xb0000000) for domain 0000 [bus 00-ff]
[    0.291566] PCI: ECAM [mem 0xb0000000-0xbfffffff] reserved as E820 entry
[    0.292582] PCI: Using configuration type 1 for base access
[    0.293200] kprobes: kprobe jump-optimization is enabled. All kprobes are optimized if possible.
[    0.317247] HugeTLB: registered 1.00 GiB page size, pre-allocated 0 pages
[    0.318287] HugeTLB: 16380 KiB vmemmap can be freed for a 1.00 GiB page
[    0.319283] HugeTLB: registered 2.00 MiB page size, pre-allocated 0 pages
[    0.320302] HugeTLB: 28 KiB vmemmap can be freed for a 2.00 MiB page
[    0.325155] ACPI: Added _OSI(Module Device)
[    0.325812] ACPI: Added _OSI(Processor Device)
[    0.326492] ACPI: Added _OSI(Processor Aggregator Device)
[    0.327984] ACPI: 1 ACPI AML tables successfully acquired and loaded
[    0.329651] ACPI: Interpreter enabled
[    0.330241] ACPI: PM: (supports S0 S3 S4 S5)
[    0.330897] ACPI: Using IOAPIC for interrupt routing
[    0.331662] PCI: Using host bridge windows from ACPI; if necessary, use "pci=nocrs" and report a bug
[    0.333029] PCI: Using E820 reservations for host bridge windows
[    0.333178] ACPI: Enabled 2 GPEs in block 00 to 3F
[    0.335355] ACPI: PCI Root Bridge [PCI0] (domain 0000 [bus 00-ff])
[    0.336298] acpi PNP0A08:00: _OSC: OS supports [ExtendedConfig ASPM ClockPM Segments MSI HPX-Type3]
[    0.337139] acpi PNP0A08:00: _OSC: platform does not support [PCIeHotplug LTR]
[    0.338277] acpi PNP0A08:00: _OSC: OS now controls [SHPCHotplug PME AER PCIeCapability]
[    0.339597] PCI host bridge to bus 0000:00
[    0.340223] pci_bus 0000:00: root bus resource [io  0x0000-0x0cf7 window]
[    0.341112] pci_bus 0000:00: root bus resource [io  0x0d00-0xffff window]
[    0.342137] pci_bus 0000:00: root bus resource [mem 0x000a0000-0x000bffff window]
[    0.343259] pci_bus 0000:00: root bus resource [mem 0x80000000-0xafffffff window]
[    0.344404] pci_bus 0000:00: root bus resource [mem 0xc0000000-0xfebfffff window]
[    0.345113] pci_bus 0000:00: root bus resource [mem 0x280000000-0xa7fffffff window]
[    0.346271] pci_bus 0000:00: root bus resource [bus 00-ff]
[    0.347147] pci 0000:00:00.0: [8086:29c0] type 00 class 0x060000 conventional PCI endpoint
[    0.348883] pci 0000:00:01.0: [1234:1111] type 00 class 0x030000 conventional PCI endpoint
[    0.350432] pci 0000:00:01.0: BAR 0 [mem 0xfd000000-0xfdffffff pref]
[    0.353154] pci 0000:00:01.0: BAR 2 [mem 0xfebd4000-0xfebd4fff]
[    0.357410] pci 0000:00:01.0: ROM [mem 0xfebc0000-0xfebcffff pref]
[    0.358451] pci 0000:00:01.0: Video device with shadowed ROM at [mem 0x000c0000-0x000dffff]
[    0.360103] pci 0000:00:02.0: [8086:10d3] type 00 class 0x020000 PCIe Root Complex Integrated Endpoint
[    0.361829] pci 0000:00:02.0: BAR 0 [mem 0xfeb80000-0xfeb9ffff]
[    0.363317] pci 0000:00:02.0: BAR 1 [mem 0xfeba0000-0xfebbffff]
[    0.364921] pci 0000:00:02.0: BAR 2 [io  0xc040-0xc05f]
[    0.366190] pci 0000:00:02.0: BAR 3 [mem 0xfebd0000-0xfebd3fff]
[    0.368573] pci 0000:00:02.0: ROM [mem 0xfeb40000-0xfeb7ffff pref]
[    0.369166] pci 0000:00:02.0: enabling Extended Tags
[    0.371009] pci 0000:00:1f.0: [8086:2918] type 00 class 0x060100 conventional PCI endpoint
[    0.372762] pci 0000:00:1f.0: quirk: [io  0x0600-0x067f] claimed by ICH6 ACPI/GPIO/TCO
[    0.373367] pci 0000:00:1f.2: [8086:2922] type 00 class 0x010601 conventional PCI endpoint
[    0.376388] pci 0000:00:1f.2: BAR 4 [io  0xc060-0xc07f]
[    0.377391] pci 0000:00:1f.2: BAR 5 [mem 0xfebd5000-0xfebd5fff]
[    0.379115] pci 0000:00:1f.3: [8086:2930] type 00 class 0x0c0500 conventional PCI endpoint
[    0.381925] pci 0000:00:1f.3: BAR 4 [io  0x0700-0x073f]
[    0.384769] ACPI: PCI: Interrupt link LNKA configured for IRQ 10
[    0.385185] ACPI: PCI: Interrupt link LNKB configured for IRQ 10
[    0.386161] ACPI: PCI: Interrupt link LNKC configured for IRQ 11
[    0.387153] ACPI: PCI: Interrupt link LNKD configured for IRQ 11
[    0.388133] ACPI: PCI: Interrupt link LNKE configured for IRQ 10
[    0.389113] ACPI: PCI: Interrupt link LNKF configured for IRQ 10
[    0.390092] ACPI: PCI: Interrupt link LNKG configured for IRQ 11
[    0.391081] ACPI: PCI: Interrupt link LNKH configured for IRQ 11
[    0.392024] ACPI: PCI: Interrupt link GSIA configured for IRQ 16
[    0.392939] ACPI: PCI: Interrupt link GSIB configured for IRQ 17
[    0.393118] ACPI: PCI: Interrupt link GSIC configured for IRQ 18
[    0.394567] ACPI: PCI: Interrupt link GSID configured for IRQ 19
[    0.395486] ACPI: PCI: Interrupt link GSIE configured for IRQ 20
[    0.396400] ACPI: PCI: Interrupt link GSIF configured for IRQ 21
[    0.397121] ACPI: PCI: Interrupt link GSIG configured for IRQ 22
[    0.398051] ACPI: PCI: Interrupt link GSIH configured for IRQ 23
[    0.399307] iommu: Default domain type: Translated
[    0.400036] iommu: DMA domain TLB invalidation policy: lazy mode
[    0.401054] pps_core: LinuxPPS API ver. 1 registered
[    0.401112] pps_core: Software ver. 5.3.6 - Copyright 2005-2007 Rodolfo Giometti <giometti@linux.it>
[    0.402509] PTP clock support registered
[    0.403116] EDAC MC: Ver: 3.0.0
[    0.404154] NetLabel: Initializing
[    0.404678] NetLabel:  domain hash size = 128
[    0.405112] NetLabel:  protocols = UNLABELED CIPSOv4 CALIPSO
[    0.405992] NetLabel:  unlabeled traffic allowed by default
[    0.406837] PCI: Using ACPI for IRQ routing
[    0.475596] pci 0000:00:01.0: vgaarb: setting as boot VGA device
[    0.476504] pci 0000:00:01.0: vgaarb: bridge control possible
[    0.477109] pci 0000:00:01.0: vgaarb: VGA device added: decodes=io+mem,owns=io+mem,locks=none
[    0.477112] vgaarb: loaded
[    0.477565] hpet0: at MMIO 0xfed00000, IRQs 2, 8, 0
[    0.478307] hpet0: 3 comparators, 64-bit 100.000000 MHz counter
[    0.484208] clocksource: Switched to clocksource kvm-clock
[    0.485109] VFS: Disk quotas dquot_6.6.0
[    0.485109] VFS: Dquot-cache hash table entries: 512 (order 0, 4096 bytes)
[    0.485109] AppArmor: AppArmor Filesystem Enabled
[    0.485193] pnp: PnP ACPI init
[    0.485809] system 00:05: [mem 0xb0000000-0xbfffffff window] has been reserved
[    0.487099] pnp: PnP ACPI: found 6 devices
[    0.493142] clocksource: acpi_pm: mask: 0xffffff max_cycles: 0xffffff, max_idle_ns: 2085701024 ns
[    0.494530] NET: Registered PF_INET protocol family
[    0.495316] IP idents hash table entries: 131072 (order: 8, 1048576 bytes, linear)
[    0.505077] tcp_listen_portaddr_hash hash table entries: 4096 (order: 4, 65536 bytes, linear)
[    0.506378] Table-perturb hash table entries: 65536 (order: 6, 262144 bytes, linear)
[    0.507554] TCP established hash table entries: 65536 (order: 7, 524288 bytes, linear)
[    0.508966] TCP bind hash table entries: 65536 (order: 9, 2097152 bytes, linear)
[    0.510220] TCP: Hash tables configured (established 65536 bind 65536)
[    0.511249] MPTCP token hash table entries: 8192 (order: 6, 196608 bytes, linear)
[    0.512412] UDP hash table entries: 4096 (order: 5, 131072 bytes, linear)
[    0.513574] UDP-Lite hash table entries: 4096 (order: 5, 131072 bytes, linear)
[    0.514717] NET: Registered PF_UNIX/PF_LOCAL protocol family
[    0.515587] NET: Registered PF_XDP protocol family
[    0.516343] pci_bus 0000:00: resource 4 [io  0x0000-0x0cf7 window]
[    0.517282] pci_bus 0000:00: resource 5 [io  0x0d00-0xffff window]
[    0.518220] pci_bus 0000:00: resource 6 [mem 0x000a0000-0x000bffff window]
[    0.519253] pci_bus 0000:00: resource 7 [mem 0x80000000-0xafffffff window]
[    0.520307] pci_bus 0000:00: resource 8 [mem 0xc0000000-0xfebfffff window]
[    0.521347] pci_bus 0000:00: resource 9 [mem 0x280000000-0xa7fffffff window]
[    0.522488] PCI: CLS 0 bytes, default 64
[    0.523176] Trying to unpack rootfs image as initramfs...
[    0.529818] PCI-DMA: Using software bounce buffering for IO (SWIOTLB)
[    0.530795] software IO TLB: mapped [mem 0x000000007744e000-0x000000007b44e000] (64MB)
[    0.532021] clocksource: tsc: mask: 0xffffffffffffffff max_cycles: 0x33e451ab1a6, max_idle_ns: 440795278720 ns
[    0.537928] Initialise system trusted keyrings
[    0.538624] Key type blacklist registered
[    0.539263] workingset: timestamp_bits=36 max_order=21 bucket_order=0
[    0.540261] zbud: loaded
[    0.540733] fuse: init (API version 7.41)
[    0.541439] integrity: Platform Keyring initialized
[    0.545787] integrity: Machine keyring initialized
[    0.561766] Key type asymmetric registered
[    0.562399] Asymmetric key parser 'x509' registered
[    0.892484] Freeing initrd memory: 77320K
[    0.893715] Block layer SCSI generic (bsg) driver version 0.4 loaded (major 246)
[    0.894878] io scheduler mq-deadline registered
[    0.896388] ledtrig-cpu: registered to indicate activity on CPUs
[    0.897361] shpchp: Standard Hot Plug PCI Controller Driver version: 0.4
[    0.898548] Serial: 8250/16550 driver, 4 ports, IRQ sharing enabled
[    0.899868] 00:03: ttyS0 at I/O 0x3f8 (irq = 4, base_baud = 115200) is a 16550A
[    0.901413] Linux agpgart interface v0.103
[    0.902241] i8042: PNP: PS/2 Controller [PNP0303:KBD,PNP0f13:MOU] at 0x60,0x64 irq 1,12
[    0.904144] serio: i8042 KBD port at 0x60,0x64 irq 1
[    0.904952] serio: i8042 AUX port at 0x60,0x64 irq 12
[    0.905795] mousedev: PS/2 mouse device common for all mice
[    0.906895] input: AT Translated Set 2 keyboard as /devices/platform/i8042/serio0/input/input0
[    0.908416] rtc_cmos 00:04: RTC can wake from S4
[    0.909588] rtc_cmos 00:04: registered as rtc0
[    0.910354] rtc_cmos 00:04: setting system clock to 2026-07-16T00:28:02 UTC (1784161682)
[    0.911629] rtc_cmos 00:04: alarms up to one day, y3k, 242 bytes nvram, hpet irqs
[    0.912788] intel_pstate: CPU model not supported
[    0.914013] NET: Registered PF_INET6 protocol family
[    0.915176] Segment Routing with IPv6
[    0.915742] In-situ OAM (IOAM) with IPv6
[    0.916371] mip6: Mobile IPv6
[    0.916841] NET: Registered PF_PACKET protocol family
[    0.917624] mpls_gso: MPLS GSO support
[    0.918295] IPI shorthand broadcast: enabled
[    0.920114] sched_clock: Marking stable (788480016, 129723347)->(933675443, -15472080)
[    0.921371] registered taskstats version 1
[    0.922081] Loading compiled-in X.509 certificates
[    0.933998] Loaded X.509 cert 'Build time autogenerated kernel key: e87b99600394fc77ba6018a2cc6a68db4bb86ee6'
[    0.936708] Demotion targets for Node 0: null
[    0.937404] Key type .fscrypt registered
[    0.938013] Key type fscrypt-provisioning registered
[    0.939243] Key type encrypted registered
[    0.939858] AppArmor: AppArmor sha256 policy hashing enabled
[    0.940753] ima: No TPM chip found, activating TPM-bypass!
[    0.941582] ima: Allocated hash algorithm: sha256
[    0.942318] ima: No architecture policies found
[    0.943018] evm: Initialising EVM extended attributes:
[    0.943795] evm: security.selinux
[    0.944317] evm: security.SMACK64 (disabled)
[    0.944975] evm: security.SMACK64EXEC (disabled)
[    0.945672] evm: security.SMACK64TRANSMUTE (disabled)
[    0.946444] evm: security.SMACK64MMAP (disabled)
[    0.947146] evm: security.apparmor
[    0.947663] evm: security.ima
[    0.948136] evm: security.capability
[    0.948680] evm: HMAC attrs: 0x1
[    0.973514] RAS: Correctable Errors collector initialized.
[    0.986600] clk: Disabling unused clocks
[    0.987207] PM: genpd: Disabling unused power domains
[    0.988885] Freeing unused decrypted memory: 2028K
[    0.989674] Freeing unused kernel image (initmem) memory: 4164K
[    0.990327] Write protecting the kernel read-only data: 28672k
[    0.991101] Freeing unused kernel image (rodata/data gap) memory: 480K
[    1.022884] x86/mm: Checked W+X mappings: passed, no W+X pages found.
[    1.057736] Run /init as init process
NESTED_X86_L1_BOOT_OK
Linux (none) 6.12.90+deb13.1-amd64 #1 SMP PREEMPT_DYNAMIC Debian 6.12.90-2 (2026-05-27) x86_64 GNU/Linux
              total        used        free      shared  buff/cache   available
Mem:           7948          52        7752         143         144        7615
console=ttyS0 rdinit=/init panic=-1 harmony.gates=n2_nested_hammer harmony.env=N2_DEADLINES=2000,N2_SEED=2600002000,N2_PROGRESS=500
msr: loaded
irqbypass: loaded
[    1.087175] kvm: loading out-of-tree module taints kernel.
[    1.087785] kvm: module verification failed: signature and/or required key missing - tainting kernel
kvm(PATCHED): loaded
kvm-intel(PATCHED): loaded
L1_DEV_KVM_PRESENT
NESTED_X86_L2_PIN_CHECK_BEGIN
f06a34a79010a8f2cc8226dc629cc8fb049740016f035f53e3f2e53d9a30dd41  guest/build/bzImage
3c4a7f2f0db4b59aaf4dee55d43a42c57fc0d10ac25441de88128c61be0778c2  guest/build/initramfs-postgres.cpio.gz
NESTED_X86_L2_PIN_CHECK_END
ENV N2_DEADLINES=2000
ENV N2_SEED=2600002000
ENV N2_PROGRESS=500
NESTED_X86_GATE_BEGIN n2_nested_hammer 

running 1 test
test n2_deadline_hammer ... N2JSON {"event":"start","total":2000,"seed":2600002000,"backend":"PatchedKvmBackend","pid":148}
[    2.369367] perf: interrupt took too long (2537 > 2500), lowering kernel.perf_event_max_sample_rate to 78750
[    2.680460] perf: interrupt took too long (3181 > 3171), lowering kernel.perf_event_max_sample_rate to 62750
[    3.150162] perf: interrupt took too long (3986 > 3976), lowering kernel.perf_event_max_sample_rate to 50000
[    3.940132] perf: interrupt took too long (5002 > 4982), lowering kernel.perf_event_max_sample_rate to 39750
[    5.295756] perf: interrupt took too long (6263 > 6252), lowering kernel.perf_event_max_sample_rate to 31750
N2JSON {"event":"progress","deadlines":500,"armed_pmi":279,"mtf_only":221,"exact":500,"oracle_ok":500,"mismatches":0,"record_violations":0,"records":{"samples":279,"lost":0,"throttle":0,"other":0}}
[   10.853261] perf: interrupt took too long (7829 > 7828), lowering kernel.perf_event_max_sample_rate to 25500
N2JSON {"event":"progress","deadlines":1000,"armed_pmi":549,"mtf_only":451,"exact":1000,"oracle_ok":1000,"mismatches":0,"record_violations":0,"records":{"samples":549,"lost":0,"throttle":0,"other":0}}
N2JSON {"event":"progress","deadlines":1500,"armed_pmi":823,"mtf_only":677,"exact":1500,"oracle_ok":1500,"mismatches":0,"record_violations":0,"records":{"samples":823,"lost":0,"throttle":0,"other":0}}
N2JSON {"event":"progress","deadlines":2000,"armed_pmi":1108,"mtf_only":892,"exact":2000,"oracle_ok":2000,"mismatches":0,"record_violations":0,"records":{"samples":1108,"lost":0,"throttle":0,"other":0}}
N2JSON {"event":"summary","deadlines":2000,"armed_pmi":1108,"mtf_only":892,"exact":2000,"oracle_ok":2000,"mismatches":0,"record_violations":0,"final_work":34921585,"records":{"samples":1108,"lost":0,"throttle":0,"other":0}}
ok

test result: ok. 1 passed; 0 failed; 0 ignored; 0 measured; 1 filtered out; finished in 23.35s

NESTED_X86_GATE_RC n2_nested_hammer rc=0
NESTED_X86_GATE_END n2_nested_hammer
--- L1 dmesg tail (kvm/vmx/pmu/perf) ---
[    0.000000] Hypervisor detected: KVM
[    0.000000] kvm-clock: Using msrs 4b564d01 and 4b564d00
[    0.000000] kvm-clock: using sched offset of 155915808 cycles
[    0.000001] clocksource: kvm-clock: mask: 0xffffffffffffffff max_cycles: 0x1cd42e4dffb, max_idle_ns: 881590591483 ns
[    0.010546] kvm-guest: APIC: eoi() replaced with kvm_guest_apic_eoi_write()
[    0.010566] Booting paravirtualized kernel on KVM
[    0.014155] kvm-guest: PV spinlocks disabled, single CPU
[    0.242936] Performance Events: Skylake events, full-width counters, Intel PMU driver.
[    0.484208] clocksource: Switched to clocksource kvm-clock
[    1.087175] kvm: loading out-of-tree module taints kernel.
[    1.087785] kvm: module verification failed: signature and/or required key missing - tainting kernel
[    2.369367] perf: interrupt took too long (2537 > 2500), lowering kernel.perf_event_max_sample_rate to 78750
[    2.680460] perf: interrupt took too long (3181 > 3171), lowering kernel.perf_event_max_sample_rate to 62750
[    3.150162] perf: interrupt took too long (3986 > 3976), lowering kernel.perf_event_max_sample_rate to 50000
[    3.940132] perf: interrupt took too long (5002 > 4982), lowering kernel.perf_event_max_sample_rate to 39750
[    5.295756] perf: interrupt took too long (6263 > 6252), lowering kernel.perf_event_max_sample_rate to 31750
[   10.853261] perf: interrupt took too long (7829 > 7828), lowering kernel.perf_event_max_sample_rate to 25500
NESTED_X86_GATES_FAILED 0
NESTED_X86_L1_DONE
[   24.702718] ACPI: PM: Preparing to enter system sleep state S5
[   24.703463] kvm: exiting hardware virtualization
[   24.704045] reboot: Power down
