[    0.000000] Linux version 6.12.90+deb13.1-amd64 (debian-kernel@lists.debian.org) (x86_64-linux-gnu-gcc-14 (Debian 14.2.0-19) 14.2.0, GNU ld (GNU Binutils for Debian) 2.44) #1 SMP PREEMPT_DYNAMIC Debian 6.12.90-2 (2026-05-27)
[    0.000000] Command line: console=ttyS0 rdinit=/init panic=-1 harmony.gates=n2_nested_hammer harmony.env=N2_DEADLINES=10000,N2_SEED=2600001099,N2_PROGRESS=25000
[    0.000000] BIOS-provided physical RAM map:
[    0.000000] BIOS-e820: [mem 0x0000000000000000-0x000000000009fbff] usable
[    0.000000] BIOS-e820: [mem 0x000000000009fc00-0x000000000009ffff] reserved
[    0.000000] BIOS-e820: [mem 0x00000000000f0000-0x00000000000fffff] reserved
[    0.000000] BIOS-e820: [mem 0x0000000000100000-0x000000007ffdefff] usable
[    0.000000] BIOS-e820: [mem 0x000000007ffdf000-0x000000007fffffff] reserved
[    0.000000] BIOS-e820: [mem 0x00000000b0000000-0x00000000bfffffff] reserved
[    0.000000] BIOS-e820: [mem 0x00000000fed1c000-0x00000000fed1ffff] reserved
[    0.000000] BIOS-e820: [mem 0x00000000feffc000-0x00000000feffffff] reserved
[    0.000000] BIOS-e820: [mem 0x00000000fffc0000-0x00000000ffffffff] reserved
[    0.000000] BIOS-e820: [mem 0x0000000100000000-0x000000027fffffff] usable
[    0.000000] NX (Execute Disable) protection: active
[    0.000000] APIC: Static calls initialized
[    0.000000] SMBIOS 2.8 present.
[    0.000000] DMI: QEMU Standard PC (Q35 + ICH9, 2009), BIOS 1.16.3-debian-1.16.3-2 04/01/2014
[    0.000000] DMI: Memory slots populated: 1/1
[    0.000000] Hypervisor detected: KVM
[    0.000000] last_pfn = 0x7ffdf max_arch_pfn = 0x400000000
[    0.000000] kvm-clock: Using msrs 4b564d01 and 4b564d00
[    0.000000] kvm-clock: using sched offset of 158195908 cycles
[    0.000001] clocksource: kvm-clock: mask: 0xffffffffffffffff max_cycles: 0x1cd42e4dffb, max_idle_ns: 881590591483 ns
[    0.000004] tsc: Detected 3599.998 MHz processor
[    0.000723] last_pfn = 0x280000 max_arch_pfn = 0x400000000
[    0.000745] MTRR map: 4 entries (3 fixed + 1 variable; max 19), built from 8 variable MTRRs
[    0.000747] x86/PAT: Configuration [0-7]: WB  WC  UC- UC  WB  WP  UC- WT  
[    0.000776] last_pfn = 0x7ffdf max_arch_pfn = 0x400000000
[    0.005826] found SMP MP-table at [mem 0x000f5480-0x000f548f]
[    0.005837] Using GB pages for direct mapping
[    0.005963] RAMDISK: [mem 0x7b44c000-0x7ffcffff]
[    0.005968] ACPI: Early table checksum verification disabled
[    0.005971] ACPI: RSDP 0x00000000000F52A0 000014 (v00 BOCHS )
[    0.005973] ACPI: RSDT 0x000000007FFE2351 000038 (v01 BOCHS  BXPC     00000001 BXPC 00000001)
[    0.005977] ACPI: FACP 0x000000007FFE2149 0000F4 (v03 BOCHS  BXPC     00000001 BXPC 00000001)
[    0.005981] ACPI: DSDT 0x000000007FFE0040 002109 (v01 BOCHS  BXPC     00000001 BXPC 00000001)
[    0.005983] ACPI: FACS 0x000000007FFE0000 000040
[    0.005985] ACPI: APIC 0x000000007FFE223D 000078 (v03 BOCHS  BXPC     00000001 BXPC 00000001)
[    0.005987] ACPI: HPET 0x000000007FFE22B5 000038 (v01 BOCHS  BXPC     00000001 BXPC 00000001)
[    0.005989] ACPI: MCFG 0x000000007FFE22ED 00003C (v01 BOCHS  BXPC     00000001 BXPC 00000001)
[    0.005991] ACPI: WAET 0x000000007FFE2329 000028 (v01 BOCHS  BXPC     00000001 BXPC 00000001)
[    0.005993] ACPI: Reserving FACP table memory at [mem 0x7ffe2149-0x7ffe223c]
[    0.005994] ACPI: Reserving DSDT table memory at [mem 0x7ffe0040-0x7ffe2148]
[    0.005994] ACPI: Reserving FACS table memory at [mem 0x7ffe0000-0x7ffe003f]
[    0.005995] ACPI: Reserving APIC table memory at [mem 0x7ffe223d-0x7ffe22b4]
[    0.005995] ACPI: Reserving HPET table memory at [mem 0x7ffe22b5-0x7ffe22ec]
[    0.005996] ACPI: Reserving MCFG table memory at [mem 0x7ffe22ed-0x7ffe2328]
[    0.005996] ACPI: Reserving WAET table memory at [mem 0x7ffe2329-0x7ffe2350]
[    0.006314] No NUMA configuration found
[    0.006315] Faking a node at [mem 0x0000000000000000-0x000000027fffffff]
[    0.006321] NODE_DATA(0) allocated [mem 0x27ffd5680-0x27fffffff]
[    0.006593] Zone ranges:
[    0.006594]   DMA      [mem 0x0000000000001000-0x0000000000ffffff]
[    0.006595]   DMA32    [mem 0x0000000001000000-0x00000000ffffffff]
[    0.006596]   Normal   [mem 0x0000000100000000-0x000000027fffffff]
[    0.006597]   Device   empty
[    0.006597] Movable zone start for each node
[    0.006599] Early memory node ranges
[    0.006599]   node   0: [mem 0x0000000000001000-0x000000000009efff]
[    0.006600]   node   0: [mem 0x0000000000100000-0x000000007ffdefff]
[    0.006601]   node   0: [mem 0x0000000100000000-0x000000027fffffff]
[    0.006602] Initmem setup node 0 [mem 0x0000000000001000-0x000000027fffffff]
[    0.006739] On node 0, zone DMA: 1 pages in unavailable ranges
[    0.006750] On node 0, zone DMA: 97 pages in unavailable ranges
[    0.010243] On node 0, zone Normal: 33 pages in unavailable ranges
[    0.010659] ACPI: PM-Timer IO Port: 0x608
[    0.010673] ACPI: LAPIC_NMI (acpi_id[0xff] dfl dfl lint[0x1])
[    0.010698] IOAPIC[0]: apic_id 0, version 17, address 0xfec00000, GSI 0-23
[    0.010700] ACPI: INT_SRC_OVR (bus 0 bus_irq 0 global_irq 2 dfl dfl)
[    0.010701] ACPI: INT_SRC_OVR (bus 0 bus_irq 5 global_irq 5 high level)
[    0.010702] ACPI: INT_SRC_OVR (bus 0 bus_irq 9 global_irq 9 high level)
[    0.010703] ACPI: INT_SRC_OVR (bus 0 bus_irq 10 global_irq 10 high level)
[    0.010703] ACPI: INT_SRC_OVR (bus 0 bus_irq 11 global_irq 11 high level)
[    0.010706] ACPI: Using ACPI (MADT) for SMP configuration information
[    0.010707] ACPI: HPET id: 0x8086a201 base: 0xfed00000
[    0.010710] TSC deadline timer available
[    0.010714] CPU topo: Max. logical packages:   1
[    0.010714] CPU topo: Max. logical dies:       1
[    0.010714] CPU topo: Max. dies per package:   1
[    0.010717] CPU topo: Max. threads per core:   1
[    0.010718] CPU topo: Num. cores per package:     1
[    0.010718] CPU topo: Num. threads per package:   1
[    0.010718] CPU topo: Allowing 1 present CPUs plus 0 hotplug CPUs
[    0.010732] kvm-guest: APIC: eoi() replaced with kvm_guest_apic_eoi_write()
[    0.010749] PM: hibernation: Registered nosave memory: [mem 0x00000000-0x00000fff]
[    0.010750] PM: hibernation: Registered nosave memory: [mem 0x0009f000-0x000fffff]
[    0.010751] PM: hibernation: Registered nosave memory: [mem 0x7ffdf000-0xffffffff]
[    0.010753] [mem 0xc0000000-0xfed1bfff] available for PCI devices
[    0.010753] Booting paravirtualized kernel on KVM
[    0.010755] clocksource: refined-jiffies: mask: 0xffffffff max_cycles: 0xffffffff, max_idle_ns: 7645519600211568 ns
[    0.014116] setup_percpu: NR_CPUS:8192 nr_cpumask_bits:1 nr_cpu_ids:1 nr_node_ids:1
[    0.014359] percpu: Embedded 66 pages/cpu s233472 r8192 d28672 u2097152
[    0.014384] kvm-guest: PV spinlocks disabled, single CPU
[    0.014384] Kernel command line: console=ttyS0 rdinit=/init panic=-1 harmony.gates=n2_nested_hammer harmony.env=N2_DEADLINES=10000,N2_SEED=2600001099,N2_PROGRESS=25000
[    0.014439] random: crng init done
[    0.015223] Dentry cache hash table entries: 1048576 (order: 11, 8388608 bytes, linear)
[    0.015612] Inode-cache hash table entries: 524288 (order: 10, 4194304 bytes, linear)
[    0.015642] Fallback order for Node 0: 0 
[    0.015645] Built 1 zonelists, mobility grouping on.  Total pages: 2097021
[    0.015646] Policy zone: Normal
[    0.015651] mem auto-init: stack:all(zero), heap alloc:on, heap free:off
[    0.015655] software IO TLB: area num 1.
[    0.030922] SLUB: HWalign=64, Order=0-3, MinObjects=0, CPUs=1, Nodes=1
[    0.030942] ftrace: allocating 45769 entries in 179 pages
[    0.036596] ftrace: allocated 179 pages with 5 groups
[    0.037098] Dynamic Preempt: voluntary
[    0.037253] rcu: Preemptible hierarchical RCU implementation.
[    0.037253] rcu: 	RCU restricting CPUs from NR_CPUS=8192 to nr_cpu_ids=1.
[    0.037254] 	Trampoline variant of Tasks RCU enabled.
[    0.037254] 	Rude variant of Tasks RCU enabled.
[    0.037254] 	Tracing variant of Tasks RCU enabled.
[    0.037255] rcu: RCU calculated value of scheduler-enlistment delay is 25 jiffies.
[    0.037255] rcu: Adjusting geometry for rcu_fanout_leaf=16, nr_cpu_ids=1
[    0.037259] RCU Tasks: Setting shift to 0 and lim to 1 rcu_task_cb_adjust=1 rcu_task_cpu_ids=1.
[    0.037260] RCU Tasks Rude: Setting shift to 0 and lim to 1 rcu_task_cb_adjust=1 rcu_task_cpu_ids=1.
[    0.037261] RCU Tasks Trace: Setting shift to 0 and lim to 1 rcu_task_cb_adjust=1 rcu_task_cpu_ids=1.
[    0.040495] NR_IRQS: 524544, nr_irqs: 256, preallocated irqs: 16
[    0.040668] rcu: srcu_init: Setting srcu_struct sizes based on contention.
[    0.052395] Console: colour VGA+ 80x25
[    0.052437] printk: legacy console [ttyS0] enabled
[    0.169676] ACPI: Core revision 20240827
[    0.170449] clocksource: hpet: mask: 0xffffffff max_cycles: 0xffffffff, max_idle_ns: 19112604467 ns
[    0.171954] APIC: Switch to symmetric I/O mode setup
[    0.172846] x2apic enabled
[    0.173437] APIC: Switched APIC routing to: physical x2apic
[    0.174976] ..TIMER: vector=0x30 apic1=0 pin1=2 apic2=-1 pin2=-1
[    0.175889] clocksource: tsc-early: mask: 0xffffffffffffffff max_cycles: 0x33e451ab1a6, max_idle_ns: 440795278720 ns
[    0.177471] Calibrating delay loop (skipped) preset value.. 7199.99 BogoMIPS (lpj=14399992)
[    0.178797] x86/cpu: User Mode Instruction Prevention (UMIP) activated
[    0.179827] Last level iTLB entries: 4KB 0, 2MB 0, 4MB 0
[    0.181471] Last level dTLB entries: 4KB 0, 2MB 0, 4MB 0, 1GB 0
[    0.182363] Spectre V1 : Mitigation: usercopy/swapgs barriers and __user pointer sanitization
[    0.183668] Spectre V2 : Spectre BHI mitigation: SW BHB clearing on syscall and VM exit
[    0.185471] Spectre V2 : Mitigation: IBRS
[    0.186073] Spectre V2 : Spectre v2 / SpectreRSB: Filling RSB on context switch and VMEXIT
[    0.187296] RETBleed: Mitigation: IBRS
[    0.187865] Spectre V2 : mitigation: Enabling conditional Indirect Branch Prediction Barrier
[    0.189111] Speculative Store Bypass: Mitigation: Speculative Store Bypass disabled via prctl
[    0.189474] MDS: Mitigation: Clear CPU buffers
[    0.190141] MMIO Stale Data: Mitigation: Clear CPU buffers
[    0.190966] SRBDS: Unknown: Dependent on hypervisor status
[    0.191783] active return thunk: its_return_thunk
[    0.193471] ITS: Mitigation: Aligned branch/return thunks
[    0.194289] x86/fpu: Supporting XSAVE feature 0x001: 'x87 floating point registers'
[    0.195425] x86/fpu: Supporting XSAVE feature 0x002: 'SSE registers'
[    0.196376] x86/fpu: Supporting XSAVE feature 0x004: 'AVX registers'
[    0.197318] x86/fpu: Supporting XSAVE feature 0x008: 'MPX bounds registers'
[    0.197471] x86/fpu: Supporting XSAVE feature 0x010: 'MPX CSR'
[    0.198342] x86/fpu: xstate_offset[2]:  576, xstate_sizes[2]:  256
[    0.199300] x86/fpu: xstate_offset[3]:  832, xstate_sizes[3]:   64
[    0.200217] x86/fpu: xstate_offset[4]:  896, xstate_sizes[4]:   64
[    0.201471] x86/fpu: Enabled xstate features 0x1f, context size is 960 bytes, using 'compacted' format.
[    0.233715] Freeing SMP alternatives memory: 40K
[    0.234414] pid_max: default: 32768 minimum: 301
[    0.235129] LSM: initializing lsm=lockdown,capability,landlock,yama,apparmor,tomoyo,bpf,ipe,ima,evm
[    0.236520] landlock: Up and running.
[    0.237075] Yama: disabled by default; enable with sysctl kernel.yama.*
[    0.237524] AppArmor: AppArmor initialized
[    0.238155] TOMOYO Linux initialized
[    0.238821] LSM support for eBPF active
[    0.239452] Mount-cache hash table entries: 16384 (order: 5, 131072 bytes, linear)
[    0.240581] Mountpoint-cache hash table entries: 16384 (order: 5, 131072 bytes, linear)
[    0.241685] smpboot: CPU0: Intel(R) Core(TM) i9-9900K CPU @ 3.60GHz (family: 0x6, model: 0x9e, stepping: 0xc)
[    0.243297] Performance Events: Skylake events, full-width counters, Intel PMU driver.
[    0.244496] ... version:                2
[    0.245117] ... bit width:              48
[    0.245472] ... generic registers:      4
[    0.246076] ... value mask:             0000ffffffffffff
[    0.246874] ... max period:             00007fffffffffff
[    0.247666] ... fixed-purpose events:   3
[    0.248285] ... event mask:             000000070000000f
[    0.249139] signal: max sigframe size: 2032
[    0.249492] rcu: Hierarchical SRCU implementation.
[    0.250211] rcu: 	Max phase no-delay instances is 1000.
[    0.253643] smp: Bringing up secondary CPUs ...
[    0.254342] smp: Brought up 1 node, 1 CPU
[    0.254952] smpboot: Total of 1 processors activated (7199.99 BogoMIPS)
[    0.268596] node 0 deferred pages initialised in 12ms
[    0.269398] Memory: 8051068K/8388084K available (16384K kernel code, 2497K rwdata, 11808K rodata, 4164K init, 4916K bss, 333212K reserved, 0K cma-reserved)
[    0.269748] devtmpfs: initialized
[    0.270301] x86/mm: Memory block size: 128MB
[    0.271512] clocksource: jiffies: mask: 0xffffffff max_cycles: 0xffffffff, max_idle_ns: 7645041785100000 ns
[    0.272978] futex hash table entries: 256 (order: 2, 16384 bytes, linear)
[    0.273512] pinctrl core: initialized pinctrl subsystem
[    0.274674] NET: Registered PF_NETLINK/PF_ROUTE protocol family
[    0.275678] DMA: preallocated 1024 KiB GFP_KERNEL pool for atomic allocations
[    0.276792] DMA: preallocated 1024 KiB GFP_KERNEL|GFP_DMA pool for atomic allocations
[    0.277628] DMA: preallocated 1024 KiB GFP_KERNEL|GFP_DMA32 pool for atomic allocations
[    0.278834] audit: initializing netlink subsys (disabled)
[    0.279673] audit: type=2000 audit(1784008350.145:1): state=initialized audit_enabled=0 res=1
[    0.281042] thermal_sys: Registered thermal governor 'fair_share'
[    0.281043] thermal_sys: Registered thermal governor 'bang_bang'
[    0.281476] thermal_sys: Registered thermal governor 'step_wise'
[    0.282383] thermal_sys: Registered thermal governor 'user_space'
[    0.283291] thermal_sys: Registered thermal governor 'power_allocator'
[    0.284215] cpuidle: using governor ladder
[    0.285478] cpuidle: using governor menu
[    0.286113] acpiphp: ACPI Hot Plug PCI Controller Driver version: 0.5
[    0.287203] PCI: ECAM [mem 0xb0000000-0xbfffffff] (base 0xb0000000) for domain 0000 [bus 00-ff]
[    0.288521] PCI: ECAM [mem 0xb0000000-0xbfffffff] reserved as E820 entry
[    0.289482] PCI: Using configuration type 1 for base access
[    0.290415] kprobes: kprobe jump-optimization is enabled. All kprobes are optimized if possible.
[    0.313700] HugeTLB: registered 1.00 GiB page size, pre-allocated 0 pages
[    0.314730] HugeTLB: 16380 KiB vmemmap can be freed for a 1.00 GiB page
[    0.315722] HugeTLB: registered 2.00 MiB page size, pre-allocated 0 pages
[    0.316757] HugeTLB: 28 KiB vmemmap can be freed for a 2.00 MiB page
[    0.321768] ACPI: Added _OSI(Module Device)
[    0.322417] ACPI: Added _OSI(Processor Device)
[    0.323087] ACPI: Added _OSI(Processor Aggregator Device)
[    0.324600] ACPI: 1 ACPI AML tables successfully acquired and loaded
[    0.326621] ACPI: Interpreter enabled
[    0.327191] ACPI: PM: (supports S0 S3 S4 S5)
[    0.327853] ACPI: Using IOAPIC for interrupt routing
[    0.328615] PCI: Using host bridge windows from ACPI; if necessary, use "pci=nocrs" and report a bug
[    0.329472] PCI: Using E820 reservations for host bridge windows
[    0.330439] ACPI: Enabled 2 GPEs in block 00 to 3F
[    0.332663] ACPI: PCI Root Bridge [PCI0] (domain 0000 [bus 00-ff])
[    0.333475] acpi PNP0A08:00: _OSC: OS supports [ExtendedConfig ASPM ClockPM Segments MSI HPX-Type3]
[    0.334875] acpi PNP0A08:00: _OSC: platform does not support [PCIeHotplug LTR]
[    0.336003] acpi PNP0A08:00: _OSC: OS now controls [SHPCHotplug PME AER PCIeCapability]
[    0.337324] PCI host bridge to bus 0000:00
[    0.337474] pci_bus 0000:00: root bus resource [io  0x0000-0x0cf7 window]
[    0.338512] pci_bus 0000:00: root bus resource [io  0x0d00-0xffff window]
[    0.339530] pci_bus 0000:00: root bus resource [mem 0x000a0000-0x000bffff window]
[    0.340652] pci_bus 0000:00: root bus resource [mem 0x80000000-0xafffffff window]
[    0.341473] pci_bus 0000:00: root bus resource [mem 0xc0000000-0xfebfffff window]
[    0.342609] pci_bus 0000:00: root bus resource [mem 0x280000000-0xa7fffffff window]
[    0.343760] pci_bus 0000:00: root bus resource [bus 00-ff]
[    0.344640] pci 0000:00:00.0: [8086:29c0] type 00 class 0x060000 conventional PCI endpoint
[    0.345959] pci 0000:00:01.0: [1234:1111] type 00 class 0x030000 conventional PCI endpoint
[    0.348573] pci 0000:00:01.0: BAR 0 [mem 0xfd000000-0xfdffffff pref]
[    0.351171] pci 0000:00:01.0: BAR 2 [mem 0xfebd4000-0xfebd4fff]
[    0.355535] pci 0000:00:01.0: ROM [mem 0xfebc0000-0xfebcffff pref]
[    0.356613] pci 0000:00:01.0: Video device with shadowed ROM at [mem 0x000c0000-0x000dffff]
[    0.357833] pci 0000:00:02.0: [8086:10d3] type 00 class 0x020000 PCIe Root Complex Integrated Endpoint
[    0.359971] pci 0000:00:02.0: BAR 0 [mem 0xfeb80000-0xfeb9ffff]
[    0.361457] pci 0000:00:02.0: BAR 1 [mem 0xfeba0000-0xfebbffff]
[    0.362237] pci 0000:00:02.0: BAR 2 [io  0xc040-0xc05f]
[    0.364328] pci 0000:00:02.0: BAR 3 [mem 0xfebd0000-0xfebd3fff]
[    0.366772] pci 0000:00:02.0: ROM [mem 0xfeb40000-0xfeb7ffff pref]
[    0.367754] pci 0000:00:02.0: enabling Extended Tags
[    0.369562] pci 0000:00:1f.0: [8086:2918] type 00 class 0x060100 conventional PCI endpoint
[    0.371350] pci 0000:00:1f.0: quirk: [io  0x0600-0x067f] claimed by ICH6 ACPI/GPIO/TCO
[    0.372806] pci 0000:00:1f.2: [8086:2922] type 00 class 0x010601 conventional PCI endpoint
[    0.375187] pci 0000:00:1f.2: BAR 4 [io  0xc060-0xc07f]
[    0.376264] pci 0000:00:1f.2: BAR 5 [mem 0xfebd5000-0xfebd5fff]
[    0.377810] pci 0000:00:1f.3: [8086:2930] type 00 class 0x0c0500 conventional PCI endpoint
[    0.380274] pci 0000:00:1f.3: BAR 4 [io  0x0700-0x073f]
[    0.383042] ACPI: PCI: Interrupt link LNKA configured for IRQ 10
[    0.384037] ACPI: PCI: Interrupt link LNKB configured for IRQ 10
[    0.385354] ACPI: PCI: Interrupt link LNKC configured for IRQ 11
[    0.385543] ACPI: PCI: Interrupt link LNKD configured for IRQ 11
[    0.386516] ACPI: PCI: Interrupt link LNKE configured for IRQ 10
[    0.387492] ACPI: PCI: Interrupt link LNKF configured for IRQ 10
[    0.388465] ACPI: PCI: Interrupt link LNKG configured for IRQ 11
[    0.389460] ACPI: PCI: Interrupt link LNKH configured for IRQ 11
[    0.389503] ACPI: PCI: Interrupt link GSIA configured for IRQ 16
[    0.390429] ACPI: PCI: Interrupt link GSIB configured for IRQ 17
[    0.391338] ACPI: PCI: Interrupt link GSIC configured for IRQ 18
[    0.392254] ACPI: PCI: Interrupt link GSID configured for IRQ 19
[    0.393478] ACPI: PCI: Interrupt link GSIE configured for IRQ 20
[    0.394388] ACPI: PCI: Interrupt link GSIF configured for IRQ 21
[    0.395294] ACPI: PCI: Interrupt link GSIG configured for IRQ 22
[    0.396208] ACPI: PCI: Interrupt link GSIH configured for IRQ 23
[    0.397467] iommu: Default domain type: Translated
[    0.397472] iommu: DMA domain TLB invalidation policy: lazy mode
[    0.398489] pps_core: LinuxPPS API ver. 1 registered
[    0.399246] pps_core: Software ver. 5.3.6 - Copyright 2005-2007 Rodolfo Giometti <giometti@linux.it>
[    0.400610] PTP clock support registered
[    0.401232] EDAC MC: Ver: 3.0.0
[    0.401891] NetLabel: Initializing
[    0.402411] NetLabel:  domain hash size = 128
[    0.403077] NetLabel:  protocols = UNLABELED CIPSOv4 CALIPSO
[    0.403944] NetLabel:  unlabeled traffic allowed by default
[    0.404797] PCI: Using ACPI for IRQ routing
[    0.473727] pci 0000:00:01.0: vgaarb: setting as boot VGA device
[    0.474634] pci 0000:00:01.0: vgaarb: bridge control possible
[    0.475504] pci 0000:00:01.0: vgaarb: VGA device added: decodes=io+mem,owns=io+mem,locks=none
[    0.476795] vgaarb: loaded
[    0.477243] hpet0: at MMIO 0xfed00000, IRQs 2, 8, 0
[    0.477472] hpet0: 3 comparators, 64-bit 100.000000 MHz counter
[    0.481494] clocksource: Switched to clocksource kvm-clock
[    0.482902] VFS: Disk quotas dquot_6.6.0
[    0.483510] VFS: Dquot-cache hash table entries: 512 (order 0, 4096 bytes)
[    0.484657] AppArmor: AppArmor Filesystem Enabled
[    0.485390] pnp: PnP ACPI init
[    0.485988] system 00:05: [mem 0xb0000000-0xbfffffff window] has been reserved
[    0.487287] pnp: PnP ACPI: found 6 devices
[    0.493292] clocksource: acpi_pm: mask: 0xffffff max_cycles: 0xffffff, max_idle_ns: 2085701024 ns
[    0.494671] NET: Registered PF_INET protocol family
[    0.495595] IP idents hash table entries: 131072 (order: 8, 1048576 bytes, linear)
[    0.505394] tcp_listen_portaddr_hash hash table entries: 4096 (order: 4, 65536 bytes, linear)
[    0.506681] Table-perturb hash table entries: 65536 (order: 6, 262144 bytes, linear)
[    0.507868] TCP established hash table entries: 65536 (order: 7, 524288 bytes, linear)
[    0.509261] TCP bind hash table entries: 65536 (order: 9, 2097152 bytes, linear)
[    0.510502] TCP: Hash tables configured (established 65536 bind 65536)
[    0.511530] MPTCP token hash table entries: 8192 (order: 6, 196608 bytes, linear)
[    0.512671] UDP hash table entries: 4096 (order: 5, 131072 bytes, linear)
[    0.513795] UDP-Lite hash table entries: 4096 (order: 5, 131072 bytes, linear)
[    0.514934] NET: Registered PF_UNIX/PF_LOCAL protocol family
[    0.515800] NET: Registered PF_XDP protocol family
[    0.516537] pci_bus 0000:00: resource 4 [io  0x0000-0x0cf7 window]
[    0.517479] pci_bus 0000:00: resource 5 [io  0x0d00-0xffff window]
[    0.518410] pci_bus 0000:00: resource 6 [mem 0x000a0000-0x000bffff window]
[    0.519460] pci_bus 0000:00: resource 7 [mem 0x80000000-0xafffffff window]
[    0.520490] pci_bus 0000:00: resource 8 [mem 0xc0000000-0xfebfffff window]
[    0.521536] pci_bus 0000:00: resource 9 [mem 0x280000000-0xa7fffffff window]
[    0.522667] PCI: CLS 0 bytes, default 64
[    0.523373] Trying to unpack rootfs image as initramfs...
[    0.528813] PCI-DMA: Using software bounce buffering for IO (SWIOTLB)
[    0.529788] software IO TLB: mapped [mem 0x000000007744c000-0x000000007b44c000] (64MB)
[    0.531027] clocksource: tsc: mask: 0xffffffffffffffff max_cycles: 0x33e451ab1a6, max_idle_ns: 440795278720 ns
[    0.536942] Initialise system trusted keyrings
[    0.537641] Key type blacklist registered
[    0.538278] workingset: timestamp_bits=36 max_order=21 bucket_order=0
[    0.539305] zbud: loaded
[    0.539772] fuse: init (API version 7.41)
[    0.540473] integrity: Platform Keyring initialized
[    0.544806] integrity: Machine keyring initialized
[    0.560812] Key type asymmetric registered
[    0.561448] Asymmetric key parser 'x509' registered
[    0.888115] Freeing initrd memory: 77328K
[    0.889306] Block layer SCSI generic (bsg) driver version 0.4 loaded (major 246)
[    0.890438] io scheduler mq-deadline registered
[    0.891939] ledtrig-cpu: registered to indicate activity on CPUs
[    0.892879] shpchp: Standard Hot Plug PCI Controller Driver version: 0.4
[    0.894037] Serial: 8250/16550 driver, 4 ports, IRQ sharing enabled
[    0.895369] 00:03: ttyS0 at I/O 0x3f8 (irq = 4, base_baud = 115200) is a 16550A
[    0.896862] Linux agpgart interface v0.103
[    0.897675] i8042: PNP: PS/2 Controller [PNP0303:KBD,PNP0f13:MOU] at 0x60,0x64 irq 1,12
[    0.899562] serio: i8042 KBD port at 0x60,0x64 irq 1
[    0.900312] serio: i8042 AUX port at 0x60,0x64 irq 12
[    0.901161] mousedev: PS/2 mouse device common for all mice
[    0.902257] input: AT Translated Set 2 keyboard as /devices/platform/i8042/serio0/input/input0
[    0.903772] rtc_cmos 00:04: RTC can wake from S4
[    0.904950] rtc_cmos 00:04: registered as rtc0
[    0.905695] rtc_cmos 00:04: setting system clock to 2026-07-14T05:52:30 UTC (1784008350)
[    0.906979] rtc_cmos 00:04: alarms up to one day, y3k, 242 bytes nvram, hpet irqs
[    0.908102] intel_pstate: CPU model not supported
[    0.909380] NET: Registered PF_INET6 protocol family
[    0.910663] Segment Routing with IPv6
[    0.911248] In-situ OAM (IOAM) with IPv6
[    0.911857] mip6: Mobile IPv6
[    0.912318] NET: Registered PF_PACKET protocol family
[    0.913107] mpls_gso: MPLS GSO support
[    0.913767] IPI shorthand broadcast: enabled
[    0.915708] sched_clock: Marking stable (784286608, 128796291)->(926244270, -13161371)
[    0.916964] registered taskstats version 1
[    0.917667] Loading compiled-in X.509 certificates
[    0.929579] Loaded X.509 cert 'Build time autogenerated kernel key: e87b99600394fc77ba6018a2cc6a68db4bb86ee6'
[    0.932265] Demotion targets for Node 0: null
[    0.932965] Key type .fscrypt registered
[    0.933566] Key type fscrypt-provisioning registered
[    0.934801] Key type encrypted registered
[    0.935411] AppArmor: AppArmor sha256 policy hashing enabled
[    0.936283] ima: No TPM chip found, activating TPM-bypass!
[    0.937117] ima: Allocated hash algorithm: sha256
[    0.937842] ima: No architecture policies found
[    0.938537] evm: Initialising EVM extended attributes:
[    0.939327] evm: security.selinux
[    0.939830] evm: security.SMACK64 (disabled)
[    0.940475] evm: security.SMACK64EXEC (disabled)
[    0.941187] evm: security.SMACK64TRANSMUTE (disabled)
[    0.941947] evm: security.SMACK64MMAP (disabled)
[    0.942641] evm: security.apparmor
[    0.943175] evm: security.ima
[    0.943627] evm: security.capability
[    0.944168] evm: HMAC attrs: 0x1
[    0.960859] RAS: Correctable Errors collector initialized.
[    0.972876] clk: Disabling unused clocks
[    0.973486] PM: genpd: Disabling unused power domains
[    0.984990] Freeing unused decrypted memory: 2028K
[    0.985788] Freeing unused kernel image (initmem) memory: 4164K
[    0.986432] Write protecting the kernel read-only data: 28672k
[    0.987257] Freeing unused kernel image (rodata/data gap) memory: 480K
[    1.019039] x86/mm: Checked W+X mappings: passed, no W+X pages found.
[    1.052805] Run /init as init process
NESTED_X86_L1_BOOT_OK
Linux (none) 6.12.90+deb13.1-amd64 #1 SMP PREEMPT_DYNAMIC Debian 6.12.90-2 (2026-05-27) x86_64 GNU/Linux
              total        used        free      shared  buff/cache   available
Mem:           7948          49        7758         141         141        7621
console=ttyS0 rdinit=/init panic=-1 harmony.gates=n2_nested_hammer harmony.env=N2_DEADLINES=10000,N2_SEED=2600001099,N2_PROGRESS=25000
msr: loaded
irqbypass: loaded
[    1.081803] kvm: loading out-of-tree module taints kernel.
[    1.082412] kvm: module verification failed: signature and/or required key missing - tainting kernel
kvm(PATCHED): loaded
kvm-intel(PATCHED): loaded
L1_DEV_KVM_PRESENT
NESTED_X86_L2_PIN_CHECK_BEGIN
f06a34a79010a8f2cc8226dc629cc8fb049740016f035f53e3f2e53d9a30dd41  guest/build/bzImage
3c4a7f2f0db4b59aaf4dee55d43a42c57fc0d10ac25441de88128c61be0778c2  guest/build/initramfs-postgres.cpio.gz
NESTED_X86_L2_PIN_CHECK_END
ENV N2_DEADLINES=10000
ENV N2_SEED=2600001099
ENV N2_PROGRESS=25000
NESTED_X86_GATE_BEGIN n2_nested_hammer 

running 1 test
test n2_deadline_hammer ... N2JSON {"event":"start","total":10000,"seed":2600001099,"backend":"PatchedKvmBackend","pid":148}
[    2.308416] perf: interrupt took too long (2537 > 2500), lowering kernel.perf_event_max_sample_rate to 78750
[    2.664106] perf: interrupt took too long (3208 > 3171), lowering kernel.perf_event_max_sample_rate to 62250
[    3.152269] perf: interrupt took too long (4018 > 4010), lowering kernel.perf_event_max_sample_rate to 49750
[    4.103754] perf: interrupt took too long (5040 > 5022), lowering kernel.perf_event_max_sample_rate to 39500
[    5.664521] perf: interrupt took too long (6309 > 6300), lowering kernel.perf_event_max_sample_rate to 31500
[   13.735610] perf: interrupt took too long (7887 > 7886), lowering kernel.perf_event_max_sample_rate to 25250
N2JSON {"event":"summary","armed":10000,"exact":10000,"oracle_ok":10000,"mismatches":0,"record_violations":0,"final_work":175379628,"records":{"samples":5504,"lost":0,"throttle":0,"other":0}}
ok

test result: ok. 1 passed; 0 failed; 0 ignored; 0 measured; 1 filtered out; finished in 115.19s

NESTED_X86_GATE_RC n2_nested_hammer rc=0
NESTED_X86_GATE_END n2_nested_hammer
--- L1 dmesg tail (kvm/vmx/pmu/perf) ---
[    0.000000] Hypervisor detected: KVM
[    0.000000] kvm-clock: Using msrs 4b564d01 and 4b564d00
[    0.000000] kvm-clock: using sched offset of 158195908 cycles
[    0.000001] clocksource: kvm-clock: mask: 0xffffffffffffffff max_cycles: 0x1cd42e4dffb, max_idle_ns: 881590591483 ns
[    0.010732] kvm-guest: APIC: eoi() replaced with kvm_guest_apic_eoi_write()
[    0.010753] Booting paravirtualized kernel on KVM
[    0.014384] kvm-guest: PV spinlocks disabled, single CPU
[    0.243297] Performance Events: Skylake events, full-width counters, Intel PMU driver.
[    0.481494] clocksource: Switched to clocksource kvm-clock
[    1.081803] kvm: loading out-of-tree module taints kernel.
[    1.082412] kvm: module verification failed: signature and/or required key missing - tainting kernel
[    2.308416] perf: interrupt took too long (2537 > 2500), lowering kernel.perf_event_max_sample_rate to 78750
[    2.664106] perf: interrupt took too long (3208 > 3171), lowering kernel.perf_event_max_sample_rate to 62250
[    3.152269] perf: interrupt took too long (4018 > 4010), lowering kernel.perf_event_max_sample_rate to 49750
[    4.103754] perf: interrupt took too long (5040 > 5022), lowering kernel.perf_event_max_sample_rate to 39500
[    5.664521] perf: interrupt took too long (6309 > 6300), lowering kernel.perf_event_max_sample_rate to 31500
[   13.735610] perf: interrupt took too long (7887 > 7886), lowering kernel.perf_event_max_sample_rate to 25250
NESTED_X86_GATES_FAILED 0
NESTED_X86_L1_DONE
[  116.532133] ACPI: PM: Preparing to enter system sleep state S5
[  116.532819] kvm: exiting hardware virtualization
[  116.533326] reboot: Power down
