[    0.000000] Linux version 6.12.90+deb13.1-amd64 (debian-kernel@lists.debian.org) (x86_64-linux-gnu-gcc-14 (Debian 14.2.0-19) 14.2.0, GNU ld (GNU Binutils for Debian) 2.44) #1 SMP PREEMPT_DYNAMIC Debian 6.12.90-2 (2026-05-27)
[    0.000000] Command line: console=ttyS0 rdinit=/init panic=-1 harmony.gates=n3_repeat_gate harmony.env=N3_REPS=1000,N3_ITEM=insn-rng,N3_PROGRESS=25
[    0.000000] BIOS-provided physical RAM map:
[    0.000000] BIOS-e820: [mem 0x0000000000000000-0x000000000009fbff] usable
[    0.000000] BIOS-e820: [mem 0x000000000009fc00-0x000000000009ffff] reserved
[    0.000000] BIOS-e820: [mem 0x00000000000f0000-0x00000000000fffff] reserved
[    0.000000] BIOS-e820: [mem 0x0000000000100000-0x000000007ffdefff] usable
[    0.000000] BIOS-e820: [mem 0x000000007ffdf000-0x000000007fffffff] reserved
[    0.000000] BIOS-e820: [mem 0x00000000b0000000-0x00000000bfffffff] reserved
[    0.000000] BIOS-e820: [mem 0x00000000fed1c000-0x00000000fed1ffff] reserved
[    0.000000] BIOS-e820: [mem 0x00000000feffc000-0x00000000feffffff] reserved
[    0.000000] BIOS-e820: [mem 0x00000000fffc0000-0x00000000ffffffff] reserved
[    0.000000] BIOS-e820: [mem 0x0000000100000000-0x000000027fffffff] usable
[    0.000000] NX (Execute Disable) protection: active
[    0.000000] APIC: Static calls initialized
[    0.000000] SMBIOS 2.8 present.
[    0.000000] DMI: QEMU Standard PC (Q35 + ICH9, 2009), BIOS 1.16.3-debian-1.16.3-2 04/01/2014
[    0.000000] DMI: Memory slots populated: 1/1
[    0.000000] Hypervisor detected: KVM
[    0.000000] last_pfn = 0x7ffdf max_arch_pfn = 0x400000000
[    0.000000] kvm-clock: Using msrs 4b564d01 and 4b564d00
[    0.000000] kvm-clock: using sched offset of 415022449 cycles
[    0.000002] clocksource: kvm-clock: mask: 0xffffffffffffffff max_cycles: 0x1cd42e4dffb, max_idle_ns: 881590591483 ns
[    0.000005] tsc: Detected 3599.998 MHz processor
[    0.001335] last_pfn = 0x280000 max_arch_pfn = 0x400000000
[    0.001362] MTRR map: 4 entries (3 fixed + 1 variable; max 19), built from 8 variable MTRRs
[    0.001365] x86/PAT: Configuration [0-7]: WB  WC  UC- UC  WB  WP  UC- WT  
[    0.001400] last_pfn = 0x7ffdf max_arch_pfn = 0x400000000
[    0.014800] found SMP MP-table at [mem 0x000f5480-0x000f548f]
[    0.014814] Using GB pages for direct mapping
[    0.014885] RAMDISK: [mem 0x79c87000-0x7ffcffff]
[    0.014891] ACPI: Early table checksum verification disabled
[    0.014893] ACPI: RSDP 0x00000000000F52A0 000014 (v00 BOCHS )
[    0.014897] ACPI: RSDT 0x000000007FFE2351 000038 (v01 BOCHS  BXPC     00000001 BXPC 00000001)
[    0.014902] ACPI: FACP 0x000000007FFE2149 0000F4 (v03 BOCHS  BXPC     00000001 BXPC 00000001)
[    0.014907] ACPI: DSDT 0x000000007FFE0040 002109 (v01 BOCHS  BXPC     00000001 BXPC 00000001)
[    0.014911] ACPI: FACS 0x000000007FFE0000 000040
[    0.014913] ACPI: APIC 0x000000007FFE223D 000078 (v03 BOCHS  BXPC     00000001 BXPC 00000001)
[    0.014917] ACPI: HPET 0x000000007FFE22B5 000038 (v01 BOCHS  BXPC     00000001 BXPC 00000001)
[    0.014920] ACPI: MCFG 0x000000007FFE22ED 00003C (v01 BOCHS  BXPC     00000001 BXPC 00000001)
[    0.014923] ACPI: WAET 0x000000007FFE2329 000028 (v01 BOCHS  BXPC     00000001 BXPC 00000001)
[    0.014925] ACPI: Reserving FACP table memory at [mem 0x7ffe2149-0x7ffe223c]
[    0.014927] ACPI: Reserving DSDT table memory at [mem 0x7ffe0040-0x7ffe2148]
[    0.014928] ACPI: Reserving FACS table memory at [mem 0x7ffe0000-0x7ffe003f]
[    0.014929] ACPI: Reserving APIC table memory at [mem 0x7ffe223d-0x7ffe22b4]
[    0.014930] ACPI: Reserving HPET table memory at [mem 0x7ffe22b5-0x7ffe22ec]
[    0.014930] ACPI: Reserving MCFG table memory at [mem 0x7ffe22ed-0x7ffe2328]
[    0.014931] ACPI: Reserving WAET table memory at [mem 0x7ffe2329-0x7ffe2350]
[    0.015304] No NUMA configuration found
[    0.015305] Faking a node at [mem 0x0000000000000000-0x000000027fffffff]
[    0.015312] NODE_DATA(0) allocated [mem 0x27ffd5680-0x27fffffff]
[    0.015694] Zone ranges:
[    0.015695]   DMA      [mem 0x0000000000001000-0x0000000000ffffff]
[    0.015697]   DMA32    [mem 0x0000000001000000-0x00000000ffffffff]
[    0.015699]   Normal   [mem 0x0000000100000000-0x000000027fffffff]
[    0.015700]   Device   empty
[    0.015701] Movable zone start for each node
[    0.015703] Early memory node ranges
[    0.015703]   node   0: [mem 0x0000000000001000-0x000000000009efff]
[    0.015705]   node   0: [mem 0x0000000000100000-0x000000007ffdefff]
[    0.015706]   node   0: [mem 0x0000000100000000-0x000000027fffffff]
[    0.015708] Initmem setup node 0 [mem 0x0000000000001000-0x000000027fffffff]
[    0.015851] On node 0, zone DMA: 1 pages in unavailable ranges
[    0.015873] On node 0, zone DMA: 97 pages in unavailable ranges
[    0.024758] On node 0, zone Normal: 33 pages in unavailable ranges
[    0.025227] ACPI: PM-Timer IO Port: 0x608
[    0.025241] ACPI: LAPIC_NMI (acpi_id[0xff] dfl dfl lint[0x1])
[    0.025272] IOAPIC[0]: apic_id 0, version 17, address 0xfec00000, GSI 0-23
[    0.025275] ACPI: INT_SRC_OVR (bus 0 bus_irq 0 global_irq 2 dfl dfl)
[    0.025277] ACPI: INT_SRC_OVR (bus 0 bus_irq 5 global_irq 5 high level)
[    0.025278] ACPI: INT_SRC_OVR (bus 0 bus_irq 9 global_irq 9 high level)
[    0.025279] ACPI: INT_SRC_OVR (bus 0 bus_irq 10 global_irq 10 high level)
[    0.025280] ACPI: INT_SRC_OVR (bus 0 bus_irq 11 global_irq 11 high level)
[    0.025284] ACPI: Using ACPI (MADT) for SMP configuration information
[    0.025285] ACPI: HPET id: 0x8086a201 base: 0xfed00000
[    0.025289] TSC deadline timer available
[    0.025295] CPU topo: Max. logical packages:   1
[    0.025295] CPU topo: Max. logical dies:       1
[    0.025296] CPU topo: Max. dies per package:   1
[    0.025301] CPU topo: Max. threads per core:   1
[    0.025301] CPU topo: Num. cores per package:     1
[    0.025302] CPU topo: Num. threads per package:   1
[    0.025303] CPU topo: Allowing 1 present CPUs plus 0 hotplug CPUs
[    0.025320] kvm-guest: APIC: eoi() replaced with kvm_guest_apic_eoi_write()
[    0.025340] PM: hibernation: Registered nosave memory: [mem 0x00000000-0x00000fff]
[    0.025342] PM: hibernation: Registered nosave memory: [mem 0x0009f000-0x000fffff]
[    0.025344] PM: hibernation: Registered nosave memory: [mem 0x7ffdf000-0xffffffff]
[    0.025345] [mem 0xc0000000-0xfed1bfff] available for PCI devices
[    0.025347] Booting paravirtualized kernel on KVM
[    0.025349] clocksource: refined-jiffies: mask: 0xffffffff max_cycles: 0xffffffff, max_idle_ns: 7645519600211568 ns
[    0.033390] setup_percpu: NR_CPUS:8192 nr_cpumask_bits:1 nr_cpu_ids:1 nr_node_ids:1
[    0.037663] percpu: Embedded 66 pages/cpu s233472 r8192 d28672 u2097152
[    0.037698] kvm-guest: PV spinlocks disabled, single CPU
[    0.037699] Kernel command line: console=ttyS0 rdinit=/init panic=-1 harmony.gates=n3_repeat_gate harmony.env=N3_REPS=1000,N3_ITEM=insn-rng,N3_PROGRESS=25
[    0.037767] random: crng init done
[    0.038532] Dentry cache hash table entries: 1048576 (order: 11, 8388608 bytes, linear)
[    0.038917] Inode-cache hash table entries: 524288 (order: 10, 4194304 bytes, linear)
[    0.038952] Fallback order for Node 0: 0 
[    0.038954] Built 1 zonelists, mobility grouping on.  Total pages: 2097021
[    0.038955] Policy zone: Normal
[    0.038962] mem auto-init: stack:all(zero), heap alloc:on, heap free:off
[    0.038966] software IO TLB: area num 1.
[    0.073305] SLUB: HWalign=64, Order=0-3, MinObjects=0, CPUs=1, Nodes=1
[    0.073333] ftrace: allocating 45769 entries in 179 pages
[    0.087277] ftrace: allocated 179 pages with 5 groups
[    0.087820] Dynamic Preempt: voluntary
[    0.087972] rcu: Preemptible hierarchical RCU implementation.
[    0.087973] rcu: 	RCU restricting CPUs from NR_CPUS=8192 to nr_cpu_ids=1.
[    0.087974] 	Trampoline variant of Tasks RCU enabled.
[    0.087974] 	Rude variant of Tasks RCU enabled.
[    0.087975] 	Tracing variant of Tasks RCU enabled.
[    0.087975] rcu: RCU calculated value of scheduler-enlistment delay is 25 jiffies.
[    0.087976] rcu: Adjusting geometry for rcu_fanout_leaf=16, nr_cpu_ids=1
[    0.087981] RCU Tasks: Setting shift to 0 and lim to 1 rcu_task_cb_adjust=1 rcu_task_cpu_ids=1.
[    0.087982] RCU Tasks Rude: Setting shift to 0 and lim to 1 rcu_task_cb_adjust=1 rcu_task_cpu_ids=1.
[    0.087984] RCU Tasks Trace: Setting shift to 0 and lim to 1 rcu_task_cb_adjust=1 rcu_task_cpu_ids=1.
[    0.097196] NR_IRQS: 524544, nr_irqs: 256, preallocated irqs: 16
[    0.097389] rcu: srcu_init: Setting srcu_struct sizes based on contention.
[    0.127538] Console: colour VGA+ 80x25
[    0.127586] printk: legacy console [ttyS0] enabled
[    0.406438] ACPI: Core revision 20240827
[    0.407323] clocksource: hpet: mask: 0xffffffff max_cycles: 0xffffffff, max_idle_ns: 19112604467 ns
[    0.413690] APIC: Switch to symmetric I/O mode setup
[    0.414706] x2apic enabled
[    0.415419] APIC: Switched APIC routing to: physical x2apic
[    0.417263] ..TIMER: vector=0x30 apic1=0 pin1=2 apic2=-1 pin2=-1
[    0.418462] clocksource: tsc-early: mask: 0xffffffffffffffff max_cycles: 0x33e451ab1a6, max_idle_ns: 440795278720 ns
[    0.420376] Calibrating delay loop (skipped) preset value.. 7199.99 BogoMIPS (lpj=14399992)
[    0.424471] x86/cpu: User Mode Instruction Prevention (UMIP) activated
[    0.425651] Last level iTLB entries: 4KB 0, 2MB 0, 4MB 0
[    0.426533] Last level dTLB entries: 4KB 0, 2MB 0, 4MB 0, 1GB 0
[    0.427543] Spectre V1 : Mitigation: usercopy/swapgs barriers and __user pointer sanitization
[    0.428378] Spectre V2 : Spectre BHI mitigation: SW BHB clearing on syscall and VM exit
[    0.429835] Spectre V2 : Mitigation: IBRS
[    0.430575] Spectre V2 : Spectre v2 / SpectreRSB: Filling RSB on context switch and VMEXIT
[    0.432376] RETBleed: Mitigation: IBRS
[    0.433065] Spectre V2 : mitigation: Enabling conditional Indirect Branch Prediction Barrier
[    0.434592] Speculative Store Bypass: Mitigation: Speculative Store Bypass disabled via prctl
[    0.436381] MDS: Mitigation: Clear CPU buffers
[    0.437311] MMIO Stale Data: Mitigation: Clear CPU buffers
[    0.438278] SRBDS: Unknown: Dependent on hypervisor status
[    0.439188] active return thunk: its_return_thunk
[    0.440376] ITS: Mitigation: Aligned branch/return thunks
[    0.441343] x86/fpu: Supporting XSAVE feature 0x001: 'x87 floating point registers'
[    0.442703] x86/fpu: Supporting XSAVE feature 0x002: 'SSE registers'
[    0.443792] x86/fpu: Supporting XSAVE feature 0x004: 'AVX registers'
[    0.444376] x86/fpu: Supporting XSAVE feature 0x008: 'MPX bounds registers'
[    0.445584] x86/fpu: Supporting XSAVE feature 0x010: 'MPX CSR'
[    0.446647] x86/fpu: xstate_offset[2]:  576, xstate_sizes[2]:  256
[    0.448376] x86/fpu: xstate_offset[3]:  832, xstate_sizes[3]:   64
[    0.449449] x86/fpu: xstate_offset[4]:  896, xstate_sizes[4]:   64
[    0.450572] x86/fpu: Enabled xstate features 0x1f, context size is 960 bytes, using 'compacted' format.
[    0.526144] Freeing SMP alternatives memory: 40K
[    0.527108] pid_max: default: 32768 minimum: 301
[    0.528099] LSM: initializing lsm=lockdown,capability,landlock,yama,apparmor,tomoyo,bpf,ipe,ima,evm
[    0.528428] landlock: Up and running.
[    0.529053] Yama: disabled by default; enable with sysctl kernel.yama.*
[    0.530304] AppArmor: AppArmor initialized
[    0.536385] TOMOYO Linux initialized
[    0.537120] LSM support for eBPF active
[    0.537971] Mount-cache hash table entries: 16384 (order: 5, 131072 bytes, linear)
[    0.540379] Mountpoint-cache hash table entries: 16384 (order: 5, 131072 bytes, linear)
[    0.542079] smpboot: CPU0: Intel(R) Core(TM) i9-9900K CPU @ 3.60GHz (family: 0x6, model: 0x9e, stepping: 0xc)
[    0.543931] Performance Events: Skylake events, full-width counters, Intel PMU driver.
[    0.544379] ... version:                2
[    0.545075] ... bit width:              48
[    0.545783] ... generic registers:      4
[    0.546474] ... value mask:             0000ffffffffffff
[    0.548377] ... max period:             00007fffffffffff
[    0.549291] ... fixed-purpose events:   3
[    0.549994] ... event mask:             000000070000000f
[    0.551016] signal: max sigframe size: 2032
[    0.551761] rcu: Hierarchical SRCU implementation.
[    0.552378] rcu: 	Max phase no-delay instances is 1000.
[    0.557154] smp: Bringing up secondary CPUs ...
[    0.558001] smp: Brought up 1 node, 1 CPU
[    0.558753] smpboot: Total of 1 processors activated (7199.99 BogoMIPS)
[    0.576558] node 0 deferred pages initialised in 20ms
[    0.577492] Memory: 8026728K/8388084K available (16384K kernel code, 2497K rwdata, 11808K rodata, 4164K init, 4916K bss, 357552K reserved, 0K cma-reserved)
[    0.580291] devtmpfs: initialized
[    0.580409] x86/mm: Memory block size: 128MB
[    0.581930] clocksource: jiffies: mask: 0xffffffff max_cycles: 0xffffffff, max_idle_ns: 7645041785100000 ns
[    0.583646] futex hash table entries: 256 (order: 2, 16384 bytes, linear)
[    0.584432] pinctrl core: initialized pinctrl subsystem
[    0.585921] NET: Registered PF_NETLINK/PF_ROUTE protocol family
[    0.588489] DMA: preallocated 1024 KiB GFP_KERNEL pool for atomic allocations
[    0.589745] DMA: preallocated 1024 KiB GFP_KERNEL|GFP_DMA pool for atomic allocations
[    0.591222] DMA: preallocated 1024 KiB GFP_KERNEL|GFP_DMA32 pool for atomic allocations
[    0.592387] audit: initializing netlink subsys (disabled)
[    0.593294] audit: type=2000 audit(1783693444.187:1): state=initialized audit_enabled=0 res=1
[    0.594820] thermal_sys: Registered thermal governor 'fair_share'
[    0.594821] thermal_sys: Registered thermal governor 'bang_bang'
[    0.595881] thermal_sys: Registered thermal governor 'step_wise'
[    0.596382] thermal_sys: Registered thermal governor 'user_space'
[    0.597476] thermal_sys: Registered thermal governor 'power_allocator'
[    0.598593] cpuidle: using governor ladder
[    0.601140] cpuidle: using governor menu
[    0.601911] acpiphp: ACPI Hot Plug PCI Controller Driver version: 0.5
[    0.603229] PCI: ECAM [mem 0xb0000000-0xbfffffff] (base 0xb0000000) for domain 0000 [bus 00-ff]
[    0.604380] PCI: ECAM [mem 0xb0000000-0xbfffffff] reserved as E820 entry
[    0.605530] PCI: Using configuration type 1 for base access
[    0.606569] kprobes: kprobe jump-optimization is enabled. All kprobes are optimized if possible.
[    0.632657] HugeTLB: registered 1.00 GiB page size, pre-allocated 0 pages
[    0.633800] HugeTLB: 16380 KiB vmemmap can be freed for a 1.00 GiB page
[    0.634945] HugeTLB: registered 2.00 MiB page size, pre-allocated 0 pages
[    0.636123] HugeTLB: 28 KiB vmemmap can be freed for a 2.00 MiB page
[    0.641050] ACPI: Added _OSI(Module Device)
[    0.641827] ACPI: Added _OSI(Processor Device)
[    0.642646] ACPI: Added _OSI(Processor Aggregator Device)
[    0.648777] ACPI: 1 ACPI AML tables successfully acquired and loaded
[    0.652566] ACPI: Interpreter enabled
[    0.653257] ACPI: PM: (supports S0 S3 S4 S5)
[    0.654041] ACPI: Using IOAPIC for interrupt routing
[    0.654967] PCI: Using host bridge windows from ACPI; if necessary, use "pci=nocrs" and report a bug
[    0.656377] PCI: Using E820 reservations for host bridge windows
[    0.658219] ACPI: Enabled 2 GPEs in block 00 to 3F
[    0.661108] ACPI: PCI Root Bridge [PCI0] (domain 0000 [bus 00-ff])
[    0.662251] acpi PNP0A08:00: _OSC: OS supports [ExtendedConfig ASPM ClockPM Segments MSI HPX-Type3]
[    0.663946] acpi PNP0A08:00: _OSC: platform does not support [PCIeHotplug LTR]
[    0.664435] acpi PNP0A08:00: _OSC: OS now controls [SHPCHotplug PME AER PCIeCapability]
[    0.665988] PCI host bridge to bus 0000:00
[    0.666727] pci_bus 0000:00: root bus resource [io  0x0000-0x0cf7 window]
[    0.667973] pci_bus 0000:00: root bus resource [io  0x0d00-0xffff window]
[    0.668378] pci_bus 0000:00: root bus resource [mem 0x000a0000-0x000bffff window]
[    0.669908] pci_bus 0000:00: root bus resource [mem 0x80000000-0xafffffff window]
[    0.671308] pci_bus 0000:00: root bus resource [mem 0xc0000000-0xfebfffff window]
[    0.672378] pci_bus 0000:00: root bus resource [mem 0x280000000-0xa7fffffff window]
[    0.673658] pci_bus 0000:00: root bus resource [bus 00-ff]
[    0.674790] pci 0000:00:00.0: [8086:29c0] type 00 class 0x060000 conventional PCI endpoint
[    0.677029] pci 0000:00:01.0: [1234:1111] type 00 class 0x030000 conventional PCI endpoint
[    0.680159] pci 0000:00:01.0: BAR 0 [mem 0xfd000000-0xfdffffff pref]
[    0.682640] pci 0000:00:01.0: BAR 2 [mem 0xfebd4000-0xfebd4fff]
[    0.688276] pci 0000:00:01.0: ROM [mem 0xfebc0000-0xfebcffff pref]
[    0.688512] pci 0000:00:01.0: Video device with shadowed ROM at [mem 0x000c0000-0x000dffff]
[    0.690278] pci 0000:00:02.0: [8086:10d3] type 00 class 0x020000 PCIe Root Complex Integrated Endpoint
[    0.692784] pci 0000:00:02.0: BAR 0 [mem 0xfeb80000-0xfeb9ffff]
[    0.694705] pci 0000:00:02.0: BAR 1 [mem 0xfeba0000-0xfebbffff]
[    0.696377] pci 0000:00:02.0: BAR 2 [io  0xc040-0xc05f]
[    0.698470] pci 0000:00:02.0: BAR 3 [mem 0xfebd0000-0xfebd3fff]
[    0.701498] pci 0000:00:02.0: ROM [mem 0xfeb40000-0xfeb7ffff pref]
[    0.702743] pci 0000:00:02.0: enabling Extended Tags
[    0.704819] pci 0000:00:1f.0: [8086:2918] type 00 class 0x060100 conventional PCI endpoint
[    0.706869] pci 0000:00:1f.0: quirk: [io  0x0600-0x067f] claimed by ICH6 ACPI/GPIO/TCO
[    0.708693] pci 0000:00:1f.2: [8086:2922] type 00 class 0x010601 conventional PCI endpoint
[    0.712605] pci 0000:00:1f.2: BAR 4 [io  0xc060-0xc07f]
[    0.713980] pci 0000:00:1f.2: BAR 5 [mem 0xfebd5000-0xfebd5fff]
[    0.716178] pci 0000:00:1f.3: [8086:2930] type 00 class 0x0c0500 conventional PCI endpoint
[    0.718330] pci 0000:00:1f.3: BAR 4 [io  0x0700-0x073f]
[    0.721339] ACPI: PCI: Interrupt link LNKA configured for IRQ 10
[    0.722441] ACPI: PCI: Interrupt link LNKB configured for IRQ 10
[    0.723542] ACPI: PCI: Interrupt link LNKC configured for IRQ 11
[    0.724461] ACPI: PCI: Interrupt link LNKD configured for IRQ 11
[    0.725588] ACPI: PCI: Interrupt link LNKE configured for IRQ 10
[    0.726752] ACPI: PCI: Interrupt link LNKF configured for IRQ 10
[    0.728162] ACPI: PCI: Interrupt link LNKG configured for IRQ 11
[    0.728461] ACPI: PCI: Interrupt link LNKH configured for IRQ 11
[    0.729571] ACPI: PCI: Interrupt link GSIA configured for IRQ 16
[    0.730590] ACPI: PCI: Interrupt link GSIB configured for IRQ 17
[    0.731571] ACPI: PCI: Interrupt link GSIC configured for IRQ 18
[    0.732384] ACPI: PCI: Interrupt link GSID configured for IRQ 19
[    0.733484] ACPI: PCI: Interrupt link GSIE configured for IRQ 20
[    0.734548] ACPI: PCI: Interrupt link GSIF configured for IRQ 21
[    0.735613] ACPI: PCI: Interrupt link GSIG configured for IRQ 22
[    0.736386] ACPI: PCI: Interrupt link GSIH configured for IRQ 23
[    0.737873] iommu: Default domain type: Translated
[    0.738705] iommu: DMA domain TLB invalidation policy: lazy mode
[    0.739887] pps_core: LinuxPPS API ver. 1 registered
[    0.740377] pps_core: Software ver. 5.3.6 - Copyright 2005-2007 Rodolfo Giometti <giometti@linux.it>
[    0.741987] PTP clock support registered
[    0.742662] EDAC MC: Ver: 3.0.0
[    0.743721] NetLabel: Initializing
[    0.744321] NetLabel:  domain hash size = 128
[    0.744377] NetLabel:  protocols = UNLABELED CIPSOv4 CALIPSO
[    0.745405] NetLabel:  unlabeled traffic allowed by default
[    0.746347] PCI: Using ACPI for IRQ routing
[    0.826769] pci 0000:00:01.0: vgaarb: setting as boot VGA device
[    0.827751] pci 0000:00:01.0: vgaarb: bridge control possible
[    0.828374] pci 0000:00:01.0: vgaarb: VGA device added: decodes=io+mem,owns=io+mem,locks=none
[    0.828377] vgaarb: loaded
[    0.828932] hpet0: at MMIO 0xfed00000, IRQs 2, 8, 0
[    0.829835] hpet0: 3 comparators, 64-bit 100.000000 MHz counter
[    0.835487] clocksource: Switched to clocksource kvm-clock
[    0.836374] VFS: Disk quotas dquot_6.6.0
[    0.836374] VFS: Dquot-cache hash table entries: 512 (order 0, 4096 bytes)
[    0.836374] AppArmor: AppArmor Filesystem Enabled
[    0.837002] pnp: PnP ACPI init
[    0.837364] system 00:05: [mem 0xb0000000-0xbfffffff window] has been reserved
[    0.839213] pnp: PnP ACPI: found 6 devices
[    0.845753] clocksource: acpi_pm: mask: 0xffffff max_cycles: 0xffffff, max_idle_ns: 2085701024 ns
[    0.847430] NET: Registered PF_INET protocol family
[    0.848681] IP idents hash table entries: 131072 (order: 8, 1048576 bytes, linear)
[    0.862750] tcp_listen_portaddr_hash hash table entries: 4096 (order: 4, 65536 bytes, linear)
[    0.864284] Table-perturb hash table entries: 65536 (order: 6, 262144 bytes, linear)
[    0.865627] TCP established hash table entries: 65536 (order: 7, 524288 bytes, linear)
[    0.867224] TCP bind hash table entries: 65536 (order: 9, 2097152 bytes, linear)
[    0.868736] TCP: Hash tables configured (established 65536 bind 65536)
[    0.869944] MPTCP token hash table entries: 8192 (order: 6, 196608 bytes, linear)
[    0.871261] UDP hash table entries: 4096 (order: 5, 131072 bytes, linear)
[    0.872581] UDP-Lite hash table entries: 4096 (order: 5, 131072 bytes, linear)
[    0.873899] NET: Registered PF_UNIX/PF_LOCAL protocol family
[    0.874923] NET: Registered PF_XDP protocol family
[    0.875820] pci_bus 0000:00: resource 4 [io  0x0000-0x0cf7 window]
[    0.876890] pci_bus 0000:00: resource 5 [io  0x0d00-0xffff window]
[    0.877980] pci_bus 0000:00: resource 6 [mem 0x000a0000-0x000bffff window]
[    0.879197] pci_bus 0000:00: resource 7 [mem 0x80000000-0xafffffff window]
[    0.880351] pci_bus 0000:00: resource 8 [mem 0xc0000000-0xfebfffff window]
[    0.881469] pci_bus 0000:00: resource 9 [mem 0x280000000-0xa7fffffff window]
[    0.882750] PCI: CLS 0 bytes, default 64
[    0.883586] Trying to unpack rootfs image as initramfs...
[    0.887024] PCI-DMA: Using software bounce buffering for IO (SWIOTLB)
[    0.888171] software IO TLB: mapped [mem 0x0000000075c87000-0x0000000079c87000] (64MB)
[    0.889567] clocksource: tsc: mask: 0xffffffffffffffff max_cycles: 0x33e451ab1a6, max_idle_ns: 440795278720 ns
[    0.895235] Initialise system trusted keyrings
[    0.896053] Key type blacklist registered
[    0.899087] workingset: timestamp_bits=36 max_order=21 bucket_order=0
[    0.900260] zbud: loaded
[    0.903079] fuse: init (API version 7.41)
[    0.903966] integrity: Platform Keyring initialized
[    0.904853] integrity: Machine keyring initialized
[    0.943024] Key type asymmetric registered
[    0.943743] Asymmetric key parser 'x509' registered
[    1.678016] Freeing initrd memory: 101668K
[    1.679642] Block layer SCSI generic (bsg) driver version 0.4 loaded (major 246)
[    1.680926] io scheduler mq-deadline registered
[    1.682766] ledtrig-cpu: registered to indicate activity on CPUs
[    1.683962] shpchp: Standard Hot Plug PCI Controller Driver version: 0.4
[    1.685355] Serial: 8250/16550 driver, 4 ports, IRQ sharing enabled
[    1.686879] 00:03: ttyS0 at I/O 0x3f8 (irq = 4, base_baud = 115200) is a 16550A
[    1.688608] Linux agpgart interface v0.103
[    1.689520] i8042: PNP: PS/2 Controller [PNP0303:KBD,PNP0f13:MOU] at 0x60,0x64 irq 1,12
[    1.691744] serio: i8042 KBD port at 0x60,0x64 irq 1
[    1.692628] serio: i8042 AUX port at 0x60,0x64 irq 12
[    1.693616] mousedev: PS/2 mouse device common for all mice
[    1.694884] input: AT Translated Set 2 keyboard as /devices/platform/i8042/serio0/input/input0
[    1.696672] rtc_cmos 00:04: RTC can wake from S4
[    1.697950] rtc_cmos 00:04: registered as rtc0
[    1.698759] rtc_cmos 00:04: setting system clock to 2026-07-10T14:24:05 UTC (1783693445)
[    1.700264] rtc_cmos 00:04: alarms up to one day, y3k, 242 bytes nvram, hpet irqs
[    1.701509] intel_pstate: CPU model not supported
[    1.702963] NET: Registered PF_INET6 protocol family
[    1.704577] Segment Routing with IPv6
[    1.705226] In-situ OAM (IOAM) with IPv6
[    1.705919] mip6: Mobile IPv6
[    1.706452] NET: Registered PF_PACKET protocol family
[    1.707364] mpls_gso: MPLS GSO support
[    1.708155] IPI shorthand broadcast: enabled
[    1.710353] sched_clock: Marking stable (1388355994, 318979755)->(1877466870, -170131121)
[    1.711864] registered taskstats version 1
[    1.712684] Loading compiled-in X.509 certificates
[    1.733299] Loaded X.509 cert 'Build time autogenerated kernel key: e87b99600394fc77ba6018a2cc6a68db4bb86ee6'
[    1.736769] Demotion targets for Node 0: null
[    1.737567] Key type .fscrypt registered
[    1.738251] Key type fscrypt-provisioning registered
[    1.739880] Key type encrypted registered
[    1.740702] AppArmor: AppArmor sha256 policy hashing enabled
[    1.741902] ima: No TPM chip found, activating TPM-bypass!
[    1.743068] ima: Allocated hash algorithm: sha256
[    1.744042] ima: No architecture policies found
[    1.744867] evm: Initialising EVM extended attributes:
[    1.745769] evm: security.selinux
[    1.746332] evm: security.SMACK64 (disabled)
[    1.747076] evm: security.SMACK64EXEC (disabled)
[    1.747995] evm: security.SMACK64TRANSMUTE (disabled)
[    1.749031] evm: security.SMACK64MMAP (disabled)
[    1.749776] evm: security.apparmor
[    1.750344] evm: security.ima
[    1.750841] evm: security.capability
[    1.751459] evm: HMAC attrs: 0x1
[    1.783051] RAS: Correctable Errors collector initialized.
[    1.800431] clk: Disabling unused clocks
[    1.801115] PM: genpd: Disabling unused power domains
[    1.807234] Freeing unused decrypted memory: 2028K
[    1.808227] Freeing unused kernel image (initmem) memory: 4164K
[    1.808933] Write protecting the kernel read-only data: 28672k
[    1.809873] Freeing unused kernel image (rodata/data gap) memory: 480K
[    1.846200] x86/mm: Checked W+X mappings: passed, no W+X pages found.
[    1.890997] Run /init as init process
NESTED_X86_L1_BOOT_OK
Linux (none) 6.12.90+deb13.1-amd64 #1 SMP PREEMPT_DYNAMIC Debian 6.12.90-2 (2026-05-27) x86_64 GNU/Linux
              total        used        free      shared  buff/cache   available
Mem:           7948          55        7671         221         222        7535
console=ttyS0 rdinit=/init panic=-1 harmony.gates=n3_repeat_gate harmony.env=N3_REPS=1000,N3_ITEM=insn-rng,N3_PROGRESS=25
msr: loaded
irqbypass: loaded
[    1.933124] kvm: loading out-of-tree module taints kernel.
[    1.933874] kvm: module verification failed: signature and/or required key missing - tainting kernel
kvm(PATCHED): loaded
kvm-intel(PATCHED): loaded
L1_DEV_KVM_PRESENT
NESTED_X86_L2_PIN_CHECK_BEGIN
f06a34a79010a8f2cc8226dc629cc8fb049740016f035f53e3f2e53d9a30dd41  guest/build/bzImage
3c4a7f2f0db4b59aaf4dee55d43a42c57fc0d10ac25441de88128c61be0778c2  guest/build/initramfs-postgres.cpio.gz
NESTED_X86_L2_PIN_CHECK_END
ENV N3_REPS=1000
ENV N3_ITEM=insn-rng
ENV N3_PROGRESS=25
NESTED_X86_GATE_BEGIN n3_repeat_gate 

running 1 test
test n3_repeat_gate ... N3JSON {"event":"start","item":"insn-rng","reps":1000,"seed":11471204516818368}
N3JSON {"event":"progress","attempted":25,"identical":25,"mismatches":0}
N3JSON {"event":"progress","attempted":50,"identical":50,"mismatches":0}
