[    0.000000] Linux version 6.12.90+deb13.1-amd64 (debian-kernel@lists.debian.org) (x86_64-linux-gnu-gcc-14 (Debian 14.2.0-19) 14.2.0, GNU ld (GNU Binutils for Debian) 2.44) #1 SMP PREEMPT_DYNAMIC Debian 6.12.90-2 (2026-05-27)
[    0.000000] Command line: console=ttyS0 rdinit=/init panic=-1 harmony.gates=n2_nested_hammer harmony.env=N2_DEADLINES=100000,N2_SEED=2600001010,N2_PROGRESS=25000
[    0.000000] BIOS-provided physical RAM map:
[    0.000000] BIOS-e820: [mem 0x0000000000000000-0x000000000009fbff] usable
[    0.000000] BIOS-e820: [mem 0x000000000009fc00-0x000000000009ffff] reserved
[    0.000000] BIOS-e820: [mem 0x00000000000f0000-0x00000000000fffff] reserved
[    0.000000] BIOS-e820: [mem 0x0000000000100000-0x000000007ffdefff] usable
[    0.000000] BIOS-e820: [mem 0x000000007ffdf000-0x000000007fffffff] reserved
[    0.000000] BIOS-e820: [mem 0x00000000b0000000-0x00000000bfffffff] reserved
[    0.000000] BIOS-e820: [mem 0x00000000fed1c000-0x00000000fed1ffff] reserved
[    0.000000] BIOS-e820: [mem 0x00000000feffc000-0x00000000feffffff] reserved
[    0.000000] BIOS-e820: [mem 0x00000000fffc0000-0x00000000ffffffff] reserved
[    0.000000] BIOS-e820: [mem 0x0000000100000000-0x000000027fffffff] usable
[    0.000000] NX (Execute Disable) protection: active
[    0.000000] APIC: Static calls initialized
[    0.000000] SMBIOS 2.8 present.
[    0.000000] DMI: QEMU Standard PC (Q35 + ICH9, 2009), BIOS 1.16.3-debian-1.16.3-2 04/01/2014
[    0.000000] DMI: Memory slots populated: 1/1
[    0.000000] Hypervisor detected: KVM
[    0.000000] last_pfn = 0x7ffdf max_arch_pfn = 0x400000000
[    0.000000] kvm-clock: Using msrs 4b564d01 and 4b564d00
[    0.000001] kvm-clock: using sched offset of 222765706 cycles
[    0.000003] clocksource: kvm-clock: mask: 0xffffffffffffffff max_cycles: 0x1cd42e4dffb, max_idle_ns: 881590591483 ns
[    0.000007] tsc: Detected 3599.998 MHz processor
[    0.001583] last_pfn = 0x280000 max_arch_pfn = 0x400000000
[    0.001612] MTRR map: 4 entries (3 fixed + 1 variable; max 19), built from 8 variable MTRRs
[    0.001615] x86/PAT: Configuration [0-7]: WB  WC  UC- UC  WB  WP  UC- WT  
[    0.001654] last_pfn = 0x7ffdf max_arch_pfn = 0x400000000
[    0.008533] found SMP MP-table at [mem 0x000f5480-0x000f548f]
[    0.008557] Using GB pages for direct mapping
[    0.008713] RAMDISK: [mem 0x7b44c000-0x7ffcffff]
[    0.008722] ACPI: Early table checksum verification disabled
[    0.008725] ACPI: RSDP 0x00000000000F52A0 000014 (v00 BOCHS )
[    0.008729] ACPI: RSDT 0x000000007FFE2351 000038 (v01 BOCHS  BXPC     00000001 BXPC 00000001)
[    0.008735] ACPI: FACP 0x000000007FFE2149 0000F4 (v03 BOCHS  BXPC     00000001 BXPC 00000001)
[    0.008740] ACPI: DSDT 0x000000007FFE0040 002109 (v01 BOCHS  BXPC     00000001 BXPC 00000001)
[    0.008744] ACPI: FACS 0x000000007FFE0000 000040
[    0.008748] ACPI: APIC 0x000000007FFE223D 000078 (v03 BOCHS  BXPC     00000001 BXPC 00000001)
[    0.008750] ACPI: HPET 0x000000007FFE22B5 000038 (v01 BOCHS  BXPC     00000001 BXPC 00000001)
[    0.008753] ACPI: MCFG 0x000000007FFE22ED 00003C (v01 BOCHS  BXPC     00000001 BXPC 00000001)
[    0.008758] ACPI: WAET 0x000000007FFE2329 000028 (v01 BOCHS  BXPC     00000001 BXPC 00000001)
[    0.008761] ACPI: Reserving FACP table memory at [mem 0x7ffe2149-0x7ffe223c]
[    0.008763] ACPI: Reserving DSDT table memory at [mem 0x7ffe0040-0x7ffe2148]
[    0.008764] ACPI: Reserving FACS table memory at [mem 0x7ffe0000-0x7ffe003f]
[    0.008765] ACPI: Reserving APIC table memory at [mem 0x7ffe223d-0x7ffe22b4]
[    0.008766] ACPI: Reserving HPET table memory at [mem 0x7ffe22b5-0x7ffe22ec]
[    0.008767] ACPI: Reserving MCFG table memory at [mem 0x7ffe22ed-0x7ffe2328]
[    0.008767] ACPI: Reserving WAET table memory at [mem 0x7ffe2329-0x7ffe2350]
[    0.009180] No NUMA configuration found
[    0.009181] Faking a node at [mem 0x0000000000000000-0x000000027fffffff]
[    0.009190] NODE_DATA(0) allocated [mem 0x27ffd5680-0x27fffffff]
[    0.009646] Zone ranges:
[    0.009647]   DMA      [mem 0x0000000000001000-0x0000000000ffffff]
[    0.009649]   DMA32    [mem 0x0000000001000000-0x00000000ffffffff]
[    0.009650]   Normal   [mem 0x0000000100000000-0x000000027fffffff]
[    0.009653]   Device   empty
[    0.009654] Movable zone start for each node
[    0.009656] Early memory node ranges
[    0.009656]   node   0: [mem 0x0000000000001000-0x000000000009efff]
[    0.009657]   node   0: [mem 0x0000000000100000-0x000000007ffdefff]
[    0.009658]   node   0: [mem 0x0000000100000000-0x000000027fffffff]
[    0.009661] Initmem setup node 0 [mem 0x0000000000001000-0x000000027fffffff]
[    0.009840] On node 0, zone DMA: 1 pages in unavailable ranges
[    0.009860] On node 0, zone DMA: 97 pages in unavailable ranges
[    0.014913] On node 0, zone Normal: 33 pages in unavailable ranges
[    0.015483] ACPI: PM-Timer IO Port: 0x608
[    0.015501] ACPI: LAPIC_NMI (acpi_id[0xff] dfl dfl lint[0x1])
[    0.015533] IOAPIC[0]: apic_id 0, version 17, address 0xfec00000, GSI 0-23
[    0.015537] ACPI: INT_SRC_OVR (bus 0 bus_irq 0 global_irq 2 dfl dfl)
[    0.015540] ACPI: INT_SRC_OVR (bus 0 bus_irq 5 global_irq 5 high level)
[    0.015541] ACPI: INT_SRC_OVR (bus 0 bus_irq 9 global_irq 9 high level)
[    0.015542] ACPI: INT_SRC_OVR (bus 0 bus_irq 10 global_irq 10 high level)
[    0.015544] ACPI: INT_SRC_OVR (bus 0 bus_irq 11 global_irq 11 high level)
[    0.015549] ACPI: Using ACPI (MADT) for SMP configuration information
[    0.015550] ACPI: HPET id: 0x8086a201 base: 0xfed00000
[    0.015554] TSC deadline timer available
[    0.015559] CPU topo: Max. logical packages:   1
[    0.015560] CPU topo: Max. logical dies:       1
[    0.015560] CPU topo: Max. dies per package:   1
[    0.015566] CPU topo: Max. threads per core:   1
[    0.015567] CPU topo: Num. cores per package:     1
[    0.015568] CPU topo: Num. threads per package:   1
[    0.015568] CPU topo: Allowing 1 present CPUs plus 0 hotplug CPUs
[    0.015588] kvm-guest: APIC: eoi() replaced with kvm_guest_apic_eoi_write()
[    0.015608] PM: hibernation: Registered nosave memory: [mem 0x00000000-0x00000fff]
[    0.015611] PM: hibernation: Registered nosave memory: [mem 0x0009f000-0x000fffff]
[    0.015613] PM: hibernation: Registered nosave memory: [mem 0x7ffdf000-0xffffffff]
[    0.015614] [mem 0xc0000000-0xfed1bfff] available for PCI devices
[    0.015616] Booting paravirtualized kernel on KVM
[    0.015618] clocksource: refined-jiffies: mask: 0xffffffff max_cycles: 0xffffffff, max_idle_ns: 7645519600211568 ns
[    0.019940] setup_percpu: NR_CPUS:8192 nr_cpumask_bits:1 nr_cpu_ids:1 nr_node_ids:1
[    0.020231] percpu: Embedded 66 pages/cpu s233472 r8192 d28672 u2097152
[    0.020269] kvm-guest: PV spinlocks disabled, single CPU
[    0.020270] Kernel command line: console=ttyS0 rdinit=/init panic=-1 harmony.gates=n2_nested_hammer harmony.env=N2_DEADLINES=100000,N2_SEED=2600001010,N2_PROGRESS=25000
[    0.020347] random: crng init done
[    0.021384] Dentry cache hash table entries: 1048576 (order: 11, 8388608 bytes, linear)
[    0.021908] Inode-cache hash table entries: 524288 (order: 10, 4194304 bytes, linear)
[    0.021954] Fallback order for Node 0: 0 
[    0.021956] Built 1 zonelists, mobility grouping on.  Total pages: 2097021
[    0.021957] Policy zone: Normal
[    0.021966] mem auto-init: stack:all(zero), heap alloc:on, heap free:off
[    0.021971] software IO TLB: area num 1.
[    0.042457] SLUB: HWalign=64, Order=0-3, MinObjects=0, CPUs=1, Nodes=1
[    0.042493] ftrace: allocating 45769 entries in 179 pages
[    0.049532] ftrace: allocated 179 pages with 5 groups
[    0.050193] Dynamic Preempt: voluntary
[    0.050390] rcu: Preemptible hierarchical RCU implementation.
[    0.050391] rcu: 	RCU restricting CPUs from NR_CPUS=8192 to nr_cpu_ids=1.
[    0.050392] 	Trampoline variant of Tasks RCU enabled.
[    0.050393] 	Rude variant of Tasks RCU enabled.
[    0.050393] 	Tracing variant of Tasks RCU enabled.
[    0.050393] rcu: RCU calculated value of scheduler-enlistment delay is 25 jiffies.
[    0.050394] rcu: Adjusting geometry for rcu_fanout_leaf=16, nr_cpu_ids=1
[    0.050400] RCU Tasks: Setting shift to 0 and lim to 1 rcu_task_cb_adjust=1 rcu_task_cpu_ids=1.
[    0.050402] RCU Tasks Rude: Setting shift to 0 and lim to 1 rcu_task_cb_adjust=1 rcu_task_cpu_ids=1.
[    0.050403] RCU Tasks Trace: Setting shift to 0 and lim to 1 rcu_task_cb_adjust=1 rcu_task_cpu_ids=1.
[    0.056097] NR_IRQS: 524544, nr_irqs: 256, preallocated irqs: 16
[    0.056342] rcu: srcu_init: Setting srcu_struct sizes based on contention.
[    0.073326] Console: colour VGA+ 80x25
[    0.073382] printk: legacy console [ttyS0] enabled
[    0.236848] ACPI: Core revision 20240827
[    0.237918] clocksource: hpet: mask: 0xffffffff max_cycles: 0xffffffff, max_idle_ns: 19112604467 ns
[    0.240025] APIC: Switch to symmetric I/O mode setup
[    0.241244] x2apic enabled
[    0.242058] APIC: Switched APIC routing to: physical x2apic
[    0.244207] ..TIMER: vector=0x30 apic1=0 pin1=2 apic2=-1 pin2=-1
[    0.245471] clocksource: tsc-early: mask: 0xffffffffffffffff max_cycles: 0x33e451ab1a6, max_idle_ns: 440795278720 ns
[    0.247685] Calibrating delay loop (skipped) preset value.. 7199.99 BogoMIPS (lpj=14399992)
[    0.251791] x86/cpu: User Mode Instruction Prevention (UMIP) activated
[    0.253218] Last level iTLB entries: 4KB 0, 2MB 0, 4MB 0
[    0.255685] Last level dTLB entries: 4KB 0, 2MB 0, 4MB 0, 1GB 0
[    0.256925] Spectre V1 : Mitigation: usercopy/swapgs barriers and __user pointer sanitization
[    0.258686] Spectre V2 : Spectre BHI mitigation: SW BHB clearing on syscall and VM exit
[    0.259684] Spectre V2 : Mitigation: IBRS
[    0.260518] Spectre V2 : Spectre v2 / SpectreRSB: Filling RSB on context switch and VMEXIT
[    0.262259] RETBleed: Mitigation: IBRS
[    0.263051] Spectre V2 : mitigation: Enabling conditional Indirect Branch Prediction Barrier
[    0.263681] Speculative Store Bypass: Mitigation: Speculative Store Bypass disabled via prctl
[    0.263690] MDS: Mitigation: Clear CPU buffers
[    0.267684] MMIO Stale Data: Mitigation: Clear CPU buffers
[    0.268814] SRBDS: Unknown: Dependent on hypervisor status
[    0.269947] active return thunk: its_return_thunk
[    0.271683] ITS: Mitigation: Aligned branch/return thunks
[    0.272826] x86/fpu: Supporting XSAVE feature 0x001: 'x87 floating point registers'
[    0.274414] x86/fpu: Supporting XSAVE feature 0x002: 'SSE registers'
[    0.275684] x86/fpu: Supporting XSAVE feature 0x004: 'AVX registers'
[    0.276997] x86/fpu: Supporting XSAVE feature 0x008: 'MPX bounds registers'
[    0.278430] x86/fpu: Supporting XSAVE feature 0x010: 'MPX CSR'
[    0.279684] x86/fpu: xstate_offset[2]:  576, xstate_sizes[2]:  256
[    0.280956] x86/fpu: xstate_offset[3]:  832, xstate_sizes[3]:   64
[    0.282232] x86/fpu: xstate_offset[4]:  896, xstate_sizes[4]:   64
[    0.283683] x86/fpu: Enabled xstate features 0x1f, context size is 960 bytes, using 'compacted' format.
[    0.325174] Freeing SMP alternatives memory: 40K
[    0.326162] pid_max: default: 32768 minimum: 301
[    0.327192] LSM: initializing lsm=lockdown,capability,landlock,yama,apparmor,tomoyo,bpf,ipe,ima,evm
[    0.327743] landlock: Up and running.
[    0.328510] Yama: disabled by default; enable with sysctl kernel.yama.*
[    0.329998] AppArmor: AppArmor initialized
[    0.331705] TOMOYO Linux initialized
[    0.332626] LSM support for eBPF active
[    0.333662] Mount-cache hash table entries: 16384 (order: 5, 131072 bytes, linear)
[    0.335689] Mountpoint-cache hash table entries: 16384 (order: 5, 131072 bytes, linear)
[    0.337648] smpboot: CPU0: Intel(R) Core(TM) i9-9900K CPU @ 3.60GHz (family: 0x6, model: 0x9e, stepping: 0xc)
[    0.339681] Performance Events: Skylake events, full-width counters, Intel PMU driver.
[    0.339681] ... version:                2
[    0.339686] ... bit width:              48
[    0.340569] ... generic registers:      4
[    0.341422] ... value mask:             0000ffffffffffff
[    0.342516] ... max period:             00007fffffffffff
[    0.343604] ... fixed-purpose events:   3
[    0.343685] ... event mask:             000000070000000f
[    0.344888] signal: max sigframe size: 2032
[    0.345779] rcu: Hierarchical SRCU implementation.
[    0.346775] rcu: 	Max phase no-delay instances is 1000.
[    0.351047] smp: Bringing up secondary CPUs ...
[    0.351703] smp: Brought up 1 node, 1 CPU
[    0.352551] smpboot: Total of 1 processors activated (7199.99 BogoMIPS)
[    0.372176] node 0 deferred pages initialised in 20ms
[    0.373274] Memory: 8051068K/8388084K available (16384K kernel code, 2497K rwdata, 11808K rodata, 4164K init, 4916K bss, 333212K reserved, 0K cma-reserved)
[    0.376087] devtmpfs: initialized
[    0.376814] x86/mm: Memory block size: 128MB
[    0.378529] clocksource: jiffies: mask: 0xffffffff max_cycles: 0xffffffff, max_idle_ns: 7645041785100000 ns
[    0.379695] futex hash table entries: 256 (order: 2, 16384 bytes, linear)
[    0.381180] pinctrl core: initialized pinctrl subsystem
[    0.382864] NET: Registered PF_NETLINK/PF_ROUTE protocol family
[    0.383829] DMA: preallocated 1024 KiB GFP_KERNEL pool for atomic allocations
[    0.385426] DMA: preallocated 1024 KiB GFP_KERNEL|GFP_DMA pool for atomic allocations
[    0.387242] DMA: preallocated 1024 KiB GFP_KERNEL|GFP_DMA32 pool for atomic allocations
[    0.387697] audit: initializing netlink subsys (disabled)
[    0.388874] audit: type=2000 audit(1783924281.860:1): state=initialized audit_enabled=0 res=1
[    0.390727] thermal_sys: Registered thermal governor 'fair_share'
[    0.390729] thermal_sys: Registered thermal governor 'bang_bang'
[    0.391691] thermal_sys: Registered thermal governor 'step_wise'
[    0.392950] thermal_sys: Registered thermal governor 'user_space'
[    0.394196] thermal_sys: Registered thermal governor 'power_allocator'
[    0.395514] cpuidle: using governor ladder
[    0.396553] cpuidle: using governor menu
[    0.397439] acpiphp: ACPI Hot Plug PCI Controller Driver version: 0.5
[    0.399012] PCI: ECAM [mem 0xb0000000-0xbfffffff] (base 0xb0000000) for domain 0000 [bus 00-ff]
[    0.399691] PCI: ECAM [mem 0xb0000000-0xbfffffff] reserved as E820 entry
[    0.401128] PCI: Using configuration type 1 for base access
[    0.402421] kprobes: kprobe jump-optimization is enabled. All kprobes are optimized if possible.
[    0.431869] HugeTLB: registered 1.00 GiB page size, pre-allocated 0 pages
[    0.433344] HugeTLB: 16380 KiB vmemmap can be freed for a 1.00 GiB page
[    0.434707] HugeTLB: registered 2.00 MiB page size, pre-allocated 0 pages
[    0.435684] HugeTLB: 28 KiB vmemmap can be freed for a 2.00 MiB page
[    0.440570] ACPI: Added _OSI(Module Device)
[    0.441466] ACPI: Added _OSI(Processor Device)
[    0.442406] ACPI: Added _OSI(Processor Aggregator Device)
[    0.445376] ACPI: 1 ACPI AML tables successfully acquired and loaded
[    0.447818] ACPI: Interpreter enabled
[    0.448638] ACPI: PM: (supports S0 S3 S4 S5)
[    0.449541] ACPI: Using IOAPIC for interrupt routing
[    0.450602] PCI: Using host bridge windows from ACPI; if necessary, use "pci=nocrs" and report a bug
[    0.451685] PCI: Using E820 reservations for host bridge windows
[    0.453013] ACPI: Enabled 2 GPEs in block 00 to 3F
[    0.456087] ACPI: PCI Root Bridge [PCI0] (domain 0000 [bus 00-ff])
[    0.457372] acpi PNP0A08:00: _OSC: OS supports [ExtendedConfig ASPM ClockPM Segments MSI HPX-Type3]
[    0.459309] acpi PNP0A08:00: _OSC: platform does not support [PCIeHotplug LTR]
[    0.459738] acpi PNP0A08:00: _OSC: OS now controls [SHPCHotplug PME AER PCIeCapability]
[    0.461588] PCI host bridge to bus 0000:00
[    0.462471] pci_bus 0000:00: root bus resource [io  0x0000-0x0cf7 window]
[    0.463686] pci_bus 0000:00: root bus resource [io  0x0d00-0xffff window]
[    0.465090] pci_bus 0000:00: root bus resource [mem 0x000a0000-0x000bffff window]
[    0.466702] pci_bus 0000:00: root bus resource [mem 0x80000000-0xafffffff window]
[    0.467686] pci_bus 0000:00: root bus resource [mem 0xc0000000-0xfebfffff window]
[    0.469260] pci_bus 0000:00: root bus resource [mem 0x280000000-0xa7fffffff window]
[    0.470879] pci_bus 0000:00: root bus resource [bus 00-ff]
[    0.471756] pci 0000:00:00.0: [8086:29c0] type 00 class 0x060000 conventional PCI endpoint
[    0.474162] pci 0000:00:01.0: [1234:1111] type 00 class 0x030000 conventional PCI endpoint
[    0.477756] pci 0000:00:01.0: BAR 0 [mem 0xfd000000-0xfdffffff pref]
[    0.481658] pci 0000:00:01.0: BAR 2 [mem 0xfebd4000-0xfebd4fff]
[    0.487736] pci 0000:00:01.0: ROM [mem 0xfebc0000-0xfebcffff pref]
[    0.489300] pci 0000:00:01.0: Video device with shadowed ROM at [mem 0x000c0000-0x000dffff]
[    0.491641] pci 0000:00:02.0: [8086:10d3] type 00 class 0x020000 PCIe Root Complex Integrated Endpoint
[    0.492767] pci 0000:00:02.0: BAR 0 [mem 0xfeb80000-0xfeb9ffff]
[    0.495349] pci 0000:00:02.0: BAR 1 [mem 0xfeba0000-0xfebbffff]
[    0.496608] pci 0000:00:02.0: BAR 2 [io  0xc040-0xc05f]
[    0.499033] pci 0000:00:02.0: BAR 3 [mem 0xfebd0000-0xfebd3fff]
[    0.504930] pci 0000:00:02.0: ROM [mem 0xfeb40000-0xfeb7ffff pref]
[    0.506281] pci 0000:00:02.0: enabling Extended Tags
[    0.508815] pci 0000:00:1f.0: [8086:2918] type 00 class 0x060100 conventional PCI endpoint
[    0.511213] pci 0000:00:1f.0: quirk: [io  0x0600-0x067f] claimed by ICH6 ACPI/GPIO/TCO
[    0.512035] pci 0000:00:1f.2: [8086:2922] type 00 class 0x010601 conventional PCI endpoint
[    0.516248] pci 0000:00:1f.2: BAR 4 [io  0xc060-0xc07f]
[    0.517950] pci 0000:00:1f.2: BAR 5 [mem 0xfebd5000-0xfebd5fff]
[    0.520215] pci 0000:00:1f.3: [8086:2930] type 00 class 0x0c0500 conventional PCI endpoint
[    0.524280] pci 0000:00:1f.3: BAR 4 [io  0x0700-0x073f]
[    0.527896] ACPI: PCI: Interrupt link LNKA configured for IRQ 10
[    0.529242] ACPI: PCI: Interrupt link LNKB configured for IRQ 10
[    0.530643] ACPI: PCI: Interrupt link LNKC configured for IRQ 11
[    0.531779] ACPI: PCI: Interrupt link LNKD configured for IRQ 11
[    0.533128] ACPI: PCI: Interrupt link LNKE configured for IRQ 10
[    0.534534] ACPI: PCI: Interrupt link LNKF configured for IRQ 10
[    0.535780] ACPI: PCI: Interrupt link LNKG configured for IRQ 11
[    0.537115] ACPI: PCI: Interrupt link LNKH configured for IRQ 11
[    0.538465] ACPI: PCI: Interrupt link GSIA configured for IRQ 16
[    0.539693] ACPI: PCI: Interrupt link GSIB configured for IRQ 17
[    0.540942] ACPI: PCI: Interrupt link GSIC configured for IRQ 18
[    0.542256] ACPI: PCI: Interrupt link GSID configured for IRQ 19
[    0.543508] ACPI: PCI: Interrupt link GSIE configured for IRQ 20
[    0.543692] ACPI: PCI: Interrupt link GSIF configured for IRQ 21
[    0.544986] ACPI: PCI: Interrupt link GSIG configured for IRQ 22
[    0.546254] ACPI: PCI: Interrupt link GSIH configured for IRQ 23
[    0.547970] iommu: Default domain type: Translated
[    0.549002] iommu: DMA domain TLB invalidation policy: lazy mode
[    0.550432] pps_core: LinuxPPS API ver. 1 registered
[    0.551467] pps_core: Software ver. 5.3.6 - Copyright 2005-2007 Rodolfo Giometti <giometti@linux.it>
[    0.551691] PTP clock support registered
[    0.552522] EDAC MC: Ver: 3.0.0
[    0.553789] NetLabel: Initializing
[    0.554506] NetLabel:  domain hash size = 128
[    0.555480] NetLabel:  protocols = UNLABELED CIPSOv4 CALIPSO
[    0.555714] NetLabel:  unlabeled traffic allowed by default
[    0.556868] PCI: Using ACPI for IRQ routing
[    0.649250] pci 0000:00:01.0: vgaarb: setting as boot VGA device
[    0.650575] pci 0000:00:01.0: vgaarb: bridge control possible
[    0.651681] pci 0000:00:01.0: vgaarb: VGA device added: decodes=io+mem,owns=io+mem,locks=none
[    0.651687] vgaarb: loaded
[    0.652329] hpet0: at MMIO 0xfed00000, IRQs 2, 8, 0
[    0.653343] hpet0: 3 comparators, 64-bit 100.000000 MHz counter
[    0.657797] clocksource: Switched to clocksource kvm-clock
[    0.659681] VFS: Disk quotas dquot_6.6.0
[    0.659681] VFS: Dquot-cache hash table entries: 512 (order 0, 4096 bytes)
[    0.660165] AppArmor: AppArmor Filesystem Enabled
[    0.661251] pnp: PnP ACPI init
[    0.661591] system 00:05: [mem 0xb0000000-0xbfffffff window] has been reserved
[    0.663907] pnp: PnP ACPI: found 6 devices
[    0.670696] clocksource: acpi_pm: mask: 0xffffff max_cycles: 0xffffff, max_idle_ns: 2085701024 ns
[    0.672631] NET: Registered PF_INET protocol family
[    0.673913] IP idents hash table entries: 131072 (order: 8, 1048576 bytes, linear)
[    0.687298] tcp_listen_portaddr_hash hash table entries: 4096 (order: 4, 65536 bytes, linear)
[    0.689139] Table-perturb hash table entries: 65536 (order: 6, 262144 bytes, linear)
[    0.690750] TCP established hash table entries: 65536 (order: 7, 524288 bytes, linear)
[    0.692778] TCP bind hash table entries: 65536 (order: 9, 2097152 bytes, linear)
[    0.694599] TCP: Hash tables configured (established 65536 bind 65536)
[    0.696037] MPTCP token hash table entries: 8192 (order: 6, 196608 bytes, linear)
[    0.697683] UDP hash table entries: 4096 (order: 5, 131072 bytes, linear)
[    0.699101] UDP-Lite hash table entries: 4096 (order: 5, 131072 bytes, linear)
[    0.700714] NET: Registered PF_UNIX/PF_LOCAL protocol family
[    0.701928] NET: Registered PF_XDP protocol family
[    0.702948] pci_bus 0000:00: resource 4 [io  0x0000-0x0cf7 window]
[    0.704242] pci_bus 0000:00: resource 5 [io  0x0d00-0xffff window]
[    0.705584] pci_bus 0000:00: resource 6 [mem 0x000a0000-0x000bffff window]
[    0.707002] pci_bus 0000:00: resource 7 [mem 0x80000000-0xafffffff window]
[    0.708468] pci_bus 0000:00: resource 8 [mem 0xc0000000-0xfebfffff window]
[    0.709921] pci_bus 0000:00: resource 9 [mem 0x280000000-0xa7fffffff window]
[    0.711499] PCI: CLS 0 bytes, default 64
[    0.712497] Trying to unpack rootfs image as initramfs...
[    0.715349] PCI-DMA: Using software bounce buffering for IO (SWIOTLB)
[    0.716732] software IO TLB: mapped [mem 0x000000007744c000-0x000000007b44c000] (64MB)
[    0.718439] clocksource: tsc: mask: 0xffffffffffffffff max_cycles: 0x33e451ab1a6, max_idle_ns: 440795278720 ns
[    0.727737] Initialise system trusted keyrings
[    0.728726] Key type blacklist registered
[    0.729642] workingset: timestamp_bits=36 max_order=21 bucket_order=0
[    0.730992] zbud: loaded
[    0.735557] fuse: init (API version 7.41)
[    0.736595] integrity: Platform Keyring initialized
[    0.737637] integrity: Machine keyring initialized
[    0.767380] Key type asymmetric registered
[    0.768262] Asymmetric key parser 'x509' registered
[    1.210914] Freeing initrd memory: 77328K
[    1.212621] Block layer SCSI generic (bsg) driver version 0.4 loaded (major 246)
[    1.214232] io scheduler mq-deadline registered
[    1.216235] ledtrig-cpu: registered to indicate activity on CPUs
[    1.217581] shpchp: Standard Hot Plug PCI Controller Driver version: 0.4
[    1.219170] Serial: 8250/16550 driver, 4 ports, IRQ sharing enabled
[    1.221040] 00:03: ttyS0 at I/O 0x3f8 (irq = 4, base_baud = 115200) is a 16550A
[    1.223093] Linux agpgart interface v0.103
[    1.224217] i8042: PNP: PS/2 Controller [PNP0303:KBD,PNP0f13:MOU] at 0x60,0x64 irq 1,12
[    1.226785] serio: i8042 KBD port at 0x60,0x64 irq 1
[    1.227839] serio: i8042 AUX port at 0x60,0x64 irq 12
[    1.229021] mousedev: PS/2 mouse device common for all mice
[    1.230546] input: AT Translated Set 2 keyboard as /devices/platform/i8042/serio0/input/input0
[    1.232662] rtc_cmos 00:04: RTC can wake from S4
[    1.234300] rtc_cmos 00:04: registered as rtc0
[    1.235319] rtc_cmos 00:04: setting system clock to 2026-07-13T06:31:22 UTC (1783924282)
[    1.237157] rtc_cmos 00:04: alarms up to one day, y3k, 242 bytes nvram, hpet irqs
[    1.238721] intel_pstate: CPU model not supported
[    1.240513] NET: Registered PF_INET6 protocol family
[    1.242362] Segment Routing with IPv6
[    1.243141] In-situ OAM (IOAM) with IPv6
[    1.244002] mip6: Mobile IPv6
[    1.244673] NET: Registered PF_PACKET protocol family
[    1.245774] mpls_gso: MPLS GSO support
[    1.246671] IPI shorthand broadcast: enabled
[    1.249311] sched_clock: Marking stable (1060229678, 187333576)->(1274449702, -26886448)
[    1.251139] registered taskstats version 1
[    1.252116] Loading compiled-in X.509 certificates
[    1.270104] Loaded X.509 cert 'Build time autogenerated kernel key: e87b99600394fc77ba6018a2cc6a68db4bb86ee6'
[    1.273881] Demotion targets for Node 0: null
[    1.274861] Key type .fscrypt registered
[    1.275694] Key type fscrypt-provisioning registered
[    1.277528] Key type encrypted registered
[    1.278375] AppArmor: AppArmor sha256 policy hashing enabled
[    1.279573] ima: No TPM chip found, activating TPM-bypass!
[    1.280745] ima: Allocated hash algorithm: sha256
[    1.281765] ima: No architecture policies found
[    1.282722] evm: Initialising EVM extended attributes:
[    1.283806] evm: security.selinux
[    1.284563] evm: security.SMACK64 (disabled)
[    1.285469] evm: security.SMACK64EXEC (disabled)
[    1.286429] evm: security.SMACK64TRANSMUTE (disabled)
[    1.287480] evm: security.SMACK64MMAP (disabled)
[    1.288475] evm: security.apparmor
[    1.289206] evm: security.ima
[    1.289834] evm: security.capability
[    1.290583] evm: HMAC attrs: 0x1
[    1.323384] RAS: Correctable Errors collector initialized.
[    1.335909] clk: Disabling unused clocks
[    1.336773] PM: genpd: Disabling unused power domains
[    1.347605] Freeing unused decrypted memory: 2028K
[    1.348756] Freeing unused kernel image (initmem) memory: 4164K
[    1.349699] Write protecting the kernel read-only data: 28672k
[    1.350828] Freeing unused kernel image (rodata/data gap) memory: 480K
[    1.393561] x86/mm: Checked W+X mappings: passed, no W+X pages found.
[    1.431354] Run /init as init process
NESTED_X86_L1_BOOT_OK
Linux (none) 6.12.90+deb13.1-amd64 #1 SMP PREEMPT_DYNAMIC Debian 6.12.90-2 (2026-05-27) x86_64 GNU/Linux
              total        used        free      shared  buff/cache   available
Mem:           7948          53        7754         141         141        7617
console=ttyS0 rdinit=/init panic=-1 harmony.gates=n2_nested_hammer harmony.env=N2_DEADLINES=100000,N2_SEED=2600001010,N2_PROGRESS=25000
msr: loaded
irqbypass: loaded
[    1.474869] kvm: loading out-of-tree module taints kernel.
[    1.475742] kvm: module verification failed: signature and/or required key missing - tainting kernel
kvm(PATCHED): loaded
kvm-intel(PATCHED): loaded
L1_DEV_KVM_PRESENT
NESTED_X86_L2_PIN_CHECK_BEGIN
f06a34a79010a8f2cc8226dc629cc8fb049740016f035f53e3f2e53d9a30dd41  guest/build/bzImage
3c4a7f2f0db4b59aaf4dee55d43a42c57fc0d10ac25441de88128c61be0778c2  guest/build/initramfs-postgres.cpio.gz
NESTED_X86_L2_PIN_CHECK_END
ENV N2_DEADLINES=100000
ENV N2_SEED=2600001010
ENV N2_PROGRESS=25000
NESTED_X86_GATE_BEGIN n2_nested_hammer 

running 1 test
test n2_deadline_hammer ... N2JSON {"event":"start","total":100000,"seed":2600001010,"backend":"PatchedKvmBackend","pid":148}
[    2.657703] perf: interrupt took too long (2546 > 2500), lowering kernel.perf_event_max_sample_rate to 78500
[    2.931539] perf: interrupt took too long (3282 > 3182), lowering kernel.perf_event_max_sample_rate to 60750
[    3.320528] perf: interrupt took too long (4139 > 4102), lowering kernel.perf_event_max_sample_rate to 48250
[    3.770572] perf: interrupt took too long (5205 > 5173), lowering kernel.perf_event_max_sample_rate to 38250
[    4.531329] perf: interrupt took too long (6515 > 6506), lowering kernel.perf_event_max_sample_rate to 30500
[    5.602100] perf: interrupt took too long (8159 > 8143), lowering kernel.perf_event_max_sample_rate to 24500
[    7.886345] perf: interrupt took too long (10216 > 10198), lowering kernel.perf_event_max_sample_rate to 19500
[   17.828377] perf: interrupt took too long (12879 > 12770), lowering kernel.perf_event_max_sample_rate to 15500
N2JSON {"event":"progress","armed":25000,"exact":25000,"oracle_ok":25000,"mismatches":0,"record_violations":0,"records":{"samples":13897,"lost":0,"throttle":0,"other":0}}
N2JSON {"event":"progress","armed":50000,"exact":50000,"oracle_ok":50000,"mismatches":0,"record_violations":0,"records":{"samples":27779,"lost":0,"throttle":0,"other":0}}
N2JSON {"event":"progress","armed":75000,"exact":75000,"oracle_ok":75000,"mismatches":0,"record_violations":0,"records":{"samples":41737,"lost":0,"throttle":0,"other":0}}
N2JSON {"event":"progress","armed":100000,"exact":100000,"oracle_ok":100000,"mismatches":0,"record_violations":0,"records":{"samples":55608,"lost":0,"throttle":0,"other":0}}
N2JSON {"event":"summary","armed":100000,"exact":100000,"oracle_ok":100000,"mismatches":0,"record_violations":0,"final_work":1747533109,"records":{"samples":55608,"lost":0,"throttle":0,"other":0}}
ok

test result: ok. 1 passed; 0 failed; 0 ignored; 0 measured; 1 filtered out; finished in 1605.04s

NESTED_X86_GATE_RC n2_nested_hammer rc=0
NESTED_X86_GATE_END n2_nested_hammer
--- L1 dmesg tail (kvm/vmx/pmu/perf) ---
[    0.000000] Hypervisor detected: KVM
[    0.000000] kvm-clock: Using msrs 4b564d01 and 4b564d00
[    0.000001] kvm-clock: using sched offset of 222765706 cycles
[    0.000003] clocksource: kvm-clock: mask: 0xffffffffffffffff max_cycles: 0x1cd42e4dffb, max_idle_ns: 881590591483 ns
[    0.015588] kvm-guest: APIC: eoi() replaced with kvm_guest_apic_eoi_write()
[    0.015616] Booting paravirtualized kernel on KVM
[    0.020269] kvm-guest: PV spinlocks disabled, single CPU
[    0.339681] Performance Events: Skylake events, full-width counters, Intel PMU driver.
[    0.657797] clocksource: Switched to clocksource kvm-clock
[    1.474869] kvm: loading out-of-tree module taints kernel.
[    1.475742] kvm: module verification failed: signature and/or required key missing - tainting kernel
[    2.657703] perf: interrupt took too long (2546 > 2500), lowering kernel.perf_event_max_sample_rate to 78500
[    2.931539] perf: interrupt took too long (3282 > 3182), lowering kernel.perf_event_max_sample_rate to 60750
[    3.320528] perf: interrupt took too long (4139 > 4102), lowering kernel.perf_event_max_sample_rate to 48250
[    3.770572] perf: interrupt took too long (5205 > 5173), lowering kernel.perf_event_max_sample_rate to 38250
[    4.531329] perf: interrupt took too long (6515 > 6506), lowering kernel.perf_event_max_sample_rate to 30500
[    5.602100] perf: interrupt took too long (8159 > 8143), lowering kernel.perf_event_max_sample_rate to 24500
[    7.886345] perf: interrupt took too long (10216 > 10198), lowering kernel.perf_event_max_sample_rate to 19500
[   17.828377] perf: interrupt took too long (12879 > 12770), lowering kernel.perf_event_max_sample_rate to 15500
NESTED_X86_GATES_FAILED 0
NESTED_X86_L1_DONE
[ 1606.910736] ACPI: PM: Preparing to enter system sleep state S5
[ 1606.911817] kvm: exiting hardware virtualization
[ 1606.912627] reboot: Power down
