[    0.000000] Linux version 6.12.90+deb13.1-amd64 (debian-kernel@lists.debian.org) (x86_64-linux-gnu-gcc-14 (Debian 14.2.0-19) 14.2.0, GNU ld (GNU Binutils for Debian) 2.44) #1 SMP PREEMPT_DYNAMIC Debian 6.12.90-2 (2026-05-27)
[    0.000000] Command line: console=ttyS0 rdinit=/init panic=-1 harmony.gates=n3_repeat_gate harmony.env=N3_REPS=1000,N3_ITEM=insn-rng
[    0.000000] BIOS-provided physical RAM map:
[    0.000000] BIOS-e820: [mem 0x0000000000000000-0x000000000009fbff] usable
[    0.000000] BIOS-e820: [mem 0x000000000009fc00-0x000000000009ffff] reserved
[    0.000000] BIOS-e820: [mem 0x00000000000f0000-0x00000000000fffff] reserved
[    0.000000] BIOS-e820: [mem 0x0000000000100000-0x000000007ffdefff] usable
[    0.000000] BIOS-e820: [mem 0x000000007ffdf000-0x000000007fffffff] reserved
[    0.000000] BIOS-e820: [mem 0x00000000b0000000-0x00000000bfffffff] reserved
[    0.000000] BIOS-e820: [mem 0x00000000fed1c000-0x00000000fed1ffff] reserved
[    0.000000] BIOS-e820: [mem 0x00000000feffc000-0x00000000feffffff] reserved
[    0.000000] BIOS-e820: [mem 0x00000000fffc0000-0x00000000ffffffff] reserved
[    0.000000] BIOS-e820: [mem 0x0000000100000000-0x000000027fffffff] usable
[    0.000000] NX (Execute Disable) protection: active
[    0.000000] APIC: Static calls initialized
[    0.000000] SMBIOS 2.8 present.
[    0.000000] DMI: QEMU Standard PC (Q35 + ICH9, 2009), BIOS 1.16.3-debian-1.16.3-2 04/01/2014
[    0.000000] DMI: Memory slots populated: 1/1
[    0.000000] Hypervisor detected: KVM
[    0.000000] last_pfn = 0x7ffdf max_arch_pfn = 0x400000000
[    0.000000] kvm-clock: Using msrs 4b564d01 and 4b564d00
[    0.000000] kvm-clock: using sched offset of 163205044 cycles
[    0.000001] clocksource: kvm-clock: mask: 0xffffffffffffffff max_cycles: 0x1cd42e4dffb, max_idle_ns: 881590591483 ns
[    0.000004] tsc: Detected 3599.998 MHz processor
[    0.000716] last_pfn = 0x280000 max_arch_pfn = 0x400000000
[    0.000737] MTRR map: 4 entries (3 fixed + 1 variable; max 19), built from 8 variable MTRRs
[    0.000739] x86/PAT: Configuration [0-7]: WB  WC  UC- UC  WB  WP  UC- WT  
[    0.000768] last_pfn = 0x7ffdf max_arch_pfn = 0x400000000
[    0.005817] found SMP MP-table at [mem 0x000f5480-0x000f548f]
[    0.005828] Using GB pages for direct mapping
[    0.006022] RAMDISK: [mem 0x79c87000-0x7ffcffff]
[    0.006026] ACPI: Early table checksum verification disabled
[    0.006028] ACPI: RSDP 0x00000000000F52A0 000014 (v00 BOCHS )
[    0.006031] ACPI: RSDT 0x000000007FFE2351 000038 (v01 BOCHS  BXPC     00000001 BXPC 00000001)
[    0.006034] ACPI: FACP 0x000000007FFE2149 0000F4 (v03 BOCHS  BXPC     00000001 BXPC 00000001)
[    0.006038] ACPI: DSDT 0x000000007FFE0040 002109 (v01 BOCHS  BXPC     00000001 BXPC 00000001)
[    0.006040] ACPI: FACS 0x000000007FFE0000 000040
[    0.006042] ACPI: APIC 0x000000007FFE223D 000078 (v03 BOCHS  BXPC     00000001 BXPC 00000001)
[    0.006044] ACPI: HPET 0x000000007FFE22B5 000038 (v01 BOCHS  BXPC     00000001 BXPC 00000001)
[    0.006046] ACPI: MCFG 0x000000007FFE22ED 00003C (v01 BOCHS  BXPC     00000001 BXPC 00000001)
[    0.006048] ACPI: WAET 0x000000007FFE2329 000028 (v01 BOCHS  BXPC     00000001 BXPC 00000001)
[    0.006050] ACPI: Reserving FACP table memory at [mem 0x7ffe2149-0x7ffe223c]
[    0.006051] ACPI: Reserving DSDT table memory at [mem 0x7ffe0040-0x7ffe2148]
[    0.006051] ACPI: Reserving FACS table memory at [mem 0x7ffe0000-0x7ffe003f]
[    0.006052] ACPI: Reserving APIC table memory at [mem 0x7ffe223d-0x7ffe22b4]
[    0.006052] ACPI: Reserving HPET table memory at [mem 0x7ffe22b5-0x7ffe22ec]
[    0.006053] ACPI: Reserving MCFG table memory at [mem 0x7ffe22ed-0x7ffe2328]
[    0.006053] ACPI: Reserving WAET table memory at [mem 0x7ffe2329-0x7ffe2350]
[    0.006374] No NUMA configuration found
[    0.006375] Faking a node at [mem 0x0000000000000000-0x000000027fffffff]
[    0.006381] NODE_DATA(0) allocated [mem 0x27ffd3680-0x27fffdfff]
[    0.006509] Zone ranges:
[    0.006509]   DMA      [mem 0x0000000000001000-0x0000000000ffffff]
[    0.006510]   DMA32    [mem 0x0000000001000000-0x00000000ffffffff]
[    0.006511]   Normal   [mem 0x0000000100000000-0x000000027fffffff]
[    0.006512]   Device   empty
[    0.006513] Movable zone start for each node
[    0.006514] Early memory node ranges
[    0.006514]   node   0: [mem 0x0000000000001000-0x000000000009efff]
[    0.006515]   node   0: [mem 0x0000000000100000-0x000000007ffdefff]
[    0.006516]   node   0: [mem 0x0000000100000000-0x000000027fffffff]
[    0.006517] Initmem setup node 0 [mem 0x0000000000001000-0x000000027fffffff]
[    0.006657] On node 0, zone DMA: 1 pages in unavailable ranges
[    0.006669] On node 0, zone DMA: 97 pages in unavailable ranges
[    0.010136] On node 0, zone Normal: 33 pages in unavailable ranges
[    0.010559] ACPI: PM-Timer IO Port: 0x608
[    0.010572] ACPI: LAPIC_NMI (acpi_id[0xff] dfl dfl lint[0x1])
[    0.010597] IOAPIC[0]: apic_id 0, version 17, address 0xfec00000, GSI 0-23
[    0.010600] ACPI: INT_SRC_OVR (bus 0 bus_irq 0 global_irq 2 dfl dfl)
[    0.010601] ACPI: INT_SRC_OVR (bus 0 bus_irq 5 global_irq 5 high level)
[    0.010602] ACPI: INT_SRC_OVR (bus 0 bus_irq 9 global_irq 9 high level)
[    0.010603] ACPI: INT_SRC_OVR (bus 0 bus_irq 10 global_irq 10 high level)
[    0.010603] ACPI: INT_SRC_OVR (bus 0 bus_irq 11 global_irq 11 high level)
[    0.010606] ACPI: Using ACPI (MADT) for SMP configuration information
[    0.010607] ACPI: HPET id: 0x8086a201 base: 0xfed00000
[    0.010610] TSC deadline timer available
[    0.010614] CPU topo: Max. logical packages:   1
[    0.010614] CPU topo: Max. logical dies:       1
[    0.010615] CPU topo: Max. dies per package:   1
[    0.010618] CPU topo: Max. threads per core:   1
[    0.010618] CPU topo: Num. cores per package:     1
[    0.010619] CPU topo: Num. threads per package:   1
[    0.010619] CPU topo: Allowing 1 present CPUs plus 0 hotplug CPUs
[    0.010634] kvm-guest: APIC: eoi() replaced with kvm_guest_apic_eoi_write()
[    0.010650] PM: hibernation: Registered nosave memory: [mem 0x00000000-0x00000fff]
[    0.010651] PM: hibernation: Registered nosave memory: [mem 0x0009f000-0x000fffff]
[    0.010652] PM: hibernation: Registered nosave memory: [mem 0x7ffdf000-0xffffffff]
[    0.010653] [mem 0xc0000000-0xfed1bfff] available for PCI devices
[    0.010654] Booting paravirtualized kernel on KVM
[    0.010655] clocksource: refined-jiffies: mask: 0xffffffff max_cycles: 0xffffffff, max_idle_ns: 7645519600211568 ns
[    0.014031] setup_percpu: NR_CPUS:8192 nr_cpumask_bits:1 nr_cpu_ids:1 nr_node_ids:1
[    0.014256] percpu: Embedded 66 pages/cpu s233472 r8192 d28672 u2097152
[    0.014281] kvm-guest: PV spinlocks disabled, single CPU
[    0.014282] Kernel command line: console=ttyS0 rdinit=/init panic=-1 harmony.gates=n3_repeat_gate harmony.env=N3_REPS=1000,N3_ITEM=insn-rng
[    0.014337] random: crng init done
[    0.015123] Dentry cache hash table entries: 1048576 (order: 11, 8388608 bytes, linear)
[    0.015514] Inode-cache hash table entries: 524288 (order: 10, 4194304 bytes, linear)
[    0.015546] Fallback order for Node 0: 0 
[    0.015548] Built 1 zonelists, mobility grouping on.  Total pages: 2097021
[    0.015549] Policy zone: Normal
[    0.015555] mem auto-init: stack:all(zero), heap alloc:on, heap free:off
[    0.015559] software IO TLB: area num 1.
[    0.030719] SLUB: HWalign=64, Order=0-3, MinObjects=0, CPUs=1, Nodes=1
[    0.030739] ftrace: allocating 45769 entries in 179 pages
[    0.036399] ftrace: allocated 179 pages with 5 groups
[    0.036904] Dynamic Preempt: voluntary
[    0.037059] rcu: Preemptible hierarchical RCU implementation.
[    0.037060] rcu: 	RCU restricting CPUs from NR_CPUS=8192 to nr_cpu_ids=1.
[    0.037061] 	Trampoline variant of Tasks RCU enabled.
[    0.037062] 	Rude variant of Tasks RCU enabled.
[    0.037062] 	Tracing variant of Tasks RCU enabled.
[    0.037062] rcu: RCU calculated value of scheduler-enlistment delay is 25 jiffies.
[    0.037063] rcu: Adjusting geometry for rcu_fanout_leaf=16, nr_cpu_ids=1
[    0.037067] RCU Tasks: Setting shift to 0 and lim to 1 rcu_task_cb_adjust=1 rcu_task_cpu_ids=1.
[    0.037068] RCU Tasks Rude: Setting shift to 0 and lim to 1 rcu_task_cb_adjust=1 rcu_task_cpu_ids=1.
[    0.037069] RCU Tasks Trace: Setting shift to 0 and lim to 1 rcu_task_cb_adjust=1 rcu_task_cpu_ids=1.
[    0.040352] NR_IRQS: 524544, nr_irqs: 256, preallocated irqs: 16
[    0.040520] rcu: srcu_init: Setting srcu_struct sizes based on contention.
[    0.052387] Console: colour VGA+ 80x25
[    0.052430] printk: legacy console [ttyS0] enabled
[    0.173796] ACPI: Core revision 20240827
[    0.174584] clocksource: hpet: mask: 0xffffffff max_cycles: 0xffffffff, max_idle_ns: 19112604467 ns
[    0.176097] APIC: Switch to symmetric I/O mode setup
[    0.176990] x2apic enabled
[    0.177585] APIC: Switched APIC routing to: physical x2apic
[    0.179095] ..TIMER: vector=0x30 apic1=0 pin1=2 apic2=-1 pin2=-1
[    0.180007] clocksource: tsc-early: mask: 0xffffffffffffffff max_cycles: 0x33e451ab1a6, max_idle_ns: 440795278720 ns
[    0.181598] Calibrating delay loop (skipped) preset value.. 7199.99 BogoMIPS (lpj=14399992)
[    0.182927] x86/cpu: User Mode Instruction Prevention (UMIP) activated
[    0.183958] Last level iTLB entries: 4KB 0, 2MB 0, 4MB 0
[    0.185597] Last level dTLB entries: 4KB 0, 2MB 0, 4MB 0, 1GB 0
[    0.186489] Spectre V1 : Mitigation: usercopy/swapgs barriers and __user pointer sanitization
[    0.187799] Spectre V2 : Spectre BHI mitigation: SW BHB clearing on syscall and VM exit
[    0.189597] Spectre V2 : Mitigation: IBRS
[    0.190202] Spectre V2 : Spectre v2 / SpectreRSB: Filling RSB on context switch and VMEXIT
[    0.191423] RETBleed: Mitigation: IBRS
[    0.191993] Spectre V2 : mitigation: Enabling conditional Indirect Branch Prediction Barrier
[    0.193239] Speculative Store Bypass: Mitigation: Speculative Store Bypass disabled via prctl
[    0.193600] MDS: Mitigation: Clear CPU buffers
[    0.194270] MMIO Stale Data: Mitigation: Clear CPU buffers
[    0.195098] SRBDS: Unknown: Dependent on hypervisor status
[    0.195917] active return thunk: its_return_thunk
[    0.197597] ITS: Mitigation: Aligned branch/return thunks
[    0.198416] x86/fpu: Supporting XSAVE feature 0x001: 'x87 floating point registers'
[    0.199552] x86/fpu: Supporting XSAVE feature 0x002: 'SSE registers'
[    0.200547] x86/fpu: Supporting XSAVE feature 0x004: 'AVX registers'
[    0.201492] x86/fpu: Supporting XSAVE feature 0x008: 'MPX bounds registers'
[    0.201597] x86/fpu: Supporting XSAVE feature 0x010: 'MPX CSR'
[    0.202471] x86/fpu: xstate_offset[2]:  576, xstate_sizes[2]:  256
[    0.203399] x86/fpu: xstate_offset[3]:  832, xstate_sizes[3]:   64
[    0.204315] x86/fpu: xstate_offset[4]:  896, xstate_sizes[4]:   64
[    0.205597] x86/fpu: Enabled xstate features 0x1f, context size is 960 bytes, using 'compacted' format.
[    0.237354] Freeing SMP alternatives memory: 40K
[    0.237598] pid_max: default: 32768 minimum: 301
[    0.238445] LSM: initializing lsm=lockdown,capability,landlock,yama,apparmor,tomoyo,bpf,ipe,ima,evm
[    0.239839] landlock: Up and running.
[    0.240391] Yama: disabled by default; enable with sysctl kernel.yama.*
[    0.241655] AppArmor: AppArmor initialized
[    0.242287] TOMOYO Linux initialized
[    0.242963] LSM support for eBPF active
[    0.243591] Mount-cache hash table entries: 16384 (order: 5, 131072 bytes, linear)
[    0.244714] Mountpoint-cache hash table entries: 16384 (order: 5, 131072 bytes, linear)
[    0.245811] smpboot: CPU0: Intel(R) Core(TM) i9-9900K CPU @ 3.60GHz (family: 0x6, model: 0x9e, stepping: 0xc)
[    0.247413] Performance Events: Skylake events, full-width counters, Intel PMU driver.
[    0.248606] ... version:                2
[    0.249221] ... bit width:              48
[    0.249598] ... generic registers:      4
[    0.250199] ... value mask:             0000ffffffffffff
[    0.250997] ... max period:             00007fffffffffff
[    0.251786] ... fixed-purpose events:   3
[    0.252385] ... event mask:             000000070000000f
[    0.253258] signal: max sigframe size: 2032
[    0.253619] rcu: Hierarchical SRCU implementation.
[    0.254337] rcu: 	Max phase no-delay instances is 1000.
[    0.257781] smp: Bringing up secondary CPUs ...
[    0.258471] smp: Brought up 1 node, 1 CPU
[    0.259082] smpboot: Total of 1 processors activated (7199.99 BogoMIPS)
[    0.273303] node 0 deferred pages initialised in 12ms
[    0.273618] Memory: 8026808K/8388084K available (16384K kernel code, 2497K rwdata, 11808K rodata, 4164K init, 4916K bss, 357560K reserved, 0K cma-reserved)
[    0.275996] devtmpfs: initialized
[    0.276526] x86/mm: Memory block size: 128MB
[    0.277770] clocksource: jiffies: mask: 0xffffffff max_cycles: 0xffffffff, max_idle_ns: 7645041785100000 ns
[    0.279235] futex hash table entries: 256 (order: 2, 16384 bytes, linear)
[    0.280309] pinctrl core: initialized pinctrl subsystem
[    0.281583] NET: Registered PF_NETLINK/PF_ROUTE protocol family
[    0.281685] DMA: preallocated 1024 KiB GFP_KERNEL pool for atomic allocations
[    0.282796] DMA: preallocated 1024 KiB GFP_KERNEL|GFP_DMA pool for atomic allocations
[    0.284133] DMA: preallocated 1024 KiB GFP_KERNEL|GFP_DMA32 pool for atomic allocations
[    0.285338] audit: initializing netlink subsys (disabled)
[    0.285622] audit: type=2000 audit(1783667696.558:1): state=initialized audit_enabled=0 res=1
[    0.286983] thermal_sys: Registered thermal governor 'fair_share'
[    0.286984] thermal_sys: Registered thermal governor 'bang_bang'
[    0.287900] thermal_sys: Registered thermal governor 'step_wise'
[    0.288807] thermal_sys: Registered thermal governor 'user_space'
[    0.289602] thermal_sys: Registered thermal governor 'power_allocator'
[    0.290544] cpuidle: using governor ladder
[    0.292140] cpuidle: using governor menu
[    0.292779] acpiphp: ACPI Hot Plug PCI Controller Driver version: 0.5
[    0.293715] PCI: ECAM [mem 0xb0000000-0xbfffffff] (base 0xb0000000) for domain 0000 [bus 00-ff]
[    0.295030] PCI: ECAM [mem 0xb0000000-0xbfffffff] reserved as E820 entry
[    0.296036] PCI: Using configuration type 1 for base access
[    0.296956] kprobes: kprobe jump-optimization is enabled. All kprobes are optimized if possible.
[    0.318058] HugeTLB: registered 1.00 GiB page size, pre-allocated 0 pages
[    0.319087] HugeTLB: 16380 KiB vmemmap can be freed for a 1.00 GiB page
[    0.320087] HugeTLB: registered 2.00 MiB page size, pre-allocated 0 pages
[    0.321104] HugeTLB: 28 KiB vmemmap can be freed for a 2.00 MiB page
[    0.326187] ACPI: Added _OSI(Module Device)
[    0.326827] ACPI: Added _OSI(Processor Device)
[    0.327504] ACPI: Added _OSI(Processor Aggregator Device)
[    0.329013] ACPI: 1 ACPI AML tables successfully acquired and loaded
[    0.332079] ACPI: Interpreter enabled
[    0.332667] ACPI: PM: (supports S0 S3 S4 S5)
[    0.333312] ACPI: Using IOAPIC for interrupt routing
[    0.333611] PCI: Using host bridge windows from ACPI; if necessary, use "pci=nocrs" and report a bug
[    0.334977] PCI: Using E820 reservations for host bridge windows
[    0.335937] ACPI: Enabled 2 GPEs in block 00 to 3F
[    0.338147] ACPI: PCI Root Bridge [PCI0] (domain 0000 [bus 00-ff])
[    0.339086] acpi PNP0A08:00: _OSC: OS supports [ExtendedConfig ASPM ClockPM Segments MSI HPX-Type3]
[    0.340475] acpi PNP0A08:00: _OSC: platform does not support [PCIeHotplug LTR]
[    0.341610] acpi PNP0A08:00: _OSC: OS now controls [SHPCHotplug PME AER PCIeCapability]
[    0.342929] PCI host bridge to bus 0000:00
[    0.343553] pci_bus 0000:00: root bus resource [io  0x0000-0x0cf7 window]
[    0.344589] pci_bus 0000:00: root bus resource [io  0x0d00-0xffff window]
[    0.345598] pci_bus 0000:00: root bus resource [mem 0x000a0000-0x000bffff window]
[    0.346724] pci_bus 0000:00: root bus resource [mem 0x80000000-0xafffffff window]
[    0.347841] pci_bus 0000:00: root bus resource [mem 0xc0000000-0xfebfffff window]
[    0.348978] pci_bus 0000:00: root bus resource [mem 0x280000000-0xa7fffffff window]
[    0.349599] pci_bus 0000:00: root bus resource [bus 00-ff]
[    0.350486] pci 0000:00:00.0: [8086:29c0] type 00 class 0x060000 conventional PCI endpoint
[    0.352220] pci 0000:00:01.0: [1234:1111] type 00 class 0x030000 conventional PCI endpoint
[    0.354000] pci 0000:00:01.0: BAR 0 [mem 0xfd000000-0xfdffffff pref]
[    0.356730] pci 0000:00:01.0: BAR 2 [mem 0xfebd4000-0xfebd4fff]
[    0.361171] pci 0000:00:01.0: ROM [mem 0xfebc0000-0xfebcffff pref]
[    0.361713] pci 0000:00:01.0: Video device with shadowed ROM at [mem 0x000c0000-0x000dffff]
[    0.363312] pci 0000:00:02.0: [8086:10d3] type 00 class 0x020000 PCIe Root Complex Integrated Endpoint
[    0.365359] pci 0000:00:02.0: BAR 0 [mem 0xfeb80000-0xfeb9ffff]
[    0.366135] pci 0000:00:02.0: BAR 1 [mem 0xfeba0000-0xfebbffff]
[    0.367885] pci 0000:00:02.0: BAR 2 [io  0xc040-0xc05f]
[    0.369598] pci 0000:00:02.0: BAR 3 [mem 0xfebd0000-0xfebd3fff]
[    0.372067] pci 0000:00:02.0: ROM [mem 0xfeb40000-0xfeb7ffff pref]
[    0.373062] pci 0000:00:02.0: enabling Extended Tags
[    0.374654] pci 0000:00:1f.0: [8086:2918] type 00 class 0x060100 conventional PCI endpoint
[    0.376433] pci 0000:00:1f.0: quirk: [io  0x0600-0x067f] claimed by ICH6 ACPI/GPIO/TCO
[    0.377856] pci 0000:00:1f.2: [8086:2922] type 00 class 0x010601 conventional PCI endpoint
[    0.381427] pci 0000:00:1f.2: BAR 4 [io  0xc060-0xc07f]
[    0.381887] pci 0000:00:1f.2: BAR 5 [mem 0xfebd5000-0xfebd5fff]
[    0.383417] pci 0000:00:1f.3: [8086:2930] type 00 class 0x0c0500 conventional PCI endpoint
[    0.385581] pci 0000:00:1f.3: BAR 4 [io  0x0700-0x073f]
[    0.387346] ACPI: PCI: Interrupt link LNKA configured for IRQ 10
[    0.388320] ACPI: PCI: Interrupt link LNKB configured for IRQ 10
[    0.389290] ACPI: PCI: Interrupt link LNKC configured for IRQ 11
[    0.389672] ACPI: PCI: Interrupt link LNKD configured for IRQ 11
[    0.390657] ACPI: PCI: Interrupt link LNKE configured for IRQ 10
[    0.391626] ACPI: PCI: Interrupt link LNKF configured for IRQ 10
[    0.392602] ACPI: PCI: Interrupt link LNKG configured for IRQ 11
[    0.393574] ACPI: PCI: Interrupt link LNKH configured for IRQ 11
[    0.393629] ACPI: PCI: Interrupt link GSIA configured for IRQ 16
[    0.394535] ACPI: PCI: Interrupt link GSIB configured for IRQ 17
[    0.395441] ACPI: PCI: Interrupt link GSIC configured for IRQ 18
[    0.396354] ACPI: PCI: Interrupt link GSID configured for IRQ 19
[    0.397259] ACPI: PCI: Interrupt link GSIE configured for IRQ 20
[    0.397604] ACPI: PCI: Interrupt link GSIF configured for IRQ 21
[    0.399100] ACPI: PCI: Interrupt link GSIG configured for IRQ 22
[    0.400006] ACPI: PCI: Interrupt link GSIH configured for IRQ 23
[    0.401266] iommu: Default domain type: Translated
[    0.401598] iommu: DMA domain TLB invalidation policy: lazy mode
[    0.402617] pps_core: LinuxPPS API ver. 1 registered
[    0.403366] pps_core: Software ver. 5.3.6 - Copyright 2005-2007 Rodolfo Giometti <giometti@linux.it>
[    0.404739] PTP clock support registered
[    0.405340] EDAC MC: Ver: 3.0.0
[    0.406167] NetLabel: Initializing
[    0.406694] NetLabel:  domain hash size = 128
[    0.407347] NetLabel:  protocols = UNLABELED CIPSOv4 CALIPSO
[    0.408230] NetLabel:  unlabeled traffic allowed by default
[    0.409065] PCI: Using ACPI for IRQ routing
[    0.478173] pci 0000:00:01.0: vgaarb: setting as boot VGA device
[    0.479073] pci 0000:00:01.0: vgaarb: bridge control possible
[    0.479935] pci 0000:00:01.0: vgaarb: VGA device added: decodes=io+mem,owns=io+mem,locks=none
[    0.481222] vgaarb: loaded
[    0.481628] hpet0: at MMIO 0xfed00000, IRQs 2, 8, 0
[    0.482371] hpet0: 3 comparators, 64-bit 100.000000 MHz counter
[    0.485620] clocksource: Switched to clocksource kvm-clock
[    0.487133] VFS: Disk quotas dquot_6.6.0
[    0.487742] VFS: Dquot-cache hash table entries: 512 (order 0, 4096 bytes)
[    0.488885] AppArmor: AppArmor Filesystem Enabled
[    0.489643] pnp: PnP ACPI init
[    0.490233] system 00:05: [mem 0xb0000000-0xbfffffff window] has been reserved
[    0.491526] pnp: PnP ACPI: found 6 devices
[    0.497542] clocksource: acpi_pm: mask: 0xffffff max_cycles: 0xffffff, max_idle_ns: 2085701024 ns
[    0.498916] NET: Registered PF_INET protocol family
[    0.499714] IP idents hash table entries: 131072 (order: 8, 1048576 bytes, linear)
[    0.509585] tcp_listen_portaddr_hash hash table entries: 4096 (order: 4, 65536 bytes, linear)
[    0.510870] Table-perturb hash table entries: 65536 (order: 6, 262144 bytes, linear)
[    0.512053] TCP established hash table entries: 65536 (order: 7, 524288 bytes, linear)
[    0.513454] TCP bind hash table entries: 65536 (order: 9, 2097152 bytes, linear)
[    0.514702] TCP: Hash tables configured (established 65536 bind 65536)
[    0.515727] MPTCP token hash table entries: 8192 (order: 6, 196608 bytes, linear)
[    0.516870] UDP hash table entries: 4096 (order: 5, 131072 bytes, linear)
[    0.518038] UDP-Lite hash table entries: 4096 (order: 5, 131072 bytes, linear)
[    0.519170] NET: Registered PF_UNIX/PF_LOCAL protocol family
[    0.520032] NET: Registered PF_XDP protocol family
[    0.520768] pci_bus 0000:00: resource 4 [io  0x0000-0x0cf7 window]
[    0.521707] pci_bus 0000:00: resource 5 [io  0x0d00-0xffff window]
[    0.522633] pci_bus 0000:00: resource 6 [mem 0x000a0000-0x000bffff window]
[    0.523671] pci_bus 0000:00: resource 7 [mem 0x80000000-0xafffffff window]
[    0.524695] pci_bus 0000:00: resource 8 [mem 0xc0000000-0xfebfffff window]
[    0.525731] pci_bus 0000:00: resource 9 [mem 0x280000000-0xa7fffffff window]
[    0.526857] PCI: CLS 0 bytes, default 64
[    0.527558] Trying to unpack rootfs image as initramfs...
[    0.529151] PCI-DMA: Using software bounce buffering for IO (SWIOTLB)
[    0.530125] software IO TLB: mapped [mem 0x0000000075c87000-0x0000000079c87000] (64MB)
[    0.531357] clocksource: tsc: mask: 0xffffffffffffffff max_cycles: 0x33e451ab1a6, max_idle_ns: 440795278720 ns
[    0.537263] Initialise system trusted keyrings
[    0.538046] Key type blacklist registered
[    0.541218] workingset: timestamp_bits=36 max_order=21 bucket_order=0
[    0.542197] zbud: loaded
[    0.542661] fuse: init (API version 7.41)
[    0.545248] integrity: Platform Keyring initialized
[    0.545997] integrity: Machine keyring initialized
[    0.569080] Key type asymmetric registered
[    0.569714] Asymmetric key parser 'x509' registered
[    1.118799] Freeing initrd memory: 101668K
[    1.120003] Block layer SCSI generic (bsg) driver version 0.4 loaded (major 246)
[    1.121153] io scheduler mq-deadline registered
[    1.122663] ledtrig-cpu: registered to indicate activity on CPUs
[    1.123609] shpchp: Standard Hot Plug PCI Controller Driver version: 0.4
[    1.124764] Serial: 8250/16550 driver, 4 ports, IRQ sharing enabled
[    1.126093] 00:03: ttyS0 at I/O 0x3f8 (irq = 4, base_baud = 115200) is a 16550A
[    1.127579] Linux agpgart interface v0.103
[    1.128383] i8042: PNP: PS/2 Controller [PNP0303:KBD,PNP0f13:MOU] at 0x60,0x64 irq 1,12
[    1.130281] serio: i8042 KBD port at 0x60,0x64 irq 1
[    1.131043] serio: i8042 AUX port at 0x60,0x64 irq 12
[    1.131885] mousedev: PS/2 mouse device common for all mice
[    1.132981] input: AT Translated Set 2 keyboard as /devices/platform/i8042/serio0/input/input0
[    1.134499] rtc_cmos 00:04: RTC can wake from S4
[    1.135673] rtc_cmos 00:04: registered as rtc0
[    1.136412] rtc_cmos 00:04: setting system clock to 2026-07-10T07:14:57 UTC (1783667697)
[    1.137701] rtc_cmos 00:04: alarms up to one day, y3k, 242 bytes nvram, hpet irqs
[    1.138823] intel_pstate: CPU model not supported
[    1.140050] NET: Registered PF_INET6 protocol family
[    1.141222] Segment Routing with IPv6
[    1.141792] In-situ OAM (IOAM) with IPv6
[    1.142400] mip6: Mobile IPv6
[    1.142860] NET: Registered PF_PACKET protocol family
[    1.143657] mpls_gso: MPLS GSO support
[    1.144311] IPI shorthand broadcast: enabled
[    1.146128] sched_clock: Marking stable (1012001861, 133069680)->(1158021218, -12949677)
[    1.147410] registered taskstats version 1
[    1.148111] Loading compiled-in X.509 certificates
[    1.160070] Loaded X.509 cert 'Build time autogenerated kernel key: e87b99600394fc77ba6018a2cc6a68db4bb86ee6'
[    1.162757] Demotion targets for Node 0: null
[    1.163463] Key type .fscrypt registered
[    1.164058] Key type fscrypt-provisioning registered
[    1.165293] Key type encrypted registered
[    1.165903] AppArmor: AppArmor sha256 policy hashing enabled
[    1.166773] ima: No TPM chip found, activating TPM-bypass!
[    1.167616] ima: Allocated hash algorithm: sha256
[    1.168338] ima: No architecture policies found
[    1.169033] evm: Initialising EVM extended attributes:
[    1.169824] evm: security.selinux
[    1.170331] evm: security.SMACK64 (disabled)
[    1.170974] evm: security.SMACK64EXEC (disabled)
[    1.171685] evm: security.SMACK64TRANSMUTE (disabled)
[    1.172443] evm: security.SMACK64MMAP (disabled)
[    1.173142] evm: security.apparmor
[    1.173667] evm: security.ima
[    1.174120] evm: security.capability
[    1.174662] evm: HMAC attrs: 0x1
[    1.198014] RAS: Correctable Errors collector initialized.
[    1.209375] clk: Disabling unused clocks
[    1.209978] PM: genpd: Disabling unused power domains
[    1.214830] Freeing unused decrypted memory: 2028K
[    1.215643] Freeing unused kernel image (initmem) memory: 4164K
[    1.216290] Write protecting the kernel read-only data: 28672k
[    1.217147] Freeing unused kernel image (rodata/data gap) memory: 480K
[    1.252021] x86/mm: Checked W+X mappings: passed, no W+X pages found.
[    1.281080] Run /init as init process
NESTED_X86_L1_BOOT_OK
Linux (none) 6.12.90+deb13.1-amd64 #1 SMP PREEMPT_DYNAMIC Debian 6.12.90-2 (2026-05-27) x86_64 GNU/Linux
              total        used        free      shared  buff/cache   available
Mem:           7948          45        7681         221         222        7544
console=ttyS0 rdinit=/init panic=-1 harmony.gates=n3_repeat_gate harmony.env=N3_REPS=1000,N3_ITEM=insn-rng
msr: loaded
irqbypass: loaded
[    1.310593] kvm: loading out-of-tree module taints kernel.
[    1.311221] kvm: module verification failed: signature and/or required key missing - tainting kernel
kvm(PATCHED): loaded
kvm-intel(PATCHED): loaded
L1_DEV_KVM_PRESENT
NESTED_X86_L2_PIN_CHECK_BEGIN
f06a34a79010a8f2cc8226dc629cc8fb049740016f035f53e3f2e53d9a30dd41  guest/build/bzImage
3c4a7f2f0db4b59aaf4dee55d43a42c57fc0d10ac25441de88128c61be0778c2  guest/build/initramfs-postgres.cpio.gz
NESTED_X86_L2_PIN_CHECK_END
ENV N3_REPS=1000
ENV N3_ITEM=insn-rng
NESTED_X86_GATE_BEGIN n3_repeat_gate 

running 1 test
test n3_repeat_gate ... N3JSON {"event":"start","item":"insn-rng","reps":1000,"seed":11471204516818368}
N3JSON {"event":"progress","attempted":100,"identical":100,"mismatches":0}
N3JSON {"event":"progress","attempted":200,"identical":200,"mismatches":0}
N3JSON {"event":"progress","attempted":300,"identical":300,"mismatches":0}
N3JSON {"event":"progress","attempted":400,"identical":400,"mismatches":0}
N3JSON {"event":"progress","attempted":500,"identical":500,"mismatches":0}
N3JSON {"event":"progress","attempted":600,"identical":600,"mismatches":0}
N3JSON {"event":"progress","attempted":700,"identical":700,"mismatches":0}
N3JSON {"event":"progress","attempted":800,"identical":800,"mismatches":0}
N3JSON {"event":"progress","attempted":900,"identical":900,"mismatches":0}
N3JSON {"event":"progress","attempted":1000,"identical":1000,"mismatches":0}
N3JSON {"event":"summary","item":"insn-rng","attempted":1000,"identical":1000,"mismatches":0,"state_hash":"6163f1109b5677de0ff924f7932e7ade007434c99c24bc9a7e11beac27f5bbb4","observable_digest":"0fe06bf4edf727fc1d200f810a307c30e65915b7c1ed230a5e513defbb2a3926"}
ok

test result: ok. 1 passed; 0 failed; 0 ignored; 0 measured; 0 filtered out; finished in 11624.88s

NESTED_X86_GATE_RC n3_repeat_gate rc=0
NESTED_X86_GATE_END n3_repeat_gate
--- L1 dmesg tail (kvm/vmx/pmu/perf) ---
[    0.000000] Hypervisor detected: KVM
[    0.000000] kvm-clock: Using msrs 4b564d01 and 4b564d00
[    0.000000] kvm-clock: using sched offset of 163205044 cycles
[    0.000001] clocksource: kvm-clock: mask: 0xffffffffffffffff max_cycles: 0x1cd42e4dffb, max_idle_ns: 881590591483 ns
[    0.010634] kvm-guest: APIC: eoi() replaced with kvm_guest_apic_eoi_write()
[    0.010654] Booting paravirtualized kernel on KVM
[    0.014281] kvm-guest: PV spinlocks disabled, single CPU
[    0.247413] Performance Events: Skylake events, full-width counters, Intel PMU driver.
[    0.485620] clocksource: Switched to clocksource kvm-clock
[    1.310593] kvm: loading out-of-tree module taints kernel.
[    1.311221] kvm: module verification failed: signature and/or required key missing - tainting kernel
NESTED_X86_L1_DONE
[11626.448367] ACPI: PM: Preparing to enter system sleep state S5
[11626.449062] kvm: exiting hardware virtualization
[11626.449609] reboot: Power down
